sysbench 1.0.20 (using system LuaJIT 2.1.0-beta3)

Running the test with following options:
Number of threads: 40
Initializing random number generator from current time


Prime numbers limit: 50000

Initializing worker threads...

Threads started!

CPU speed:
    events per second:   299.48

General statistics:
    total time:                          3.0889s
    total number of events:              927

Latency (ms):
         min:                                   32.87
         avg:                                  119.52
         max:                                  416.31
         99th percentile:                      303.33
         sum:                               110794.71

Threads fairness:
    events (avg/stddev):           23.1750/3.97
    execution time (avg/stddev):   2.7699/0.26

