sysbench 1.0.20 (using system LuaJIT 2.1.0-beta3)

Running the test with following options:
Number of threads: 40
Initializing random number generator from current time


Prime numbers limit: 50000

Initializing worker threads...

Threads started!

CPU speed:
    events per second:   939.38

General statistics:
    total time:                          3.0276s
    total number of events:              2846

Latency (ms):
         min:                                   10.51
         avg:                                   42.33
         max:                                   54.49
         99th percentile:                       51.02
         sum:                               120474.89

Threads fairness:
    events (avg/stddev):           71.1500/0.96
    execution time (avg/stddev):   3.0119/0.01

