sysbench 1.0.20 (using system LuaJIT 2.1.0-beta3)

Running the test with following options:
Number of threads: 40
Initializing random number generator from current time


Prime numbers limit: 50000

Initializing worker threads...

Threads started!

CPU speed:
    events per second:   301.15

General statistics:
    total time:                          3.0752s
    total number of events:              928

Latency (ms):
         min:                                   32.91
         avg:                                  130.43
         max:                                  176.18
         99th percentile:                      155.80
         sum:                               121039.32

Threads fairness:
    events (avg/stddev):           23.2000/0.51
    execution time (avg/stddev):   3.0260/0.02

