sysbench 1.0.20 (using system LuaJIT 2.1.0-beta3)

Running the test with following options:
Number of threads: 40
Initializing random number generator from current time


Prime numbers limit: 50000

Initializing worker threads...

Threads started!

CPU speed:
    events per second:   947.68

General statistics:
    total time:                          3.0243s
    total number of events:              2868

Latency (ms):
         min:                                   10.51
         avg:                                   41.04
         max:                                  133.14
         99th percentile:                       97.55
         sum:                               117704.25

Threads fairness:
    events (avg/stddev):           71.7000/4.09
    execution time (avg/stddev):   2.9426/0.07

