sysbench 1.0.20 (using system LuaJIT 2.1.0-beta3)

Running the test with following options:
Number of threads: 40
Initializing random number generator from current time


Prime numbers limit: 50000

Initializing worker threads...

Threads started!

CPU speed:
    events per second:   945.49

General statistics:
    total time:                          3.0292s
    total number of events:              2866

Latency (ms):
         min:                                   10.52
         avg:                                   41.65
         max:                                   93.09
         99th percentile:                       55.82
         sum:                               119359.09

Threads fairness:
    events (avg/stddev):           71.6500/1.74
    execution time (avg/stddev):   2.9840/0.02

