sysbench 1.0.20 (using system LuaJIT 2.1.0-beta3)

Running the test with following options:
Number of threads: 40
Initializing random number generator from current time


Prime numbers limit: 50000

Initializing worker threads...

Threads started!

CPU speed:
    events per second:   914.80

General statistics:
    total time:                          3.0259s
    total number of events:              2770

Latency (ms):
         min:                                   10.53
         avg:                                   43.51
         max:                                   60.54
         99th percentile:                       54.83
         sum:                               120522.12

Threads fairness:
    events (avg/stddev):           69.2500/2.24
    execution time (avg/stddev):   3.0131/0.01

