sysbench 1.0.20 (using system LuaJIT 2.1.0-beta3)

Running the test with following options:
Number of threads: 40
Initializing random number generator from current time


Prime numbers limit: 50000

Initializing worker threads...

Threads started!

CPU speed:
    events per second:   940.88

General statistics:
    total time:                          3.0242s
    total number of events:              2848

Latency (ms):
         min:                                   10.53
         avg:                                   41.84
         max:                                   97.30
         99th percentile:                       52.89
         sum:                               119167.36

Threads fairness:
    events (avg/stddev):           71.2000/0.95
    execution time (avg/stddev):   2.9792/0.02

