sysbench 1.0.20 (using system LuaJIT 2.1.0-beta3)

Running the test with following options:
Number of threads: 40
Initializing random number generator from current time


Prime numbers limit: 50000

Initializing worker threads...

Threads started!

CPU speed:
    events per second:   942.62

General statistics:
    total time:                          3.0237s
    total number of events:              2852

Latency (ms):
         min:                                   10.51
         avg:                                   41.83
         max:                                   86.05
         99th percentile:                       54.83
         sum:                               119288.20

Threads fairness:
    events (avg/stddev):           71.3000/1.25
    execution time (avg/stddev):   2.9822/0.02

