sysbench 1.0.20 (using system LuaJIT 2.1.0-beta3)

Running the test with following options:
Number of threads: 40
Initializing random number generator from current time


Prime numbers limit: 50000

Initializing worker threads...

Threads started!

CPU speed:
    events per second:   939.07

General statistics:
    total time:                          3.0286s
    total number of events:              2846

Latency (ms):
         min:                                   10.52
         avg:                                   42.37
         max:                                   54.14
         99th percentile:                       51.94
         sum:                               120572.75

Threads fairness:
    events (avg/stddev):           71.1500/1.98
    execution time (avg/stddev):   3.0143/0.01

