sysbench 1.0.20 (using system LuaJIT 2.1.0-beta3)

Running the test with following options:
Number of threads: 40
Initializing random number generator from current time


Prime numbers limit: 50000

Initializing worker threads...

Threads started!

CPU speed:
    events per second:   931.77

General statistics:
    total time:                          3.0252s
    total number of events:              2821

Latency (ms):
         min:                                   10.54
         avg:                                   42.72
         max:                                   56.03
         99th percentile:                       53.85
         sum:                               120517.72

Threads fairness:
    events (avg/stddev):           70.5250/1.90
    execution time (avg/stddev):   3.0129/0.01

