sysbench 1.0.20 (using system LuaJIT 2.1.0-beta3)

Running the test with following options:
Number of threads: 40
Initializing random number generator from current time


Prime numbers limit: 50000

Initializing worker threads...

Threads started!

CPU speed:
    events per second:   915.52

General statistics:
    total time:                          3.0257s
    total number of events:              2772

Latency (ms):
         min:                                   10.52
         avg:                                   43.47
         max:                                   61.81
         99th percentile:                       54.83
         sum:                               120497.46

Threads fairness:
    events (avg/stddev):           69.3000/1.73
    execution time (avg/stddev):   3.0124/0.01

