sysbench 1.0.20 (using system LuaJIT 2.1.0-beta3)

Running the test with following options:
Number of threads: 40
Initializing random number generator from current time


Prime numbers limit: 50000

Initializing worker threads...

Threads started!

CPU speed:
    events per second:   300.65

General statistics:
    total time:                          3.0837s
    total number of events:              929

Latency (ms):
         min:                                   32.91
         avg:                                  127.49
         max:                                  264.98
         99th percentile:                      207.82
         sum:                               118434.47

Threads fairness:
    events (avg/stddev):           23.2250/0.88
    execution time (avg/stddev):   2.9609/0.07

