sysbench 1.0.20 (using system LuaJIT 2.1.0-beta3)

Running the test with following options:
Number of threads: 40
Initializing random number generator from current time


Prime numbers limit: 50000

Initializing worker threads...

Threads started!

CPU speed:
    events per second:   941.26

General statistics:
    total time:                          3.0259s
    total number of events:              2850

Latency (ms):
         min:                                   10.54
         avg:                                   41.93
         max:                                   87.94
         99th percentile:                       51.94
         sum:                               119502.14

Threads fairness:
    events (avg/stddev):           71.2500/0.70
    execution time (avg/stddev):   2.9876/0.02

