sysbench 1.0.20 (using system LuaJIT 2.1.0-beta3)

Running the test with following options:
Number of threads: 40
Initializing random number generator from current time


Prime numbers limit: 50000

Initializing worker threads...

Threads started!

CPU speed:
    events per second:   941.27

General statistics:
    total time:                          3.0276s
    total number of events:              2852

Latency (ms):
         min:                                   21.35
         avg:                                   42.10
         max:                                   69.93
         99th percentile:                       49.21
         sum:                               120067.64

Threads fairness:
    events (avg/stddev):           71.3000/0.51
    execution time (avg/stddev):   3.0017/0.01

