sysbench 1.0.20 (using system LuaJIT 2.1.0-beta3)

Running the test with following options:
Number of threads: 40
Initializing random number generator from current time


Prime numbers limit: 50000

Initializing worker threads...

Threads started!

CPU speed:
    events per second:   941.30

General statistics:
    total time:                          3.0264s
    total number of events:              2851

Latency (ms):
         min:                                   10.53
         avg:                                   41.96
         max:                                   91.03
         99th percentile:                       52.89
         sum:                               119631.74

Threads fairness:
    events (avg/stddev):           71.2750/0.92
    execution time (avg/stddev):   2.9908/0.02

