sysbench 1.0.20 (using system LuaJIT 2.1.0-beta3)

Running the test with following options:
Number of threads: 40
Initializing random number generator from current time


Prime numbers limit: 50000

Initializing worker threads...

Threads started!

CPU speed:
    events per second:   945.39

General statistics:
    total time:                          3.0242s
    total number of events:              2861

Latency (ms):
         min:                                   10.52
         avg:                                   41.86
         max:                                   70.73
         99th percentile:                       55.82
         sum:                               119761.95

Threads fairness:
    events (avg/stddev):           71.5250/1.52
    execution time (avg/stddev):   2.9940/0.02

