sysbench 1.0.20 (using system LuaJIT 2.1.0-beta3)

Running the test with following options:
Number of threads: 40
Initializing random number generator from current time


Prime numbers limit: 50000

Initializing worker threads...

Threads started!

CPU speed:
    events per second:   944.95

General statistics:
    total time:                          3.0362s
    total number of events:              2871

Latency (ms):
         min:                                   10.52
         avg:                                   41.62
         max:                                   90.60
         99th percentile:                       70.55
         sum:                               119481.42

Threads fairness:
    events (avg/stddev):           71.7750/1.77
    execution time (avg/stddev):   2.9870/0.02

