sysbench 1.0.20 (using system LuaJIT 2.1.0-beta3)

Running the test with following options:
Number of threads: 40
Initializing random number generator from current time


Prime numbers limit: 50000

Initializing worker threads...

Threads started!

CPU speed:
    events per second:   922.78

General statistics:
    total time:                          3.0214s
    total number of events:              2790

Latency (ms):
         min:                                   10.54
         avg:                                   43.19
         max:                                   69.08
         99th percentile:                       50.11
         sum:                               120504.82

Threads fairness:
    events (avg/stddev):           69.7500/0.73
    execution time (avg/stddev):   3.0126/0.01

