sysbench 1.0.20 (using system LuaJIT 2.1.0-beta3)

Running the test with following options:
Number of threads: 40
Initializing random number generator from current time


Prime numbers limit: 50000

Initializing worker threads...

Threads started!

CPU speed:
    events per second:   947.07

General statistics:
    total time:                          3.0230s
    total number of events:              2865

Latency (ms):
         min:                                   10.51
         avg:                                   41.52
         max:                                  102.30
         99th percentile:                       68.05
         sum:                               118967.10

Threads fairness:
    events (avg/stddev):           71.6250/1.70
    execution time (avg/stddev):   2.9742/0.03

