sysbench 1.0.20 (using system LuaJIT 2.1.0-beta3)

Running the test with following options:
Number of threads: 40
Initializing random number generator from current time


Prime numbers limit: 50000

Initializing worker threads...

Threads started!

CPU speed:
    events per second:   916.90

General statistics:
    total time:                          3.0288s
    total number of events:              2779

Latency (ms):
         min:                                   10.53
         avg:                                   43.44
         max:                                   59.27
         99th percentile:                       54.83
         sum:                               120720.59

Threads fairness:
    events (avg/stddev):           69.4750/4.31
    execution time (avg/stddev):   3.0180/0.01

