sysbench 1.0.20 (using system LuaJIT 2.1.0-beta3)

Running the test with following options:
Number of threads: 40
Initializing random number generator from current time


Prime numbers limit: 50000

Initializing worker threads...

Threads started!

CPU speed:
    events per second:   941.26

General statistics:
    total time:                          3.0281s
    total number of events:              2852

Latency (ms):
         min:                                   10.51
         avg:                                   41.44
         max:                                  121.32
         99th percentile:                       82.96
         sum:                               118189.28

Threads fairness:
    events (avg/stddev):           71.3000/2.82
    execution time (avg/stddev):   2.9547/0.06

