sysbench 1.0.20 (using system LuaJIT 2.1.0-beta3)

Running the test with following options:
Number of threads: 40
Initializing random number generator from current time


Prime numbers limit: 50000

Initializing worker threads...

Threads started!

CPU speed:
    events per second:   274.27

General statistics:
    total time:                          3.0856s
    total number of events:              848

Latency (ms):
         min:                                   32.97
         avg:                                  144.11
         max:                                  184.69
         99th percentile:                      170.48
         sum:                               122207.68

Threads fairness:
    events (avg/stddev):           21.2000/0.90
    execution time (avg/stddev):   3.0552/0.03

