sysbench 1.0.20 (using system LuaJIT 2.1.0-beta3)

Running the test with following options:
Number of threads: 40
Initializing random number generator from current time


Prime numbers limit: 50000

Initializing worker threads...

Threads started!

CPU speed:
    events per second:   945.19

General statistics:
    total time:                          3.0269s
    total number of events:              2863

Latency (ms):
         min:                                   10.50
         avg:                                   38.91
         max:                                  515.30
         99th percentile:                      344.08
         sum:                               111388.87

Threads fairness:
    events (avg/stddev):           71.5750/11.17
    execution time (avg/stddev):   2.7847/0.20

