sysbench 1.0.20 (using system LuaJIT 2.1.0-beta3)

Running the test with following options:
Number of threads: 40
Initializing random number generator from current time


Prime numbers limit: 50000

Initializing worker threads...

Threads started!

CPU speed:
    events per second:   942.97

General statistics:
    total time:                          3.0267s
    total number of events:              2856

Latency (ms):
         min:                                   10.53
         avg:                                   42.16
         max:                                   55.54
         99th percentile:                       50.11
         sum:                               120409.43

Threads fairness:
    events (avg/stddev):           71.4000/0.94
    execution time (avg/stddev):   3.0102/0.01

