sysbench 1.0.20 (using system LuaJIT 2.1.0-beta3)

Running the test with following options:
Number of threads: 40
Initializing random number generator from current time


Prime numbers limit: 50000

Initializing worker threads...

Threads started!

CPU speed:
    events per second:   945.85

General statistics:
    total time:                          3.0322s
    total number of events:              2870

Latency (ms):
         min:                                   10.50
         avg:                                   40.78
         max:                                  191.87
         99th percentile:                      104.84
         sum:                               117024.81

Threads fairness:
    events (avg/stddev):           71.7500/2.48
    execution time (avg/stddev):   2.9256/0.08

