sysbench 1.0.20 (using system LuaJIT 2.1.0-beta3)

Running the test with following options:
Number of threads: 40
Initializing random number generator from current time


Prime numbers limit: 50000

Initializing worker threads...

Threads started!

CPU speed:
    events per second:   946.54

General statistics:
    total time:                          3.0247s
    total number of events:              2865

Latency (ms):
         min:                                   10.51
         avg:                                   41.69
         max:                                  102.20
         99th percentile:                       52.89
         sum:                               119442.79

Threads fairness:
    events (avg/stddev):           71.6250/0.91
    execution time (avg/stddev):   2.9861/0.02

