sysbench 1.0.20 (using system LuaJIT 2.1.0-beta3)

Running the test with following options:
Number of threads: 40
Initializing random number generator from current time


Prime numbers limit: 50000

Initializing worker threads...

Threads started!

CPU speed:
    events per second:   944.44

General statistics:
    total time:                          3.0198s
    total number of events:              2854

Latency (ms):
         min:                                   10.51
         avg:                                   42.09
         max:                                   53.90
         99th percentile:                       45.79
         sum:                               120114.00

Threads fairness:
    events (avg/stddev):           71.3500/0.76
    execution time (avg/stddev):   3.0029/0.01

