sysbench 1.0.20 (using system LuaJIT 2.1.0-beta3)

Running the test with following options:
Number of threads: 40
Initializing random number generator from current time


Prime numbers limit: 50000

Initializing worker threads...

Threads started!

CPU speed:
    events per second:   946.48

General statistics:
    total time:                          3.0281s
    total number of events:              2868

Latency (ms):
         min:                                   10.51
         avg:                                   41.59
         max:                                  100.21
         99th percentile:                       59.99
         sum:                               119284.78

Threads fairness:
    events (avg/stddev):           71.7000/1.14
    execution time (avg/stddev):   2.9821/0.03

