sysbench 1.0.20 (using system LuaJIT 2.1.0-beta3)

Running the test with following options:
Number of threads: 40
Initializing random number generator from current time


Prime numbers limit: 50000

Initializing worker threads...

Threads started!

CPU speed:
    events per second:   947.33

General statistics:
    total time:                          3.0285s
    total number of events:              2871

Latency (ms):
         min:                                   10.52
         avg:                                   41.70
         max:                                   81.02
         99th percentile:                       52.89
         sum:                               119729.49

Threads fairness:
    events (avg/stddev):           71.7750/1.23
    execution time (avg/stddev):   2.9932/0.03

