sysbench 1.0.20 (using system LuaJIT 2.1.0-beta3)

Running the test with following options:
Number of threads: 40
Initializing random number generator from current time


Prime numbers limit: 50000

Initializing worker threads...

Threads started!

CPU speed:
    events per second:   941.84

General statistics:
    total time:                          3.0235s
    total number of events:              2850

Latency (ms):
         min:                                   10.52
         avg:                                   42.01
         max:                                   75.18
         99th percentile:                       57.87
         sum:                               119725.15

Threads fairness:
    events (avg/stddev):           71.2500/1.09
    execution time (avg/stddev):   2.9931/0.02

