sysbench 1.0.20 (using system LuaJIT 2.1.0-beta3)

Running the test with following options:
Number of threads: 40
Initializing random number generator from current time


Prime numbers limit: 50000

Initializing worker threads...

Threads started!

CPU speed:
    events per second:   941.71

General statistics:
    total time:                          3.0245s
    total number of events:              2850

Latency (ms):
         min:                                   10.53
         avg:                                   41.95
         max:                                   97.03
         99th percentile:                       54.83
         sum:                               119556.14

Threads fairness:
    events (avg/stddev):           71.2500/1.11
    execution time (avg/stddev):   2.9889/0.02

