sysbench 1.0.20 (using system LuaJIT 2.1.0-beta3)

Running the test with following options:
Number of threads: 40
Initializing random number generator from current time


Prime numbers limit: 50000

Initializing worker threads...

Threads started!

CPU speed:
    events per second:   944.59

General statistics:
    total time:                          3.0268s
    total number of events:              2861

Latency (ms):
         min:                                   10.53
         avg:                                   42.04
         max:                                   56.19
         99th percentile:                       45.79
         sum:                               120285.71

Threads fairness:
    events (avg/stddev):           71.5250/0.67
    execution time (avg/stddev):   3.0071/0.01

