sysbench 1.0.20 (using system LuaJIT 2.1.0-beta3)

Running the test with following options:
Number of threads: 40
Initializing random number generator from current time


Prime numbers limit: 50000

Initializing worker threads...

Threads started!

CPU speed:
    events per second:   931.73

General statistics:
    total time:                          3.0331s
    total number of events:              2828

Latency (ms):
         min:                                   10.52
         avg:                                   42.70
         max:                                   63.96
         99th percentile:                       52.89
         sum:                               120760.26

Threads fairness:
    events (avg/stddev):           70.7000/1.81
    execution time (avg/stddev):   3.0190/0.01

