sysbench 1.0.20 (using system LuaJIT 2.1.0-beta3)

Running the test with following options:
Number of threads: 40
Initializing random number generator from current time


Prime numbers limit: 50000

Initializing worker threads...

Threads started!

CPU speed:
    events per second:   945.85

General statistics:
    total time:                          3.0227s
    total number of events:              2861

Latency (ms):
         min:                                   10.51
         avg:                                   41.97
         max:                                   55.42
         99th percentile:                       48.34
         sum:                               120079.75

Threads fairness:
    events (avg/stddev):           71.5250/0.84
    execution time (avg/stddev):   3.0020/0.01

