sysbench 1.0.20 (using system LuaJIT 2.1.0-beta3)

Running the test with following options:
Number of threads: 40
Initializing random number generator from current time


Prime numbers limit: 50000

Initializing worker threads...

Threads started!

CPU speed:
    events per second:   945.44

General statistics:
    total time:                          3.0272s
    total number of events:              2864

Latency (ms):
         min:                                   10.51
         avg:                                   41.70
         max:                                   76.14
         99th percentile:                       56.84
         sum:                               119433.99

Threads fairness:
    events (avg/stddev):           71.6000/1.20
    execution time (avg/stddev):   2.9858/0.02

