sysbench 1.0.20 (using system LuaJIT 2.1.0-beta3)

Running the test with following options:
Number of threads: 40
Initializing random number generator from current time


Prime numbers limit: 50000

Initializing worker threads...

Threads started!

CPU speed:
    events per second:   946.66

General statistics:
    total time:                          3.0296s
    total number of events:              2870

Latency (ms):
         min:                                   10.51
         avg:                                   40.19
         max:                                  567.73
         99th percentile:                      320.17
         sum:                               115336.31

Threads fairness:
    events (avg/stddev):           71.7500/6.38
    execution time (avg/stddev):   2.8834/0.10

