sysbench 1.0.20 (using system LuaJIT 2.1.0-beta3)

Running the test with following options:
Number of threads: 40
Initializing random number generator from current time


Prime numbers limit: 50000

Initializing worker threads...

Threads started!

CPU speed:
    events per second:   941.88

General statistics:
    total time:                          3.0208s
    total number of events:              2847

Latency (ms):
         min:                                   12.50
         avg:                                   42.05
         max:                                   70.15
         99th percentile:                       49.21
         sum:                               119709.31

Threads fairness:
    events (avg/stddev):           71.1750/0.83
    execution time (avg/stddev):   2.9927/0.02

