sysbench 1.0.20 (using system LuaJIT 2.1.0-beta3)

Running the test with following options:
Number of threads: 40
Initializing random number generator from current time


Prime numbers limit: 50000

Initializing worker threads...

Threads started!

CPU speed:
    events per second:   941.22

General statistics:
    total time:                          3.0283s
    total number of events:              2853

Latency (ms):
         min:                                   10.53
         avg:                                   41.78
         max:                                   90.41
         99th percentile:                       52.89
         sum:                               119207.19

Threads fairness:
    events (avg/stddev):           71.3250/0.88
    execution time (avg/stddev):   2.9802/0.02

