sysbench 1.0.20 (using system LuaJIT 2.1.0-beta3)

Running the test with following options:
Number of threads: 40
Initializing random number generator from current time


Prime numbers limit: 50000

Initializing worker threads...

Threads started!

CPU speed:
    events per second:   640.66

General statistics:
    total time:                          3.0331s
    total number of events:              1946

Latency (ms):
         min:                                   15.45
         avg:                                   60.51
         max:                                  666.76
         99th percentile:                      434.83
         sum:                               117758.43

Threads fairness:
    events (avg/stddev):           48.6500/6.15
    execution time (avg/stddev):   2.9440/0.09

