sysbench 1.0.20 (using system LuaJIT 2.1.0-beta3)

Running the test with following options:
Number of threads: 40
Initializing random number generator from current time


Prime numbers limit: 50000

Initializing worker threads...

Threads started!

CPU speed:
    events per second:   941.33

General statistics:
    total time:                          3.0297s
    total number of events:              2854

Latency (ms):
         min:                                   10.54
         avg:                                   41.92
         max:                                  102.27
         99th percentile:                       57.87
         sum:                               119647.92

Threads fairness:
    events (avg/stddev):           71.3500/1.13
    execution time (avg/stddev):   2.9912/0.02

