sysbench 1.0.20 (using system LuaJIT 2.1.0-beta3)

Running the test with following options:
Number of threads: 40
Initializing random number generator from current time


Prime numbers limit: 50000

Initializing worker threads...

Threads started!

CPU speed:
    events per second:   946.54

General statistics:
    total time:                          3.0279s
    total number of events:              2868

Latency (ms):
         min:                                   10.51
         avg:                                   41.69
         max:                                   68.78
         99th percentile:                       58.92
         sum:                               119574.21

Threads fairness:
    events (avg/stddev):           71.7000/1.87
    execution time (avg/stddev):   2.9894/0.02

