sysbench 1.0.20 (using system LuaJIT 2.1.0-beta3)

Running the test with following options:
Number of threads: 40
Initializing random number generator from current time


Prime numbers limit: 50000

Initializing worker threads...

Threads started!

CPU speed:
    events per second:   300.70

General statistics:
    total time:                          3.1064s
    total number of events:              936

Latency (ms):
         min:                                   32.87
         avg:                                  101.35
         max:                                  937.96
         99th percentile:                      634.66
         sum:                                94867.61

Threads fairness:
    events (avg/stddev):           23.4000/9.77
    execution time (avg/stddev):   2.3717/0.62

