sysbench 1.0.20 (using system LuaJIT 2.1.0-beta3)

Running the test with following options:
Number of threads: 40
Initializing random number generator from current time


Prime numbers limit: 50000

Initializing worker threads...

Threads started!

CPU speed:
    events per second:   941.90

General statistics:
    total time:                          3.0270s
    total number of events:              2853

Latency (ms):
         min:                                   10.53
         avg:                                   42.00
         max:                                   84.03
         99th percentile:                       56.84
         sum:                               119813.64

Threads fairness:
    events (avg/stddev):           71.3250/0.96
    execution time (avg/stddev):   2.9953/0.02

