sysbench 1.0.20 (using system LuaJIT 2.1.0-beta3)

Running the test with following options:
Number of threads: 40
Initializing random number generator from current time


Prime numbers limit: 50000

Initializing worker threads...

Threads started!

CPU speed:
    events per second:   946.73

General statistics:
    total time:                          3.0273s
    total number of events:              2868

Latency (ms):
         min:                                   10.51
         avg:                                   41.68
         max:                                   81.68
         99th percentile:                       55.82
         sum:                               119551.98

Threads fairness:
    events (avg/stddev):           71.7000/1.44
    execution time (avg/stddev):   2.9888/0.02

