sysbench 1.0.20 (using system LuaJIT 2.1.0-beta3)

Running the test with following options:
Number of threads: 40
Initializing random number generator from current time


Prime numbers limit: 50000

Initializing worker threads...

Threads started!

CPU speed:
    events per second:   922.03

General statistics:
    total time:                          3.0282s
    total number of events:              2794

Latency (ms):
         min:                                   10.52
         avg:                                   43.23
         max:                                   63.73
         99th percentile:                       54.83
         sum:                               120775.90

Threads fairness:
    events (avg/stddev):           69.8500/2.97
    execution time (avg/stddev):   3.0194/0.01

