sysbench 1.0.20 (using system LuaJIT 2.1.0-beta3)

Running the test with following options:
Number of threads: 40
Initializing random number generator from current time


Prime numbers limit: 50000

Initializing worker threads...

Threads started!

CPU speed:
    events per second:   787.39

General statistics:
    total time:                          3.0431s
    total number of events:              2400

Latency (ms):
         min:                                   12.51
         avg:                                   50.07
         max:                                   95.76
         99th percentile:                       59.99
         sum:                               120163.51

Threads fairness:
    events (avg/stddev):           60.0000/0.84
    execution time (avg/stddev):   3.0041/0.02

