sysbench 1.0.20 (using system LuaJIT 2.1.0-beta3)

Running the test with following options:
Number of threads: 40
Initializing random number generator from current time


Prime numbers limit: 50000

Initializing worker threads...

Threads started!

CPU speed:
    events per second:   301.00

General statistics:
    total time:                          3.0827s
    total number of events:              930

Latency (ms):
         min:                                   32.87
         avg:                                  123.78
         max:                                  523.78
         99th percentile:                      419.45
         sum:                               115113.40

Threads fairness:
    events (avg/stddev):           23.2500/2.82
    execution time (avg/stddev):   2.8778/0.12

