sysbench 1.0.20 (using system LuaJIT 2.1.0-beta3)

Running the test with following options:
Number of threads: 40
Initializing random number generator from current time


Prime numbers limit: 50000

Initializing worker threads...

Threads started!

CPU speed:
    events per second:   942.28

General statistics:
    total time:                          3.0278s
    total number of events:              2855

Latency (ms):
         min:                                   10.53
         avg:                                   41.81
         max:                                   80.67
         99th percentile:                       52.89
         sum:                               119354.06

Threads fairness:
    events (avg/stddev):           71.3750/0.94
    execution time (avg/stddev):   2.9839/0.02

