sysbench 1.0.20 (using system LuaJIT 2.1.0-beta3)

Running the test with following options:
Number of threads: 40
Initializing random number generator from current time


Prime numbers limit: 50000

Initializing worker threads...

Threads started!

CPU speed:
    events per second:   946.80

General statistics:
    total time:                          3.0292s
    total number of events:              2870

Latency (ms):
         min:                                   10.51
         avg:                                   41.59
         max:                                   99.38
         99th percentile:                       66.84
         sum:                               119363.30

Threads fairness:
    events (avg/stddev):           71.7500/1.28
    execution time (avg/stddev):   2.9841/0.03

