sysbench 1.0.20 (using system LuaJIT 2.1.0-beta3)

Running the test with following options:
Number of threads: 40
Initializing random number generator from current time


Prime numbers limit: 50000

Initializing worker threads...

Threads started!

CPU speed:
    events per second:   946.87

General statistics:
    total time:                          3.0247s
    total number of events:              2866

Latency (ms):
         min:                                   10.51
         avg:                                   41.16
         max:                                  122.57
         99th percentile:                       87.56
         sum:                               117977.92

Threads fairness:
    events (avg/stddev):           71.6500/3.42
    execution time (avg/stddev):   2.9494/0.06

