sysbench 1.0.20 (using system LuaJIT 2.1.0-beta3)

Running the test with following options:
Number of threads: 40
Initializing random number generator from current time


Prime numbers limit: 50000

Initializing worker threads...

Threads started!

CPU speed:
    events per second:   941.74

General statistics:
    total time:                          3.0222s
    total number of events:              2848

Latency (ms):
         min:                                   10.54
         avg:                                   41.94
         max:                                   75.04
         99th percentile:                       57.87
         sum:                               119448.21

Threads fairness:
    events (avg/stddev):           71.2000/1.78
    execution time (avg/stddev):   2.9862/0.02

