sysbench 1.0.20 (using system LuaJIT 2.1.0-beta3)

Running the test with following options:
Number of threads: 40
Initializing random number generator from current time


Prime numbers limit: 50000

Initializing worker threads...

Threads started!

CPU speed:
    events per second:   942.06

General statistics:
    total time:                          3.0243s
    total number of events:              2851

Latency (ms):
         min:                                   10.54
         avg:                                   41.93
         max:                                   98.55
         99th percentile:                       53.85
         sum:                               119535.25

Threads fairness:
    events (avg/stddev):           71.2750/1.20
    execution time (avg/stddev):   2.9884/0.02

