sysbench 1.0.20 (using system LuaJIT 2.1.0-beta3)

Running the test with following options:
Number of threads: 40
Initializing random number generator from current time


Prime numbers limit: 50000

Initializing worker threads...

Threads started!

CPU speed:
    events per second:   944.78

General statistics:
    total time:                          3.0240s
    total number of events:              2859

Latency (ms):
         min:                                   10.54
         avg:                                   41.93
         max:                                   73.62
         99th percentile:                       55.82
         sum:                               119887.17

Threads fairness:
    events (avg/stddev):           71.4750/1.50
    execution time (avg/stddev):   2.9972/0.01

