sysbench 1.0.20 (using system LuaJIT 2.1.0-beta3)

Running the test with following options:
Number of threads: 40
Initializing random number generator from current time


Prime numbers limit: 50000

Initializing worker threads...

Threads started!

CPU speed:
    events per second:   944.96

General statistics:
    total time:                          3.0351s
    total number of events:              2870

Latency (ms):
         min:                                   10.52
         avg:                                   41.98
         max:                                   60.11
         99th percentile:                       50.11
         sum:                               120475.91

Threads fairness:
    events (avg/stddev):           71.7500/1.65
    execution time (avg/stddev):   3.0119/0.01

