sysbench 1.0.20 (using system LuaJIT 2.1.0-beta3)

Running the test with following options:
Number of threads: 40
Initializing random number generator from current time


Prime numbers limit: 50000

Initializing worker threads...

Threads started!

CPU speed:
    events per second:   613.48

General statistics:
    total time:                          3.0337s
    total number of events:              1863

Latency (ms):
         min:                                   15.46
         avg:                                   64.75
         max:                                   87.54
         99th percentile:                       81.48
         sum:                               120638.29

Threads fairness:
    events (avg/stddev):           46.5750/1.74
    execution time (avg/stddev):   3.0160/0.01

