sysbench 1.0.20 (using system LuaJIT 2.1.0-beta3)

Running the test with following options:
Number of threads: 40
Initializing random number generator from current time


Prime numbers limit: 50000

Initializing worker threads...

Threads started!

CPU speed:
    events per second:   940.24

General statistics:
    total time:                          3.0269s
    total number of events:              2848

Latency (ms):
         min:                                   10.53
         avg:                                   42.31
         max:                                   55.11
         99th percentile:                       52.89
         sum:                               120497.63

Threads fairness:
    events (avg/stddev):           71.2000/1.52
    execution time (avg/stddev):   3.0124/0.01

