sysbench 1.0.20 (using system LuaJIT 2.1.0-beta3)

Running the test with following options:
Number of threads: 40
Initializing random number generator from current time


Prime numbers limit: 50000

Initializing worker threads...

Threads started!

CPU speed:
    events per second:   945.49

General statistics:
    total time:                          3.0229s
    total number of events:              2860

Latency (ms):
         min:                                   10.54
         avg:                                   42.07
         max:                                   54.69
         99th percentile:                       49.21
         sum:                               120333.94

Threads fairness:
    events (avg/stddev):           71.5000/0.81
    execution time (avg/stddev):   3.0083/0.01

