sysbench 1.0.20 (using system LuaJIT 2.1.0-beta3)

Running the test with following options:
Number of threads: 40
Initializing random number generator from current time


Prime numbers limit: 50000

Initializing worker threads...

Threads started!

CPU speed:
    events per second:   301.00

General statistics:
    total time:                          3.0800s
    total number of events:              929

Latency (ms):
         min:                                   32.88
         avg:                                  127.72
         max:                                  270.65
         99th percentile:                      215.44
         sum:                               118654.98

Threads fairness:
    events (avg/stddev):           23.2250/1.17
    execution time (avg/stddev):   2.9664/0.07

