sysbench 1.0.20 (using system LuaJIT 2.1.0-beta3)

Running the test with following options:
Number of threads: 40
Initializing random number generator from current time


Prime numbers limit: 50000

Initializing worker threads...

Threads started!

CPU speed:
    events per second:   942.71

General statistics:
    total time:                          3.0244s
    total number of events:              2853

Latency (ms):
         min:                                   10.86
         avg:                                   41.93
         max:                                   70.08
         99th percentile:                       57.87
         sum:                               119612.63

Threads fairness:
    events (avg/stddev):           71.3250/1.59
    execution time (avg/stddev):   2.9903/0.02

