sysbench 1.0.20 (using system LuaJIT 2.1.0-beta3)

Running the test with following options:
Number of threads: 40
Initializing random number generator from current time


Prime numbers limit: 50000

Initializing worker threads...

Threads started!

CPU speed:
    events per second:   946.85

General statistics:
    total time:                          3.0301s
    total number of events:              2871

Latency (ms):
         min:                                   10.51
         avg:                                   41.59
         max:                                  104.76
         99th percentile:                       52.89
         sum:                               119409.51

Threads fairness:
    events (avg/stddev):           71.7750/1.49
    execution time (avg/stddev):   2.9852/0.03

