sysbench 1.0.20 (using system LuaJIT 2.1.0-beta3)

Running the test with following options:
Number of threads: 40
Initializing random number generator from current time


Prime numbers limit: 50000

Initializing worker threads...

Threads started!

CPU speed:
    events per second:   929.78

General statistics:
    total time:                          3.0234s
    total number of events:              2813

Latency (ms):
         min:                                   11.15
         avg:                                   42.79
         max:                                   62.79
         99th percentile:                       51.94
         sum:                               120355.19

Threads fairness:
    events (avg/stddev):           70.3250/0.72
    execution time (avg/stddev):   3.0089/0.01

