sysbench 1.0.20 (using system LuaJIT 2.1.0-beta3)

Running the test with following options:
Number of threads: 40
Initializing random number generator from current time


Prime numbers limit: 50000

Initializing worker threads...

Threads started!

CPU speed:
    events per second:   922.68

General statistics:
    total time:                          3.0282s
    total number of events:              2796

Latency (ms):
         min:                                   10.53
         avg:                                   43.17
         max:                                   54.62
         99th percentile:                       53.85
         sum:                               120701.98

Threads fairness:
    events (avg/stddev):           69.9000/1.20
    execution time (avg/stddev):   3.0175/0.01

