sysbench 1.0.20 (using system LuaJIT 2.1.0-beta3)

Running the test with following options:
Number of threads: 40
Initializing random number generator from current time


Prime numbers limit: 50000

Initializing worker threads...

Threads started!

CPU speed:
    events per second:   746.50

General statistics:
    total time:                          3.0352s
    total number of events:              2270

Latency (ms):
         min:                                   13.17
         avg:                                   53.10
         max:                                   78.23
         99th percentile:                       66.84
         sum:                               120539.91

Threads fairness:
    events (avg/stddev):           56.7500/1.62
    execution time (avg/stddev):   3.0135/0.01

