sysbench 1.0.20 (using system LuaJIT 2.1.0-beta3)

Running the test with following options:
Number of threads: 40
Initializing random number generator from current time


Prime numbers limit: 50000

Initializing worker threads...

Threads started!

CPU speed:
    events per second:   938.79

General statistics:
    total time:                          3.0231s
    total number of events:              2840

Latency (ms):
         min:                                   10.54
         avg:                                   42.42
         max:                                   55.42
         99th percentile:                       50.11
         sum:                               120462.39

Threads fairness:
    events (avg/stddev):           71.0000/0.95
    execution time (avg/stddev):   3.0116/0.01

