sysbench 1.0.20 (using system LuaJIT 2.1.0-beta3)

Running the test with following options:
Number of threads: 40
Initializing random number generator from current time


Prime numbers limit: 50000

Initializing worker threads...

Threads started!

CPU speed:
    events per second:   915.56

General statistics:
    total time:                          3.0288s
    total number of events:              2775

Latency (ms):
         min:                                   10.52
         avg:                                   43.51
         max:                                   61.02
         99th percentile:                       52.89
         sum:                               120730.78

Threads fairness:
    events (avg/stddev):           69.3750/0.86
    execution time (avg/stddev):   3.0183/0.01

