sysbench 1.0.20 (using system LuaJIT 2.1.0-beta3)

Running the test with following options:
Number of threads: 40
Initializing random number generator from current time


Prime numbers limit: 50000

Initializing worker threads...

Threads started!

CPU speed:
    events per second:   946.48

General statistics:
    total time:                          3.0249s
    total number of events:              2865

Latency (ms):
         min:                                   10.51
         avg:                                   41.60
         max:                                   85.23
         99th percentile:                       59.99
         sum:                               119171.20

Threads fairness:
    events (avg/stddev):           71.6250/1.41
    execution time (avg/stddev):   2.9793/0.03

