sysbench 1.0.20 (using system LuaJIT 2.1.0-beta3)

Running the test with following options:
Number of threads: 40
Initializing random number generator from current time


Prime numbers limit: 50000

Initializing worker threads...

Threads started!

CPU speed:
    events per second:   942.53

General statistics:
    total time:                          3.0270s
    total number of events:              2855

Latency (ms):
         min:                                   10.50
         avg:                                   35.47
         max:                                  690.59
         99th percentile:                      390.30
         sum:                               101260.84

Threads fairness:
    events (avg/stddev):           71.3750/18.95
    execution time (avg/stddev):   2.5315/0.42

