sysbench 1.0.20 (using system LuaJIT 2.1.0-beta3)

Running the test with following options:
Number of threads: 40
Initializing random number generator from current time


Prime numbers limit: 50000

Initializing worker threads...

Threads started!

CPU speed:
    events per second:   301.01

General statistics:
    total time:                          3.0733s
    total number of events:              927

Latency (ms):
         min:                                   32.88
         avg:                                  127.67
         max:                                  404.84
         99th percentile:                      314.45
         sum:                               118347.64

Threads fairness:
    events (avg/stddev):           23.1750/1.28
    execution time (avg/stddev):   2.9587/0.05

