sysbench 1.0.20 (using system LuaJIT 2.1.0-beta3)

Running the test with following options:
Number of threads: 40
Initializing random number generator from current time


Prime numbers limit: 50000

Initializing worker threads...

Threads started!

CPU speed:
    events per second:   945.75

General statistics:
    total time:                          3.0325s
    total number of events:              2870

Latency (ms):
         min:                                   10.50
         avg:                                   36.86
         max:                                  860.14
         99th percentile:                      502.20
         sum:                               105793.07

Threads fairness:
    events (avg/stddev):           71.7500/18.69
    execution time (avg/stddev):   2.6448/0.38

