sysbench 1.0.20 (using system LuaJIT 2.1.0-beta3)

Running the test with following options:
Number of threads: 40
Initializing random number generator from current time


Prime numbers limit: 50000

Initializing worker threads...

Threads started!

CPU speed:
    events per second:   301.29

General statistics:
    total time:                          3.0804s
    total number of events:              930

Latency (ms):
         min:                                   32.90
         avg:                                  130.18
         max:                                  164.90
         99th percentile:                      155.80
         sum:                               121068.42

Threads fairness:
    events (avg/stddev):           23.2500/0.70
    execution time (avg/stddev):   3.0267/0.02

