sysbench 1.0.20 (using system LuaJIT 2.1.0-beta3)

Running the test with following options:
Number of threads: 40
Initializing random number generator from current time


Prime numbers limit: 50000

Initializing worker threads...

Threads started!

CPU speed:
    events per second:   940.98

General statistics:
    total time:                          3.0247s
    total number of events:              2848

Latency (ms):
         min:                                   24.06
         avg:                                   42.20
         max:                                   65.70
         99th percentile:                       48.34
         sum:                               120193.03

Threads fairness:
    events (avg/stddev):           71.2000/0.40
    execution time (avg/stddev):   3.0048/0.01

