sysbench 1.0.20 (using system LuaJIT 2.1.0-beta3)

Running the test with following options:
Number of threads: 40
Initializing random number generator from current time


Prime numbers limit: 50000

Initializing worker threads...

Threads started!

CPU speed:
    events per second:   942.83

General statistics:
    total time:                          3.0251s
    total number of events:              2854

Latency (ms):
         min:                                   10.55
         avg:                                   41.89
         max:                                   82.11
         99th percentile:                       51.02
         sum:                               119553.70

Threads fairness:
    events (avg/stddev):           71.3500/0.73
    execution time (avg/stddev):   2.9888/0.02

