sysbench 1.0.20 (using system LuaJIT 2.1.0-beta3)

Running the test with following options:
Number of threads: 40
Initializing random number generator from current time


Prime numbers limit: 50000

Initializing worker threads...

Threads started!

CPU speed:
    events per second:   943.84

General statistics:
    total time:                          3.0333s
    total number of events:              2865

Latency (ms):
         min:                                   10.50
         avg:                                   38.79
         max:                                  619.24
         99th percentile:                      383.33
         sum:                               111119.67

Threads fairness:
    events (avg/stddev):           71.6250/11.17
    execution time (avg/stddev):   2.7780/0.25

