sysbench 1.0.20 (using system LuaJIT 2.1.0-beta3)

Running the test with following options:
Number of threads: 40
Initializing random number generator from current time


Prime numbers limit: 50000

Initializing worker threads...

Threads started!

CPU speed:
    events per second:   414.54

General statistics:
    total time:                          3.0542s
    total number of events:              1268

Latency (ms):
         min:                                   23.94
         avg:                                   94.91
         max:                                  130.05
         99th percentile:                      116.80
         sum:                               120347.85

Threads fairness:
    events (avg/stddev):           31.7000/0.75
    execution time (avg/stddev):   3.0087/0.02

