sysbench 1.0.20 (using system LuaJIT 2.1.0-beta3)

Running the test with following options:
Number of threads: 40
Initializing random number generator from current time


Prime numbers limit: 50000

Initializing worker threads...

Threads started!

CPU speed:
    events per second:   941.51

General statistics:
    total time:                          3.0262s
    total number of events:              2851

Latency (ms):
         min:                                   11.34
         avg:                                   42.02
         max:                                   95.11
         99th percentile:                       52.89
         sum:                               119796.64

Threads fairness:
    events (avg/stddev):           71.2750/0.59
    execution time (avg/stddev):   2.9949/0.02

