sysbench 1.0.20 (using system LuaJIT 2.1.0-beta3)

Running the test with following options:
Number of threads: 40
Initializing random number generator from current time


Prime numbers limit: 50000

Initializing worker threads...

Threads started!

CPU speed:
    events per second:   297.03

General statistics:
    total time:                          3.0843s
    total number of events:              918

Latency (ms):
         min:                                   32.92
         avg:                                  132.34
         max:                                  154.49
         99th percentile:                      150.29
         sum:                               121491.98

Threads fairness:
    events (avg/stddev):           22.9500/0.71
    execution time (avg/stddev):   3.0373/0.02

