sysbench 1.0.20 (using system LuaJIT 2.1.0-beta3)

Running the test with following options:
Number of threads: 40
Initializing random number generator from current time


Prime numbers limit: 50000

Initializing worker threads...

Threads started!

CPU speed:
    events per second:   938.46

General statistics:
    total time:                          3.0274s
    total number of events:              2843

Latency (ms):
         min:                                   10.54
         avg:                                   42.39
         max:                                   55.82
         99th percentile:                       52.89
         sum:                               120516.55

Threads fairness:
    events (avg/stddev):           71.0750/2.03
    execution time (avg/stddev):   3.0129/0.01

