sysbench 1.0.20 (using system LuaJIT 2.1.0-beta3)

Running the test with following options:
Number of threads: 40
Initializing random number generator from current time


Prime numbers limit: 50000

Initializing worker threads...

Threads started!

CPU speed:
    events per second:   942.58

General statistics:
    total time:                          3.0343s
    total number of events:              2862

Latency (ms):
         min:                                   10.50
         avg:                                   38.47
         max:                                  780.59
         99th percentile:                      450.77
         sum:                               110097.75

Threads fairness:
    events (avg/stddev):           71.5500/20.06
    execution time (avg/stddev):   2.7524/0.26

