sysbench 1.0.20 (using system LuaJIT 2.1.0-beta3)

Running the test with following options:
Number of threads: 40
Initializing random number generator from current time


Prime numbers limit: 50000

Initializing worker threads...

Threads started!

CPU speed:
    events per second:   946.61

General statistics:
    total time:                          3.0245s
    total number of events:              2865

Latency (ms):
         min:                                   10.51
         avg:                                   41.77
         max:                                   66.61
         99th percentile:                       52.89
         sum:                               119674.97

Threads fairness:
    events (avg/stddev):           71.6250/1.13
    execution time (avg/stddev):   2.9919/0.02

