sysbench 1.0.20 (using system LuaJIT 2.1.0-beta3)

Running the test with following options:
Number of threads: 40
Initializing random number generator from current time


Prime numbers limit: 50000

Initializing worker threads...

Threads started!

CPU speed:
    events per second:   301.08

General statistics:
    total time:                          3.0757s
    total number of events:              928

Latency (ms):
         min:                                   32.88
         avg:                                  123.46
         max:                                  512.92
         99th percentile:                      411.96
         sum:                               114566.74

Threads fairness:
    events (avg/stddev):           23.2000/3.15
    execution time (avg/stddev):   2.8642/0.14

