sysbench 1.0.20 (using system LuaJIT 2.1.0-beta3)

Running the test with following options:
Number of threads: 40
Initializing random number generator from current time


Prime numbers limit: 50000

Initializing worker threads...

Threads started!

CPU speed:
    events per second:   945.58

General statistics:
    total time:                          3.0257s
    total number of events:              2863

Latency (ms):
         min:                                   10.54
         avg:                                   41.99
         max:                                   58.65
         99th percentile:                       50.11
         sum:                               120225.62

Threads fairness:
    events (avg/stddev):           71.5750/1.00
    execution time (avg/stddev):   3.0056/0.01

