sysbench 1.0.20 (using system LuaJIT 2.1.0-beta3)

Running the test with following options:
Number of threads: 40
Initializing random number generator from current time


Prime numbers limit: 50000

Initializing worker threads...

Threads started!

CPU speed:
    events per second:   947.11

General statistics:
    total time:                          3.0313s
    total number of events:              2873

Latency (ms):
         min:                                   10.50
         avg:                                   39.49
         max:                                  379.30
         99th percentile:                      287.38
         sum:                               113446.87

Threads fairness:
    events (avg/stddev):           71.8250/8.24
    execution time (avg/stddev):   2.8362/0.18

