sysbench 1.0.20 (using system LuaJIT 2.1.0-beta3)

Running the test with following options:
Number of threads: 40
Initializing random number generator from current time


Prime numbers limit: 50000

Initializing worker threads...

Threads started!

CPU speed:
    events per second:   945.90

General statistics:
    total time:                          3.0194s
    total number of events:              2858

Latency (ms):
         min:                                   10.54
         avg:                                   41.98
         max:                                   66.80
         99th percentile:                       48.34
         sum:                               119978.24

Threads fairness:
    events (avg/stddev):           71.4500/0.77
    execution time (avg/stddev):   2.9995/0.01

