sysbench 1.0.20 (using system LuaJIT 2.1.0-beta3)

Running the test with following options:
Number of threads: 40
Initializing random number generator from current time


Prime numbers limit: 50000

Initializing worker threads...

Threads started!

CPU speed:
    events per second:   945.59

General statistics:
    total time:                          3.0272s
    total number of events:              2865

Latency (ms):
         min:                                   10.51
         avg:                                   41.18
         max:                                   96.82
         99th percentile:                       75.82
         sum:                               117986.36

Threads fairness:
    events (avg/stddev):           71.6250/3.31
    execution time (avg/stddev):   2.9497/0.06

