sysbench 1.0.20 (using system LuaJIT 2.1.0-beta3)

Running the test with following options:
Number of threads: 40
Initializing random number generator from current time


Prime numbers limit: 50000

Initializing worker threads...

Threads started!

CPU speed:
    events per second:   947.91

General statistics:
    total time:                          3.0225s
    total number of events:              2867

Latency (ms):
         min:                                   10.50
         avg:                                   40.51
         max:                                  260.43
         99th percentile:                      147.61
         sum:                               116151.48

Threads fairness:
    events (avg/stddev):           71.6750/4.44
    execution time (avg/stddev):   2.9038/0.09

