sysbench 1.0.20 (using system LuaJIT 2.1.0-beta3)

Running the test with following options:
Number of threads: 40
Initializing random number generator from current time


Prime numbers limit: 50000

Initializing worker threads...

Threads started!

CPU speed:
    events per second:   945.25

General statistics:
    total time:                          3.0342s
    total number of events:              2870

Latency (ms):
         min:                                   10.51
         avg:                                   39.66
         max:                                  522.40
         99th percentile:                      363.18
         sum:                               113811.90

Threads fairness:
    events (avg/stddev):           71.7500/5.67
    execution time (avg/stddev):   2.8453/0.15

