sysbench 1.0.20 (using system LuaJIT 2.1.0-beta3)

Running the test with following options:
Number of threads: 40
Initializing random number generator from current time


Prime numbers limit: 50000

Initializing worker threads...

Threads started!

CPU speed:
    events per second:   947.74

General statistics:
    total time:                          3.0230s
    total number of events:              2867

Latency (ms):
         min:                                   10.51
         avg:                                   41.51
         max:                                   93.64
         99th percentile:                       66.84
         sum:                               119009.46

Threads fairness:
    events (avg/stddev):           71.6750/1.15
    execution time (avg/stddev):   2.9752/0.03

