sysbench 1.0.20 (using system LuaJIT 2.1.0-beta3)

Running the test with following options:
Number of threads: 40
Initializing random number generator from current time


Prime numbers limit: 50000

Initializing worker threads...

Threads started!

CPU speed:
    events per second:   299.83

General statistics:
    total time:                          3.1154s
    total number of events:              936

Latency (ms):
         min:                                   32.88
         avg:                                  110.52
         max:                                 1099.97
         99th percentile:                      634.66
         sum:                               103445.20

Threads fairness:
    events (avg/stddev):           23.4000/7.19
    execution time (avg/stddev):   2.5861/0.46

