sysbench 1.0.20 (using system LuaJIT 2.1.0-beta3)

Running the test with following options:
Number of threads: 40
Initializing random number generator from current time


Prime numbers limit: 50000

Initializing worker threads...

Threads started!

CPU speed:
    events per second:   945.83

General statistics:
    total time:                          3.0312s
    total number of events:              2869

Latency (ms):
         min:                                   10.51
         avg:                                   41.40
         max:                                  107.67
         99th percentile:                       61.08
         sum:                               118784.64

Threads fairness:
    events (avg/stddev):           71.7250/1.47
    execution time (avg/stddev):   2.9696/0.04

