sysbench 1.0.20 (using system LuaJIT 2.1.0-beta3)

Running the test with following options:
Number of threads: 40
Initializing random number generator from current time


Prime numbers limit: 50000

Initializing worker threads...

Threads started!

CPU speed:
    events per second:   944.68

General statistics:
    total time:                          3.0212s
    total number of events:              2856

Latency (ms):
         min:                                   10.52
         avg:                                   42.10
         max:                                   54.15
         99th percentile:                       45.79
         sum:                               120239.01

Threads fairness:
    events (avg/stddev):           71.4000/0.83
    execution time (avg/stddev):   3.0060/0.01

