sysbench 1.0.20 (using system LuaJIT 2.1.0-beta3)

Running the test with following options:
Number of threads: 40
Initializing random number generator from current time


Prime numbers limit: 50000

Initializing worker threads...

Threads started!

CPU speed:
    events per second:   946.92

General statistics:
    total time:                          3.0267s
    total number of events:              2868

Latency (ms):
         min:                                   10.51
         avg:                                   41.61
         max:                                   88.05
         99th percentile:                       61.08
         sum:                               119334.55

Threads fairness:
    events (avg/stddev):           71.7000/1.12
    execution time (avg/stddev):   2.9834/0.03

