sysbench 1.0.20 (using system LuaJIT 2.1.0-beta3)

Running the test with following options:
Number of threads: 40
Initializing random number generator from current time


Prime numbers limit: 50000

Initializing worker threads...

Threads started!

CPU speed:
    events per second:   944.67

General statistics:
    total time:                          3.0339s
    total number of events:              2868

Latency (ms):
         min:                                   10.50
         avg:                                   39.44
         max:                                  588.54
         99th percentile:                      287.38
         sum:                               113100.44

Threads fairness:
    events (avg/stddev):           71.7000/8.94
    execution time (avg/stddev):   2.8275/0.17

