sysbench 1.0.20 (using system LuaJIT 2.1.0-beta3)

Running the test with following options:
Number of threads: 40
Initializing random number generator from current time


Prime numbers limit: 50000

Initializing worker threads...

Threads started!

CPU speed:
    events per second:   946.90

General statistics:
    total time:                          3.0268s
    total number of events:              2868

Latency (ms):
         min:                                   10.51
         avg:                                   41.31
         max:                                  125.01
         99th percentile:                       69.29
         sum:                               118468.70

Threads fairness:
    events (avg/stddev):           71.7000/1.83
    execution time (avg/stddev):   2.9617/0.04

