sysbench 1.0.20 (using system LuaJIT 2.1.0-beta3)

Running the test with following options:
Number of threads: 40
Initializing random number generator from current time


Prime numbers limit: 50000

Initializing worker threads...

Threads started!

CPU speed:
    events per second:   941.26

General statistics:
    total time:                          3.0238s
    total number of events:              2848

Latency (ms):
         min:                                   10.52
         avg:                                   41.94
         max:                                   94.74
         99th percentile:                       55.82
         sum:                               119433.31

Threads fairness:
    events (avg/stddev):           71.2000/1.12
    execution time (avg/stddev):   2.9858/0.02

