sysbench 1.0.20 (using system LuaJIT 2.1.0-beta3)

Running the test with following options:
Number of threads: 40
Initializing random number generator from current time


Prime numbers limit: 50000

Initializing worker threads...

Threads started!

CPU speed:
    events per second:   300.25

General statistics:
    total time:                          3.0978s
    total number of events:              932

Latency (ms):
         min:                                   32.88
         avg:                                  106.67
         max:                                  833.33
         99th percentile:                      669.89
         sum:                                99418.22

Threads fairness:
    events (avg/stddev):           23.3000/7.99
    execution time (avg/stddev):   2.4855/0.54

