sysbench 1.0.20 (using system LuaJIT 2.1.0-beta3)

Running the test with following options:
Number of threads: 40
Initializing random number generator from current time


Prime numbers limit: 50000

Initializing worker threads...

Threads started!

CPU speed:
    events per second:   916.38

General statistics:
    total time:                          3.0252s
    total number of events:              2774

Latency (ms):
         min:                                   10.53
         avg:                                   43.08
         max:                                  100.07
         99th percentile:                       53.85
         sum:                               119515.28

Threads fairness:
    events (avg/stddev):           69.3500/4.04
    execution time (avg/stddev):   2.9879/0.02

