sysbench 1.0.20 (using system LuaJIT 2.1.0-beta3)

Running the test with following options:
Number of threads: 40
Initializing random number generator from current time


Prime numbers limit: 50000

Initializing worker threads...

Threads started!

CPU speed:
    events per second:   947.57

General statistics:
    total time:                          3.0278s
    total number of events:              2871

Latency (ms):
         min:                                   10.51
         avg:                                   40.77
         max:                                  247.55
         99th percentile:                       86.00
         sum:                               117036.49

Threads fairness:
    events (avg/stddev):           71.7750/2.46
    execution time (avg/stddev):   2.9259/0.07

