sysbench 1.0.20 (using system LuaJIT 2.1.0-beta3)

Running the test with following options:
Number of threads: 40
Initializing random number generator from current time


Prime numbers limit: 50000

Initializing worker threads...

Threads started!

CPU speed:
    events per second:   915.71

General statistics:
    total time:                          3.0294s
    total number of events:              2776

Latency (ms):
         min:                                   10.52
         avg:                                   43.46
         max:                                   55.21
         99th percentile:                       54.83
         sum:                               120643.50

Threads fairness:
    events (avg/stddev):           69.4000/2.79
    execution time (avg/stddev):   3.0161/0.01

