sysbench 1.0.20 (using system LuaJIT 2.1.0-beta3)

Running the test with following options:
Number of threads: 40
Initializing random number generator from current time


Prime numbers limit: 50000

Initializing worker threads...

Threads started!

CPU speed:
    events per second:   273.83

General statistics:
    total time:                          3.0795s
    total number of events:              845

Latency (ms):
         min:                                   32.99
         avg:                                  144.70
         max:                                  184.24
         99th percentile:                      167.44
         sum:                               122270.47

Threads fairness:
    events (avg/stddev):           21.1250/0.40
    execution time (avg/stddev):   3.0568/0.02

