sysbench 1.0.20 (using system LuaJIT 2.1.0-beta3)

Running the test with following options:
Number of threads: 40
Initializing random number generator from current time


Prime numbers limit: 50000

Initializing worker threads...

Threads started!

CPU speed:
    events per second:   940.96

General statistics:
    total time:                          3.0265s
    total number of events:              2850

Latency (ms):
         min:                                   17.82
         avg:                                   42.25
         max:                                   69.42
         99th percentile:                       51.94
         sum:                               120417.45

Threads fairness:
    events (avg/stddev):           71.2500/1.02
    execution time (avg/stddev):   3.0104/0.01

