sysbench 1.0.20 (using system LuaJIT 2.1.0-beta3)

Running the test with following options:
Number of threads: 40
Initializing random number generator from current time


Prime numbers limit: 50000

Initializing worker threads...

Threads started!

CPU speed:
    events per second:   939.95

General statistics:
    total time:                          3.0225s
    total number of events:              2843

Latency (ms):
         min:                                   10.53
         avg:                                   42.38
         max:                                   56.36
         99th percentile:                       47.47
         sum:                               120486.24

Threads fairness:
    events (avg/stddev):           71.0750/0.79
    execution time (avg/stddev):   3.0122/0.01

