sysbench 1.0.20 (using system LuaJIT 2.1.0-beta3)

Running the test with following options:
Number of threads: 40
Initializing random number generator from current time


Prime numbers limit: 50000

Initializing worker threads...

Threads started!

CPU speed:
    events per second:   903.59

General statistics:
    total time:                          3.0284s
    total number of events:              2739

Latency (ms):
         min:                                   10.94
         avg:                                   42.09
         max:                                  355.86
         99th percentile:                      112.67
         sum:                               115272.23

Threads fairness:
    events (avg/stddev):           68.4750/4.39
    execution time (avg/stddev):   2.8818/0.11

