sysbench 1.0.20 (using system LuaJIT 2.1.0-beta3)

Running the test with following options:
Number of threads: 40
Initializing random number generator from current time


Prime numbers limit: 50000

Initializing worker threads...

Threads started!

CPU speed:
    events per second:   939.77

General statistics:
    total time:                          3.0263s
    total number of events:              2846

Latency (ms):
         min:                                   10.53
         avg:                                   42.36
         max:                                   54.06
         99th percentile:                       52.89
         sum:                               120546.42

Threads fairness:
    events (avg/stddev):           71.1500/1.19
    execution time (avg/stddev):   3.0137/0.01

