sysbench 1.0.20 (using system LuaJIT 2.1.0-beta3)

Running the test with following options:
Number of threads: 40
Initializing random number generator from current time


Prime numbers limit: 50000

Initializing worker threads...

Threads started!

CPU speed:
    events per second:   792.10

General statistics:
    total time:                          3.0287s
    total number of events:              2401

Latency (ms):
         min:                                   12.53
         avg:                                   49.26
         max:                                  111.34
         99th percentile:                       90.78
         sum:                               118263.96

Threads fairness:
    events (avg/stddev):           60.0250/2.72
    execution time (avg/stddev):   2.9566/0.05

