sysbench 1.0.20 (using system LuaJIT 2.1.0-beta3)

Running the test with following options:
Number of threads: 40
Initializing random number generator from current time


Prime numbers limit: 50000

Initializing worker threads...

Threads started!

CPU speed:
    events per second:   946.03

General statistics:
    total time:                          3.0285s
    total number of events:              2867

Latency (ms):
         min:                                   10.51
         avg:                                   41.81
         max:                                   77.99
         99th percentile:                       62.19
         sum:                               119881.01

Threads fairness:
    events (avg/stddev):           71.6750/2.04
    execution time (avg/stddev):   2.9970/0.02

