sysbench 1.0.20 (using system LuaJIT 2.1.0-beta3)

Running the test with following options:
Number of threads: 40
Initializing random number generator from current time


Prime numbers limit: 50000

Initializing worker threads...

Threads started!

CPU speed:
    events per second:   917.65

General statistics:
    total time:                          3.0241s
    total number of events:              2777

Latency (ms):
         min:                                   10.52
         avg:                                   43.38
         max:                                   54.00
         99th percentile:                       50.11
         sum:                               120458.31

Threads fairness:
    events (avg/stddev):           69.4250/0.83
    execution time (avg/stddev):   3.0115/0.01

