sysbench 1.0.20 (using system LuaJIT 2.1.0-beta3)

Running the test with following options:
Number of threads: 40
Initializing random number generator from current time


Prime numbers limit: 50000

Initializing worker threads...

Threads started!

CPU speed:
    events per second:   942.59

General statistics:
    total time:                          3.0300s
    total number of events:              2858

Latency (ms):
         min:                                   10.50
         avg:                                   36.17
         max:                                 1283.06
         99th percentile:                      530.08
         sum:                               103374.57

Threads fairness:
    events (avg/stddev):           71.4500/16.88
    execution time (avg/stddev):   2.5844/0.45

