sysbench 1.0.20 (using system LuaJIT 2.1.0-beta3)

Running the test with following options:
Number of threads: 40
Initializing random number generator from current time


Prime numbers limit: 50000

Initializing worker threads...

Threads started!

CPU speed:
    events per second:   946.79

General statistics:
    total time:                          3.0239s
    total number of events:              2865

Latency (ms):
         min:                                   10.50
         avg:                                   39.63
         max:                                  463.80
         99th percentile:                      308.84
         sum:                               113551.94

Threads fairness:
    events (avg/stddev):           71.6250/9.62
    execution time (avg/stddev):   2.8388/0.17

