sysbench 1.0.20 (using system LuaJIT 2.1.0-beta3)

Running the test with following options:
Number of threads: 40
Initializing random number generator from current time


Prime numbers limit: 50000

Initializing worker threads...

Threads started!

CPU speed:
    events per second:   271.57

General statistics:
    total time:                          3.1015s
    total number of events:              844

Latency (ms):
         min:                                   32.90
         avg:                                  144.51
         max:                                  181.32
         99th percentile:                      179.94
         sum:                               121969.89

Threads fairness:
    events (avg/stddev):           21.1000/0.73
    execution time (avg/stddev):   3.0492/0.03

