sysbench 1.0.20 (using system LuaJIT 2.1.0-beta3)

Running the test with following options:
Number of threads: 40
Initializing random number generator from current time


Prime numbers limit: 50000

Initializing worker threads...

Threads started!

CPU speed:
    events per second:   902.19

General statistics:
    total time:                          3.0353s
    total number of events:              2741

Latency (ms):
         min:                                   10.94
         avg:                                   41.98
         max:                                  273.56
         99th percentile:                      110.66
         sum:                               115072.72

Threads fairness:
    events (avg/stddev):           68.5250/3.90
    execution time (avg/stddev):   2.8768/0.10

