sysbench 1.0.20 (using system LuaJIT 2.1.0-beta3)

Running the test with following options:
Number of threads: 40
Initializing random number generator from current time


Prime numbers limit: 50000

Initializing worker threads...

Threads started!

CPU speed:
    events per second:   941.57

General statistics:
    total time:                          3.0249s
    total number of events:              2850

Latency (ms):
         min:                                   22.68
         avg:                                   42.11
         max:                                   71.87
         99th percentile:                       48.34
         sum:                               120019.23

Threads fairness:
    events (avg/stddev):           71.2500/0.54
    execution time (avg/stddev):   3.0005/0.01

