sysbench 1.0.20 (using system LuaJIT 2.1.0-beta3)

Running the test with following options:
Number of threads: 40
Initializing random number generator from current time


Prime numbers limit: 50000

Initializing worker threads...

Threads started!

CPU speed:
    events per second:   908.63

General statistics:
    total time:                          3.0321s
    total number of events:              2757

Latency (ms):
         min:                                   10.94
         avg:                                   38.63
         max:                                  667.38
         99th percentile:                      390.30
         sum:                               106503.02

Threads fairness:
    events (avg/stddev):           68.9250/18.64
    execution time (avg/stddev):   2.6626/0.27

