sysbench 1.0.20 (using system LuaJIT 2.1.0-beta3)

Running the test with following options:
Number of threads: 40
Initializing random number generator from current time


Prime numbers limit: 50000

Initializing worker threads...

Threads started!

CPU speed:
    events per second:   930.17

General statistics:
    total time:                          3.0287s
    total number of events:              2819

Latency (ms):
         min:                                   10.54
         avg:                                   42.77
         max:                                   58.01
         99th percentile:                       53.85
         sum:                               120565.50

Threads fairness:
    events (avg/stddev):           70.4750/1.72
    execution time (avg/stddev):   3.0141/0.01

