sysbench 1.0.20 (using system LuaJIT 2.1.0-beta3)

Running the test with following options:
Number of threads: 40
Initializing random number generator from current time


Prime numbers limit: 50000

Initializing worker threads...

Threads started!

CPU speed:
    events per second:   944.75

General statistics:
    total time:                          3.0262s
    total number of events:              2861

Latency (ms):
         min:                                   10.53
         avg:                                   42.08
         max:                                   55.70
         99th percentile:                       50.11
         sum:                               120397.36

Threads fairness:
    events (avg/stddev):           71.5250/1.00
    execution time (avg/stddev):   3.0099/0.01

