sysbench 1.0.20 (using system LuaJIT 2.1.0-beta3)

Running the test with following options:
Number of threads: 40
Initializing random number generator from current time


Prime numbers limit: 50000

Initializing worker threads...

Threads started!

CPU speed:
    events per second:   942.27

General statistics:
    total time:                          3.0227s
    total number of events:              2850

Latency (ms):
         min:                                   10.52
         avg:                                   41.81
         max:                                   92.81
         99th percentile:                       54.83
         sum:                               119155.64

Threads fairness:
    events (avg/stddev):           71.2500/1.36
    execution time (avg/stddev):   2.9789/0.03

