sysbench 1.0.20 (using system LuaJIT 2.1.0-beta3)

Running the test with following options:
Number of threads: 40
Initializing random number generator from current time


Prime numbers limit: 50000

Initializing worker threads...

Threads started!

CPU speed:
    events per second:   945.13

General statistics:
    total time:                          3.0282s
    total number of events:              2864

Latency (ms):
         min:                                   10.51
         avg:                                   41.72
         max:                                   96.58
         99th percentile:                       53.85
         sum:                               119483.80

Threads fairness:
    events (avg/stddev):           71.6000/1.41
    execution time (avg/stddev):   2.9871/0.02

