sysbench 1.0.20 (using system LuaJIT 2.1.0-beta3)

Running the test with following options:
Number of threads: 40
Initializing random number generator from current time


Prime numbers limit: 50000

Initializing worker threads...

Threads started!

CPU speed:
    events per second:   945.12

General statistics:
    total time:                          3.0261s
    total number of events:              2862

Latency (ms):
         min:                                   10.53
         avg:                                   41.98
         max:                                   71.91
         99th percentile:                       56.84
         sum:                               120150.93

Threads fairness:
    events (avg/stddev):           71.5500/1.02
    execution time (avg/stddev):   3.0038/0.01

