sysbench 1.0.20 (using system LuaJIT 2.1.0-beta3)

Running the test with following options:
Number of threads: 40
Initializing random number generator from current time


Prime numbers limit: 50000

Initializing worker threads...

Threads started!

CPU speed:
    events per second:   943.50

General statistics:
    total time:                          3.0259s
    total number of events:              2857

Latency (ms):
         min:                                   10.50
         avg:                                   40.36
         max:                                  611.48
         99th percentile:                      320.17
         sum:                               115318.23

Threads fairness:
    events (avg/stddev):           71.4250/7.21
    execution time (avg/stddev):   2.8830/0.10

