sysbench 1.0.20 (using system LuaJIT 2.1.0-beta3)

Running the test with following options:
Number of threads: 40
Initializing random number generator from current time


Prime numbers limit: 50000

Initializing worker threads...

Threads started!

CPU speed:
    events per second:   941.59

General statistics:
    total time:                          3.0214s
    total number of events:              2847

Latency (ms):
         min:                                   10.54
         avg:                                   41.70
         max:                                   86.76
         99th percentile:                       66.84
         sum:                               118729.69

Threads fairness:
    events (avg/stddev):           71.1750/1.74
    execution time (avg/stddev):   2.9682/0.04

