sysbench 1.0.20 (using system LuaJIT 2.1.0-beta3)

Running the test with following options:
Number of threads: 40
Initializing random number generator from current time


Prime numbers limit: 50000

Initializing worker threads...

Threads started!

CPU speed:
    events per second:   943.28

General statistics:
    total time:                          3.0246s
    total number of events:              2855

Latency (ms):
         min:                                   10.51
         avg:                                   36.58
         max:                                  685.65
         99th percentile:                      434.83
         sum:                               104422.23

Threads fairness:
    events (avg/stddev):           71.3750/16.12
    execution time (avg/stddev):   2.6106/0.42

