sysbench 1.0.20 (using system LuaJIT 2.1.0-beta3)

Running the test with following options:
Number of threads: 40
Initializing random number generator from current time


Prime numbers limit: 50000

Initializing worker threads...

Threads started!

CPU speed:
    events per second:   943.47

General statistics:
    total time:                          3.0335s
    total number of events:              2864

Latency (ms):
         min:                                   10.54
         avg:                                   41.95
         max:                                   70.29
         99th percentile:                       51.02
         sum:                               120136.13

Threads fairness:
    events (avg/stddev):           71.6000/1.20
    execution time (avg/stddev):   3.0034/0.01

