sysbench 1.0.20 (using system LuaJIT 2.1.0-beta3)

Running the test with following options:
Number of threads: 40
Initializing random number generator from current time


Prime numbers limit: 50000

Initializing worker threads...

Threads started!

CPU speed:
    events per second:   942.56

General statistics:
    total time:                          3.0280s
    total number of events:              2856

Latency (ms):
         min:                                   10.53
         avg:                                   41.97
         max:                                   74.95
         99th percentile:                       63.32
         sum:                               119875.09

Threads fairness:
    events (avg/stddev):           71.4000/2.49
    execution time (avg/stddev):   2.9969/0.02

