sysbench 1.0.20 (using system LuaJIT 2.1.0-beta3)

Running the test with following options:
Number of threads: 40
Initializing random number generator from current time


Prime numbers limit: 50000

Initializing worker threads...

Threads started!

CPU speed:
    events per second:   943.77

General statistics:
    total time:                          3.0262s
    total number of events:              2858

Latency (ms):
         min:                                   10.51
         avg:                                   34.40
         max:                                 1170.98
         99th percentile:                      539.71
         sum:                                98307.48

Threads fairness:
    events (avg/stddev):           71.4500/21.95
    execution time (avg/stddev):   2.4577/0.54

