sysbench 1.0.20 (using system LuaJIT 2.1.0-beta3)

Running the test with following options:
Number of threads: 40
Initializing random number generator from current time


Prime numbers limit: 50000

Initializing worker threads...

Threads started!

CPU speed:
    events per second:   941.72

General statistics:
    total time:                          3.0276s
    total number of events:              2853

Latency (ms):
         min:                                   10.54
         avg:                                   41.98
         max:                                   88.98
         99th percentile:                       56.84
         sum:                               119781.32

Threads fairness:
    events (avg/stddev):           71.3250/0.88
    execution time (avg/stddev):   2.9945/0.02

