sysbench 1.0.20 (using system LuaJIT 2.1.0-beta3)

Running the test with following options:
Number of threads: 40
Initializing random number generator from current time


Prime numbers limit: 50000

Initializing worker threads...

Threads started!

CPU speed:
    events per second:   946.24

General statistics:
    total time:                          3.0257s
    total number of events:              2865

Latency (ms):
         min:                                   10.53
         avg:                                   41.70
         max:                                   91.58
         99th percentile:                       69.29
         sum:                               119479.15

Threads fairness:
    events (avg/stddev):           71.6250/1.18
    execution time (avg/stddev):   2.9870/0.02

