sysbench 1.0.20 (using system LuaJIT 2.1.0-beta3)

Running the test with following options:
Number of threads: 40
Initializing random number generator from current time


Prime numbers limit: 50000

Initializing worker threads...

Threads started!

CPU speed:
    events per second:   946.01

General statistics:
    total time:                          3.0254s
    total number of events:              2864

Latency (ms):
         min:                                   10.53
         avg:                                   41.89
         max:                                   73.75
         99th percentile:                       58.92
         sum:                               119967.66

Threads fairness:
    events (avg/stddev):           71.6000/1.66
    execution time (avg/stddev):   2.9992/0.01

