sysbench 1.0.20 (using system LuaJIT 2.1.0-beta3)

Running the test with following options:
Number of threads: 40
Initializing random number generator from current time


Prime numbers limit: 50000

Initializing worker threads...

Threads started!

CPU speed:
    events per second:   301.21

General statistics:
    total time:                          3.0712s
    total number of events:              927

Latency (ms):
         min:                                   32.90
         avg:                                  126.32
         max:                                  351.08
         99th percentile:                      223.34
         sum:                               117097.08

Threads fairness:
    events (avg/stddev):           23.1750/1.34
    execution time (avg/stddev):   2.9274/0.08

