sysbench 1.0.20 (using system LuaJIT 2.1.0-beta3)

Running the test with following options:
Number of threads: 40
Initializing random number generator from current time


Prime numbers limit: 50000

Initializing worker threads...

Threads started!

CPU speed:
    events per second:   945.97

General statistics:
    total time:                          3.0286s
    total number of events:              2867

Latency (ms):
         min:                                   10.53
         avg:                                   41.73
         max:                                  100.58
         99th percentile:                       73.13
         sum:                               119644.19

Threads fairness:
    events (avg/stddev):           71.6750/1.97
    execution time (avg/stddev):   2.9911/0.02

