sysbench 1.0.20 (using system LuaJIT 2.1.0-beta3)

Running the test with following options:
Number of threads: 40
Initializing random number generator from current time


Prime numbers limit: 50000

Initializing worker threads...

Threads started!

CPU speed:
    events per second:   947.28

General statistics:
    total time:                          3.0255s
    total number of events:              2868

Latency (ms):
         min:                                   10.50
         avg:                                   40.48
         max:                                  294.59
         99th percentile:                      186.54
         sum:                               116094.34

Threads fairness:
    events (avg/stddev):           71.7000/3.72
    execution time (avg/stddev):   2.9024/0.11

