sysbench 1.0.20 (using system LuaJIT 2.1.0-beta3)

Running the test with following options:
Number of threads: 40
Initializing random number generator from current time


Prime numbers limit: 50000

Initializing worker threads...

Threads started!

CPU speed:
    events per second:   916.18

General statistics:
    total time:                          3.0302s
    total number of events:              2778

Latency (ms):
         min:                                   10.51
         avg:                                   43.47
         max:                                   64.29
         99th percentile:                       54.83
         sum:                               120747.63

Threads fairness:
    events (avg/stddev):           69.4500/1.47
    execution time (avg/stddev):   3.0187/0.01

