sysbench 1.0.20 (using system LuaJIT 2.1.0-beta3)

Running the test with following options:
Number of threads: 40
Initializing random number generator from current time


Prime numbers limit: 50000

Initializing worker threads...

Threads started!

CPU speed:
    events per second:   944.63

General statistics:
    total time:                          3.0245s
    total number of events:              2859

Latency (ms):
         min:                                   10.52
         avg:                                   42.06
         max:                                   67.11
         99th percentile:                       51.02
         sum:                               120240.97

Threads fairness:
    events (avg/stddev):           71.4750/1.22
    execution time (avg/stddev):   3.0060/0.01

