sysbench 1.0.20 (using system LuaJIT 2.1.0-beta3)

Running the test with following options:
Number of threads: 40
Initializing random number generator from current time


Prime numbers limit: 50000

Initializing worker threads...

Threads started!

CPU speed:
    events per second:   944.55

General statistics:
    total time:                          3.0247s
    total number of events:              2859

Latency (ms):
         min:                                   10.52
         avg:                                   42.00
         max:                                   67.64
         99th percentile:                       48.34
         sum:                               120073.61

Threads fairness:
    events (avg/stddev):           71.4750/0.81
    execution time (avg/stddev):   3.0018/0.01

