sysbench 1.0.20 (using system LuaJIT 2.1.0-beta3)

Running the test with following options:
Number of threads: 40
Initializing random number generator from current time


Prime numbers limit: 50000

Initializing worker threads...

Threads started!

CPU speed:
    events per second:   945.99

General statistics:
    total time:                          3.0244s
    total number of events:              2863

Latency (ms):
         min:                                   10.51
         avg:                                   41.74
         max:                                   87.61
         99th percentile:                       53.85
         sum:                               119502.21

Threads fairness:
    events (avg/stddev):           71.5750/1.50
    execution time (avg/stddev):   2.9876/0.02

