sysbench 1.0.20 (using system LuaJIT 2.1.0-beta3)

Running the test with following options:
Number of threads: 40
Initializing random number generator from current time


Prime numbers limit: 50000

Initializing worker threads...

Threads started!

CPU speed:
    events per second:   941.42

General statistics:
    total time:                          3.0253s
    total number of events:              2850

Latency (ms):
         min:                                   10.54
         avg:                                   41.92
         max:                                   89.35
         99th percentile:                       52.89
         sum:                               119469.70

Threads fairness:
    events (avg/stddev):           71.2500/0.92
    execution time (avg/stddev):   2.9867/0.02

