sysbench 1.0.20 (using system LuaJIT 2.1.0-beta3)

Running the test with following options:
Number of threads: 40
Initializing random number generator from current time


Prime numbers limit: 50000

Initializing worker threads...

Threads started!

CPU speed:
    events per second:   941.26

General statistics:
    total time:                          3.0293s
    total number of events:              2854

Latency (ms):
         min:                                   10.50
         avg:                                   41.60
         max:                                  110.61
         99th percentile:                       81.48
         sum:                               118730.30

Threads fairness:
    events (avg/stddev):           71.3500/1.17
    execution time (avg/stddev):   2.9683/0.04

