sysbench 1.0.20 (using system LuaJIT 2.1.0-beta3)

Running the test with following options:
Number of threads: 40
Initializing random number generator from current time


Prime numbers limit: 50000

Initializing worker threads...

Threads started!

CPU speed:
    events per second:   945.76

General statistics:
    total time:                          3.0272s
    total number of events:              2865

Latency (ms):
         min:                                   10.51
         avg:                                   42.06
         max:                                   57.24
         99th percentile:                       52.89
         sum:                               120506.28

Threads fairness:
    events (avg/stddev):           71.6250/2.14
    execution time (avg/stddev):   3.0127/0.01

