sysbench 1.0.20 (using system LuaJIT 2.1.0-beta3)

Running the test with following options:
Number of threads: 40
Initializing random number generator from current time


Prime numbers limit: 50000

Initializing worker threads...

Threads started!

CPU speed:
    events per second:   916.91

General statistics:
    total time:                          3.0255s
    total number of events:              2776

Latency (ms):
         min:                                   10.54
         avg:                                   43.45
         max:                                   58.55
         99th percentile:                       52.89
         sum:                               120609.93

Threads fairness:
    events (avg/stddev):           69.4000/1.02
    execution time (avg/stddev):   3.0152/0.01

