sysbench 1.0.20 (using system LuaJIT 2.1.0-beta3)

Running the test with following options:
Number of threads: 40
Initializing random number generator from current time


Prime numbers limit: 50000

Initializing worker threads...

Threads started!

CPU speed:
    events per second:   946.67

General statistics:
    total time:                          3.0275s
    total number of events:              2868

Latency (ms):
         min:                                   10.51
         avg:                                   41.11
         max:                                  151.95
         99th percentile:                       78.60
         sum:                               117911.41

Threads fairness:
    events (avg/stddev):           71.7000/2.20
    execution time (avg/stddev):   2.9478/0.05

