sysbench 1.0.20 (using system LuaJIT 2.1.0-beta3)

Running the test with following options:
Number of threads: 40
Initializing random number generator from current time


Prime numbers limit: 50000

Initializing worker threads...

Threads started!

CPU speed:
    events per second:   947.74

General statistics:
    total time:                          3.0241s
    total number of events:              2868

Latency (ms):
         min:                                   10.52
         avg:                                   41.70
         max:                                   77.90
         99th percentile:                       52.89
         sum:                               119608.44

Threads fairness:
    events (avg/stddev):           71.7000/1.10
    execution time (avg/stddev):   2.9902/0.02

