sysbench 1.0.20 (using system LuaJIT 2.1.0-beta3)

Running the test with following options:
Number of threads: 40
Initializing random number generator from current time


Prime numbers limit: 50000

Initializing worker threads...

Threads started!

CPU speed:
    events per second:   376.29

General statistics:
    total time:                          3.0644s
    total number of events:              1155

Latency (ms):
         min:                                   43.29
         avg:                                  104.53
         max:                                  130.23
         99th percentile:                      118.92
         sum:                               120732.83

Threads fairness:
    events (avg/stddev):           28.8750/0.64
    execution time (avg/stddev):   3.0183/0.03

