sysbench 1.0.20 (using system LuaJIT 2.1.0-beta3)

Running the test with following options:
Number of threads: 40
Initializing random number generator from current time


Prime numbers limit: 50000

Initializing worker threads...

Threads started!

CPU speed:
    events per second:   947.18

General statistics:
    total time:                          3.0248s
    total number of events:              2867

Latency (ms):
         min:                                   10.51
         avg:                                   41.15
         max:                                  156.90
         99th percentile:                       77.19
         sum:                               117974.70

Threads fairness:
    events (avg/stddev):           71.6750/1.69
    execution time (avg/stddev):   2.9494/0.06

