sysbench 1.0.20 (using system LuaJIT 2.1.0-beta3)

Running the test with following options:
Number of threads: 40
Initializing random number generator from current time


Prime numbers limit: 50000

Initializing worker threads...

Threads started!

CPU speed:
    events per second:   947.27

General statistics:
    total time:                          3.0256s
    total number of events:              2868

Latency (ms):
         min:                                   10.51
         avg:                                   40.87
         max:                                  133.18
         99th percentile:                       97.55
         sum:                               117211.64

Threads fairness:
    events (avg/stddev):           71.7000/4.48
    execution time (avg/stddev):   2.9303/0.08

