sysbench 1.0.20 (using system LuaJIT 2.1.0-beta3)

Running the test with following options:
Number of threads: 40
Initializing random number generator from current time


Prime numbers limit: 50000

Initializing worker threads...

Threads started!

CPU speed:
    events per second:   941.09

General statistics:
    total time:                          3.0222s
    total number of events:              2846

Latency (ms):
         min:                                   15.66
         avg:                                   42.13
         max:                                   69.77
         99th percentile:                       51.02
         sum:                               119909.97

Threads fairness:
    events (avg/stddev):           71.1500/0.65
    execution time (avg/stddev):   2.9977/0.01

