sysbench 1.0.20 (using system LuaJIT 2.1.0-beta3)

Running the test with following options:
Number of threads: 40
Initializing random number generator from current time


Prime numbers limit: 50000

Initializing worker threads...

Threads started!

CPU speed:
    events per second:   931.24

General statistics:
    total time:                          3.0240s
    total number of events:              2818

Latency (ms):
         min:                                   10.52
         avg:                                   42.76
         max:                                   56.45
         99th percentile:                       53.85
         sum:                               120501.83

Threads fairness:
    events (avg/stddev):           70.4500/1.90
    execution time (avg/stddev):   3.0125/0.01

