sysbench 1.0.20 (using system LuaJIT 2.1.0-beta3)

Running the test with following options:
Number of threads: 40
Initializing random number generator from current time


Prime numbers limit: 50000

Initializing worker threads...

Threads started!

CPU speed:
    events per second:   300.83

General statistics:
    total time:                          3.0818s
    total number of events:              929

Latency (ms):
         min:                                   32.98
         avg:                                  130.05
         max:                                  181.79
         99th percentile:                      155.80
         sum:                               120818.68

Threads fairness:
    events (avg/stddev):           23.2250/0.61
    execution time (avg/stddev):   3.0205/0.03

