sysbench 1.0.20 (using system LuaJIT 2.1.0-beta3)

Running the test with following options:
Number of threads: 40
Initializing random number generator from current time


Prime numbers limit: 50000

Initializing worker threads...

Threads started!

CPU speed:
    events per second:   947.38

General statistics:
    total time:                          3.0252s
    total number of events:              2868

Latency (ms):
         min:                                   10.50
         avg:                                   41.05
         max:                                  169.85
         99th percentile:                       81.48
         sum:                               117720.59

Threads fairness:
    events (avg/stddev):           71.7000/1.83
    execution time (avg/stddev):   2.9430/0.06

