sysbench 1.0.20 (using system LuaJIT 2.1.0-beta3)

Running the test with following options:
Number of threads: 40
Initializing random number generator from current time


Prime numbers limit: 50000

Initializing worker threads...

Threads started!

CPU speed:
    events per second:   946.44

General statistics:
    total time:                          3.0229s
    total number of events:              2863

Latency (ms):
         min:                                   10.51
         avg:                                   41.81
         max:                                   91.58
         99th percentile:                       69.29
         sum:                               119698.91

Threads fairness:
    events (avg/stddev):           71.5750/2.01
    execution time (avg/stddev):   2.9925/0.02

