sysbench 1.0.20 (using system LuaJIT 2.1.0-beta3)

Running the test with following options:
Number of threads: 40
Initializing random number generator from current time


Prime numbers limit: 50000

Initializing worker threads...

Threads started!

CPU speed:
    events per second:   941.54

General statistics:
    total time:                          3.0270s
    total number of events:              2852

Latency (ms):
         min:                                   10.53
         avg:                                   42.09
         max:                                   79.23
         99th percentile:                       51.94
         sum:                               120036.34

Threads fairness:
    events (avg/stddev):           71.3000/0.84
    execution time (avg/stddev):   3.0009/0.01

