sysbench 1.0.20 (using system LuaJIT 2.1.0-beta3)

Running the test with following options:
Number of threads: 40
Initializing random number generator from current time


Prime numbers limit: 50000

Initializing worker threads...

Threads started!

CPU speed:
    events per second:   915.89

General statistics:
    total time:                          3.0267s
    total number of events:              2774

Latency (ms):
         min:                                   16.97
         avg:                                   43.52
         max:                                   61.12
         99th percentile:                       54.83
         sum:                               120728.80

Threads fairness:
    events (avg/stddev):           69.3500/1.06
    execution time (avg/stddev):   3.0182/0.01

