sysbench 1.0.20 (using system LuaJIT 2.1.0-beta3)

Running the test with following options:
Number of threads: 40
Initializing random number generator from current time


Prime numbers limit: 50000

Initializing worker threads...

Threads started!

CPU speed:
    events per second:   947.32

General statistics:
    total time:                          3.0275s
    total number of events:              2870

Latency (ms):
         min:                                   10.50
         avg:                                   39.72
         max:                                  941.58
         99th percentile:                      427.07
         sum:                               114007.68

Threads fairness:
    events (avg/stddev):           71.7500/14.21
    execution time (avg/stddev):   2.8502/0.13

