sysbench 1.0.20 (using system LuaJIT 2.1.0-beta3)

Running the test with following options:
Number of threads: 40
Initializing random number generator from current time


Prime numbers limit: 50000

Initializing worker threads...

Threads started!

CPU speed:
    events per second:   602.58

General statistics:
    total time:                          3.0459s
    total number of events:              1838

Latency (ms):
         min:                                   16.44
         avg:                                   65.16
         max:                                  131.35
         99th percentile:                       82.96
         sum:                               119761.54

Threads fairness:
    events (avg/stddev):           45.9500/1.00
    execution time (avg/stddev):   2.9940/0.03

