sysbench 1.0.20 (using system LuaJIT 2.1.0-beta3)

Running the test with following options:
Number of threads: 40
Initializing random number generator from current time


Prime numbers limit: 50000

Initializing worker threads...

Threads started!

CPU speed:
    events per second:   945.78

General statistics:
    total time:                          3.0282s
    total number of events:              2866

Latency (ms):
         min:                                   10.50
         avg:                                   40.99
         max:                                  150.60
         99th percentile:                       99.33
         sum:                               117483.11

Threads fairness:
    events (avg/stddev):           71.6500/4.32
    execution time (avg/stddev):   2.9371/0.07

