sysbench 1.0.20 (using system LuaJIT 2.1.0-beta3)

Running the test with following options:
Number of threads: 40
Initializing random number generator from current time


Prime numbers limit: 50000

Initializing worker threads...

Threads started!

CPU speed:
    events per second:   300.26

General statistics:
    total time:                          3.0942s
    total number of events:              931

Latency (ms):
         min:                                   32.88
         avg:                                  115.80
         max:                                 1320.83
         99th percentile:                      759.88
         sum:                               107814.04

Threads fairness:
    events (avg/stddev):           23.2750/6.51
    execution time (avg/stddev):   2.6954/0.37

