sysbench 1.0.20 (using system LuaJIT 2.1.0-beta3)

Running the test with following options:
Number of threads: 40
Initializing random number generator from current time


Prime numbers limit: 50000

Initializing worker threads...

Threads started!

CPU speed:
    events per second:   944.03

General statistics:
    total time:                          3.0306s
    total number of events:              2863

Latency (ms):
         min:                                   10.51
         avg:                                   35.99
         max:                                 1077.63
         99th percentile:                      520.62
         sum:                               103051.54

Threads fairness:
    events (avg/stddev):           71.5750/20.51
    execution time (avg/stddev):   2.5763/0.45

