sysbench 1.0.20 (using system LuaJIT 2.1.0-beta3)

Running the test with following options:
Number of threads: 40
Initializing random number generator from current time


Prime numbers limit: 50000

Initializing worker threads...

Threads started!

CPU speed:
    events per second:   940.92

General statistics:
    total time:                          3.0247s
    total number of events:              2848

Latency (ms):
         min:                                   10.50
         avg:                                   40.67
         max:                                  280.49
         99th percentile:                      104.84
         sum:                               115818.88

Threads fairness:
    events (avg/stddev):           71.2000/2.33
    execution time (avg/stddev):   2.8955/0.09

