sysbench 1.0.20 (using system LuaJIT 2.1.0-beta3)

Running the test with following options:
Number of threads: 40
Initializing random number generator from current time


Prime numbers limit: 50000

Initializing worker threads...

Threads started!

CPU speed:
    events per second:   298.14

General statistics:
    total time:                          3.0862s
    total number of events:              922

Latency (ms):
         min:                                   44.30
         avg:                                  132.42
         max:                                  171.01
         99th percentile:                      155.80
         sum:                               122092.84

Threads fairness:
    events (avg/stddev):           23.0500/0.67
    execution time (avg/stddev):   3.0523/0.03

