sysbench 1.0.20 (using system LuaJIT 2.1.0-beta3)

Running the test with following options:
Number of threads: 40
Initializing random number generator from current time


Prime numbers limit: 50000

Initializing worker threads...

Threads started!

CPU speed:
    events per second:   945.90

General statistics:
    total time:                          3.0236s
    total number of events:              2862

Latency (ms):
         min:                                   10.54
         avg:                                   41.94
         max:                                   70.96
         99th percentile:                       55.82
         sum:                               120038.64

Threads fairness:
    events (avg/stddev):           71.5500/0.89
    execution time (avg/stddev):   3.0010/0.01

