sysbench 1.0.20 (using system LuaJIT 2.1.0-beta3)

Running the test with following options:
Number of threads: 40
Initializing random number generator from current time


Prime numbers limit: 50000

Initializing worker threads...

Threads started!

CPU speed:
    events per second:   942.79

General statistics:
    total time:                          3.0231s
    total number of events:              2852

Latency (ms):
         min:                                   10.54
         avg:                                   42.00
         max:                                   89.00
         99th percentile:                       54.83
         sum:                               119772.45

Threads fairness:
    events (avg/stddev):           71.3000/0.87
    execution time (avg/stddev):   2.9943/0.02

