sysbench 1.0.20 (using system LuaJIT 2.1.0-beta3)

Running the test with following options:
Number of threads: 40
Initializing random number generator from current time


Prime numbers limit: 50000

Initializing worker threads...

Threads started!

CPU speed:
    events per second:   945.11

General statistics:
    total time:                          3.0282s
    total number of events:              2864

Latency (ms):
         min:                                   10.50
         avg:                                   39.28
         max:                                  510.52
         99th percentile:                      308.84
         sum:                               112502.08

Threads fairness:
    events (avg/stddev):           71.6000/9.21
    execution time (avg/stddev):   2.8126/0.21

