sysbench 1.0.20 (using system LuaJIT 2.1.0-beta3)

Running the test with following options:
Number of threads: 40
Initializing random number generator from current time


Prime numbers limit: 50000

Initializing worker threads...

Threads started!

CPU speed:
    events per second:   945.39

General statistics:
    total time:                          3.0253s
    total number of events:              2862

Latency (ms):
         min:                                   10.52
         avg:                                   41.75
         max:                                   83.27
         99th percentile:                       59.99
         sum:                               119488.60

Threads fairness:
    events (avg/stddev):           71.5500/2.22
    execution time (avg/stddev):   2.9872/0.02

