sysbench 1.0.20 (using system LuaJIT 2.1.0-beta3)

Running the test with following options:
Number of threads: 40
Initializing random number generator from current time


Prime numbers limit: 50000

Initializing worker threads...

Threads started!

CPU speed:
    events per second:   944.22

General statistics:
    total time:                          3.0300s
    total number of events:              2863

Latency (ms):
         min:                                   10.51
         avg:                                   41.79
         max:                                   73.61
         99th percentile:                       55.82
         sum:                               119635.88

Threads fairness:
    events (avg/stddev):           71.5750/1.41
    execution time (avg/stddev):   2.9909/0.02

