sysbench 1.0.20 (using system LuaJIT 2.1.0-beta3)

Running the test with following options:
Number of threads: 40
Initializing random number generator from current time


Prime numbers limit: 50000

Initializing worker threads...

Threads started!

CPU speed:
    events per second:   946.50

General statistics:
    total time:                          3.0248s
    total number of events:              2865

Latency (ms):
         min:                                   10.53
         avg:                                   41.88
         max:                                   58.06
         99th percentile:                       49.21
         sum:                               119975.15

Threads fairness:
    events (avg/stddev):           71.6250/0.97
    execution time (avg/stddev):   2.9994/0.01

