sysbench 1.0.20 (using system LuaJIT 2.1.0-beta3)

Running the test with following options:
Number of threads: 40
Initializing random number generator from current time


Prime numbers limit: 50000

Initializing worker threads...

Threads started!

CPU speed:
    events per second:   946.89

General statistics:
    total time:                          3.0258s
    total number of events:              2867

Latency (ms):
         min:                                   10.51
         avg:                                   40.53
         max:                                  143.11
         99th percentile:                      102.97
         sum:                               116197.83

Threads fairness:
    events (avg/stddev):           71.6750/5.75
    execution time (avg/stddev):   2.9049/0.09

