sysbench 1.0.20 (using system LuaJIT 2.1.0-beta3)

Running the test with following options:
Number of threads: 40
Initializing random number generator from current time


Prime numbers limit: 50000

Initializing worker threads...

Threads started!

CPU speed:
    events per second:   639.33

General statistics:
    total time:                          3.0533s
    total number of events:              1954

Latency (ms):
         min:                                   15.46
         avg:                                   60.99
         max:                                  138.73
         99th percentile:                      114.72
         sum:                               119167.80

Threads fairness:
    events (avg/stddev):           48.8500/2.33
    execution time (avg/stddev):   2.9792/0.04

