sysbench 1.0.20 (using system LuaJIT 2.1.0-beta3)

Running the test with following options:
Number of threads: 40
Initializing random number generator from current time


Prime numbers limit: 50000

Initializing worker threads...

Threads started!

CPU speed:
    events per second:   941.04

General statistics:
    total time:                          3.0331s
    total number of events:              2857

Latency (ms):
         min:                                   10.51
         avg:                                   41.12
         max:                                  294.80
         99th percentile:                      161.51
         sum:                               117485.42

Threads fairness:
    events (avg/stddev):           71.4250/3.08
    execution time (avg/stddev):   2.9371/0.06

