sysbench 1.0.20 (using system LuaJIT 2.1.0-beta3)

Running the test with following options:
Number of threads: 40
Initializing random number generator from current time


Prime numbers limit: 50000

Initializing worker threads...

Threads started!

CPU speed:
    events per second:   942.01

General statistics:
    total time:                          3.0235s
    total number of events:              2850

Latency (ms):
         min:                                   10.55
         avg:                                   41.78
         max:                                   87.68
         99th percentile:                       54.83
         sum:                               119081.97

Threads fairness:
    events (avg/stddev):           71.2500/0.99
    execution time (avg/stddev):   2.9770/0.03

