sysbench 1.0.20 (using system LuaJIT 2.1.0-beta3)

Running the test with following options:
Number of threads: 40
Initializing random number generator from current time


Prime numbers limit: 50000

Initializing worker threads...

Threads started!

CPU speed:
    events per second:   946.61

General statistics:
    total time:                          3.0268s
    total number of events:              2867

Latency (ms):
         min:                                   10.51
         avg:                                   40.81
         max:                                  155.64
         99th percentile:                       97.55
         sum:                               117001.12

Threads fairness:
    events (avg/stddev):           71.6750/4.40
    execution time (avg/stddev):   2.9250/0.08

