sysbench 1.0.20 (using system LuaJIT 2.1.0-beta3)

Running the test with following options:
Number of threads: 40
Initializing random number generator from current time


Prime numbers limit: 50000

Initializing worker threads...

Threads started!

CPU speed:
    events per second:   941.71

General statistics:
    total time:                          3.0256s
    total number of events:              2852

Latency (ms):
         min:                                   10.53
         avg:                                   41.78
         max:                                   89.89
         99th percentile:                       52.89
         sum:                               119168.82

Threads fairness:
    events (avg/stddev):           71.3000/1.17
    execution time (avg/stddev):   2.9792/0.02

