sysbench 1.0.20 (using system LuaJIT 2.1.0-beta3)

Running the test with following options:
Number of threads: 40
Initializing random number generator from current time


Prime numbers limit: 50000

Initializing worker threads...

Threads started!

CPU speed:
    events per second:   528.06

General statistics:
    total time:                          3.0476s
    total number of events:              1612

Latency (ms):
         min:                                   18.77
         avg:                                   69.45
         max:                                  553.67
         99th percentile:                      397.39
         sum:                               111952.53

Threads fairness:
    events (avg/stddev):           40.3000/4.48
    execution time (avg/stddev):   2.7988/0.18

