sysbench 1.0.20 (using system LuaJIT 2.1.0-beta3)

Running the test with following options:
Number of threads: 40
Initializing random number generator from current time


Prime numbers limit: 50000

Initializing worker threads...

Threads started!

CPU speed:
    events per second:   941.28

General statistics:
    total time:                          3.0246s
    total number of events:              2849

Latency (ms):
         min:                                   16.29
         avg:                                   42.10
         max:                                   85.36
         99th percentile:                       51.02
         sum:                               119950.68

Threads fairness:
    events (avg/stddev):           71.2250/0.57
    execution time (avg/stddev):   2.9988/0.01

