sysbench 1.0.20 (using system LuaJIT 2.1.0-beta3)

Running the test with following options:
Number of threads: 40
Initializing random number generator from current time


Prime numbers limit: 50000

Initializing worker threads...

Threads started!

CPU speed:
    events per second:   946.44

General statistics:
    total time:                          3.0314s
    total number of events:              2871

Latency (ms):
         min:                                   10.51
         avg:                                   41.30
         max:                                   97.83
         99th percentile:                       70.55
         sum:                               118582.66

Threads fairness:
    events (avg/stddev):           71.7750/2.65
    execution time (avg/stddev):   2.9646/0.04

