sysbench 1.0.20 (using system LuaJIT 2.1.0-beta3)

Running the test with following options:
Number of threads: 40
Initializing random number generator from current time


Prime numbers limit: 50000

Initializing worker threads...

Threads started!

CPU speed:
    events per second:   945.86

General statistics:
    total time:                          3.0279s
    total number of events:              2866

Latency (ms):
         min:                                   10.51
         avg:                                   41.79
         max:                                   83.57
         99th percentile:                       56.84
         sum:                               119775.39

Threads fairness:
    events (avg/stddev):           71.6500/1.17
    execution time (avg/stddev):   2.9944/0.02

