sysbench 1.0.20 (using system LuaJIT 2.1.0-beta3)

Running the test with following options:
Number of threads: 40
Initializing random number generator from current time


Prime numbers limit: 50000

Initializing worker threads...

Threads started!

CPU speed:
    events per second:   946.96

General statistics:
    total time:                          3.0266s
    total number of events:              2868

Latency (ms):
         min:                                   10.50
         avg:                                   41.15
         max:                                  156.31
         99th percentile:                       80.03
         sum:                               118032.35

Threads fairness:
    events (avg/stddev):           71.7000/1.94
    execution time (avg/stddev):   2.9508/0.06

