sysbench 1.0.20 (using system LuaJIT 2.1.0-beta3)

Running the test with following options:
Number of threads: 40
Initializing random number generator from current time


Prime numbers limit: 50000

Initializing worker threads...

Threads started!

CPU speed:
    events per second:   945.92

General statistics:
    total time:                          3.0205s
    total number of events:              2859

Latency (ms):
         min:                                   10.53
         avg:                                   42.01
         max:                                   58.49
         99th percentile:                       48.34
         sum:                               120111.15

Threads fairness:
    events (avg/stddev):           71.4750/0.77
    execution time (avg/stddev):   3.0028/0.01

