sysbench 1.0.20 (using system LuaJIT 2.1.0-beta3)

Running the test with following options:
Number of threads: 40
Initializing random number generator from current time


Prime numbers limit: 50000

Initializing worker threads...

Threads started!

CPU speed:
    events per second:   942.83

General statistics:
    total time:                          3.0229s
    total number of events:              2852

Latency (ms):
         min:                                   10.51
         avg:                                   41.96
         max:                                   66.73
         99th percentile:                       57.87
         sum:                               119675.16

Threads fairness:
    events (avg/stddev):           71.3000/1.58
    execution time (avg/stddev):   2.9919/0.02

