sysbench 1.0.20 (using system LuaJIT 2.1.0-beta3)

Running the test with following options:
Number of threads: 40
Initializing random number generator from current time


Prime numbers limit: 50000

Initializing worker threads...

Threads started!

CPU speed:
    events per second:   946.41

General statistics:
    total time:                          3.0262s
    total number of events:              2866

Latency (ms):
         min:                                   10.52
         avg:                                   41.46
         max:                                  100.66
         99th percentile:                       70.55
         sum:                               118831.73

Threads fairness:
    events (avg/stddev):           71.6500/2.67
    execution time (avg/stddev):   2.9708/0.04

