sysbench 1.0.20 (using system LuaJIT 2.1.0-beta3)

Running the test with following options:
Number of threads: 40
Initializing random number generator from current time


Prime numbers limit: 50000

Initializing worker threads...

Threads started!

CPU speed:
    events per second:   946.27

General statistics:
    total time:                          3.0288s
    total number of events:              2868

Latency (ms):
         min:                                   10.52
         avg:                                   41.52
         max:                                   98.05
         99th percentile:                       70.55
         sum:                               119088.78

Threads fairness:
    events (avg/stddev):           71.7000/1.29
    execution time (avg/stddev):   2.9772/0.04

