sysbench 1.0.20 (using system LuaJIT 2.1.0-beta3)

Running the test with following options:
Number of threads: 40
Initializing random number generator from current time


Prime numbers limit: 50000

Initializing worker threads...

Threads started!

CPU speed:
    events per second:   940.78

General statistics:
    total time:                          3.0293s
    total number of events:              2852

Latency (ms):
         min:                                   10.84
         avg:                                   41.92
         max:                                   72.60
         99th percentile:                       55.82
         sum:                               119557.59

Threads fairness:
    events (avg/stddev):           71.3000/0.87
    execution time (avg/stddev):   2.9889/0.02

