sysbench 1.0.20 (using system LuaJIT 2.1.0-beta3)

Running the test with following options:
Number of threads: 40
Initializing random number generator from current time


Prime numbers limit: 50000

Initializing worker threads...

Threads started!

CPU speed:
    events per second:   939.97

General statistics:
    total time:                          3.0299s
    total number of events:              2850

Latency (ms):
         min:                                   10.51
         avg:                                   38.46
         max:                                 1163.77
         99th percentile:                      539.71
         sum:                               109624.80

Threads fairness:
    events (avg/stddev):           71.2500/16.56
    execution time (avg/stddev):   2.7406/0.24

