sysbench 1.0.20 (using system LuaJIT 2.1.0-beta3)

Running the test with following options:
Number of threads: 40
Initializing random number generator from current time


Prime numbers limit: 50000

Initializing worker threads...

Threads started!

CPU speed:
    events per second:   940.63

General statistics:
    total time:                          3.0235s
    total number of events:              2846

Latency (ms):
         min:                                   10.53
         avg:                                   42.29
         max:                                   56.31
         99th percentile:                       50.11
         sum:                               120362.95

Threads fairness:
    events (avg/stddev):           71.1500/0.79
    execution time (avg/stddev):   3.0091/0.01

