sysbench 1.0.20 (using system LuaJIT 2.1.0-beta3)

Running the test with following options:
Number of threads: 40
Initializing random number generator from current time


Prime numbers limit: 50000

Initializing worker threads...

Threads started!

CPU speed:
    events per second:   916.00

General statistics:
    total time:                          3.0251s
    total number of events:              2773

Latency (ms):
         min:                                   10.52
         avg:                                   43.47
         max:                                   60.29
         99th percentile:                       54.83
         sum:                               120535.14

Threads fairness:
    events (avg/stddev):           69.3250/1.52
    execution time (avg/stddev):   3.0134/0.01

