sysbench 1.0.20 (using system LuaJIT 2.1.0-beta3)

Running the test with following options:
Number of threads: 40
Initializing random number generator from current time


Prime numbers limit: 50000

Initializing worker threads...

Threads started!

CPU speed:
    events per second:   944.30

General statistics:
    total time:                          3.0203s
    total number of events:              2854

Latency (ms):
         min:                                   10.51
         avg:                                   42.04
         max:                                   68.05
         99th percentile:                       58.92
         sum:                               119988.01

Threads fairness:
    events (avg/stddev):           71.3500/2.77
    execution time (avg/stddev):   2.9997/0.01

