sysbench 1.0.20 (using system LuaJIT 2.1.0-beta3)

Running the test with following options:
Number of threads: 40
Initializing random number generator from current time


Prime numbers limit: 50000

Initializing worker threads...

Threads started!

CPU speed:
    events per second:   946.30

General statistics:
    total time:                          3.0255s
    total number of events:              2865

Latency (ms):
         min:                                   10.52
         avg:                                   41.71
         max:                                   75.87
         99th percentile:                       51.02
         sum:                               119493.75

Threads fairness:
    events (avg/stddev):           71.6250/0.99
    execution time (avg/stddev):   2.9873/0.02

