sysbench 1.0.20 (using system LuaJIT 2.1.0-beta3)

Running the test with following options:
Number of threads: 40
Initializing random number generator from current time


Prime numbers limit: 50000

Initializing worker threads...

Threads started!

CPU speed:
    events per second:   946.89

General statistics:
    total time:                          3.0257s
    total number of events:              2867

Latency (ms):
         min:                                   10.50
         avg:                                   41.37
         max:                                  139.91
         99th percentile:                       58.92
         sum:                               118606.93

Threads fairness:
    events (avg/stddev):           71.6750/1.46
    execution time (avg/stddev):   2.9652/0.04

