sysbench 1.0.20 (using system LuaJIT 2.1.0-beta3)

Running the test with following options:
Number of threads: 40
Initializing random number generator from current time


Prime numbers limit: 50000

Initializing worker threads...

Threads started!

CPU speed:
    events per second:   942.13

General statistics:
    total time:                          3.0274s
    total number of events:              2854

Latency (ms):
         min:                                   10.54
         avg:                                   41.98
         max:                                   72.25
         99th percentile:                       54.83
         sum:                               119811.16

Threads fairness:
    events (avg/stddev):           71.3500/0.96
    execution time (avg/stddev):   2.9953/0.02

