sysbench 1.0.20 (using system LuaJIT 2.1.0-beta3)

Running the test with following options:
Number of threads: 40
Initializing random number generator from current time


Prime numbers limit: 50000

Initializing worker threads...

Threads started!

CPU speed:
    events per second:   915.51

General statistics:
    total time:                          3.0247s
    total number of events:              2771

Latency (ms):
         min:                                   11.24
         avg:                                   43.50
         max:                                   61.48
         99th percentile:                       54.83
         sum:                               120538.62

Threads fairness:
    events (avg/stddev):           69.2750/1.32
    execution time (avg/stddev):   3.0135/0.01

