sysbench 1.0.20 (using system LuaJIT 2.1.0-beta3)

Running the test with following options:
Number of threads: 40
Initializing random number generator from current time


Prime numbers limit: 50000

Initializing worker threads...

Threads started!

CPU speed:
    events per second:   375.93

General statistics:
    total time:                          3.0699s
    total number of events:              1156

Latency (ms):
         min:                                   26.34
         avg:                                  104.42
         max:                                  130.46
         99th percentile:                      121.08
         sum:                               120704.90

Threads fairness:
    events (avg/stddev):           28.9000/0.77
    execution time (avg/stddev):   3.0176/0.03

