sysbench 1.0.20 (using system LuaJIT 2.1.0-beta3)

Running the test with following options:
Number of threads: 40
Initializing random number generator from current time


Prime numbers limit: 50000

Initializing worker threads...

Threads started!

CPU speed:
    events per second:   942.38

General statistics:
    total time:                          3.0223s
    total number of events:              2850

Latency (ms):
         min:                                   10.53
         avg:                                   42.05
         max:                                   71.61
         99th percentile:                       56.84
         sum:                               119829.35

Threads fairness:
    events (avg/stddev):           71.2500/1.04
    execution time (avg/stddev):   2.9957/0.02

