sysbench 1.0.20 (using system LuaJIT 2.1.0-beta3)

Running the test with following options:
Number of threads: 40
Initializing random number generator from current time


Prime numbers limit: 50000

Initializing worker threads...

Threads started!

CPU speed:
    events per second:   273.77

General statistics:
    total time:                          3.0948s
    total number of events:              849

Latency (ms):
         min:                                   33.01
         avg:                                  144.33
         max:                                  181.18
         99th percentile:                      179.94
         sum:                               122539.94

Threads fairness:
    events (avg/stddev):           21.2250/0.82
    execution time (avg/stddev):   3.0635/0.02

