sysbench 1.0.20 (using system LuaJIT 2.1.0-beta3)

Running the test with following options:
Number of threads: 40
Initializing random number generator from current time


Prime numbers limit: 50000

Initializing worker threads...

Threads started!

CPU speed:
    events per second:   940.74

General statistics:
    total time:                          3.0256s
    total number of events:              2848

Latency (ms):
         min:                                   12.55
         avg:                                   42.16
         max:                                   67.79
         99th percentile:                       52.89
         sum:                               120084.83

Threads fairness:
    events (avg/stddev):           71.2000/0.64
    execution time (avg/stddev):   3.0021/0.01

