sysbench 1.0.20 (using system LuaJIT 2.1.0-beta3)

Running the test with following options:
Number of threads: 40
Initializing random number generator from current time


Prime numbers limit: 50000

Initializing worker threads...

Threads started!

CPU speed:
    events per second:   943.19

General statistics:
    total time:                          3.0323s
    total number of events:              2862

Latency (ms):
         min:                                   10.50
         avg:                                   34.52
         max:                                  954.56
         99th percentile:                      502.20
         sum:                                98795.69

Threads fairness:
    events (avg/stddev):           71.5500/23.21
    execution time (avg/stddev):   2.4699/0.49

