sysbench 1.0.20 (using system LuaJIT 2.1.0-beta3)

Running the test with following options:
Number of threads: 40
Initializing random number generator from current time


Prime numbers limit: 50000

Initializing worker threads...

Threads started!

CPU speed:
    events per second:   940.44

General statistics:
    total time:                          3.0284s
    total number of events:              2850

Latency (ms):
         min:                                   10.52
         avg:                                   42.31
         max:                                   54.56
         99th percentile:                       52.89
         sum:                               120572.55

Threads fairness:
    events (avg/stddev):           71.2500/1.53
    execution time (avg/stddev):   3.0143/0.01

