sysbench 1.0.20 (using system LuaJIT 2.1.0-beta3)

Running the test with following options:
Number of threads: 40
Initializing random number generator from current time


Prime numbers limit: 50000

Initializing worker threads...

Threads started!

CPU speed:
    events per second:   916.13

General statistics:
    total time:                          3.0215s
    total number of events:              2770

Latency (ms):
         min:                                   10.53
         avg:                                   43.47
         max:                                   57.33
         99th percentile:                       53.85
         sum:                               120407.54

Threads fairness:
    events (avg/stddev):           69.2500/1.44
    execution time (avg/stddev):   3.0102/0.01

