sysbench 1.0.20 (using system LuaJIT 2.1.0-beta3)

Running the test with following options:
Number of threads: 40
Initializing random number generator from current time


Prime numbers limit: 50000

Initializing worker threads...

Threads started!

CPU speed:
    events per second:   452.45

General statistics:
    total time:                          3.0516s
    total number of events:              1383

Latency (ms):
         min:                                   21.93
         avg:                                   86.92
         max:                                  125.18
         99th percentile:                      106.75
         sum:                               120212.49

Threads fairness:
    events (avg/stddev):           34.5750/0.74
    execution time (avg/stddev):   3.0053/0.02

