sysbench 1.0.20 (using system LuaJIT 2.1.0-beta3)

Running the test with following options:
Number of threads: 40
Initializing random number generator from current time


Prime numbers limit: 50000

Initializing worker threads...

Threads started!

CPU speed:
    events per second:   946.12

General statistics:
    total time:                          3.0250s
    total number of events:              2864

Latency (ms):
         min:                                   10.54
         avg:                                   41.91
         max:                                   63.21
         99th percentile:                       53.85
         sum:                               120031.25

Threads fairness:
    events (avg/stddev):           71.6000/1.41
    execution time (avg/stddev):   3.0008/0.01

