sysbench 1.0.20 (using system LuaJIT 2.1.0-beta3)

Running the test with following options:
Number of threads: 40
Initializing random number generator from current time


Prime numbers limit: 50000

Initializing worker threads...

Threads started!

CPU speed:
    events per second:   947.42

General statistics:
    total time:                          3.0251s
    total number of events:              2868

Latency (ms):
         min:                                   10.50
         avg:                                   40.29
         max:                                  296.95
         99th percentile:                      211.60
         sum:                               115538.77

Threads fairness:
    events (avg/stddev):           71.7000/4.70
    execution time (avg/stddev):   2.8885/0.09

