sysbench 1.0.20 (using system LuaJIT 2.1.0-beta3)

Running the test with following options:
Number of threads: 40
Initializing random number generator from current time


Prime numbers limit: 50000

Initializing worker threads...

Threads started!

CPU speed:
    events per second:   941.85

General statistics:
    total time:                          3.0272s
    total number of events:              2853

Latency (ms):
         min:                                   10.55
         avg:                                   41.86
         max:                                   87.21
         99th percentile:                       51.94
         sum:                               119436.48

Threads fairness:
    events (avg/stddev):           71.3250/0.88
    execution time (avg/stddev):   2.9859/0.02

