sysbench 1.0.20 (using system LuaJIT 2.1.0-beta3)

Running the test with following options:
Number of threads: 40
Initializing random number generator from current time


Prime numbers limit: 50000

Initializing worker threads...

Threads started!

CPU speed:
    events per second:   941.90

General statistics:
    total time:                          3.0258s
    total number of events:              2852

Latency (ms):
         min:                                   10.54
         avg:                                   41.69
         max:                                  112.36
         99th percentile:                       52.89
         sum:                               118911.47

Threads fairness:
    events (avg/stddev):           71.3000/1.23
    execution time (avg/stddev):   2.9728/0.03

