sysbench 1.0.20 (using system LuaJIT 2.1.0-beta3)

Running the test with following options:
Number of threads: 40
Initializing random number generator from current time


Prime numbers limit: 50000

Initializing worker threads...

Threads started!

CPU speed:
    events per second:   941.81

General statistics:
    total time:                          3.0231s
    total number of events:              2849

Latency (ms):
         min:                                   10.53
         avg:                                   41.81
         max:                                   88.75
         99th percentile:                       52.89
         sum:                               119110.91

Threads fairness:
    events (avg/stddev):           71.2250/1.41
    execution time (avg/stddev):   2.9778/0.03

