sysbench 1.0.20 (using system LuaJIT 2.1.0-beta3)

Running the test with following options:
Number of threads: 40
Initializing random number generator from current time


Prime numbers limit: 50000

Initializing worker threads...

Threads started!

CPU speed:
    events per second:   641.28

General statistics:
    total time:                          3.0346s
    total number of events:              1948

Latency (ms):
         min:                                   15.46
         avg:                                   61.59
         max:                                   90.00
         99th percentile:                       77.19
         sum:                               119972.63

Threads fairness:
    events (avg/stddev):           48.7000/0.90
    execution time (avg/stddev):   2.9993/0.02

