sysbench 1.0.20 (using system LuaJIT 2.1.0-beta3)

Running the test with following options:
Number of threads: 40
Initializing random number generator from current time


Prime numbers limit: 50000

Initializing worker threads...

Threads started!

CPU speed:
    events per second:   942.02

General statistics:
    total time:                          3.0223s
    total number of events:              2849

Latency (ms):
         min:                                   10.54
         avg:                                   41.85
         max:                                   92.66
         99th percentile:                       52.89
         sum:                               119238.19

Threads fairness:
    events (avg/stddev):           71.2250/0.88
    execution time (avg/stddev):   2.9810/0.02

