sysbench 1.0.20 (using system LuaJIT 2.1.0-beta3)

Running the test with following options:
Number of threads: 40
Initializing random number generator from current time


Prime numbers limit: 50000

Initializing worker threads...

Threads started!

CPU speed:
    events per second:   643.08

General statistics:
    total time:                          3.0354s
    total number of events:              1954

Latency (ms):
         min:                                   15.47
         avg:                                   61.32
         max:                                   85.24
         99th percentile:                       77.19
         sum:                               119822.76

Threads fairness:
    events (avg/stddev):           48.8500/0.65
    execution time (avg/stddev):   2.9956/0.03

