sysbench 1.0.20 (using system LuaJIT 2.1.0-beta3)

Running the test with following options:
Number of threads: 40
Initializing random number generator from current time


Prime numbers limit: 50000

Initializing worker threads...

Threads started!

CPU speed:
    events per second:   946.73

General statistics:
    total time:                          3.0262s
    total number of events:              2867

Latency (ms):
         min:                                   10.51
         avg:                                   41.02
         max:                                  123.25
         99th percentile:                       97.55
         sum:                               117591.60

Threads fairness:
    events (avg/stddev):           71.6750/4.17
    execution time (avg/stddev):   2.9398/0.07

