sysbench 1.0.20 (using system LuaJIT 2.1.0-beta3)

Running the test with following options:
Number of threads: 40
Initializing random number generator from current time


Prime numbers limit: 50000

Initializing worker threads...

Threads started!

CPU speed:
    events per second:   299.57

General statistics:
    total time:                          3.1148s
    total number of events:              935

Latency (ms):
         min:                                   32.88
         avg:                                  103.98
         max:                                 1058.63
         99th percentile:                      719.92
         sum:                                97223.41

Threads fairness:
    events (avg/stddev):           23.3750/8.27
    execution time (avg/stddev):   2.4306/0.55

