sysbench 1.0.20 (using system LuaJIT 2.1.0-beta3)

Running the test with following options:
Number of threads: 40
Initializing random number generator from current time


Prime numbers limit: 50000

Initializing worker threads...

Threads started!

CPU speed:
    events per second:   832.78

General statistics:
    total time:                          3.0297s
    total number of events:              2525

Latency (ms):
         min:                                   11.94
         avg:                                   46.37
         max:                                  173.88
         99th percentile:                      112.67
         sum:                               117086.22

Threads fairness:
    events (avg/stddev):           63.1250/3.43
    execution time (avg/stddev):   2.9272/0.09

