sysbench 1.0.20 (using system LuaJIT 2.1.0-beta3)

Running the test with following options:
Number of threads: 40
Initializing random number generator from current time


Prime numbers limit: 50000

Initializing worker threads...

Threads started!

CPU speed:
    events per second:   915.97

General statistics:
    total time:                          3.0270s
    total number of events:              2775

Latency (ms):
         min:                                   11.17
         avg:                                   43.48
         max:                                   62.09
         99th percentile:                       53.85
         sum:                               120656.67

Threads fairness:
    events (avg/stddev):           69.3750/0.89
    execution time (avg/stddev):   3.0164/0.01

