sysbench 1.0.20 (using system LuaJIT 2.1.0-beta3)

Running the test with following options:
Number of threads: 40
Initializing random number generator from current time


Prime numbers limit: 50000

Initializing worker threads...

Threads started!

CPU speed:
    events per second:   908.46

General statistics:
    total time:                          3.0282s
    total number of events:              2753

Latency (ms):
         min:                                   10.94
         avg:                                   42.98
         max:                                  150.99
         99th percentile:                       81.48
         sum:                               118318.44

Threads fairness:
    events (avg/stddev):           68.8250/1.32
    execution time (avg/stddev):   2.9580/0.06

