sysbench 1.0.20 (using system LuaJIT 2.1.0-beta3)

Running the test with following options:
Number of threads: 40
Initializing random number generator from current time


Prime numbers limit: 50000

Initializing worker threads...

Threads started!

CPU speed:
    events per second:   934.23

General statistics:
    total time:                          3.0218s
    total number of events:              2825

Latency (ms):
         min:                                   10.53
         avg:                                   42.64
         max:                                   64.61
         99th percentile:                       52.89
         sum:                               120449.63

Threads fairness:
    events (avg/stddev):           70.6250/1.24
    execution time (avg/stddev):   3.0112/0.01

