sysbench 1.0.20 (using system LuaJIT 2.1.0-beta3)

Running the test with following options:
Number of threads: 40
Initializing random number generator from current time


Prime numbers limit: 50000

Initializing worker threads...

Threads started!

CPU speed:
    events per second:   942.84

General statistics:
    total time:                          3.0324s
    total number of events:              2861

Latency (ms):
         min:                                   10.51
         avg:                                   42.16
         max:                                   56.51
         99th percentile:                       52.89
         sum:                               120620.85

Threads fairness:
    events (avg/stddev):           71.5250/1.55
    execution time (avg/stddev):   3.0155/0.01

