sysbench 1.0.20 (using system LuaJIT 2.1.0-beta3)

Running the test with following options:
Number of threads: 40
Initializing random number generator from current time


Prime numbers limit: 50000

Initializing worker threads...

Threads started!

CPU speed:
    events per second:   938.67

General statistics:
    total time:                          3.0235s
    total number of events:              2840

Latency (ms):
         min:                                   10.55
         avg:                                   42.38
         max:                                   77.49
         99th percentile:                       56.84
         sum:                               120368.88

Threads fairness:
    events (avg/stddev):           71.0000/1.18
    execution time (avg/stddev):   3.0092/0.01

