sysbench 1.0.20 (using system LuaJIT 2.1.0-beta3)

Running the test with following options:
Number of threads: 40
Initializing random number generator from current time


Prime numbers limit: 50000

Initializing worker threads...

Threads started!

CPU speed:
    events per second:   941.97

General statistics:
    total time:                          3.0225s
    total number of events:              2849

Latency (ms):
         min:                                   10.54
         avg:                                   42.08
         max:                                   70.44
         99th percentile:                       51.94
         sum:                               119883.82

Threads fairness:
    events (avg/stddev):           71.2250/1.08
    execution time (avg/stddev):   2.9971/0.01

