sysbench 1.0.20 (using system LuaJIT 2.1.0-beta3)

Running the test with following options:
Number of threads: 40
Initializing random number generator from current time


Prime numbers limit: 50000

Initializing worker threads...

Threads started!

CPU speed:
    events per second:   939.29

General statistics:
    total time:                          3.0289s
    total number of events:              2847

Latency (ms):
         min:                                   10.52
         avg:                                   42.34
         max:                                   53.64
         99th percentile:                       51.94
         sum:                               120529.72

Threads fairness:
    events (avg/stddev):           71.1750/1.46
    execution time (avg/stddev):   3.0132/0.01

