sysbench 1.0.20 (using system LuaJIT 2.1.0-beta3)

Running the test with following options:
Number of threads: 40
Initializing random number generator from current time


Prime numbers limit: 50000

Initializing worker threads...

Threads started!

CPU speed:
    events per second:   940.72

General statistics:
    total time:                          3.0242s
    total number of events:              2847

Latency (ms):
         min:                                   10.55
         avg:                                   42.28
         max:                                   69.34
         99th percentile:                       54.83
         sum:                               120381.76

Threads fairness:
    events (avg/stddev):           71.1750/2.33
    execution time (avg/stddev):   3.0095/0.01

