sysbench 1.0.20 (using system LuaJIT 2.1.0-beta3)

Running the test with following options:
Number of threads: 40
Initializing random number generator from current time


Prime numbers limit: 50000

Initializing worker threads...

Threads started!

CPU speed:
    events per second:   941.04

General statistics:
    total time:                          3.0236s
    total number of events:              2848

Latency (ms):
         min:                                   16.00
         avg:                                   42.11
         max:                                   75.58
         99th percentile:                       48.34
         sum:                               119916.66

Threads fairness:
    events (avg/stddev):           71.2000/0.40
    execution time (avg/stddev):   2.9979/0.01

