sysbench 1.0.20 (using system LuaJIT 2.1.0-beta3)

Running the test with following options:
Number of threads: 40
Initializing random number generator from current time


Prime numbers limit: 50000

Initializing worker threads...

Threads started!

CPU speed:
    events per second:   916.67

General statistics:
    total time:                          3.0253s
    total number of events:              2775

Latency (ms):
         min:                                   10.97
         avg:                                   43.47
         max:                                   58.78
         99th percentile:                       54.83
         sum:                               120639.76

Threads fairness:
    events (avg/stddev):           69.3750/1.16
    execution time (avg/stddev):   3.0160/0.01

