sysbench 1.0.20 (using system LuaJIT 2.1.0-beta3)

Running the test with following options:
Number of threads: 40
Initializing random number generator from current time


Prime numbers limit: 50000

Initializing worker threads...

Threads started!

CPU speed:
    events per second:   273.53

General statistics:
    total time:                          3.0975s
    total number of events:              849

Latency (ms):
         min:                                   32.90
         avg:                                  144.35
         max:                                  183.24
         99th percentile:                      183.21
         sum:                               122549.72

Threads fairness:
    events (avg/stddev):           21.2250/1.08
    execution time (avg/stddev):   3.0637/0.02

