sysbench 1.0.20 (using system LuaJIT 2.1.0-beta3)

Running the test with following options:
Number of threads: 40
Initializing random number generator from current time


Prime numbers limit: 50000

Initializing worker threads...

Threads started!

CPU speed:
    events per second:   299.40

General statistics:
    total time:                          3.1031s
    total number of events:              931

Latency (ms):
         min:                                   32.88
         avg:                                  116.61
         max:                                  657.13
         99th percentile:                      539.71
         sum:                               108565.03

Threads fairness:
    events (avg/stddev):           23.2750/4.96
    execution time (avg/stddev):   2.7141/0.32

