sysbench 1.0.20 (using system LuaJIT 2.1.0-beta3)

Running the test with following options:
Number of threads: 40
Initializing random number generator from current time


Prime numbers limit: 50000

Initializing worker threads...

Threads started!

CPU speed:
    events per second:   376.78

General statistics:
    total time:                          3.0657s
    total number of events:              1157

Latency (ms):
         min:                                   29.04
         avg:                                  104.36
         max:                                  144.22
         99th percentile:                      125.52
         sum:                               120739.68

Threads fairness:
    events (avg/stddev):           28.9250/0.61
    execution time (avg/stddev):   3.0185/0.03

