sysbench 1.0.20 (using system LuaJIT 2.1.0-beta3)

Running the test with following options:
Number of threads: 40
Initializing random number generator from current time


Prime numbers limit: 50000

Initializing worker threads...

Threads started!

CPU speed:
    events per second:   947.86

General statistics:
    total time:                          3.0215s
    total number of events:              2866

Latency (ms):
         min:                                   10.50
         avg:                                   40.25
         max:                                  513.14
         99th percentile:                      308.84
         sum:                               115347.58

Threads fairness:
    events (avg/stddev):           71.6500/10.73
    execution time (avg/stddev):   2.8837/0.11

