sysbench 1.0.20 (using system LuaJIT 2.1.0-beta3)

Running the test with following options:
Number of threads: 40
Initializing random number generator from current time


Prime numbers limit: 50000

Initializing worker threads...

Threads started!

CPU speed:
    events per second:   945.69

General statistics:
    total time:                          3.0285s
    total number of events:              2866

Latency (ms):
         min:                                   10.50
         avg:                                   41.02
         max:                                  269.37
         99th percentile:                      170.48
         sum:                               117558.01

Threads fairness:
    events (avg/stddev):           71.6500/5.02
    execution time (avg/stddev):   2.9390/0.07

