sysbench 1.0.20 (using system LuaJIT 2.1.0-beta3)

Running the test with following options:
Number of threads: 40
Initializing random number generator from current time


Prime numbers limit: 50000

Initializing worker threads...

Threads started!

CPU speed:
    events per second:   413.28

General statistics:
    total time:                          3.0781s
    total number of events:              1274

Latency (ms):
         min:                                   23.93
         avg:                                   94.97
         max:                                  129.47
         99th percentile:                      110.66
         sum:                               120993.82

Threads fairness:
    events (avg/stddev):           31.8500/0.76
    execution time (avg/stddev):   3.0248/0.03

