sysbench 1.0.20 (using system LuaJIT 2.1.0-beta3)

Running the test with following options:
Number of threads: 40
Initializing random number generator from current time


Prime numbers limit: 50000

Initializing worker threads...

Threads started!

CPU speed:
    events per second:   941.81

General statistics:
    total time:                          3.0272s
    total number of events:              2853

Latency (ms):
         min:                                   10.51
         avg:                                   42.00
         max:                                   78.74
         99th percentile:                       57.87
         sum:                               119820.24

Threads fairness:
    events (avg/stddev):           71.3250/1.10
    execution time (avg/stddev):   2.9955/0.02

