sysbench 1.0.20 (using system LuaJIT 2.1.0-beta3)

Running the test with following options:
Number of threads: 40
Initializing random number generator from current time


Prime numbers limit: 50000

Initializing worker threads...

Threads started!

CPU speed:
    events per second:   940.88

General statistics:
    total time:                          3.0197s
    total number of events:              2843

Latency (ms):
         min:                                   15.75
         avg:                                   42.05
         max:                                   69.39
         99th percentile:                       49.21
         sum:                               119549.26

Threads fairness:
    events (avg/stddev):           71.0750/0.57
    execution time (avg/stddev):   2.9887/0.02

