sysbench 1.0.20 (using system LuaJIT 2.1.0-beta3)

Running the test with following options:
Number of threads: 40
Initializing random number generator from current time


Prime numbers limit: 50000

Initializing worker threads...

Threads started!

CPU speed:
    events per second:   941.86

General statistics:
    total time:                          3.0323s
    total number of events:              2858

Latency (ms):
         min:                                   10.53
         avg:                                   42.20
         max:                                   54.95
         99th percentile:                       51.94
         sum:                               120594.31

Threads fairness:
    events (avg/stddev):           71.4500/1.30
    execution time (avg/stddev):   3.0149/0.01

