sysbench 1.0.20 (using system LuaJIT 2.1.0-beta3)

Running the test with following options:
Number of threads: 40
Initializing random number generator from current time


Prime numbers limit: 50000

Initializing worker threads...

Threads started!

CPU speed:
    events per second:   937.33

General statistics:
    total time:                          3.0235s
    total number of events:              2836

Latency (ms):
         min:                                   10.52
         avg:                                   42.44
         max:                                   54.06
         99th percentile:                       51.94
         sum:                               120345.75

Threads fairness:
    events (avg/stddev):           70.9000/1.16
    execution time (avg/stddev):   3.0086/0.01

