sysbench 1.0.20 (using system LuaJIT 2.1.0-beta3)

Running the test with following options:
Number of threads: 40
Initializing random number generator from current time


Prime numbers limit: 50000

Initializing worker threads...

Threads started!

CPU speed:
    events per second:   947.18

General statistics:
    total time:                          3.0216s
    total number of events:              2864

Latency (ms):
         min:                                   10.51
         avg:                                   41.46
         max:                                   93.81
         99th percentile:                       73.13
         sum:                               118734.05

Threads fairness:
    events (avg/stddev):           71.6000/1.24
    execution time (avg/stddev):   2.9684/0.04

