sysbench 1.0.20 (using system LuaJIT 2.1.0-beta3)

Running the test with following options:
Number of threads: 40
Initializing random number generator from current time


Prime numbers limit: 50000

Initializing worker threads...

Threads started!

CPU speed:
    events per second:   947.58

General statistics:
    total time:                          3.0256s
    total number of events:              2869

Latency (ms):
         min:                                   10.51
         avg:                                   41.73
         max:                                   92.94
         99th percentile:                       52.89
         sum:                               119725.58

Threads fairness:
    events (avg/stddev):           71.7250/1.05
    execution time (avg/stddev):   2.9931/0.02

