sysbench 1.0.20 (using system LuaJIT 2.1.0-beta3)

Running the test with following options:
Number of threads: 40
Initializing random number generator from current time


Prime numbers limit: 50000

Initializing worker threads...

Threads started!

CPU speed:
    events per second:   943.01

General statistics:
    total time:                          3.0247s
    total number of events:              2855

Latency (ms):
         min:                                   10.50
         avg:                                   35.36
         max:                                  966.11
         99th percentile:                      520.62
         sum:                               100941.74

Threads fairness:
    events (avg/stddev):           71.3750/24.58
    execution time (avg/stddev):   2.5235/0.50

