sysbench 1.0.20 (using system LuaJIT 2.1.0-beta3)

Running the test with following options:
Number of threads: 40
Initializing random number generator from current time


Prime numbers limit: 50000

Initializing worker threads...

Threads started!

CPU speed:
    events per second:   718.17

General statistics:
    total time:                          3.0369s
    total number of events:              2183

Latency (ms):
         min:                                   13.83
         avg:                                   50.00
         max:                                  855.86
         99th percentile:                      569.67
         sum:                               109145.59

Threads fairness:
    events (avg/stddev):           54.5750/11.85
    execution time (avg/stddev):   2.7286/0.29

