sysbench 1.0.20 (using system LuaJIT 2.1.0-beta3)

Running the test with following options:
Number of threads: 40
Initializing random number generator from current time


Prime numbers limit: 50000

Initializing worker threads...

Threads started!

CPU speed:
    events per second:   916.33

General statistics:
    total time:                          3.0241s
    total number of events:              2773

Latency (ms):
         min:                                   10.53
         avg:                                   43.46
         max:                                   55.02
         99th percentile:                       52.89
         sum:                               120521.86

Threads fairness:
    events (avg/stddev):           69.3250/4.19
    execution time (avg/stddev):   3.0130/0.01

