sysbench 1.0.20 (using system LuaJIT 2.1.0-beta3)

Running the test with following options:
Number of threads: 40
Initializing random number generator from current time


Prime numbers limit: 50000

Initializing worker threads...

Threads started!

CPU speed:
    events per second:   946.28

General statistics:
    total time:                          3.0351s
    total number of events:              2874

Latency (ms):
         min:                                   10.50
         avg:                                   36.66
         max:                                  854.27
         99th percentile:                      475.79
         sum:                               105359.35

Threads fairness:
    events (avg/stddev):           71.8500/14.85
    execution time (avg/stddev):   2.6340/0.42

