sysbench 1.0.20 (using system LuaJIT 2.1.0-beta3)

Running the test with following options:
Number of threads: 40
Initializing random number generator from current time


Prime numbers limit: 50000

Initializing worker threads...

Threads started!

CPU speed:
    events per second:   529.04

General statistics:
    total time:                          3.0358s
    total number of events:              1608

Latency (ms):
         min:                                   18.77
         avg:                                   67.92
         max:                                  922.74
         99th percentile:                      475.79
         sum:                               109210.56

Threads fairness:
    events (avg/stddev):           40.2000/9.99
    execution time (avg/stddev):   2.7303/0.30

