sysbench 1.0.20 (using system LuaJIT 2.1.0-beta3)

Running the test with following options:
Number of threads: 40
Initializing random number generator from current time


Prime numbers limit: 50000

Initializing worker threads...

Threads started!

CPU speed:
    events per second:   946.70

General statistics:
    total time:                          3.0253s
    total number of events:              2866

Latency (ms):
         min:                                   10.51
         avg:                                   41.52
         max:                                  129.72
         99th percentile:                       71.83
         sum:                               118988.48

Threads fairness:
    events (avg/stddev):           71.6500/1.19
    execution time (avg/stddev):   2.9747/0.03

