sysbench 1.0.20 (using system LuaJIT 2.1.0-beta3)

Running the test with following options:
Number of threads: 40
Initializing random number generator from current time


Prime numbers limit: 50000

Initializing worker threads...

Threads started!

CPU speed:
    events per second:   946.41

General statistics:
    total time:                          3.0273s
    total number of events:              2867

Latency (ms):
         min:                                   10.51
         avg:                                   41.37
         max:                                  171.29
         99th percentile:                       69.29
         sum:                               118621.92

Threads fairness:
    events (avg/stddev):           71.6750/1.54
    execution time (avg/stddev):   2.9655/0.04

