sysbench 1.0.20 (using system LuaJIT 2.1.0-beta3)

Running the test with following options:
Number of threads: 40
Initializing random number generator from current time


Prime numbers limit: 50000

Initializing worker threads...

Threads started!

CPU speed:
    events per second:   374.05

General statistics:
    total time:                          3.0827s
    total number of events:              1155

Latency (ms):
         min:                                   41.51
         avg:                                  105.09
         max:                                  138.06
         99th percentile:                      130.13
         sum:                               121381.09

Threads fairness:
    events (avg/stddev):           28.8750/0.75
    execution time (avg/stddev):   3.0345/0.03

