sysbench 1.0.20 (using system LuaJIT 2.1.0-beta3)

Running the test with following options:
Number of threads: 40
Initializing random number generator from current time


Prime numbers limit: 50000

Initializing worker threads...

Threads started!

CPU speed:
    events per second:   946.26

General statistics:
    total time:                          3.0246s
    total number of events:              2864

Latency (ms):
         min:                                   10.50
         avg:                                   39.27
         max:                                  530.52
         99th percentile:                      356.70
         sum:                               112471.43

Threads fairness:
    events (avg/stddev):           71.6000/6.77
    execution time (avg/stddev):   2.8118/0.16

