sysbench 1.0.20 (using system LuaJIT 2.1.0-beta3)

Running the test with following options:
Number of threads: 40
Initializing random number generator from current time


Prime numbers limit: 50000

Initializing worker threads...

Threads started!

CPU speed:
    events per second:   945.92

General statistics:
    total time:                          3.0278s
    total number of events:              2866

Latency (ms):
         min:                                   10.51
         avg:                                   41.56
         max:                                  110.56
         99th percentile:                       89.16
         sum:                               119118.98

Threads fairness:
    events (avg/stddev):           71.6500/1.56
    execution time (avg/stddev):   2.9780/0.03

