sysbench 1.0.20 (using system LuaJIT 2.1.0-beta3)

Running the test with following options:
Number of threads: 40
Initializing random number generator from current time


Prime numbers limit: 50000

Initializing worker threads...

Threads started!

CPU speed:
    events per second:   947.52

General statistics:
    total time:                          3.0216s
    total number of events:              2865

Latency (ms):
         min:                                   10.51
         avg:                                   41.70
         max:                                   82.40
         99th percentile:                       52.89
         sum:                               119470.05

Threads fairness:
    events (avg/stddev):           71.6250/0.89
    execution time (avg/stddev):   2.9868/0.02

