sysbench 1.0.20 (using system LuaJIT 2.1.0-beta3)

Running the test with following options:
Number of threads: 40
Initializing random number generator from current time


Prime numbers limit: 50000

Initializing worker threads...

Threads started!

CPU speed:
    events per second:   941.56

General statistics:
    total time:                          3.0270s
    total number of events:              2852

Latency (ms):
         min:                                   10.53
         avg:                                   42.04
         max:                                   80.15
         99th percentile:                       57.87
         sum:                               119898.59

Threads fairness:
    events (avg/stddev):           71.3000/1.03
    execution time (avg/stddev):   2.9975/0.02

