sysbench 1.0.20 (using system LuaJIT 2.1.0-beta3)

Running the test with following options:
Number of threads: 40
Initializing random number generator from current time


Prime numbers limit: 50000

Initializing worker threads...

Threads started!

CPU speed:
    events per second:   373.04

General statistics:
    total time:                          3.0777s
    total number of events:              1150

Latency (ms):
         min:                                   26.30
         avg:                                  105.18
         max:                                  136.98
         99th percentile:                      130.13
         sum:                               120957.08

Threads fairness:
    events (avg/stddev):           28.7500/0.99
    execution time (avg/stddev):   3.0239/0.02

