sysbench 1.0.20 (using system LuaJIT 2.1.0-beta3)

Running the test with following options:
Number of threads: 40
Initializing random number generator from current time


Prime numbers limit: 50000

Initializing worker threads...

Threads started!

CPU speed:
    events per second:   715.14

General statistics:
    total time:                          3.0456s
    total number of events:              2180

Latency (ms):
         min:                                   13.86
         avg:                                   55.33
         max:                                   74.92
         99th percentile:                       69.29
         sum:                               120613.00

Threads fairness:
    events (avg/stddev):           54.5000/1.20
    execution time (avg/stddev):   3.0153/0.01

