sysbench 1.0.20 (using system LuaJIT 2.1.0-beta3)

Running the test with following options:
Number of threads: 40
Initializing random number generator from current time


Prime numbers limit: 50000

Initializing worker threads...

Threads started!

CPU speed:
    events per second:   929.50

General statistics:
    total time:                          3.0270s
    total number of events:              2816

Latency (ms):
         min:                                   10.53
         avg:                                   42.77
         max:                                   56.01
         99th percentile:                       51.94
         sum:                               120437.89

Threads fairness:
    events (avg/stddev):           70.4000/1.07
    execution time (avg/stddev):   3.0109/0.01

