sysbench 1.0.20 (using system LuaJIT 2.1.0-beta3)

Running the test with following options:
Number of threads: 40
Initializing random number generator from current time


Prime numbers limit: 50000

Initializing worker threads...

Threads started!

CPU speed:
    events per second:   942.97

General statistics:
    total time:                          3.0288s
    total number of events:              2858

Latency (ms):
         min:                                   10.52
         avg:                                   41.70
         max:                                   97.95
         99th percentile:                       80.03
         sum:                               119173.04

Threads fairness:
    events (avg/stddev):           71.4500/3.76
    execution time (avg/stddev):   2.9793/0.03

