sysbench 1.0.20 (using system LuaJIT 2.1.0-beta3)

Running the test with following options:
Number of threads: 40
Initializing random number generator from current time


Prime numbers limit: 50000

Initializing worker threads...

Threads started!

CPU speed:
    events per second:   940.43

General statistics:
    total time:                          3.0245s
    total number of events:              2847

Latency (ms):
         min:                                   10.52
         avg:                                   41.87
         max:                                  103.71
         99th percentile:                       54.83
         sum:                               119207.11

Threads fairness:
    events (avg/stddev):           71.1750/0.95
    execution time (avg/stddev):   2.9802/0.02

