sysbench 1.0.20 (using system LuaJIT 2.1.0-beta3)

Running the test with following options:
Number of threads: 40
Initializing random number generator from current time


Prime numbers limit: 50000

Initializing worker threads...

Threads started!

CPU speed:
    events per second:   946.59

General statistics:
    total time:                          3.0225s
    total number of events:              2863

Latency (ms):
         min:                                   10.54
         avg:                                   41.99
         max:                                   56.44
         99th percentile:                       51.02
         sum:                               120214.76

Threads fairness:
    events (avg/stddev):           71.5750/0.95
    execution time (avg/stddev):   3.0054/0.01

