sysbench 1.0.20 (using system LuaJIT 2.1.0-beta3)

Running the test with following options:
Number of threads: 40
Initializing random number generator from current time


Prime numbers limit: 50000

Initializing worker threads...

Threads started!

CPU speed:
    events per second:   941.92

General statistics:
    total time:                          3.0237s
    total number of events:              2850

Latency (ms):
         min:                                   10.51
         avg:                                   42.28
         max:                                   52.84
         99th percentile:                       49.21
         sum:                               120510.98

Threads fairness:
    events (avg/stddev):           71.2500/1.07
    execution time (avg/stddev):   3.0128/0.01

