sysbench 1.0.20 (using system LuaJIT 2.1.0-beta3)

Running the test with following options:
Number of threads: 40
Initializing random number generator from current time


Prime numbers limit: 50000

Initializing worker threads...

Threads started!

CPU speed:
    events per second:   942.06

General statistics:
    total time:                          3.0244s
    total number of events:              2851

Latency (ms):
         min:                                   10.52
         avg:                                   42.00
         max:                                   74.20
         99th percentile:                       57.87
         sum:                               119728.62

Threads fairness:
    events (avg/stddev):           71.2750/1.90
    execution time (avg/stddev):   2.9932/0.02

