sysbench 1.0.20 (using system LuaJIT 2.1.0-beta3)

Running the test with following options:
Number of threads: 40
Initializing random number generator from current time


Prime numbers limit: 50000

Initializing worker threads...

Threads started!

CPU speed:
    events per second:   301.24

General statistics:
    total time:                          3.0809s
    total number of events:              930

Latency (ms):
         min:                                   32.92
         avg:                                  130.33
         max:                                  177.23
         99th percentile:                      153.02
         sum:                               121210.27

Threads fairness:
    events (avg/stddev):           23.2500/0.70
    execution time (avg/stddev):   3.0303/0.02

