sysbench 1.0.20 (using system LuaJIT 2.1.0-beta3)

Running the test with following options:
Number of threads: 40
Initializing random number generator from current time


Prime numbers limit: 50000

Initializing worker threads...

Threads started!

CPU speed:
    events per second:   940.75

General statistics:
    total time:                          3.0245s
    total number of events:              2847

Latency (ms):
         min:                                   18.75
         avg:                                   42.14
         max:                                   77.43
         99th percentile:                       55.82
         sum:                               119959.33

Threads fairness:
    events (avg/stddev):           71.1750/0.59
    execution time (avg/stddev):   2.9990/0.01

