sysbench 1.0.20 (using system LuaJIT 2.1.0-beta3)

Running the test with following options:
Number of threads: 40
Initializing random number generator from current time


Prime numbers limit: 50000

Initializing worker threads...

Threads started!

CPU speed:
    events per second:   375.36

General statistics:
    total time:                          3.0707s
    total number of events:              1155

Latency (ms):
         min:                                   26.33
         avg:                                  103.70
         max:                                  145.68
         99th percentile:                      125.52
         sum:                               119769.47

Threads fairness:
    events (avg/stddev):           28.8750/0.78
    execution time (avg/stddev):   2.9942/0.04

