sysbench 1.0.20 (using system LuaJIT 2.1.0-beta3)

Running the test with following options:
Number of threads: 40
Initializing random number generator from current time


Prime numbers limit: 50000

Initializing worker threads...

Threads started!

CPU speed:
    events per second:   940.94

General statistics:
    total time:                          3.0268s
    total number of events:              2850

Latency (ms):
         min:                                   10.54
         avg:                                   42.33
         max:                                   56.90
         99th percentile:                       51.02
         sum:                               120640.27

Threads fairness:
    events (avg/stddev):           71.2500/0.97
    execution time (avg/stddev):   3.0160/0.01

