sysbench 1.0.20 (using system LuaJIT 2.1.0-beta3)

Running the test with following options:
Number of threads: 40
Initializing random number generator from current time


Prime numbers limit: 50000

Initializing worker threads...

Threads started!

CPU speed:
    events per second:   937.84

General statistics:
    total time:                          3.0251s
    total number of events:              2839

Latency (ms):
         min:                                   10.52
         avg:                                   42.46
         max:                                   58.54
         99th percentile:                       48.34
         sum:                               120531.52

Threads fairness:
    events (avg/stddev):           70.9750/0.79
    execution time (avg/stddev):   3.0133/0.01

