sysbench 1.0.20 (using system LuaJIT 2.1.0-beta3)

Running the test with following options:
Number of threads: 40
Initializing random number generator from current time


Prime numbers limit: 50000

Initializing worker threads...

Threads started!

CPU speed:
    events per second:   946.88

General statistics:
    total time:                          3.0279s
    total number of events:              2869

Latency (ms):
         min:                                   10.50
         avg:                                   39.40
         max:                                  560.58
         99th percentile:                      297.92
         sum:                               113036.97

Threads fairness:
    events (avg/stddev):           71.7250/12.09
    execution time (avg/stddev):   2.8259/0.18

