sysbench 1.0.20 (using system LuaJIT 2.1.0-beta3)

Running the test with following options:
Number of threads: 40
Initializing random number generator from current time


Prime numbers limit: 50000

Initializing worker threads...

Threads started!

CPU speed:
    events per second:   941.49

General statistics:
    total time:                          3.0367s
    total number of events:              2861

Latency (ms):
         min:                                   10.51
         avg:                                   42.01
         max:                                   71.50
         99th percentile:                       51.02
         sum:                               120184.94

Threads fairness:
    events (avg/stddev):           71.5250/1.02
    execution time (avg/stddev):   3.0046/0.01

