sysbench 1.0.20 (using system LuaJIT 2.1.0-beta3)

Running the test with following options:
Number of threads: 40
Initializing random number generator from current time


Prime numbers limit: 50000

Initializing worker threads...

Threads started!

CPU speed:
    events per second:   528.00

General statistics:
    total time:                          3.0418s
    total number of events:              1608

Latency (ms):
         min:                                   18.84
         avg:                                   74.98
         max:                                   96.04
         99th percentile:                       84.47
         sum:                               120575.88

Threads fairness:
    events (avg/stddev):           40.2000/0.51
    execution time (avg/stddev):   3.0144/0.01

