sysbench 1.0.20 (using system LuaJIT 2.1.0-beta3)

Running the test with following options:
Number of threads: 40
Initializing random number generator from current time


Prime numbers limit: 50000

Initializing worker threads...

Threads started!

CPU speed:
    events per second:   944.89

General statistics:
    total time:                          3.0247s
    total number of events:              2860

Latency (ms):
         min:                                   10.52
         avg:                                   42.07
         max:                                   55.95
         99th percentile:                       51.02
         sum:                               120317.46

Threads fairness:
    events (avg/stddev):           71.5000/1.16
    execution time (avg/stddev):   3.0079/0.01

