sysbench 1.0.20 (using system LuaJIT 2.1.0-beta3)

Running the test with following options:
Number of threads: 40
Initializing random number generator from current time


Prime numbers limit: 50000

Initializing worker threads...

Threads started!

CPU speed:
    events per second:   945.96

General statistics:
    total time:                          3.0308s
    total number of events:              2869

Latency (ms):
         min:                                   10.51
         avg:                                   41.55
         max:                                  101.80
         99th percentile:                       73.13
         sum:                               119203.64

Threads fairness:
    events (avg/stddev):           71.7250/1.60
    execution time (avg/stddev):   2.9801/0.03

