sysbench 1.0.20 (using system LuaJIT 2.1.0-beta3)

Running the test with following options:
Number of threads: 40
Initializing random number generator from current time


Prime numbers limit: 50000

Initializing worker threads...

Threads started!

CPU speed:
    events per second:   946.89

General statistics:
    total time:                          3.0247s
    total number of events:              2866

Latency (ms):
         min:                                   10.51
         avg:                                   41.38
         max:                                   97.92
         99th percentile:                       64.47
         sum:                               118591.63

Threads fairness:
    events (avg/stddev):           71.6500/1.33
    execution time (avg/stddev):   2.9648/0.04

