sysbench 1.0.20 (using system LuaJIT 2.1.0-beta3)

Running the test with following options:
Number of threads: 40
Initializing random number generator from current time


Prime numbers limit: 50000

Initializing worker threads...

Threads started!

CPU speed:
    events per second:   935.62

General statistics:
    total time:                          3.0344s
    total number of events:              2841

Latency (ms):
         min:                                   10.54
         avg:                                   42.42
         max:                                   56.31
         99th percentile:                       52.89
         sum:                               120522.76

Threads fairness:
    events (avg/stddev):           71.0250/2.16
    execution time (avg/stddev):   3.0131/0.01

