sysbench 1.0.20 (using system LuaJIT 2.1.0-beta3)

Running the test with following options:
Number of threads: 40
Initializing random number generator from current time


Prime numbers limit: 50000

Initializing worker threads...

Threads started!

CPU speed:
    events per second:   946.18

General statistics:
    total time:                          3.0259s
    total number of events:              2865

Latency (ms):
         min:                                   10.51
         avg:                                   41.67
         max:                                  103.49
         99th percentile:                       55.82
         sum:                               119390.34

Threads fairness:
    events (avg/stddev):           71.6250/1.37
    execution time (avg/stddev):   2.9848/0.02

