sysbench 1.0.20 (using system LuaJIT 2.1.0-beta3)

Running the test with following options:
Number of threads: 40
Initializing random number generator from current time


Prime numbers limit: 50000

Initializing worker threads...

Threads started!

CPU speed:
    events per second:   945.09

General statistics:
    total time:                          3.0315s
    total number of events:              2867

Latency (ms):
         min:                                   10.51
         avg:                                   41.65
         max:                                   94.31
         99th percentile:                       62.19
         sum:                               119407.26

Threads fairness:
    events (avg/stddev):           71.6750/1.19
    execution time (avg/stddev):   2.9852/0.03

