sysbench 1.0.20 (using system LuaJIT 2.1.0-beta3)

Running the test with following options:
Number of threads: 40
Initializing random number generator from current time


Prime numbers limit: 50000

Initializing worker threads...

Threads started!

CPU speed:
    events per second:   791.18

General statistics:
    total time:                          3.0315s
    total number of events:              2401

Latency (ms):
         min:                                   12.51
         avg:                                   47.14
         max:                                  601.57
         99th percentile:                      376.49
         sum:                               113190.36

Threads fairness:
    events (avg/stddev):           60.0250/8.61
    execution time (avg/stddev):   2.8298/0.17

