sysbench 1.0.20 (using system LuaJIT 2.1.0-beta3)

Running the test with following options:
Number of threads: 40
Initializing random number generator from current time


Prime numbers limit: 50000

Initializing worker threads...

Threads started!

CPU speed:
    events per second:   940.32

General statistics:
    total time:                          3.0245s
    total number of events:              2846

Latency (ms):
         min:                                   10.52
         avg:                                   42.33
         max:                                   60.13
         99th percentile:                       53.85
         sum:                               120461.21

Threads fairness:
    events (avg/stddev):           71.1500/1.85
    execution time (avg/stddev):   3.0115/0.01

