sysbench 1.0.20 (using system LuaJIT 2.1.0-beta3)

Running the test with following options:
Number of threads: 40
Initializing random number generator from current time


Prime numbers limit: 50000

Initializing worker threads...

Threads started!

CPU speed:
    events per second:   942.27

General statistics:
    total time:                          3.0279s
    total number of events:              2855

Latency (ms):
         min:                                   10.53
         avg:                                   41.84
         max:                                   97.97
         99th percentile:                       61.08
         sum:                               119459.34

Threads fairness:
    events (avg/stddev):           71.3750/1.26
    execution time (avg/stddev):   2.9865/0.02

