sysbench 1.0.20 (using system LuaJIT 2.1.0-beta3)

Running the test with following options:
Number of threads: 40
Initializing random number generator from current time


Prime numbers limit: 50000

Initializing worker threads...

Threads started!

CPU speed:
    events per second:   945.65

General statistics:
    total time:                          3.0255s
    total number of events:              2863

Latency (ms):
         min:                                   10.52
         avg:                                   41.77
         max:                                   72.82
         99th percentile:                       61.08
         sum:                               119579.54

Threads fairness:
    events (avg/stddev):           71.5750/2.18
    execution time (avg/stddev):   2.9895/0.02

