sysbench 1.0.20 (using system LuaJIT 2.1.0-beta3)

Running the test with following options:
Number of threads: 40
Initializing random number generator from current time


Prime numbers limit: 50000

Initializing worker threads...

Threads started!

CPU speed:
    events per second:   527.88

General statistics:
    total time:                          3.0425s
    total number of events:              1608

Latency (ms):
         min:                                   18.81
         avg:                                   74.54
         max:                                  111.18
         99th percentile:                       92.42
         sum:                               119861.84

Threads fairness:
    events (avg/stddev):           40.2000/0.71
    execution time (avg/stddev):   2.9965/0.03

