sysbench 1.0.20 (using system LuaJIT 2.1.0-beta3)

Running the test with following options:
Number of threads: 40
Initializing random number generator from current time


Prime numbers limit: 50000

Initializing worker threads...

Threads started!

CPU speed:
    events per second:   946.78

General statistics:
    total time:                          3.0250s
    total number of events:              2866

Latency (ms):
         min:                                   10.51
         avg:                                   33.65
         max:                                  911.69
         99th percentile:                      511.33
         sum:                                96442.22

Threads fairness:
    events (avg/stddev):           71.6500/26.00
    execution time (avg/stddev):   2.4111/0.57

