sysbench 1.0.20 (using system LuaJIT 2.1.0-beta3)

Running the test with following options:
Number of threads: 40
Initializing random number generator from current time


Prime numbers limit: 50000

Initializing worker threads...

Threads started!

CPU speed:
    events per second:   947.29

General statistics:
    total time:                          3.0244s
    total number of events:              2867

Latency (ms):
         min:                                   10.51
         avg:                                   41.15
         max:                                  139.18
         99th percentile:                       78.60
         sum:                               117972.53

Threads fairness:
    events (avg/stddev):           71.6750/2.40
    execution time (avg/stddev):   2.9493/0.06

