sysbench 1.0.20 (using system LuaJIT 2.1.0-beta3)

Running the test with following options:
Number of threads: 40
Initializing random number generator from current time


Prime numbers limit: 50000

Initializing worker threads...

Threads started!

CPU speed:
    events per second:   945.70

General statistics:
    total time:                          3.0264s
    total number of events:              2864

Latency (ms):
         min:                                   10.51
         avg:                                   41.74
         max:                                   82.67
         99th percentile:                       57.87
         sum:                               119539.10

Threads fairness:
    events (avg/stddev):           71.6000/1.73
    execution time (avg/stddev):   2.9885/0.02

