sysbench 1.0.20 (using system LuaJIT 2.1.0-beta3)

Running the test with following options:
Number of threads: 40
Initializing random number generator from current time


Prime numbers limit: 50000

Initializing worker threads...

Threads started!

CPU speed:
    events per second:   746.56

General statistics:
    total time:                          3.0364s
    total number of events:              2269

Latency (ms):
         min:                                   24.25
         avg:                                   53.14
         max:                                   78.32
         99th percentile:                       66.84
         sum:                               120578.14

Threads fairness:
    events (avg/stddev):           56.7250/1.50
    execution time (avg/stddev):   3.0145/0.01

