sysbench 1.0.20 (using system LuaJIT 2.1.0-beta3)

Running the test with following options:
Number of threads: 40
Initializing random number generator from current time


Prime numbers limit: 50000

Initializing worker threads...

Threads started!

CPU speed:
    events per second:   944.25

General statistics:
    total time:                          3.0194s
    total number of events:              2853

Latency (ms):
         min:                                   11.36
         avg:                                   42.00
         max:                                   67.59
         99th percentile:                       48.34
         sum:                               119837.77

Threads fairness:
    events (avg/stddev):           71.3250/0.75
    execution time (avg/stddev):   2.9959/0.01

