sysbench 1.0.20 (using system LuaJIT 2.1.0-beta3)

Running the test with following options:
Number of threads: 40
Initializing random number generator from current time


Prime numbers limit: 50000

Initializing worker threads...

Threads started!

CPU speed:
    events per second:   940.80

General statistics:
    total time:                          3.0248s
    total number of events:              2848

Latency (ms):
         min:                                   10.54
         avg:                                   41.92
         max:                                   75.69
         99th percentile:                       52.89
         sum:                               119376.69

Threads fairness:
    events (avg/stddev):           71.2000/0.71
    execution time (avg/stddev):   2.9844/0.02

