sysbench 1.0.20 (using system LuaJIT 2.1.0-beta3)

Running the test with following options:
Number of threads: 40
Initializing random number generator from current time


Prime numbers limit: 50000

Initializing worker threads...

Threads started!

CPU speed:
    events per second:   793.70

General statistics:
    total time:                          3.0377s
    total number of events:              2413

Latency (ms):
         min:                                   12.51
         avg:                                   44.92
         max:                                  763.93
         99th percentile:                      520.62
         sum:                               108399.96

Threads fairness:
    events (avg/stddev):           60.3250/15.09
    execution time (avg/stddev):   2.7100/0.32

