sysbench 1.0.20 (using system LuaJIT 2.1.0-beta3)

Running the test with following options:
Number of threads: 40
Initializing random number generator from current time


Prime numbers limit: 50000

Initializing worker threads...

Threads started!

CPU speed:
    events per second:   942.63

General statistics:
    total time:                          3.0277s
    total number of events:              2856

Latency (ms):
         min:                                   10.50
         avg:                                   38.82
         max:                                  491.57
         99th percentile:                      292.60
         sum:                               110856.77

Threads fairness:
    events (avg/stddev):           71.4000/10.42
    execution time (avg/stddev):   2.7714/0.24

