sysbench 1.0.20 (using system LuaJIT 2.1.0-beta3)

Running the test with following options:
Number of threads: 40
Initializing random number generator from current time


Prime numbers limit: 50000

Initializing worker threads...

Threads started!

CPU speed:
    events per second:   941.52

General statistics:
    total time:                          3.0268s
    total number of events:              2852

Latency (ms):
         min:                                   10.54
         avg:                                   41.89
         max:                                  114.74
         99th percentile:                       52.89
         sum:                               119480.52

Threads fairness:
    events (avg/stddev):           71.3000/0.90
    execution time (avg/stddev):   2.9870/0.02

