sysbench 1.0.20 (using system LuaJIT 2.1.0-beta3)

Running the test with following options:
Number of threads: 40
Initializing random number generator from current time


Prime numbers limit: 50000

Initializing worker threads...

Threads started!

CPU speed:
    events per second:   916.12

General statistics:
    total time:                          3.0259s
    total number of events:              2774

Latency (ms):
         min:                                   10.53
         avg:                                   43.48
         max:                                   55.80
         99th percentile:                       54.83
         sum:                               120625.21

Threads fairness:
    events (avg/stddev):           69.3500/1.48
    execution time (avg/stddev):   3.0156/0.01

