sysbench 1.0.20 (using system LuaJIT 2.1.0-beta3)

Running the test with following options:
Number of threads: 40
Initializing random number generator from current time


Prime numbers limit: 50000

Initializing worker threads...

Threads started!

CPU speed:
    events per second:   941.83

General statistics:
    total time:                          3.0240s
    total number of events:              2850

Latency (ms):
         min:                                   10.53
         avg:                                   41.78
         max:                                   97.08
         99th percentile:                       55.82
         sum:                               119071.93

Threads fairness:
    events (avg/stddev):           71.2500/1.09
    execution time (avg/stddev):   2.9768/0.02

