sysbench 1.0.20 (using system LuaJIT 2.1.0-beta3)

Running the test with following options:
Number of threads: 40
Initializing random number generator from current time


Prime numbers limit: 50000

Initializing worker threads...

Threads started!

CPU speed:
    events per second:   794.04

General statistics:
    total time:                          3.0351s
    total number of events:              2412

Latency (ms):
         min:                                   12.51
         avg:                                   49.08
         max:                                  125.62
         99th percentile:                       89.16
         sum:                               118376.18

Threads fairness:
    events (avg/stddev):           60.3000/1.57
    execution time (avg/stddev):   2.9594/0.06

