sysbench 1.0.20 (using system LuaJIT 2.1.0-beta3)

Running the test with following options:
Number of threads: 40
Initializing random number generator from current time


Prime numbers limit: 50000

Initializing worker threads...

Threads started!

CPU speed:
    events per second:   941.20

General statistics:
    total time:                          3.0223s
    total number of events:              2847

Latency (ms):
         min:                                   10.52
         avg:                                   41.90
         max:                                   99.22
         99th percentile:                       51.02
         sum:                               119280.81

Threads fairness:
    events (avg/stddev):           71.1750/0.92
    execution time (avg/stddev):   2.9820/0.02

