sysbench 1.0.20 (using system LuaJIT 2.1.0-beta3)

Running the test with following options:
Number of threads: 40
Initializing random number generator from current time


Prime numbers limit: 50000

Initializing worker threads...

Threads started!

CPU speed:
    events per second:   939.49

General statistics:
    total time:                          3.0251s
    total number of events:              2844

Latency (ms):
         min:                                   10.52
         avg:                                   42.36
         max:                                   54.09
         99th percentile:                       51.02
         sum:                               120461.95

Threads fairness:
    events (avg/stddev):           71.1000/1.14
    execution time (avg/stddev):   3.0115/0.01

