sysbench 1.0.20 (using system LuaJIT 2.1.0-beta3)

Running the test with following options:
Number of threads: 40
Initializing random number generator from current time


Prime numbers limit: 50000

Initializing worker threads...

Threads started!

CPU speed:
    events per second:   944.25

General statistics:
    total time:                          3.0321s
    total number of events:              2865

Latency (ms):
         min:                                   10.50
         avg:                                   38.76
         max:                                  505.74
         99th percentile:                      292.60
         sum:                               111048.38

Threads fairness:
    events (avg/stddev):           71.6250/11.13
    execution time (avg/stddev):   2.7762/0.24

