sysbench 1.0.20 (using system LuaJIT 2.1.0-beta3)

Running the test with following options:
Number of threads: 40
Initializing random number generator from current time


Prime numbers limit: 50000

Initializing worker threads...

Threads started!

CPU speed:
    events per second:   939.71

General statistics:
    total time:                          3.0276s
    total number of events:              2847

Latency (ms):
         min:                                   10.52
         avg:                                   42.35
         max:                                   53.92
         99th percentile:                       51.02
         sum:                               120563.22

Threads fairness:
    events (avg/stddev):           71.1750/1.07
    execution time (avg/stddev):   3.0141/0.01

