sysbench 1.0.20 (using system LuaJIT 2.1.0-beta3)

Running the test with following options:
Number of threads: 40
Initializing random number generator from current time


Prime numbers limit: 50000

Initializing worker threads...

Threads started!

CPU speed:
    events per second:   937.66

General statistics:
    total time:                          3.0314s
    total number of events:              2845

Latency (ms):
         min:                                   12.43
         avg:                                   42.30
         max:                                   70.25
         99th percentile:                       54.83
         sum:                               120341.00

Threads fairness:
    events (avg/stddev):           71.1250/1.03
    execution time (avg/stddev):   3.0085/0.01

