sysbench 1.0.20 (using system LuaJIT 2.1.0-beta3)

Running the test with following options:
Number of threads: 40
Initializing random number generator from current time


Prime numbers limit: 50000

Initializing worker threads...

Threads started!

CPU speed:
    events per second:   939.47

General statistics:
    total time:                          3.0316s
    total number of events:              2850

Latency (ms):
         min:                                   19.59
         avg:                                   42.37
         max:                                   53.35
         99th percentile:                       50.11
         sum:                               120758.89

Threads fairness:
    events (avg/stddev):           71.2500/0.86
    execution time (avg/stddev):   3.0190/0.01

