sysbench 1.0.20 (using system LuaJIT 2.1.0-beta3)

Running the test with following options:
Number of threads: 40
Initializing random number generator from current time


Prime numbers limit: 50000

Initializing worker threads...

Threads started!

CPU speed:
    events per second:   941.99

General statistics:
    total time:                          3.0214s
    total number of events:              2848

Latency (ms):
         min:                                   10.53
         avg:                                   41.86
         max:                                   96.16
         99th percentile:                       53.85
         sum:                               119205.54

Threads fairness:
    events (avg/stddev):           71.2000/0.90
    execution time (avg/stddev):   2.9801/0.02

