sysbench 1.0.20 (using system LuaJIT 2.1.0-beta3)

Running the test with following options:
Number of threads: 40
Initializing random number generator from current time


Prime numbers limit: 50000

Initializing worker threads...

Threads started!

CPU speed:
    events per second:   937.48

General statistics:
    total time:                          3.0305s
    total number of events:              2843

Latency (ms):
         min:                                   10.51
         avg:                                   42.42
         max:                                   54.31
         99th percentile:                       50.11
         sum:                               120607.80

Threads fairness:
    events (avg/stddev):           71.0750/1.13
    execution time (avg/stddev):   3.0152/0.01

