sysbench 1.0.20 (using system LuaJIT 2.1.0-beta3)

Running the test with following options:
Number of threads: 40
Initializing random number generator from current time


Prime numbers limit: 50000

Initializing worker threads...

Threads started!

CPU speed:
    events per second:   940.29

General statistics:
    total time:                          3.0257s
    total number of events:              2847

Latency (ms):
         min:                                   10.52
         avg:                                   42.30
         max:                                   60.44
         99th percentile:                       52.89
         sum:                               120421.08

Threads fairness:
    events (avg/stddev):           71.1750/1.36
    execution time (avg/stddev):   3.0105/0.01

