sysbench 1.0.20 (using system LuaJIT 2.1.0-beta3)

Running the test with following options:
Number of threads: 40
Initializing random number generator from current time


Prime numbers limit: 50000

Initializing worker threads...

Threads started!

CPU speed:
    events per second:   942.53

General statistics:
    total time:                          3.0208s
    total number of events:              2849

Latency (ms):
         min:                                   10.54
         avg:                                   41.82
         max:                                  105.78
         99th percentile:                       53.85
         sum:                               119153.53

Threads fairness:
    events (avg/stddev):           71.2250/0.91
    execution time (avg/stddev):   2.9788/0.02

