sysbench 1.0.20 (using system LuaJIT 2.1.0-beta3)

Running the test with following options:
Number of threads: 40
Initializing random number generator from current time


Prime numbers limit: 50000

Initializing worker threads...

Threads started!

CPU speed:
    events per second:   944.49

General statistics:
    total time:                          3.0292s
    total number of events:              2863

Latency (ms):
         min:                                   10.51
         avg:                                   41.68
         max:                                   81.27
         99th percentile:                       53.85
         sum:                               119330.64

Threads fairness:
    events (avg/stddev):           71.5750/2.31
    execution time (avg/stddev):   2.9833/0.02

