sysbench 1.0.20 (using system LuaJIT 2.1.0-beta3)

Running the test with following options:
Number of threads: 40
Initializing random number generator from current time


Prime numbers limit: 50000

Initializing worker threads...

Threads started!

CPU speed:
    events per second:   945.69

General statistics:
    total time:                          3.0327s
    total number of events:              2870

Latency (ms):
         min:                                   10.51
         avg:                                   41.71
         max:                                   76.59
         99th percentile:                       65.65
         sum:                               119705.61

Threads fairness:
    events (avg/stddev):           71.7500/1.84
    execution time (avg/stddev):   2.9926/0.02

