sysbench 1.0.20 (using system LuaJIT 2.1.0-beta3)

Running the test with following options:
Number of threads: 40
Initializing random number generator from current time


Prime numbers limit: 50000

Initializing worker threads...

Threads started!

CPU speed:
    events per second:   944.73

General statistics:
    total time:                          3.0231s
    total number of events:              2858

Latency (ms):
         min:                                   10.52
         avg:                                   42.00
         max:                                   65.92
         99th percentile:                       50.11
         sum:                               120034.59

Threads fairness:
    events (avg/stddev):           71.4500/0.97
    execution time (avg/stddev):   3.0009/0.01

