sysbench 1.0.20 (using system LuaJIT 2.1.0-beta3)

Running the test with following options:
Number of threads: 40
Initializing random number generator from current time


Prime numbers limit: 50000

Initializing worker threads...

Threads started!

CPU speed:
    events per second:   947.25

General statistics:
    total time:                          3.0288s
    total number of events:              2871

Latency (ms):
         min:                                   10.51
         avg:                                   40.55
         max:                                  260.05
         99th percentile:                      123.28
         sum:                               116405.73

Threads fairness:
    events (avg/stddev):           71.7750/3.03
    execution time (avg/stddev):   2.9101/0.10

