sysbench 1.0.20 (using system LuaJIT 2.1.0-beta3)

Running the test with following options:
Number of threads: 40
Initializing random number generator from current time


Prime numbers limit: 50000

Initializing worker threads...

Threads started!

CPU speed:
    events per second:   946.53

General statistics:
    total time:                          3.0258s
    total number of events:              2866

Latency (ms):
         min:                                   10.52
         avg:                                   41.82
         max:                                   67.56
         99th percentile:                       55.82
         sum:                               119848.43

Threads fairness:
    events (avg/stddev):           71.6500/1.71
    execution time (avg/stddev):   2.9962/0.02

