sysbench 1.0.20 (using system LuaJIT 2.1.0-beta3)

Running the test with following options:
Number of threads: 40
Initializing random number generator from current time


Prime numbers limit: 50000

Initializing worker threads...

Threads started!

CPU speed:
    events per second:   944.23

General statistics:
    total time:                          3.0258s
    total number of events:              2859

Latency (ms):
         min:                                   10.51
         avg:                                   42.04
         max:                                   56.12
         99th percentile:                       51.94
         sum:                               120204.60

Threads fairness:
    events (avg/stddev):           71.4750/2.76
    execution time (avg/stddev):   3.0051/0.01

