sysbench 1.0.20 (using system LuaJIT 2.1.0-beta3)

Running the test with following options:
Number of threads: 40
Initializing random number generator from current time


Prime numbers limit: 50000

Initializing worker threads...

Threads started!

CPU speed:
    events per second:   946.65

General statistics:
    total time:                          3.0286s
    total number of events:              2869

Latency (ms):
         min:                                   10.51
         avg:                                   40.99
         max:                                  177.43
         99th percentile:                       81.48
         sum:                               117604.41

Threads fairness:
    events (avg/stddev):           71.7250/2.18
    execution time (avg/stddev):   2.9401/0.06

