sysbench 1.0.20 (using system LuaJIT 2.1.0-beta3)

Running the test with following options:
Number of threads: 40
Initializing random number generator from current time


Prime numbers limit: 50000

Initializing worker threads...

Threads started!

CPU speed:
    events per second:   945.49

General statistics:
    total time:                          3.0334s
    total number of events:              2870

Latency (ms):
         min:                                   10.51
         avg:                                   41.66
         max:                                   94.99
         99th percentile:                       68.05
         sum:                               119549.90

Threads fairness:
    events (avg/stddev):           71.7500/1.64
    execution time (avg/stddev):   2.9887/0.02

