sysbench 1.0.20 (using system LuaJIT 2.1.0-beta3)

Running the test with following options:
Number of threads: 40
Initializing random number generator from current time


Prime numbers limit: 50000

Initializing worker threads...

Threads started!

CPU speed:
    events per second:   946.36

General statistics:
    total time:                          3.0264s
    total number of events:              2866

Latency (ms):
         min:                                   10.50
         avg:                                   40.51
         max:                                  466.24
         99th percentile:                      272.27
         sum:                               116100.03

Threads fairness:
    events (avg/stddev):           71.6500/7.61
    execution time (avg/stddev):   2.9025/0.10

