sysbench 1.0.20 (using system LuaJIT 2.1.0-beta3)

Running the test with following options:
Number of threads: 40
Initializing random number generator from current time


Prime numbers limit: 50000

Initializing worker threads...

Threads started!

CPU speed:
    events per second:   946.43

General statistics:
    total time:                          3.0188s
    total number of events:              2859

Latency (ms):
         min:                                   10.52
         avg:                                   41.72
         max:                                   80.75
         99th percentile:                       56.84
         sum:                               119284.44

Threads fairness:
    events (avg/stddev):           71.4750/1.18
    execution time (avg/stddev):   2.9821/0.02

