sysbench 1.0.20 (using system LuaJIT 2.1.0-beta3)

Running the test with following options:
Number of threads: 40
Initializing random number generator from current time


Prime numbers limit: 50000

Initializing worker threads...

Threads started!

CPU speed:
    events per second:   943.76

General statistics:
    total time:                          3.0294s
    total number of events:              2861

Latency (ms):
         min:                                   10.50
         avg:                                   38.07
         max:                                  513.95
         99th percentile:                      308.84
         sum:                               108914.81

Threads fairness:
    events (avg/stddev):           71.5250/12.52
    execution time (avg/stddev):   2.7229/0.24

