sysbench 1.0.20 (using system LuaJIT 2.1.0-beta3)

Running the test with following options:
Number of threads: 40
Initializing random number generator from current time


Prime numbers limit: 50000

Initializing worker threads...

Threads started!

CPU speed:
    events per second:   940.03

General statistics:
    total time:                          3.0276s
    total number of events:              2848

Latency (ms):
         min:                                   10.52
         avg:                                   42.34
         max:                                   59.48
         99th percentile:                       53.85
         sum:                               120571.57

Threads fairness:
    events (avg/stddev):           71.2000/1.94
    execution time (avg/stddev):   3.0143/0.01

