sysbench 1.0.20 (using system LuaJIT 2.1.0-beta3)

Running the test with following options:
Number of threads: 40
Initializing random number generator from current time


Prime numbers limit: 50000

Initializing worker threads...

Threads started!

CPU speed:
    events per second:   945.67

General statistics:
    total time:                          3.0223s
    total number of events:              2860

Latency (ms):
         min:                                   10.52
         avg:                                   42.00
         max:                                   66.37
         99th percentile:                       48.34
         sum:                               120126.73

Threads fairness:
    events (avg/stddev):           71.5000/0.77
    execution time (avg/stddev):   3.0032/0.01

