sysbench 1.0.20 (using system LuaJIT 2.1.0-beta3)

Running the test with following options:
Number of threads: 40
Initializing random number generator from current time


Prime numbers limit: 50000

Initializing worker threads...

Threads started!

CPU speed:
    events per second:   945.67

General statistics:
    total time:                          3.0243s
    total number of events:              2862

Latency (ms):
         min:                                   10.52
         avg:                                   42.01
         max:                                   58.66
         99th percentile:                       49.21
         sum:                               120246.10

Threads fairness:
    events (avg/stddev):           71.5500/0.97
    execution time (avg/stddev):   3.0062/0.01

