sysbench 1.0.20 (using system LuaJIT 2.1.0-beta3)

Running the test with following options:
Number of threads: 40
Initializing random number generator from current time


Prime numbers limit: 50000

Initializing worker threads...

Threads started!

CPU speed:
    events per second:   299.26

General statistics:
    total time:                          3.0980s
    total number of events:              929

Latency (ms):
         min:                                   32.89
         avg:                                  128.32
         max:                                  253.35
         99th percentile:                      204.11
         sum:                               119204.65

Threads fairness:
    events (avg/stddev):           23.2250/0.91
    execution time (avg/stddev):   2.9801/0.07

