sysbench 1.0.20 (using system LuaJIT 2.1.0-beta3)

Running the test with following options:
Number of threads: 40
Initializing random number generator from current time


Prime numbers limit: 50000

Initializing worker threads...

Threads started!

CPU speed:
    events per second:   942.42

General statistics:
    total time:                          3.0376s
    total number of events:              2865

Latency (ms):
         min:                                   10.53
         avg:                                   41.93
         max:                                   72.92
         99th percentile:                       58.92
         sum:                               120129.15

Threads fairness:
    events (avg/stddev):           71.6250/2.34
    execution time (avg/stddev):   3.0032/0.02

