sysbench 1.0.20 (using system LuaJIT 2.1.0-beta3)

Running the test with following options:
Number of threads: 40
Initializing random number generator from current time


Prime numbers limit: 50000

Initializing worker threads...

Threads started!

CPU speed:
    events per second:   945.18

General statistics:
    total time:                          3.0175s
    total number of events:              2854

Latency (ms):
         min:                                   10.52
         avg:                                   42.09
         max:                                   54.67
         99th percentile:                       45.79
         sum:                               120129.84

Threads fairness:
    events (avg/stddev):           71.3500/0.76
    execution time (avg/stddev):   3.0032/0.01

