sysbench 1.0.20 (using system LuaJIT 2.1.0-beta3)

Running the test with following options:
Number of threads: 40
Initializing random number generator from current time


Prime numbers limit: 50000

Initializing worker threads...

Threads started!

CPU speed:
    events per second:   300.44

General statistics:
    total time:                          3.0825s
    total number of events:              928

Latency (ms):
         min:                                   32.88
         avg:                                  124.53
         max:                                  381.08
         99th percentile:                      320.17
         sum:                               115564.00

Threads fairness:
    events (avg/stddev):           23.2000/1.73
    execution time (avg/stddev):   2.8891/0.13

