sysbench 1.0.20 (using system LuaJIT 2.1.0-beta3)

Running the test with following options:
Number of threads: 40
Initializing random number generator from current time


Prime numbers limit: 50000

Initializing worker threads...

Threads started!

CPU speed:
    events per second:   940.55

General statistics:
    total time:                          3.0272s
    total number of events:              2849

Latency (ms):
         min:                                   10.54
         avg:                                   42.03
         max:                                   83.29
         99th percentile:                       55.82
         sum:                               119734.12

Threads fairness:
    events (avg/stddev):           71.2250/0.85
    execution time (avg/stddev):   2.9934/0.02

