sysbench 1.0.20 (using system LuaJIT 2.1.0-beta3)

Running the test with following options:
Number of threads: 40
Initializing random number generator from current time


Prime numbers limit: 50000

Initializing worker threads...

Threads started!

CPU speed:
    events per second:   942.57

General statistics:
    total time:                          3.0227s
    total number of events:              2851

Latency (ms):
         min:                                   10.53
         avg:                                   41.91
         max:                                   80.02
         99th percentile:                       50.11
         sum:                               119476.31

Threads fairness:
    events (avg/stddev):           71.2750/0.63
    execution time (avg/stddev):   2.9869/0.02

