sysbench 1.0.20 (using system LuaJIT 2.1.0-beta3)

Running the test with following options:
Number of threads: 40
Initializing random number generator from current time


Prime numbers limit: 50000

Initializing worker threads...

Threads started!

CPU speed:
    events per second:   716.07

General statistics:
    total time:                          3.0444s
    total number of events:              2182

Latency (ms):
         min:                                   13.83
         avg:                                   55.33
         max:                                   77.19
         99th percentile:                       69.29
         sum:                               120734.17

Threads fairness:
    events (avg/stddev):           54.5500/1.67
    execution time (avg/stddev):   3.0184/0.01

