sysbench 1.0.20 (using system LuaJIT 2.1.0-beta3)

Running the test with following options:
Number of threads: 40
Initializing random number generator from current time


Prime numbers limit: 50000

Initializing worker threads...

Threads started!

CPU speed:
    events per second:   942.22

General statistics:
    total time:                          3.0259s
    total number of events:              2853

Latency (ms):
         min:                                   10.50
         avg:                                   40.42
         max:                                  377.03
         99th percentile:                      231.53
         sum:                               115306.03

Threads fairness:
    events (avg/stddev):           71.3250/4.04
    execution time (avg/stddev):   2.8827/0.11

