sysbench 1.0.20 (using system LuaJIT 2.1.0-beta3)

Running the test with following options:
Number of threads: 40
Initializing random number generator from current time


Prime numbers limit: 50000

Initializing worker threads...

Threads started!

CPU speed:
    events per second:   939.13

General statistics:
    total time:                          3.0262s
    total number of events:              2844

Latency (ms):
         min:                                   10.53
         avg:                                   42.43
         max:                                   58.85
         99th percentile:                       51.02
         sum:                               120660.22

Threads fairness:
    events (avg/stddev):           71.1000/1.28
    execution time (avg/stddev):   3.0165/0.01

