sysbench 1.0.20 (using system LuaJIT 2.1.0-beta3)

Running the test with following options:
Number of threads: 40
Initializing random number generator from current time


Prime numbers limit: 50000

Initializing worker threads...

Threads started!

CPU speed:
    events per second:   946.34

General statistics:
    total time:                          3.0275s
    total number of events:              2867

Latency (ms):
         min:                                   10.50
         avg:                                   40.57
         max:                                  258.18
         99th percentile:                      144.97
         sum:                               116310.36

Threads fairness:
    events (avg/stddev):           71.6750/3.48
    execution time (avg/stddev):   2.9078/0.09

