sysbench 1.0.20 (using system LuaJIT 2.1.0-beta3)

Running the test with following options:
Number of threads: 40
Initializing random number generator from current time


Prime numbers limit: 50000

Initializing worker threads...

Threads started!

CPU speed:
    events per second:   946.57

General statistics:
    total time:                          3.0236s
    total number of events:              2864

Latency (ms):
         min:                                   10.52
         avg:                                   41.82
         max:                                   72.50
         99th percentile:                       55.82
         sum:                               119775.00

Threads fairness:
    events (avg/stddev):           71.6000/1.32
    execution time (avg/stddev):   2.9944/0.02

