sysbench 1.0.20 (using system LuaJIT 2.1.0-beta3)

Running the test with following options:
Number of threads: 40
Initializing random number generator from current time


Prime numbers limit: 50000

Initializing worker threads...

Threads started!

CPU speed:
    events per second:   947.05

General statistics:
    total time:                          3.0263s
    total number of events:              2868

Latency (ms):
         min:                                   10.50
         avg:                                   40.99
         max:                                  180.88
         99th percentile:                       90.78
         sum:                               117570.46

Threads fairness:
    events (avg/stddev):           71.7000/2.52
    execution time (avg/stddev):   2.9393/0.06

