sysbench 1.0.20 (using system LuaJIT 2.1.0-beta3)

Running the test with following options:
Number of threads: 40
Initializing random number generator from current time


Prime numbers limit: 50000

Initializing worker threads...

Threads started!

CPU speed:
    events per second:   941.65

General statistics:
    total time:                          3.0246s
    total number of events:              2850

Latency (ms):
         min:                                   10.54
         avg:                                   41.97
         max:                                   94.26
         99th percentile:                       51.02
         sum:                               119614.95

Threads fairness:
    events (avg/stddev):           71.2500/0.58
    execution time (avg/stddev):   2.9904/0.02

