sysbench 1.0.20 (using system LuaJIT 2.1.0-beta3)

Running the test with following options:
Number of threads: 40
Initializing random number generator from current time


Prime numbers limit: 50000

Initializing worker threads...

Threads started!

CPU speed:
    events per second:   916.57

General statistics:
    total time:                          3.0277s
    total number of events:              2777

Latency (ms):
         min:                                   10.52
         avg:                                   43.44
         max:                                   54.68
         99th percentile:                       53.85
         sum:                               120636.00

Threads fairness:
    events (avg/stddev):           69.4250/1.43
    execution time (avg/stddev):   3.0159/0.01

