sysbench 1.0.20 (using system LuaJIT 2.1.0-beta3)

Running the test with following options:
Number of threads: 40
Initializing random number generator from current time


Prime numbers limit: 50000

Initializing worker threads...

Threads started!

CPU speed:
    events per second:   943.15

General statistics:
    total time:                          3.0271s
    total number of events:              2857

Latency (ms):
         min:                                   10.51
         avg:                                   39.09
         max:                                  460.75
         99th percentile:                      314.45
         sum:                               111678.62

Threads fairness:
    events (avg/stddev):           71.4250/13.85
    execution time (avg/stddev):   2.7920/0.21

