sysbench 1.0.20 (using system LuaJIT 2.1.0-beta3)

Running the test with following options:
Number of threads: 40
Initializing random number generator from current time


Prime numbers limit: 50000

Initializing worker threads...

Threads started!

CPU speed:
    events per second:   945.42

General statistics:
    total time:                          3.0336s
    total number of events:              2870

Latency (ms):
         min:                                   10.51
         avg:                                   41.77
         max:                                   86.13
         99th percentile:                       70.55
         sum:                               119868.25

Threads fairness:
    events (avg/stddev):           71.7500/1.39
    execution time (avg/stddev):   2.9967/0.02

