sysbench 1.0.20 (using system LuaJIT 2.1.0-beta3)

Running the test with following options:
Number of threads: 40
Initializing random number generator from current time


Prime numbers limit: 50000

Initializing worker threads...

Threads started!

CPU speed:
    events per second:   453.34

General statistics:
    total time:                          3.0465s
    total number of events:              1383

Latency (ms):
         min:                                   21.90
         avg:                                   82.28
         max:                                  508.24
         99th percentile:                      325.98
         sum:                               113790.14

Threads fairness:
    events (avg/stddev):           34.5750/4.82
    execution time (avg/stddev):   2.8448/0.16

