sysbench 1.0.20 (using system LuaJIT 2.1.0-beta3)

Running the test with following options:
Number of threads: 40
Initializing random number generator from current time


Prime numbers limit: 50000

Initializing worker threads...

Threads started!

CPU speed:
    events per second:   946.70

General statistics:
    total time:                          3.0232s
    total number of events:              2864

Latency (ms):
         min:                                   10.51
         avg:                                   41.50
         max:                                  138.80
         99th percentile:                       71.83
         sum:                               118851.72

Threads fairness:
    events (avg/stddev):           71.6000/1.14
    execution time (avg/stddev):   2.9713/0.03

