sysbench 1.0.20 (using system LuaJIT 2.1.0-beta3)

Running the test with following options:
Number of threads: 40
Initializing random number generator from current time


Prime numbers limit: 50000

Initializing worker threads...

Threads started!

CPU speed:
    events per second:   944.12

General statistics:
    total time:                          3.0240s
    total number of events:              2857

Latency (ms):
         min:                                   10.52
         avg:                                   42.10
         max:                                   55.73
         99th percentile:                       49.21
         sum:                               120268.17

Threads fairness:
    events (avg/stddev):           71.4250/0.89
    execution time (avg/stddev):   3.0067/0.01

