sysbench 1.0.20 (using system LuaJIT 2.1.0-beta3)

Running the test with following options:
Number of threads: 40
Initializing random number generator from current time


Prime numbers limit: 50000

Initializing worker threads...

Threads started!

CPU speed:
    events per second:   637.16

General statistics:
    total time:                          3.0558s
    total number of events:              1949

Latency (ms):
         min:                                   15.46
         avg:                                   62.09
         max:                                   79.76
         99th percentile:                       75.82
         sum:                               121015.41

Threads fairness:
    events (avg/stddev):           48.7250/1.07
    execution time (avg/stddev):   3.0254/0.02

