sysbench 1.0.20 (using system LuaJIT 2.1.0-beta3)

Running the test with following options:
Number of threads: 40
Initializing random number generator from current time


Prime numbers limit: 50000

Initializing worker threads...

Threads started!

CPU speed:
    events per second:   945.88

General statistics:
    total time:                          3.0311s
    total number of events:              2869

Latency (ms):
         min:                                   10.50
         avg:                                   40.33
         max:                                  298.81
         99th percentile:                      200.47
         sum:                               115698.31

Threads fairness:
    events (avg/stddev):           71.7250/4.48
    execution time (avg/stddev):   2.8925/0.13

