sysbench 1.0.20 (using system LuaJIT 2.1.0-beta3)

Running the test with following options:
Number of threads: 40
Initializing random number generator from current time


Prime numbers limit: 50000

Initializing worker threads...

Threads started!

CPU speed:
    events per second:   941.28

General statistics:
    total time:                          3.0258s
    total number of events:              2850

Latency (ms):
         min:                                   10.52
         avg:                                   41.87
         max:                                   85.71
         99th percentile:                       55.82
         sum:                               119338.86

Threads fairness:
    events (avg/stddev):           71.2500/1.16
    execution time (avg/stddev):   2.9835/0.02

