sysbench 1.0.20 (using system LuaJIT 2.1.0-beta3)

Running the test with following options:
Number of threads: 40
Initializing random number generator from current time


Prime numbers limit: 50000

Initializing worker threads...

Threads started!

CPU speed:
    events per second:   941.75

General statistics:
    total time:                          3.0264s
    total number of events:              2852

Latency (ms):
         min:                                   10.52
         avg:                                   41.90
         max:                                   96.86
         99th percentile:                       54.83
         sum:                               119487.42

Threads fairness:
    events (avg/stddev):           71.3000/0.87
    execution time (avg/stddev):   2.9872/0.02

