sysbench 1.0.20 (using system LuaJIT 2.1.0-beta3)

Running the test with following options:
Number of threads: 40
Initializing random number generator from current time


Prime numbers limit: 50000

Initializing worker threads...

Threads started!

CPU speed:
    events per second:   943.75

General statistics:
    total time:                          3.0231s
    total number of events:              2855

Latency (ms):
         min:                                   10.54
         avg:                                   42.11
         max:                                   64.75
         99th percentile:                       52.89
         sum:                               120220.56

Threads fairness:
    events (avg/stddev):           71.3750/1.20
    execution time (avg/stddev):   3.0055/0.01

