sysbench 1.0.20 (using system LuaJIT 2.1.0-beta3)

Running the test with following options:
Number of threads: 40
Initializing random number generator from current time


Prime numbers limit: 50000

Initializing worker threads...

Threads started!

CPU speed:
    events per second:   945.01

General statistics:
    total time:                          3.0254s
    total number of events:              2861

Latency (ms):
         min:                                   10.53
         avg:                                   42.10
         max:                                   55.70
         99th percentile:                       50.11
         sum:                               120461.16

Threads fairness:
    events (avg/stddev):           71.5250/1.16
    execution time (avg/stddev):   3.0115/0.01

