sysbench 1.0.20 (using system LuaJIT 2.1.0-beta3)

Running the test with following options:
Number of threads: 40
Initializing random number generator from current time


Prime numbers limit: 50000

Initializing worker threads...

Threads started!

CPU speed:
    events per second:   938.79

General statistics:
    total time:                          3.0252s
    total number of events:              2842

Latency (ms):
         min:                                   10.52
         avg:                                   42.41
         max:                                   55.51
         99th percentile:                       50.11
         sum:                               120530.43

Threads fairness:
    events (avg/stddev):           71.0500/0.86
    execution time (avg/stddev):   3.0133/0.01

