sysbench 1.0.20 (using system LuaJIT 2.1.0-beta3)

Running the test with following options:
Number of threads: 40
Initializing random number generator from current time


Prime numbers limit: 50000

Initializing worker threads...

Threads started!

CPU speed:
    events per second:   943.61

General statistics:
    total time:                          3.0270s
    total number of events:              2859

Latency (ms):
         min:                                   10.50
         avg:                                   40.68
         max:                                  382.31
         99th percentile:                      248.83
         sum:                               116306.26

Threads fairness:
    events (avg/stddev):           71.4750/8.03
    execution time (avg/stddev):   2.9077/0.10

