sysbench 1.0.20 (using system LuaJIT 2.1.0-beta3)

Running the test with following options:
Number of threads: 40
Initializing random number generator from current time


Prime numbers limit: 50000

Initializing worker threads...

Threads started!

CPU speed:
    events per second:   300.75

General statistics:
    total time:                          3.0725s
    total number of events:              926

Latency (ms):
         min:                                   32.92
         avg:                                  130.38
         max:                                  181.83
         99th percentile:                      161.51
         sum:                               120736.39

Threads fairness:
    events (avg/stddev):           23.1500/0.57
    execution time (avg/stddev):   3.0184/0.03

