sysbench 1.0.20 (using system LuaJIT 2.1.0-beta3)

Running the test with following options:
Number of threads: 40
Initializing random number generator from current time


Prime numbers limit: 50000

Initializing worker threads...

Threads started!

CPU speed:
    events per second:   947.32

General statistics:
    total time:                          3.0275s
    total number of events:              2870

Latency (ms):
         min:                                   10.50
         avg:                                   41.11
         max:                                  173.19
         99th percentile:                       84.47
         sum:                               117974.52

Threads fairness:
    events (avg/stddev):           71.7500/1.74
    execution time (avg/stddev):   2.9494/0.06

