sysbench 1.0.20 (using system LuaJIT 2.1.0-beta3)

Running the test with following options:
Number of threads: 40
Initializing random number generator from current time


Prime numbers limit: 50000

Initializing worker threads...

Threads started!

CPU speed:
    events per second:   940.75

General statistics:
    total time:                          3.0274s
    total number of events:              2850

Latency (ms):
         min:                                   10.52
         avg:                                   42.33
         max:                                   55.22
         99th percentile:                       52.89
         sum:                               120634.82

Threads fairness:
    events (avg/stddev):           71.2500/1.30
    execution time (avg/stddev):   3.0159/0.01

