sysbench 1.0.20 (using system LuaJIT 2.1.0-beta3)

Running the test with following options:
Number of threads: 40
Initializing random number generator from current time


Prime numbers limit: 50000

Initializing worker threads...

Threads started!

CPU speed:
    events per second:   916.26

General statistics:
    total time:                          3.0254s
    total number of events:              2774

Latency (ms):
         min:                                   10.53
         avg:                                   43.49
         max:                                   54.48
         99th percentile:                       53.85
         sum:                               120647.75

Threads fairness:
    events (avg/stddev):           69.3500/0.94
    execution time (avg/stddev):   3.0162/0.01

