sysbench 1.0.20 (using system LuaJIT 2.1.0-beta3)

Running the test with following options:
Number of threads: 40
Initializing random number generator from current time


Prime numbers limit: 50000

Initializing worker threads...

Threads started!

CPU speed:
    events per second:   946.07

General statistics:
    total time:                          3.0284s
    total number of events:              2867

Latency (ms):
         min:                                   10.53
         avg:                                   41.98
         max:                                   60.35
         99th percentile:                       51.02
         sum:                               120347.61

Threads fairness:
    events (avg/stddev):           71.6750/1.44
    execution time (avg/stddev):   3.0087/0.01

