sysbench 1.0.20 (using system LuaJIT 2.1.0-beta3)

Running the test with following options:
Number of threads: 40
Initializing random number generator from current time


Prime numbers limit: 50000

Initializing worker threads...

Threads started!

CPU speed:
    events per second:   944.41

General statistics:
    total time:                          3.0294s
    total number of events:              2863

Latency (ms):
         min:                                   10.51
         avg:                                   39.27
         max:                                  617.09
         99th percentile:                      325.98
         sum:                               112442.98

Threads fairness:
    events (avg/stddev):           71.5750/12.57
    execution time (avg/stddev):   2.8111/0.20

