sysbench 1.0.20 (using system LuaJIT 2.1.0-beta3)

Running the test with following options:
Number of threads: 40
Initializing random number generator from current time


Prime numbers limit: 50000

Initializing worker threads...

Threads started!

CPU speed:
    events per second:   941.62

General statistics:
    total time:                          3.0236s
    total number of events:              2849

Latency (ms):
         min:                                   10.55
         avg:                                   42.03
         max:                                   83.36
         99th percentile:                       56.84
         sum:                               119732.63

Threads fairness:
    events (avg/stddev):           71.2250/0.79
    execution time (avg/stddev):   2.9933/0.02

