sysbench 1.0.20 (using system LuaJIT 2.1.0-beta3)

Running the test with following options:
Number of threads: 40
Initializing random number generator from current time


Prime numbers limit: 50000

Initializing worker threads...

Threads started!

CPU speed:
    events per second:   940.71

General statistics:
    total time:                          3.0265s
    total number of events:              2849

Latency (ms):
         min:                                   10.54
         avg:                                   41.84
         max:                                   92.53
         99th percentile:                       52.89
         sum:                               119195.79

Threads fairness:
    events (avg/stddev):           71.2250/1.01
    execution time (avg/stddev):   2.9799/0.02

