sysbench 1.0.20 (using system LuaJIT 2.1.0-beta3)

Running the test with following options:
Number of threads: 40
Initializing random number generator from current time


Prime numbers limit: 50000

Initializing worker threads...

Threads started!

CPU speed:
    events per second:   944.11

General statistics:
    total time:                          3.0315s
    total number of events:              2864

Latency (ms):
         min:                                   10.50
         avg:                                   37.21
         max:                                  775.64
         99th percentile:                      484.44
         sum:                               106565.22

Threads fairness:
    events (avg/stddev):           71.6000/19.08
    execution time (avg/stddev):   2.6641/0.36

