sysbench 1.0.20 (using system LuaJIT 2.1.0-beta3)

Running the test with following options:
Number of threads: 40
Initializing random number generator from current time


Prime numbers limit: 50000

Initializing worker threads...

Threads started!

CPU speed:
    events per second:   299.04

General statistics:
    total time:                          3.1070s
    total number of events:              931

Latency (ms):
         min:                                   32.90
         avg:                                  129.58
         max:                                  208.49
         99th percentile:                      176.73
         sum:                               120641.68

Threads fairness:
    events (avg/stddev):           23.2750/0.89
    execution time (avg/stddev):   3.0160/0.04

