sysbench 1.0.20 (using system LuaJIT 2.1.0-beta3)

Running the test with following options:
Number of threads: 40
Initializing random number generator from current time


Prime numbers limit: 50000

Initializing worker threads...

Threads started!

CPU speed:
    events per second:   946.42

General statistics:
    total time:                          3.0251s
    total number of events:              2865

Latency (ms):
         min:                                   10.52
         avg:                                   41.77
         max:                                   75.59
         99th percentile:                       61.08
         sum:                               119671.58

Threads fairness:
    events (avg/stddev):           71.6250/2.09
    execution time (avg/stddev):   2.9918/0.02

