sysbench 1.0.20 (using system LuaJIT 2.1.0-beta3)

Running the test with following options:
Number of threads: 40
Initializing random number generator from current time


Prime numbers limit: 50000

Initializing worker threads...

Threads started!

CPU speed:
    events per second:   947.26

General statistics:
    total time:                          3.0256s
    total number of events:              2868

Latency (ms):
         min:                                   10.50
         avg:                                   38.79
         max:                                  855.89
         99th percentile:                      511.33
         sum:                               111251.91

Threads fairness:
    events (avg/stddev):           71.7000/13.59
    execution time (avg/stddev):   2.7813/0.22

