sysbench 1.0.20 (using system LuaJIT 2.1.0-beta3)

Running the test with following options:
Number of threads: 40
Initializing random number generator from current time


Prime numbers limit: 50000

Initializing worker threads...

Threads started!

CPU speed:
    events per second:   945.84

General statistics:
    total time:                          3.0301s
    total number of events:              2868

Latency (ms):
         min:                                   10.50
         avg:                                   40.71
         max:                                  124.84
         99th percentile:                       95.81
         sum:                               116756.35

Threads fairness:
    events (avg/stddev):           71.7000/5.05
    execution time (avg/stddev):   2.9189/0.08

