sysbench 1.0.20 (using system LuaJIT 2.1.0-beta3)

Running the test with following options:
Number of threads: 40
Initializing random number generator from current time


Prime numbers limit: 50000

Initializing worker threads...

Threads started!

CPU speed:
    events per second:   940.99

General statistics:
    total time:                          3.0258s
    total number of events:              2849

Latency (ms):
         min:                                   10.55
         avg:                                   42.00
         max:                                   85.26
         99th percentile:                       55.82
         sum:                               119660.20

Threads fairness:
    events (avg/stddev):           71.2250/0.91
    execution time (avg/stddev):   2.9915/0.02

