sysbench 1.0.20 (using system LuaJIT 2.1.0-beta3)

Running the test with following options:
Number of threads: 40
Initializing random number generator from current time


Prime numbers limit: 50000

Initializing worker threads...

Threads started!

CPU speed:
    events per second:   941.15

General statistics:
    total time:                          3.0251s
    total number of events:              2849

Latency (ms):
         min:                                   10.54
         avg:                                   41.84
         max:                                   97.90
         99th percentile:                       70.55
         sum:                               119199.37

Threads fairness:
    events (avg/stddev):           71.2250/1.04
    execution time (avg/stddev):   2.9800/0.02

