sysbench 1.0.20 (using system LuaJIT 2.1.0-beta3)

Running the test with following options:
Number of threads: 40
Initializing random number generator from current time


Prime numbers limit: 50000

Initializing worker threads...

Threads started!

CPU speed:
    events per second:   941.96

General statistics:
    total time:                          3.0268s
    total number of events:              2853

Latency (ms):
         min:                                   10.54
         avg:                                   41.84
         max:                                   78.92
         99th percentile:                       54.83
         sum:                               119362.71

Threads fairness:
    events (avg/stddev):           71.3250/1.03
    execution time (avg/stddev):   2.9841/0.02

