sysbench 1.0.20 (using system LuaJIT 2.1.0-beta3)

Running the test with following options:
Number of threads: 40
Initializing random number generator from current time


Prime numbers limit: 50000

Initializing worker threads...

Threads started!

CPU speed:
    events per second:   946.58

General statistics:
    total time:                          3.0288s
    total number of events:              2869

Latency (ms):
         min:                                   10.51
         avg:                                   41.48
         max:                                   90.12
         99th percentile:                       71.83
         sum:                               119013.60

Threads fairness:
    events (avg/stddev):           71.7250/2.02
    execution time (avg/stddev):   2.9753/0.04

