sysbench 1.0.20 (using system LuaJIT 2.1.0-beta3)

Running the test with following options:
Number of threads: 40
Initializing random number generator from current time


Prime numbers limit: 50000

Initializing worker threads...

Threads started!

CPU speed:
    events per second:   939.99

General statistics:
    total time:                          3.0291s
    total number of events:              2851

Latency (ms):
         min:                                   10.51
         avg:                                   40.54
         max:                                  400.44
         99th percentile:                      277.21
         sum:                               115586.36

Threads fairness:
    events (avg/stddev):           71.2750/3.08
    execution time (avg/stddev):   2.8897/0.12

