==========================================
Batch Config Runner
==========================================
Config Directory: /mydata/os-param-tuning/config/full_param/sphinx_lo_pwr_wrt_p99
Number of runs per config: 5
Config files selected: 7
Total runs: 35
Tuner filter: extended
===========================================

🗂️  All results will be saved to a single batch directory with subdirectories for each config
📝 Logs will be saved within the batch directory
📦 Old 'results' directory has been archived (if it existed)

==========================================
Benchmark Group: sphinx_lo_pwr_wrt_p99
==========================================

[1/35] Running tailbench_sphinx_config_bayesian.json (run 1/5)...
Start time: Tue Feb 10 04:10:08 PM CST 2026
  Results will be saved to: results_config_full_param_sphinx_lo_pwr_wrt_p99_20260210_161008/sphinx_lo_pwr_wrt_p99/bayesian/
  > Executing optimizer... (logs in results_config_full_param_sphinx_lo_pwr_wrt_p99_20260210_161008/logs/tailbench_sphinx_config_bayesian_run1.log)
  ✓ Completed successfully in 434s

PROGRESS: [#.................................................] 2% (1/35 runs completed)


[2/35] Running tailbench_sphinx_config_dqn.json (run 1/5)...
Start time: Tue Feb 10 04:17:23 PM CST 2026
  Results will be saved to: results_config_full_param_sphinx_lo_pwr_wrt_p99_20260210_161008/sphinx_lo_pwr_wrt_p99/dqn/
  > Executing optimizer... (logs in results_config_full_param_sphinx_lo_pwr_wrt_p99_20260210_161008/logs/tailbench_sphinx_config_dqn_run1.log)
  ✓ Completed successfully in 1834s

PROGRESS: [##................................................] 5% (2/35 runs completed)


[3/35] Running tailbench_sphinx_config_fixed.json (run 1/5)...
Start time: Tue Feb 10 04:47:57 PM CST 2026
  Results will be saved to: results_config_full_param_sphinx_lo_pwr_wrt_p99_20260210_161008/sphinx_lo_pwr_wrt_p99/fixed/
  > Executing optimizer... (logs in results_config_full_param_sphinx_lo_pwr_wrt_p99_20260210_161008/logs/tailbench_sphinx_config_fixed_run1.log)
  ✓ Completed successfully in 362s

PROGRESS: [####..............................................] 8% (3/35 runs completed)


[4/35] Running tailbench_sphinx_config_llm.json (run 1/5)...
Start time: Tue Feb 10 04:53:59 PM CST 2026
  Results will be saved to: results_config_full_param_sphinx_lo_pwr_wrt_p99_20260210_161008/sphinx_lo_pwr_wrt_p99/llm_gemini_2_5_flash_lite/
  > Executing optimizer... (logs in results_config_full_param_sphinx_lo_pwr_wrt_p99_20260210_161008/logs/tailbench_sphinx_config_llm_run1.log)
  ✓ Completed successfully in 456s

PROGRESS: [#####.............................................] 11% (4/35 runs completed)


[5/35] Running tailbench_sphinx_config_llm_reasoning.json (run 1/5)...
Start time: Tue Feb 10 05:01:35 PM CST 2026
  Results will be saved to: results_config_full_param_sphinx_lo_pwr_wrt_p99_20260210_161008/sphinx_lo_pwr_wrt_p99/llm_gemini_2_5_flash/
  > Executing optimizer... (logs in results_config_full_param_sphinx_lo_pwr_wrt_p99_20260210_161008/logs/tailbench_sphinx_config_llm_reasoning_run1.log)
  ✓ Completed successfully in 1243s

PROGRESS: [#######...........................................] 14% (5/35 runs completed)


[6/35] Running tailbench_sphinx_config_mlos.json (run 1/5)...
Start time: Tue Feb 10 05:22:18 PM CST 2026
  Results will be saved to: results_config_full_param_sphinx_lo_pwr_wrt_p99_20260210_161008/sphinx_lo_pwr_wrt_p99/mlos/
  > Executing optimizer... (logs in results_config_full_param_sphinx_lo_pwr_wrt_p99_20260210_161008/logs/tailbench_sphinx_config_mlos_run1.log)
  ✓ Completed successfully in 735s

PROGRESS: [########..........................................] 17% (6/35 runs completed)


[7/35] Running tailbench_sphinx_config_qlearning.json (run 1/5)...
Start time: Tue Feb 10 05:34:33 PM CST 2026
  Results will be saved to: results_config_full_param_sphinx_lo_pwr_wrt_p99_20260210_161008/sphinx_lo_pwr_wrt_p99/qlearning/
  > Executing optimizer... (logs in results_config_full_param_sphinx_lo_pwr_wrt_p99_20260210_161008/logs/tailbench_sphinx_config_qlearning_run1.log)
  ✓ Completed successfully in 441s

PROGRESS: [##########........................................] 20% (7/35 runs completed)


[8/35] Running tailbench_sphinx_config_bayesian.json (run 2/5)...
Start time: Tue Feb 10 05:41:54 PM CST 2026
  Results will be saved to: results_config_full_param_sphinx_lo_pwr_wrt_p99_20260210_161008/sphinx_lo_pwr_wrt_p99/bayesian/
  > Executing optimizer... (logs in results_config_full_param_sphinx_lo_pwr_wrt_p99_20260210_161008/logs/tailbench_sphinx_config_bayesian_run2.log)
  ✓ Completed successfully in 426s

PROGRESS: [###########.......................................] 22% (8/35 runs completed)


[9/35] Running tailbench_sphinx_config_dqn.json (run 2/5)...
Start time: Tue Feb 10 05:49:00 PM CST 2026
  Results will be saved to: results_config_full_param_sphinx_lo_pwr_wrt_p99_20260210_161008/sphinx_lo_pwr_wrt_p99/dqn/
  > Executing optimizer... (logs in results_config_full_param_sphinx_lo_pwr_wrt_p99_20260210_161008/logs/tailbench_sphinx_config_dqn_run2.log)
  ✓ Completed successfully in 1835s

PROGRESS: [############......................................] 25% (9/35 runs completed)


[10/35] Running tailbench_sphinx_config_fixed.json (run 2/5)...
Start time: Tue Feb 10 06:19:35 PM CST 2026
  Results will be saved to: results_config_full_param_sphinx_lo_pwr_wrt_p99_20260210_161008/sphinx_lo_pwr_wrt_p99/fixed/
  > Executing optimizer... (logs in results_config_full_param_sphinx_lo_pwr_wrt_p99_20260210_161008/logs/tailbench_sphinx_config_fixed_run2.log)
  ✓ Completed successfully in 360s

PROGRESS: [##############....................................] 28% (10/35 runs completed)


[11/35] Running tailbench_sphinx_config_llm.json (run 2/5)...
Start time: Tue Feb 10 06:25:35 PM CST 2026
  Results will be saved to: results_config_full_param_sphinx_lo_pwr_wrt_p99_20260210_161008/sphinx_lo_pwr_wrt_p99/llm_gemini_2_5_flash_lite/
  > Executing optimizer... (logs in results_config_full_param_sphinx_lo_pwr_wrt_p99_20260210_161008/logs/tailbench_sphinx_config_llm_run2.log)
  ✓ Completed successfully in 448s

PROGRESS: [###############...................................] 31% (11/35 runs completed)


[12/35] Running tailbench_sphinx_config_llm_reasoning.json (run 2/5)...
Start time: Tue Feb 10 06:33:03 PM CST 2026
  Results will be saved to: results_config_full_param_sphinx_lo_pwr_wrt_p99_20260210_161008/sphinx_lo_pwr_wrt_p99/llm_gemini_2_5_flash/
  > Executing optimizer... (logs in results_config_full_param_sphinx_lo_pwr_wrt_p99_20260210_161008/logs/tailbench_sphinx_config_llm_reasoning_run2.log)
  ✓ Completed successfully in 1161s

PROGRESS: [#################.................................] 34% (12/35 runs completed)


[13/35] Running tailbench_sphinx_config_mlos.json (run 2/5)...
Start time: Tue Feb 10 06:52:24 PM CST 2026
  Results will be saved to: results_config_full_param_sphinx_lo_pwr_wrt_p99_20260210_161008/sphinx_lo_pwr_wrt_p99/mlos/
  > Executing optimizer... (logs in results_config_full_param_sphinx_lo_pwr_wrt_p99_20260210_161008/logs/tailbench_sphinx_config_mlos_run2.log)
  ✓ Completed successfully in 646s

PROGRESS: [##################................................] 37% (13/35 runs completed)


[14/35] Running tailbench_sphinx_config_qlearning.json (run 2/5)...
Start time: Tue Feb 10 07:03:10 PM CST 2026
  Results will be saved to: results_config_full_param_sphinx_lo_pwr_wrt_p99_20260210_161008/sphinx_lo_pwr_wrt_p99/qlearning/
  > Executing optimizer... (logs in results_config_full_param_sphinx_lo_pwr_wrt_p99_20260210_161008/logs/tailbench_sphinx_config_qlearning_run2.log)
  ✓ Completed successfully in 420s

PROGRESS: [####################..............................] 40% (14/35 runs completed)


[15/35] Running tailbench_sphinx_config_bayesian.json (run 3/5)...
Start time: Tue Feb 10 07:10:10 PM CST 2026
  Results will be saved to: results_config_full_param_sphinx_lo_pwr_wrt_p99_20260210_161008/sphinx_lo_pwr_wrt_p99/bayesian/
  > Executing optimizer... (logs in results_config_full_param_sphinx_lo_pwr_wrt_p99_20260210_161008/logs/tailbench_sphinx_config_bayesian_run3.log)
  ✓ Completed successfully in 416s

PROGRESS: [#####################.............................] 42% (15/35 runs completed)


[16/35] Running tailbench_sphinx_config_dqn.json (run 3/5)...
Start time: Tue Feb 10 07:17:06 PM CST 2026
  Results will be saved to: results_config_full_param_sphinx_lo_pwr_wrt_p99_20260210_161008/sphinx_lo_pwr_wrt_p99/dqn/
  > Executing optimizer... (logs in results_config_full_param_sphinx_lo_pwr_wrt_p99_20260210_161008/logs/tailbench_sphinx_config_dqn_run3.log)
  ✓ Completed successfully in 1784s

PROGRESS: [######################............................] 45% (16/35 runs completed)


[17/35] Running tailbench_sphinx_config_fixed.json (run 3/5)...
Start time: Tue Feb 10 07:46:50 PM CST 2026
  Results will be saved to: results_config_full_param_sphinx_lo_pwr_wrt_p99_20260210_161008/sphinx_lo_pwr_wrt_p99/fixed/
  > Executing optimizer... (logs in results_config_full_param_sphinx_lo_pwr_wrt_p99_20260210_161008/logs/tailbench_sphinx_config_fixed_run3.log)
  ✓ Completed successfully in 359s

PROGRESS: [########################..........................] 48% (17/35 runs completed)


[18/35] Running tailbench_sphinx_config_llm.json (run 3/5)...
Start time: Tue Feb 10 07:52:50 PM CST 2026
  Results will be saved to: results_config_full_param_sphinx_lo_pwr_wrt_p99_20260210_161008/sphinx_lo_pwr_wrt_p99/llm_gemini_2_5_flash_lite/
  > Executing optimizer... (logs in results_config_full_param_sphinx_lo_pwr_wrt_p99_20260210_161008/logs/tailbench_sphinx_config_llm_run3.log)
  ✓ Completed successfully in 473s

PROGRESS: [#########################.........................] 51% (18/35 runs completed)


[19/35] Running tailbench_sphinx_config_llm_reasoning.json (run 3/5)...
Start time: Tue Feb 10 08:00:43 PM CST 2026
  Results will be saved to: results_config_full_param_sphinx_lo_pwr_wrt_p99_20260210_161008/sphinx_lo_pwr_wrt_p99/llm_gemini_2_5_flash/
  > Executing optimizer... (logs in results_config_full_param_sphinx_lo_pwr_wrt_p99_20260210_161008/logs/tailbench_sphinx_config_llm_reasoning_run3.log)
  ✓ Completed successfully in 1116s

PROGRESS: [###########################.......................] 54% (19/35 runs completed)


[20/35] Running tailbench_sphinx_config_mlos.json (run 3/5)...
Start time: Tue Feb 10 08:19:19 PM CST 2026
  Results will be saved to: results_config_full_param_sphinx_lo_pwr_wrt_p99_20260210_161008/sphinx_lo_pwr_wrt_p99/mlos/
  > Executing optimizer... (logs in results_config_full_param_sphinx_lo_pwr_wrt_p99_20260210_161008/logs/tailbench_sphinx_config_mlos_run3.log)
  ✓ Completed successfully in 690s

PROGRESS: [############################......................] 57% (20/35 runs completed)


[21/35] Running tailbench_sphinx_config_qlearning.json (run 3/5)...
Start time: Tue Feb 10 08:30:49 PM CST 2026
  Results will be saved to: results_config_full_param_sphinx_lo_pwr_wrt_p99_20260210_161008/sphinx_lo_pwr_wrt_p99/qlearning/
  > Executing optimizer... (logs in results_config_full_param_sphinx_lo_pwr_wrt_p99_20260210_161008/logs/tailbench_sphinx_config_qlearning_run3.log)
  ✓ Completed successfully in 421s

PROGRESS: [##############################....................] 60% (21/35 runs completed)


[22/35] Running tailbench_sphinx_config_bayesian.json (run 4/5)...
Start time: Tue Feb 10 08:37:50 PM CST 2026
  Results will be saved to: results_config_full_param_sphinx_lo_pwr_wrt_p99_20260210_161008/sphinx_lo_pwr_wrt_p99/bayesian/
  > Executing optimizer... (logs in results_config_full_param_sphinx_lo_pwr_wrt_p99_20260210_161008/logs/tailbench_sphinx_config_bayesian_run4.log)
  ✓ Completed successfully in 420s

PROGRESS: [###############################...................] 62% (22/35 runs completed)


[23/35] Running tailbench_sphinx_config_dqn.json (run 4/5)...
Start time: Tue Feb 10 08:44:50 PM CST 2026
  Results will be saved to: results_config_full_param_sphinx_lo_pwr_wrt_p99_20260210_161008/sphinx_lo_pwr_wrt_p99/dqn/
  > Executing optimizer... (logs in results_config_full_param_sphinx_lo_pwr_wrt_p99_20260210_161008/logs/tailbench_sphinx_config_dqn_run4.log)
  ✓ Completed successfully in 1844s

PROGRESS: [################################..................] 65% (23/35 runs completed)


[24/35] Running tailbench_sphinx_config_fixed.json (run 4/5)...
Start time: Tue Feb 10 09:15:35 PM CST 2026
  Results will be saved to: results_config_full_param_sphinx_lo_pwr_wrt_p99_20260210_161008/sphinx_lo_pwr_wrt_p99/fixed/
  > Executing optimizer... (logs in results_config_full_param_sphinx_lo_pwr_wrt_p99_20260210_161008/logs/tailbench_sphinx_config_fixed_run4.log)
  ✓ Completed successfully in 360s

PROGRESS: [##################################................] 68% (24/35 runs completed)


[25/35] Running tailbench_sphinx_config_llm.json (run 4/5)...
Start time: Tue Feb 10 09:21:35 PM CST 2026
  Results will be saved to: results_config_full_param_sphinx_lo_pwr_wrt_p99_20260210_161008/sphinx_lo_pwr_wrt_p99/llm_gemini_2_5_flash_lite/
  > Executing optimizer... (logs in results_config_full_param_sphinx_lo_pwr_wrt_p99_20260210_161008/logs/tailbench_sphinx_config_llm_run4.log)
  ✓ Completed successfully in 445s

PROGRESS: [###################################...............] 71% (25/35 runs completed)


[26/35] Running tailbench_sphinx_config_llm_reasoning.json (run 4/5)...
Start time: Tue Feb 10 09:29:00 PM CST 2026
  Results will be saved to: results_config_full_param_sphinx_lo_pwr_wrt_p99_20260210_161008/sphinx_lo_pwr_wrt_p99/llm_gemini_2_5_flash/
  > Executing optimizer... (logs in results_config_full_param_sphinx_lo_pwr_wrt_p99_20260210_161008/logs/tailbench_sphinx_config_llm_reasoning_run4.log)
  ✓ Completed successfully in 1141s

PROGRESS: [#####################################.............] 74% (26/35 runs completed)


[27/35] Running tailbench_sphinx_config_mlos.json (run 4/5)...
Start time: Tue Feb 10 09:48:02 PM CST 2026
  Results will be saved to: results_config_full_param_sphinx_lo_pwr_wrt_p99_20260210_161008/sphinx_lo_pwr_wrt_p99/mlos/
  > Executing optimizer... (logs in results_config_full_param_sphinx_lo_pwr_wrt_p99_20260210_161008/logs/tailbench_sphinx_config_mlos_run4.log)
  ✓ Completed successfully in 526s

PROGRESS: [######################################............] 77% (27/35 runs completed)


[28/35] Running tailbench_sphinx_config_qlearning.json (run 4/5)...
Start time: Tue Feb 10 09:56:48 PM CST 2026
  Results will be saved to: results_config_full_param_sphinx_lo_pwr_wrt_p99_20260210_161008/sphinx_lo_pwr_wrt_p99/qlearning/
  > Executing optimizer... (logs in results_config_full_param_sphinx_lo_pwr_wrt_p99_20260210_161008/logs/tailbench_sphinx_config_qlearning_run4.log)
  ✓ Completed successfully in 433s

PROGRESS: [########################################..........] 80% (28/35 runs completed)


[29/35] Running tailbench_sphinx_config_bayesian.json (run 5/5)...
Start time: Tue Feb 10 10:04:01 PM CST 2026
  Results will be saved to: results_config_full_param_sphinx_lo_pwr_wrt_p99_20260210_161008/sphinx_lo_pwr_wrt_p99/bayesian/
  > Executing optimizer... (logs in results_config_full_param_sphinx_lo_pwr_wrt_p99_20260210_161008/logs/tailbench_sphinx_config_bayesian_run5.log)
  ✓ Completed successfully in 420s

PROGRESS: [#########################################.........] 82% (29/35 runs completed)


[30/35] Running tailbench_sphinx_config_dqn.json (run 5/5)...
Start time: Tue Feb 10 10:11:01 PM CST 2026
  Results will be saved to: results_config_full_param_sphinx_lo_pwr_wrt_p99_20260210_161008/sphinx_lo_pwr_wrt_p99/dqn/
  > Executing optimizer... (logs in results_config_full_param_sphinx_lo_pwr_wrt_p99_20260210_161008/logs/tailbench_sphinx_config_dqn_run5.log)
  ✓ Completed successfully in 1849s

PROGRESS: [##########################################........] 85% (30/35 runs completed)


[31/35] Running tailbench_sphinx_config_fixed.json (run 5/5)...
Start time: Tue Feb 10 10:41:50 PM CST 2026
  Results will be saved to: results_config_full_param_sphinx_lo_pwr_wrt_p99_20260210_161008/sphinx_lo_pwr_wrt_p99/fixed/
  > Executing optimizer... (logs in results_config_full_param_sphinx_lo_pwr_wrt_p99_20260210_161008/logs/tailbench_sphinx_config_fixed_run5.log)
  ✓ Completed successfully in 360s

PROGRESS: [############################################......] 88% (31/35 runs completed)


[32/35] Running tailbench_sphinx_config_llm.json (run 5/5)...
Start time: Tue Feb 10 10:47:50 PM CST 2026
  Results will be saved to: results_config_full_param_sphinx_lo_pwr_wrt_p99_20260210_161008/sphinx_lo_pwr_wrt_p99/llm_gemini_2_5_flash_lite/
  > Executing optimizer... (logs in results_config_full_param_sphinx_lo_pwr_wrt_p99_20260210_161008/logs/tailbench_sphinx_config_llm_run5.log)
  ✓ Completed successfully in 462s

PROGRESS: [#############################################.....] 91% (32/35 runs completed)


[33/35] Running tailbench_sphinx_config_llm_reasoning.json (run 5/5)...
Start time: Tue Feb 10 10:55:32 PM CST 2026
  Results will be saved to: results_config_full_param_sphinx_lo_pwr_wrt_p99_20260210_161008/sphinx_lo_pwr_wrt_p99/llm_gemini_2_5_flash/
  > Executing optimizer... (logs in results_config_full_param_sphinx_lo_pwr_wrt_p99_20260210_161008/logs/tailbench_sphinx_config_llm_reasoning_run5.log)
  ✓ Completed successfully in 1234s

PROGRESS: [###############################################...] 94% (33/35 runs completed)


[34/35] Running tailbench_sphinx_config_mlos.json (run 5/5)...
Start time: Tue Feb 10 11:16:06 PM CST 2026
  Results will be saved to: results_config_full_param_sphinx_lo_pwr_wrt_p99_20260210_161008/sphinx_lo_pwr_wrt_p99/mlos/
  > Executing optimizer... (logs in results_config_full_param_sphinx_lo_pwr_wrt_p99_20260210_161008/logs/tailbench_sphinx_config_mlos_run5.log)
  ✓ Completed successfully in 495s

PROGRESS: [################################################..] 97% (34/35 runs completed)


[35/35] Running tailbench_sphinx_config_qlearning.json (run 5/5)...
Start time: Tue Feb 10 11:24:21 PM CST 2026
  Results will be saved to: results_config_full_param_sphinx_lo_pwr_wrt_p99_20260210_161008/sphinx_lo_pwr_wrt_p99/qlearning/
  > Executing optimizer... (logs in results_config_full_param_sphinx_lo_pwr_wrt_p99_20260210_161008/logs/tailbench_sphinx_config_qlearning_run5.log)
  ✓ Completed successfully in 435s

PROGRESS: [##################################################] 100% (35/35 runs completed)

Completed all runs for group sphinx_lo_pwr_wrt_p99

==========================================
Batch run completed!
==========================================
Results saved to: results_config_full_param_sphinx_lo_pwr_wrt_p99_20260210_161008
Logs saved to: results_config_full_param_sphinx_lo_pwr_wrt_p99_20260210_161008/logs
Summary log: results_config_full_param_sphinx_lo_pwr_wrt_p99_20260210_161008/logs/summary.log

Batch run started at Tue Feb 10 04:10:08 PM CST 2026
Config Directory: /mydata/os-param-tuning/config/full_param/sphinx_lo_pwr_wrt_p99
Number of runs per config: 5
----------------------------------------

[1/35] tailbench_sphinx_config_bayesian.json (run 1/5) - Started at Tue Feb 10 04:10:08 PM CST 2026
  ✓ Completed successfully in 434s - Ended at Tue Feb 10 04:17:23 PM CST 2026
[2/35] tailbench_sphinx_config_dqn.json (run 1/5) - Started at Tue Feb 10 04:17:23 PM CST 2026
  ✓ Completed successfully in 1834s - Ended at Tue Feb 10 04:47:57 PM CST 2026
[3/35] tailbench_sphinx_config_fixed.json (run 1/5) - Started at Tue Feb 10 04:47:57 PM CST 2026
  ✓ Completed successfully in 362s - Ended at Tue Feb 10 04:53:59 PM CST 2026
[4/35] tailbench_sphinx_config_llm.json (run 1/5) - Started at Tue Feb 10 04:53:59 PM CST 2026
  ✓ Completed successfully in 456s - Ended at Tue Feb 10 05:01:35 PM CST 2026
[5/35] tailbench_sphinx_config_llm_reasoning.json (run 1/5) - Started at Tue Feb 10 05:01:35 PM CST 2026
  ✓ Completed successfully in 1243s - Ended at Tue Feb 10 05:22:18 PM CST 2026
[6/35] tailbench_sphinx_config_mlos.json (run 1/5) - Started at Tue Feb 10 05:22:18 PM CST 2026
  ✓ Completed successfully in 735s - Ended at Tue Feb 10 05:34:33 PM CST 2026
[7/35] tailbench_sphinx_config_qlearning.json (run 1/5) - Started at Tue Feb 10 05:34:33 PM CST 2026
  ✓ Completed successfully in 441s - Ended at Tue Feb 10 05:41:54 PM CST 2026
[8/35] tailbench_sphinx_config_bayesian.json (run 2/5) - Started at Tue Feb 10 05:41:54 PM CST 2026
  ✓ Completed successfully in 426s - Ended at Tue Feb 10 05:49:00 PM CST 2026
[9/35] tailbench_sphinx_config_dqn.json (run 2/5) - Started at Tue Feb 10 05:49:00 PM CST 2026
  ✓ Completed successfully in 1835s - Ended at Tue Feb 10 06:19:35 PM CST 2026
[10/35] tailbench_sphinx_config_fixed.json (run 2/5) - Started at Tue Feb 10 06:19:35 PM CST 2026
  ✓ Completed successfully in 360s - Ended at Tue Feb 10 06:25:35 PM CST 2026
[11/35] tailbench_sphinx_config_llm.json (run 2/5) - Started at Tue Feb 10 06:25:35 PM CST 2026
  ✓ Completed successfully in 448s - Ended at Tue Feb 10 06:33:03 PM CST 2026
[12/35] tailbench_sphinx_config_llm_reasoning.json (run 2/5) - Started at Tue Feb 10 06:33:03 PM CST 2026
  ✓ Completed successfully in 1161s - Ended at Tue Feb 10 06:52:24 PM CST 2026
[13/35] tailbench_sphinx_config_mlos.json (run 2/5) - Started at Tue Feb 10 06:52:24 PM CST 2026
  ✓ Completed successfully in 646s - Ended at Tue Feb 10 07:03:10 PM CST 2026
[14/35] tailbench_sphinx_config_qlearning.json (run 2/5) - Started at Tue Feb 10 07:03:10 PM CST 2026
  ✓ Completed successfully in 420s - Ended at Tue Feb 10 07:10:10 PM CST 2026
[15/35] tailbench_sphinx_config_bayesian.json (run 3/5) - Started at Tue Feb 10 07:10:10 PM CST 2026
  ✓ Completed successfully in 416s - Ended at Tue Feb 10 07:17:06 PM CST 2026
[16/35] tailbench_sphinx_config_dqn.json (run 3/5) - Started at Tue Feb 10 07:17:06 PM CST 2026
  ✓ Completed successfully in 1784s - Ended at Tue Feb 10 07:46:50 PM CST 2026
[17/35] tailbench_sphinx_config_fixed.json (run 3/5) - Started at Tue Feb 10 07:46:50 PM CST 2026
  ✓ Completed successfully in 359s - Ended at Tue Feb 10 07:52:50 PM CST 2026
[18/35] tailbench_sphinx_config_llm.json (run 3/5) - Started at Tue Feb 10 07:52:50 PM CST 2026
  ✓ Completed successfully in 473s - Ended at Tue Feb 10 08:00:43 PM CST 2026
[19/35] tailbench_sphinx_config_llm_reasoning.json (run 3/5) - Started at Tue Feb 10 08:00:43 PM CST 2026
  ✓ Completed successfully in 1116s - Ended at Tue Feb 10 08:19:19 PM CST 2026
[20/35] tailbench_sphinx_config_mlos.json (run 3/5) - Started at Tue Feb 10 08:19:19 PM CST 2026
  ✓ Completed successfully in 690s - Ended at Tue Feb 10 08:30:49 PM CST 2026
[21/35] tailbench_sphinx_config_qlearning.json (run 3/5) - Started at Tue Feb 10 08:30:49 PM CST 2026
  ✓ Completed successfully in 421s - Ended at Tue Feb 10 08:37:50 PM CST 2026
[22/35] tailbench_sphinx_config_bayesian.json (run 4/5) - Started at Tue Feb 10 08:37:50 PM CST 2026
  ✓ Completed successfully in 420s - Ended at Tue Feb 10 08:44:50 PM CST 2026
[23/35] tailbench_sphinx_config_dqn.json (run 4/5) - Started at Tue Feb 10 08:44:50 PM CST 2026
  ✓ Completed successfully in 1844s - Ended at Tue Feb 10 09:15:35 PM CST 2026
[24/35] tailbench_sphinx_config_fixed.json (run 4/5) - Started at Tue Feb 10 09:15:35 PM CST 2026
  ✓ Completed successfully in 360s - Ended at Tue Feb 10 09:21:35 PM CST 2026
[25/35] tailbench_sphinx_config_llm.json (run 4/5) - Started at Tue Feb 10 09:21:35 PM CST 2026
  ✓ Completed successfully in 445s - Ended at Tue Feb 10 09:29:00 PM CST 2026
[26/35] tailbench_sphinx_config_llm_reasoning.json (run 4/5) - Started at Tue Feb 10 09:29:00 PM CST 2026
  ✓ Completed successfully in 1141s - Ended at Tue Feb 10 09:48:02 PM CST 2026
[27/35] tailbench_sphinx_config_mlos.json (run 4/5) - Started at Tue Feb 10 09:48:02 PM CST 2026
  ✓ Completed successfully in 526s - Ended at Tue Feb 10 09:56:48 PM CST 2026
[28/35] tailbench_sphinx_config_qlearning.json (run 4/5) - Started at Tue Feb 10 09:56:48 PM CST 2026
  ✓ Completed successfully in 433s - Ended at Tue Feb 10 10:04:01 PM CST 2026
[29/35] tailbench_sphinx_config_bayesian.json (run 5/5) - Started at Tue Feb 10 10:04:01 PM CST 2026
  ✓ Completed successfully in 420s - Ended at Tue Feb 10 10:11:01 PM CST 2026
[30/35] tailbench_sphinx_config_dqn.json (run 5/5) - Started at Tue Feb 10 10:11:01 PM CST 2026
  ✓ Completed successfully in 1849s - Ended at Tue Feb 10 10:41:50 PM CST 2026
[31/35] tailbench_sphinx_config_fixed.json (run 5/5) - Started at Tue Feb 10 10:41:50 PM CST 2026
  ✓ Completed successfully in 360s - Ended at Tue Feb 10 10:47:50 PM CST 2026
[32/35] tailbench_sphinx_config_llm.json (run 5/5) - Started at Tue Feb 10 10:47:50 PM CST 2026
  ✓ Completed successfully in 462s - Ended at Tue Feb 10 10:55:32 PM CST 2026
[33/35] tailbench_sphinx_config_llm_reasoning.json (run 5/5) - Started at Tue Feb 10 10:55:32 PM CST 2026
  ✓ Completed successfully in 1234s - Ended at Tue Feb 10 11:16:06 PM CST 2026
[34/35] tailbench_sphinx_config_mlos.json (run 5/5) - Started at Tue Feb 10 11:16:06 PM CST 2026
  ✓ Completed successfully in 495s - Ended at Tue Feb 10 11:24:21 PM CST 2026
[35/35] tailbench_sphinx_config_qlearning.json (run 5/5) - Started at Tue Feb 10 11:24:21 PM CST 2026
  ✓ Completed successfully in 435s - Ended at Tue Feb 10 11:31:36 PM CST 2026
Summary:
----------------------------------------
Batch run completed at Tue Feb 10 11:31:36 PM CST 2026
Total runs: 35
Success count: 35
Failure count: 0
0
