sysbench 1.0.20 (using system LuaJIT 2.1.0-beta3)

Running the test with following options:
Number of threads: 40
Initializing random number generator from current time


Prime numbers limit: 50000

Initializing worker threads...

Threads started!

CPU speed:
    events per second:   946.25

General statistics:
    total time:                          3.0267s
    total number of events:              2866

Latency (ms):
         min:                                   10.53
         avg:                                   41.94
         max:                                   85.66
         99th percentile:                       62.19
         sum:                               120204.17

Threads fairness:
    events (avg/stddev):           71.6500/1.78
    execution time (avg/stddev):   3.0051/0.01

