sysbench 1.0.20 (using system LuaJIT 2.1.0-beta3)

Running the test with following options:
Number of threads: 40
Initializing random number generator from current time


Prime numbers limit: 50000

Initializing worker threads...

Threads started!

CPU speed:
    events per second:   910.30

General statistics:
    total time:                          3.0329s
    total number of events:              2765

Latency (ms):
         min:                                   10.54
         avg:                                   43.58
         max:                                   78.45
         99th percentile:                       61.08
         sum:                               120495.69

Threads fairness:
    events (avg/stddev):           69.1250/1.31
    execution time (avg/stddev):   3.0124/0.01

