sysbench 1.0.20 (using system LuaJIT 2.1.0-beta3)

Running the test with following options:
Number of threads: 40
Initializing random number generator from current time


Prime numbers limit: 50000

Initializing worker threads...

Threads started!

CPU speed:
    events per second:   915.73

General statistics:
    total time:                          3.0272s
    total number of events:              2774

Latency (ms):
         min:                                   10.63
         avg:                                   43.49
         max:                                   54.71
         99th percentile:                       54.83
         sum:                               120631.60

Threads fairness:
    events (avg/stddev):           69.3500/2.03
    execution time (avg/stddev):   3.0158/0.01

