sysbench 1.0.20 (using system LuaJIT 2.1.0-beta3)

Running the test with following options:
Number of threads: 40
Initializing random number generator from current time


Prime numbers limit: 50000

Initializing worker threads...

Threads started!

CPU speed:
    events per second:   301.25

General statistics:
    total time:                          3.0775s
    total number of events:              929

Latency (ms):
         min:                                   32.88
         avg:                                  126.08
         max:                                  589.00
         99th percentile:                      467.30
         sum:                               117130.51

Threads fairness:
    events (avg/stddev):           23.2250/2.04
    execution time (avg/stddev):   2.9283/0.12

