sysbench 1.0.20 (using system LuaJIT 2.1.0-beta3)

Running the test with following options:
Number of threads: 40
Initializing random number generator from current time


Prime numbers limit: 50000

Initializing worker threads...

Threads started!

CPU speed:
    events per second:   943.63

General statistics:
    total time:                          3.0277s
    total number of events:              2859

Latency (ms):
         min:                                   10.50
         avg:                                   38.70
         max:                                  838.56
         99th percentile:                      502.20
         sum:                               110655.43

Threads fairness:
    events (avg/stddev):           71.4750/12.85
    execution time (avg/stddev):   2.7664/0.23

