sysbench 1.0.20 (using system LuaJIT 2.1.0-beta3)

Running the test with following options:
Number of threads: 40
Initializing random number generator from current time


Prime numbers limit: 50000

Initializing worker threads...

Threads started!

CPU speed:
    events per second:   936.09

General statistics:
    total time:                          3.0255s
    total number of events:              2834

Latency (ms):
         min:                                   10.54
         avg:                                   42.54
         max:                                   54.44
         99th percentile:                       52.89
         sum:                               120552.46

Threads fairness:
    events (avg/stddev):           70.8500/1.84
    execution time (avg/stddev):   3.0138/0.01

