sysbench 1.0.20 (using system LuaJIT 2.1.0-beta3)

Running the test with following options:
Number of threads: 40
Initializing random number generator from current time


Prime numbers limit: 50000

Initializing worker threads...

Threads started!

CPU speed:
    events per second:   941.94

General statistics:
    total time:                          3.0215s
    total number of events:              2848

Latency (ms):
         min:                                   10.53
         avg:                                   41.92
         max:                                   81.33
         99th percentile:                       53.85
         sum:                               119376.34

Threads fairness:
    events (avg/stddev):           71.2000/1.03
    execution time (avg/stddev):   2.9844/0.02

