sysbench 1.0.20 (using system LuaJIT 2.1.0-beta3)

Running the test with following options:
Number of threads: 40
Initializing random number generator from current time


Prime numbers limit: 50000

Initializing worker threads...

Threads started!

CPU speed:
    events per second:   944.99

General statistics:
    total time:                          3.0265s
    total number of events:              2862

Latency (ms):
         min:                                   10.51
         avg:                                   41.95
         max:                                   72.70
         99th percentile:                       55.82
         sum:                               120063.82

Threads fairness:
    events (avg/stddev):           71.5500/1.30
    execution time (avg/stddev):   3.0016/0.01

