sysbench 1.0.20 (using system LuaJIT 2.1.0-beta3)

Running the test with following options:
Number of threads: 40
Initializing random number generator from current time


Prime numbers limit: 50000

Initializing worker threads...

Threads started!

CPU speed:
    events per second:   930.97

General statistics:
    total time:                          3.0249s
    total number of events:              2818

Latency (ms):
         min:                                   10.56
         avg:                                   42.77
         max:                                   56.91
         99th percentile:                       53.85
         sum:                               120516.97

Threads fairness:
    events (avg/stddev):           70.4500/1.48
    execution time (avg/stddev):   3.0129/0.01

