sysbench 1.0.20 (using system LuaJIT 2.1.0-beta3)

Running the test with following options:
Number of threads: 40
Initializing random number generator from current time


Prime numbers limit: 50000

Initializing worker threads...

Threads started!

CPU speed:
    events per second:   941.47

General statistics:
    total time:                          3.0294s
    total number of events:              2854

Latency (ms):
         min:                                   10.53
         avg:                                   42.09
         max:                                   71.24
         99th percentile:                       52.89
         sum:                               120112.91

Threads fairness:
    events (avg/stddev):           71.3500/0.99
    execution time (avg/stddev):   3.0028/0.01

