sysbench 1.0.20 (using system LuaJIT 2.1.0-beta3)

Running the test with following options:
Number of threads: 40
Initializing random number generator from current time


Prime numbers limit: 50000

Initializing worker threads...

Threads started!

CPU speed:
    events per second:   943.42

General statistics:
    total time:                          3.0284s
    total number of events:              2859

Latency (ms):
         min:                                   10.50
         avg:                                   35.21
         max:                                  903.46
         99th percentile:                      511.33
         sum:                               100674.45

Threads fairness:
    events (avg/stddev):           71.4750/17.57
    execution time (avg/stddev):   2.5169/0.50

