sysbench 1.0.20 (using system LuaJIT 2.1.0-beta3)

Running the test with following options:
Number of threads: 40
Initializing random number generator from current time


Prime numbers limit: 50000

Initializing worker threads...

Threads started!

CPU speed:
    events per second:   947.14

General statistics:
    total time:                          3.0261s
    total number of events:              2868

Latency (ms):
         min:                                   10.51
         avg:                                   40.90
         max:                                  205.58
         99th percentile:                      108.68
         sum:                               117296.73

Threads fairness:
    events (avg/stddev):           71.7000/4.50
    execution time (avg/stddev):   2.9324/0.08

