sysbench 1.0.20 (using system LuaJIT 2.1.0-beta3)

Running the test with following options:
Number of threads: 40
Initializing random number generator from current time


Prime numbers limit: 50000

Initializing worker threads...

Threads started!

CPU speed:
    events per second:   918.16

General statistics:
    total time:                          3.0235s
    total number of events:              2778

Latency (ms):
         min:                                   10.51
         avg:                                   43.37
         max:                                   64.81
         99th percentile:                       54.83
         sum:                               120488.01

Threads fairness:
    events (avg/stddev):           69.4500/9.30
    execution time (avg/stddev):   3.0122/0.01

