sysbench 1.0.20 (using system LuaJIT 2.1.0-beta3)

Running the test with following options:
Number of threads: 40
Initializing random number generator from current time


Prime numbers limit: 50000

Initializing worker threads...

Threads started!

CPU speed:
    events per second:   916.33

General statistics:
    total time:                          3.0220s
    total number of events:              2771

Latency (ms):
         min:                                   10.52
         avg:                                   43.47
         max:                                   59.18
         99th percentile:                       53.85
         sum:                               120441.89

Threads fairness:
    events (avg/stddev):           69.2750/4.11
    execution time (avg/stddev):   3.0110/0.01

