sysbench 1.0.20 (using system LuaJIT 2.1.0-beta3)

Running the test with following options:
Number of threads: 40
Initializing random number generator from current time


Prime numbers limit: 50000

Initializing worker threads...

Threads started!

CPU speed:
    events per second:   945.39

General statistics:
    total time:                          3.0337s
    total number of events:              2870

Latency (ms):
         min:                                   10.50
         avg:                                   36.93
         max:                                  971.36
         99th percentile:                      502.20
         sum:                               105981.53

Threads fairness:
    events (avg/stddev):           71.7500/18.86
    execution time (avg/stddev):   2.6495/0.40

