sysbench 1.0.20 (using system LuaJIT 2.1.0-beta3)

Running the test with following options:
Number of threads: 40
Initializing random number generator from current time


Prime numbers limit: 50000

Initializing worker threads...

Threads started!

CPU speed:
    events per second:   941.36

General statistics:
    total time:                          3.0257s
    total number of events:              2850

Latency (ms):
         min:                                   10.54
         avg:                                   42.27
         max:                                   70.01
         99th percentile:                       52.89
         sum:                               120467.96

Threads fairness:
    events (avg/stddev):           71.2500/0.80
    execution time (avg/stddev):   3.0117/0.01

