sysbench 1.0.20 (using system LuaJIT 2.1.0-beta3)

Running the test with following options:
Number of threads: 40
Initializing random number generator from current time


Prime numbers limit: 50000

Initializing worker threads...

Threads started!

CPU speed:
    events per second:   301.57

General statistics:
    total time:                          3.0676s
    total number of events:              927

Latency (ms):
         min:                                   32.90
         avg:                                  130.26
         max:                                  159.84
         99th percentile:                      150.29
         sum:                               120755.40

Threads fairness:
    events (avg/stddev):           23.1750/0.59
    execution time (avg/stddev):   3.0189/0.02

