sysbench 1.0.20 (using system LuaJIT 2.1.0-beta3)

Running the test with following options:
Number of threads: 40
Initializing random number generator from current time


Prime numbers limit: 50000

Initializing worker threads...

Threads started!

CPU speed:
    events per second:   941.16

General statistics:
    total time:                          3.0260s
    total number of events:              2850

Latency (ms):
         min:                                   10.54
         avg:                                   42.13
         max:                                   78.41
         99th percentile:                       50.11
         sum:                               120060.50

Threads fairness:
    events (avg/stddev):           71.2500/0.54
    execution time (avg/stddev):   3.0015/0.01

