sysbench 1.0.20 (using system LuaJIT 2.1.0-beta3)

Running the test with following options:
Number of threads: 40
Initializing random number generator from current time


Prime numbers limit: 50000

Initializing worker threads...

Threads started!

CPU speed:
    events per second:   946.93

General statistics:
    total time:                          3.0235s
    total number of events:              2865

Latency (ms):
         min:                                   10.51
         avg:                                   39.70
         max:                                  530.55
         99th percentile:                      344.08
         sum:                               113731.61

Threads fairness:
    events (avg/stddev):           71.6250/5.39
    execution time (avg/stddev):   2.8433/0.13

