sysbench 1.0.20 (using system LuaJIT 2.1.0-beta3)

Running the test with following options:
Number of threads: 40
Initializing random number generator from current time


Prime numbers limit: 50000

Initializing worker threads...

Threads started!

CPU speed:
    events per second:   941.75

General statistics:
    total time:                          3.0285s
    total number of events:              2854

Latency (ms):
         min:                                   10.53
         avg:                                   41.84
         max:                                   83.95
         99th percentile:                       53.85
         sum:                               119399.34

Threads fairness:
    events (avg/stddev):           71.3500/1.06
    execution time (avg/stddev):   2.9850/0.03

