sysbench 1.0.20 (using system LuaJIT 2.1.0-beta3)

Running the test with following options:
Number of threads: 40
Initializing random number generator from current time


Prime numbers limit: 50000

Initializing worker threads...

Threads started!

CPU speed:
    events per second:   940.17

General statistics:
    total time:                          3.0293s
    total number of events:              2850

Latency (ms):
         min:                                   18.26
         avg:                                   42.38
         max:                                   54.62
         99th percentile:                       51.02
         sum:                               120779.54

Threads fairness:
    events (avg/stddev):           71.2500/1.07
    execution time (avg/stddev):   3.0195/0.01

