sysbench 1.0.20 (using system LuaJIT 2.1.0-beta3)

Running the test with following options:
Number of threads: 40
Initializing random number generator from current time


Prime numbers limit: 50000

Initializing worker threads...

Threads started!

CPU speed:
    events per second:   946.80

General statistics:
    total time:                          3.0302s
    total number of events:              2871

Latency (ms):
         min:                                   10.50
         avg:                                   39.76
         max:                                  417.48
         99th percentile:                      277.21
         sum:                               114158.95

Threads fairness:
    events (avg/stddev):           71.7750/6.44
    execution time (avg/stddev):   2.8540/0.15

