sysbench 1.0.20 (using system LuaJIT 2.1.0-beta3)

Running the test with following options:
Number of threads: 40
Initializing random number generator from current time


Prime numbers limit: 50000

Initializing worker threads...

Threads started!

CPU speed:
    events per second:   941.12

General statistics:
    total time:                          3.0242s
    total number of events:              2848

Latency (ms):
         min:                                   10.56
         avg:                                   42.09
         max:                                   70.75
         99th percentile:                       51.02
         sum:                               119876.22

Threads fairness:
    events (avg/stddev):           71.2000/1.00
    execution time (avg/stddev):   2.9969/0.01

