sysbench 1.0.20 (using system LuaJIT 2.1.0-beta3)

Running the test with following options:
Number of threads: 40
Initializing random number generator from current time


Prime numbers limit: 50000

Initializing worker threads...

Threads started!

CPU speed:
    events per second:   946.74

General statistics:
    total time:                          3.0262s
    total number of events:              2867

Latency (ms):
         min:                                   10.51
         avg:                                   41.14
         max:                                  165.41
         99th percentile:                       80.03
         sum:                               117960.78

Threads fairness:
    events (avg/stddev):           71.6750/2.00
    execution time (avg/stddev):   2.9490/0.06

