sysbench 1.0.20 (using system LuaJIT 2.1.0-beta3)

Running the test with following options:
Number of threads: 40
Initializing random number generator from current time


Prime numbers limit: 50000

Initializing worker threads...

Threads started!

CPU speed:
    events per second:   946.08

General statistics:
    total time:                          3.0294s
    total number of events:              2868

Latency (ms):
         min:                                   10.51
         avg:                                   41.77
         max:                                   78.16
         99th percentile:                       52.89
         sum:                               119795.48

Threads fairness:
    events (avg/stddev):           71.7000/0.84
    execution time (avg/stddev):   2.9949/0.02

