sysbench 1.0.20 (using system LuaJIT 2.1.0-beta3)

Running the test with following options:
Number of threads: 40
Initializing random number generator from current time


Prime numbers limit: 50000

Initializing worker threads...

Threads started!

CPU speed:
    events per second:   942.20

General statistics:
    total time:                          3.0261s
    total number of events:              2853

Latency (ms):
         min:                                   10.54
         avg:                                   41.86
         max:                                  123.27
         99th percentile:                       55.82
         sum:                               119439.12

Threads fairness:
    events (avg/stddev):           71.3250/0.82
    execution time (avg/stddev):   2.9860/0.02

