sysbench 1.0.20 (using system LuaJIT 2.1.0-beta3)

Running the test with following options:
Number of threads: 40
Initializing random number generator from current time


Prime numbers limit: 50000

Initializing worker threads...

Threads started!

CPU speed:
    events per second:   944.57

General statistics:
    total time:                          3.0215s
    total number of events:              2856

Latency (ms):
         min:                                   10.52
         avg:                                   42.10
         max:                                   57.69
         99th percentile:                       49.21
         sum:                               120246.61

Threads fairness:
    events (avg/stddev):           71.4000/1.04
    execution time (avg/stddev):   3.0062/0.01

