sysbench 1.0.20 (using system LuaJIT 2.1.0-beta3)

Running the test with following options:
Number of threads: 40
Initializing random number generator from current time


Prime numbers limit: 50000

Initializing worker threads...

Threads started!

CPU speed:
    events per second:   947.01

General statistics:
    total time:                          3.0264s
    total number of events:              2868

Latency (ms):
         min:                                   10.51
         avg:                                   41.64
         max:                                  105.81
         99th percentile:                       61.08
         sum:                               119427.61

Threads fairness:
    events (avg/stddev):           71.7000/1.21
    execution time (avg/stddev):   2.9857/0.02

