sysbench 1.0.20 (using system LuaJIT 2.1.0-beta3)

Running the test with following options:
Number of threads: 40
Initializing random number generator from current time


Prime numbers limit: 50000

Initializing worker threads...

Threads started!

CPU speed:
    events per second:   937.61

General statistics:
    total time:                          3.0290s
    total number of events:              2842

Latency (ms):
         min:                                   10.51
         avg:                                   42.47
         max:                                   63.68
         99th percentile:                       49.21
         sum:                               120700.73

Threads fairness:
    events (avg/stddev):           71.0500/0.77
    execution time (avg/stddev):   3.0175/0.01

