sysbench 1.0.20 (using system LuaJIT 2.1.0-beta3)

Running the test with following options:
Number of threads: 40
Initializing random number generator from current time


Prime numbers limit: 50000

Initializing worker threads...

Threads started!

CPU speed:
    events per second:   945.95

General statistics:
    total time:                          3.0308s
    total number of events:              2869

Latency (ms):
         min:                                   10.51
         avg:                                   41.72
         max:                                  103.48
         99th percentile:                       69.29
         sum:                               119685.91

Threads fairness:
    events (avg/stddev):           71.7250/1.36
    execution time (avg/stddev):   2.9921/0.02

