sysbench 1.0.20 (using system LuaJIT 2.1.0-beta3)

Running the test with following options:
Number of threads: 40
Initializing random number generator from current time


Prime numbers limit: 50000

Initializing worker threads...

Threads started!

CPU speed:
    events per second:   942.67

General statistics:
    total time:                          3.0297s
    total number of events:              2858

Latency (ms):
         min:                                   10.51
         avg:                                   37.76
         max:                                  800.69
         99th percentile:                      520.62
         sum:                               107917.34

Threads fairness:
    events (avg/stddev):           71.4500/16.16
    execution time (avg/stddev):   2.6979/0.26

