sysbench 1.0.20 (using system LuaJIT 2.1.0-beta3)

Running the test with following options:
Number of threads: 40
Initializing random number generator from current time


Prime numbers limit: 50000

Initializing worker threads...

Threads started!

CPU speed:
    events per second:   942.06

General statistics:
    total time:                          3.0256s
    total number of events:              2852

Latency (ms):
         min:                                   15.65
         avg:                                   42.05
         max:                                   69.37
         99th percentile:                       50.11
         sum:                               119926.01

Threads fairness:
    events (avg/stddev):           71.3000/0.78
    execution time (avg/stddev):   2.9982/0.01

