sysbench 1.0.20 (using system LuaJIT 2.1.0-beta3)

Running the test with following options:
Number of threads: 40
Initializing random number generator from current time


Prime numbers limit: 50000

Initializing worker threads...

Threads started!

CPU speed:
    events per second:   915.45

General statistics:
    total time:                          3.0238s
    total number of events:              2770

Latency (ms):
         min:                                   11.19
         avg:                                   43.50
         max:                                   65.13
         99th percentile:                       54.83
         sum:                               120487.24

Threads fairness:
    events (avg/stddev):           69.2500/3.15
    execution time (avg/stddev):   3.0122/0.01

