sysbench 1.0.20 (using system LuaJIT 2.1.0-beta3)

Running the test with following options:
Number of threads: 40
Initializing random number generator from current time


Prime numbers limit: 50000

Initializing worker threads...

Threads started!

CPU speed:
    events per second:   943.01

General statistics:
    total time:                          3.0214s
    total number of events:              2851

Latency (ms):
         min:                                   10.54
         avg:                                   41.86
         max:                                   92.08
         99th percentile:                       55.82
         sum:                               119334.93

Threads fairness:
    events (avg/stddev):           71.2750/0.89
    execution time (avg/stddev):   2.9834/0.02

