sysbench 1.0.20 (using system LuaJIT 2.1.0-beta3)

Running the test with following options:
Number of threads: 40
Initializing random number generator from current time


Prime numbers limit: 50000

Initializing worker threads...

Threads started!

CPU speed:
    events per second:   794.86

General statistics:
    total time:                          3.0320s
    total number of events:              2412

Latency (ms):
         min:                                   12.51
         avg:                                   45.22
         max:                                  971.56
         99th percentile:                      539.71
         sum:                               109069.01

Threads fairness:
    events (avg/stddev):           60.3000/11.78
    execution time (avg/stddev):   2.7267/0.27

