sysbench 1.0.20 (using system LuaJIT 2.1.0-beta3)

Running the test with following options:
Number of threads: 40
Initializing random number generator from current time


Prime numbers limit: 50000

Initializing worker threads...

Threads started!

CPU speed:
    events per second:   940.94

General statistics:
    total time:                          3.0269s
    total number of events:              2850

Latency (ms):
         min:                                   12.56
         avg:                                   42.08
         max:                                   77.98
         99th percentile:                       51.94
         sum:                               119937.03

Threads fairness:
    events (avg/stddev):           71.2500/0.83
    execution time (avg/stddev):   2.9984/0.01

