sysbench 1.0.20 (using system LuaJIT 2.1.0-beta3)

Running the test with following options:
Number of threads: 40
Initializing random number generator from current time


Prime numbers limit: 50000

Initializing worker threads...

Threads started!

CPU speed:
    events per second:   945.15

General statistics:
    total time:                          3.0303s
    total number of events:              2866

Latency (ms):
         min:                                   10.54
         avg:                                   41.89
         max:                                   69.98
         99th percentile:                       54.83
         sum:                               120044.79

Threads fairness:
    events (avg/stddev):           71.6500/1.65
    execution time (avg/stddev):   3.0011/0.02

