sysbench 1.0.20 (using system LuaJIT 2.1.0-beta3)

Running the test with following options:
Number of threads: 40
Initializing random number generator from current time


Prime numbers limit: 50000

Initializing worker threads...

Threads started!

CPU speed:
    events per second:   946.49

General statistics:
    total time:                          3.0281s
    total number of events:              2868

Latency (ms):
         min:                                   10.51
         avg:                                   41.77
         max:                                   93.00
         99th percentile:                       65.65
         sum:                               119808.73

Threads fairness:
    events (avg/stddev):           71.7000/1.55
    execution time (avg/stddev):   2.9952/0.02

