sysbench 1.0.20 (using system LuaJIT 2.1.0-beta3)

Running the test with following options:
Number of threads: 40
Initializing random number generator from current time


Prime numbers limit: 50000

Initializing worker threads...

Threads started!

CPU speed:
    events per second:   944.02

General statistics:
    total time:                          3.0254s
    total number of events:              2858

Latency (ms):
         min:                                   10.53
         avg:                                   42.11
         max:                                   56.12
         99th percentile:                       53.85
         sum:                               120353.28

Threads fairness:
    events (avg/stddev):           71.4500/2.21
    execution time (avg/stddev):   3.0088/0.01

