sysbench 1.0.20 (using system LuaJIT 2.1.0-beta3)

Running the test with following options:
Number of threads: 40
Initializing random number generator from current time


Prime numbers limit: 50000

Initializing worker threads...

Threads started!

CPU speed:
    events per second:   935.05

General statistics:
    total time:                          3.0295s
    total number of events:              2835

Latency (ms):
         min:                                   10.53
         avg:                                   42.51
         max:                                   72.38
         99th percentile:                       63.32
         sum:                               120527.63

Threads fairness:
    events (avg/stddev):           70.8750/1.55
    execution time (avg/stddev):   3.0132/0.01

