sysbench 1.0.20 (using system LuaJIT 2.1.0-beta3)

Running the test with following options:
Number of threads: 40
Initializing random number generator from current time


Prime numbers limit: 50000

Initializing worker threads...

Threads started!

CPU speed:
    events per second:   941.84

General statistics:
    total time:                          3.0285s
    total number of events:              2855

Latency (ms):
         min:                                   10.53
         avg:                                   41.75
         max:                                   98.63
         99th percentile:                       52.89
         sum:                               119202.39

Threads fairness:
    events (avg/stddev):           71.3750/1.02
    execution time (avg/stddev):   2.9801/0.03

