sysbench 1.0.20 (using system LuaJIT 2.1.0-beta3)

Running the test with following options:
Number of threads: 40
Initializing random number generator from current time


Prime numbers limit: 50000

Initializing worker threads...

Threads started!

CPU speed:
    events per second:   641.07

General statistics:
    total time:                          3.0377s
    total number of events:              1950

Latency (ms):
         min:                                   15.45
         avg:                                   58.23
         max:                                  648.15
         99th percentile:                      411.96
         sum:                               113555.15

Threads fairness:
    events (avg/stddev):           48.7500/5.91
    execution time (avg/stddev):   2.8389/0.15

