sysbench 1.0.20 (using system LuaJIT 2.1.0-beta3)

Running the test with following options:
Number of threads: 40
Initializing random number generator from current time


Prime numbers limit: 50000

Initializing worker threads...

Threads started!

CPU speed:
    events per second:   942.45

General statistics:
    total time:                          3.0262s
    total number of events:              2854

Latency (ms):
         min:                                   10.54
         avg:                                   42.00
         max:                                   82.01
         99th percentile:                       57.87
         sum:                               119862.23

Threads fairness:
    events (avg/stddev):           71.3500/1.15
    execution time (avg/stddev):   2.9966/0.02

