sysbench 1.0.20 (using system LuaJIT 2.1.0-beta3)

Running the test with following options:
Number of threads: 40
Initializing random number generator from current time


Prime numbers limit: 50000

Initializing worker threads...

Threads started!

CPU speed:
    events per second:   942.10

General statistics:
    total time:                          3.0257s
    total number of events:              2853

Latency (ms):
         min:                                   10.53
         avg:                                   41.86
         max:                                   87.12
         99th percentile:                       53.85
         sum:                               119436.04

Threads fairness:
    events (avg/stddev):           71.3250/1.19
    execution time (avg/stddev):   2.9859/0.02

