sysbench 1.0.20 (using system LuaJIT 2.1.0-beta3)

Running the test with following options:
Number of threads: 40
Initializing random number generator from current time


Prime numbers limit: 50000

Initializing worker threads...

Threads started!

CPU speed:
    events per second:   945.85

General statistics:
    total time:                          3.0196s
    total number of events:              2858

Latency (ms):
         min:                                   10.54
         avg:                                   41.95
         max:                                   74.04
         99th percentile:                       55.82
         sum:                               119890.70

Threads fairness:
    events (avg/stddev):           71.4500/2.50
    execution time (avg/stddev):   2.9973/0.01

