sysbench 1.0.20 (using system LuaJIT 2.1.0-beta3)

Running the test with following options:
Number of threads: 40
Initializing random number generator from current time


Prime numbers limit: 50000

Initializing worker threads...

Threads started!

CPU speed:
    events per second:   940.02

General statistics:
    total time:                          3.0213s
    total number of events:              2842

Latency (ms):
         min:                                   10.52
         avg:                                   42.35
         max:                                   53.60
         99th percentile:                       51.94
         sum:                               120355.07

Threads fairness:
    events (avg/stddev):           71.0500/1.26
    execution time (avg/stddev):   3.0089/0.01

