sysbench 1.0.20 (using system LuaJIT 2.1.0-beta3)

Running the test with following options:
Number of threads: 40
Initializing random number generator from current time


Prime numbers limit: 50000

Initializing worker threads...

Threads started!

CPU speed:
    events per second:   945.01

General statistics:
    total time:                          3.0296s
    total number of events:              2865

Latency (ms):
         min:                                   10.50
         avg:                                   38.99
         max:                                  564.44
         99th percentile:                      308.84
         sum:                               111708.83

Threads fairness:
    events (avg/stddev):           71.6250/11.95
    execution time (avg/stddev):   2.7927/0.23

