sysbench 1.0.20 (using system LuaJIT 2.1.0-beta3)

Running the test with following options:
Number of threads: 40
Initializing random number generator from current time


Prime numbers limit: 50000

Initializing worker threads...

Threads started!

CPU speed:
    events per second:   941.19

General statistics:
    total time:                          3.0218s
    total number of events:              2846

Latency (ms):
         min:                                   21.74
         avg:                                   42.18
         max:                                   68.55
         99th percentile:                       50.11
         sum:                               120037.55

Threads fairness:
    events (avg/stddev):           71.1500/0.42
    execution time (avg/stddev):   3.0009/0.01

