sysbench 1.0.20 (using system LuaJIT 2.1.0-beta3)

Running the test with following options:
Number of threads: 40
Initializing random number generator from current time


Prime numbers limit: 50000

Initializing worker threads...

Threads started!

CPU speed:
    events per second:   941.91

General statistics:
    total time:                          3.0270s
    total number of events:              2853

Latency (ms):
         min:                                   10.53
         avg:                                   41.81
         max:                                   98.49
         99th percentile:                       54.83
         sum:                               119284.65

Threads fairness:
    events (avg/stddev):           71.3250/1.17
    execution time (avg/stddev):   2.9821/0.03

