sysbench 1.0.20 (using system LuaJIT 2.1.0-beta3)

Running the test with following options:
Number of threads: 40
Initializing random number generator from current time


Prime numbers limit: 50000

Initializing worker threads...

Threads started!

CPU speed:
    events per second:   946.11

General statistics:
    total time:                          3.0240s
    total number of events:              2863

Latency (ms):
         min:                                   10.51
         avg:                                   41.74
         max:                                   95.88
         99th percentile:                       54.83
         sum:                               119491.84

Threads fairness:
    events (avg/stddev):           71.5750/1.41
    execution time (avg/stddev):   2.9873/0.02

