sysbench 1.0.20 (using system LuaJIT 2.1.0-beta3)

Running the test with following options:
Number of threads: 40
Initializing random number generator from current time


Prime numbers limit: 50000

Initializing worker threads...

Threads started!

CPU speed:
    events per second:   941.65

General statistics:
    total time:                          3.0281s
    total number of events:              2854

Latency (ms):
         min:                                   10.51
         avg:                                   34.05
         max:                                  977.62
         99th percentile:                      511.33
         sum:                                97177.32

Threads fairness:
    events (avg/stddev):           71.3500/24.60
    execution time (avg/stddev):   2.4294/0.59

