sysbench 1.0.20 (using system LuaJIT 2.1.0-beta3)

Running the test with following options:
Number of threads: 40
Initializing random number generator from current time


Prime numbers limit: 50000

Initializing worker threads...

Threads started!

CPU speed:
    events per second:   941.12

General statistics:
    total time:                          3.0273s
    total number of events:              2851

Latency (ms):
         min:                                   10.53
         avg:                                   41.82
         max:                                   90.52
         99th percentile:                       51.94
         sum:                               119227.36

Threads fairness:
    events (avg/stddev):           71.2750/1.34
    execution time (avg/stddev):   2.9807/0.02

