sysbench 1.0.20 (using system LuaJIT 2.1.0-beta3)

Running the test with following options:
Number of threads: 40
Initializing random number generator from current time


Prime numbers limit: 50000

Initializing worker threads...

Threads started!

CPU speed:
    events per second:   942.33

General statistics:
    total time:                          3.0254s
    total number of events:              2853

Latency (ms):
         min:                                   10.53
         avg:                                   41.75
         max:                                   88.61
         99th percentile:                       52.89
         sum:                               119108.26

Threads fairness:
    events (avg/stddev):           71.3250/1.21
    execution time (avg/stddev):   2.9777/0.03

