sysbench 1.0.20 (using system LuaJIT 2.1.0-beta3)

Running the test with following options:
Number of threads: 40
Initializing random number generator from current time


Prime numbers limit: 50000

Initializing worker threads...

Threads started!

CPU speed:
    events per second:   946.43

General statistics:
    total time:                          3.0282s
    total number of events:              2868

Latency (ms):
         min:                                   10.52
         avg:                                   41.79
         max:                                   77.02
         99th percentile:                       56.84
         sum:                               119866.37

Threads fairness:
    events (avg/stddev):           71.7000/1.05
    execution time (avg/stddev):   2.9967/0.02

