sysbench 1.0.20 (using system LuaJIT 2.1.0-beta3)

Running the test with following options:
Number of threads: 40
Initializing random number generator from current time


Prime numbers limit: 50000

Initializing worker threads...

Threads started!

CPU speed:
    events per second:   946.63

General statistics:
    total time:                          3.0265s
    total number of events:              2867

Latency (ms):
         min:                                   10.51
         avg:                                   41.58
         max:                                   92.91
         99th percentile:                       70.55
         sum:                               119215.19

Threads fairness:
    events (avg/stddev):           71.6750/2.71
    execution time (avg/stddev):   2.9804/0.03

