sysbench 1.0.20 (using system LuaJIT 2.1.0-beta3)

Running the test with following options:
Number of threads: 40
Initializing random number generator from current time


Prime numbers limit: 50000

Initializing worker threads...

Threads started!

CPU speed:
    events per second:   944.58

General statistics:
    total time:                          3.0215s
    total number of events:              2856

Latency (ms):
         min:                                   10.53
         avg:                                   42.04
         max:                                   58.62
         99th percentile:                       49.21
         sum:                               120076.94

Threads fairness:
    events (avg/stddev):           71.4000/0.89
    execution time (avg/stddev):   3.0019/0.01

