sysbench 1.0.20 (using system LuaJIT 2.1.0-beta3)

Running the test with following options:
Number of threads: 40
Initializing random number generator from current time


Prime numbers limit: 50000

Initializing worker threads...

Threads started!

CPU speed:
    events per second:   945.00

General statistics:
    total time:                          3.0265s
    total number of events:              2862

Latency (ms):
         min:                                   10.51
         avg:                                   41.93
         max:                                   77.33
         99th percentile:                       55.82
         sum:                               120004.40

Threads fairness:
    events (avg/stddev):           71.5500/1.38
    execution time (avg/stddev):   3.0001/0.02

