sysbench 1.0.20 (using system LuaJIT 2.1.0-beta3)

Running the test with following options:
Number of threads: 40
Initializing random number generator from current time


Prime numbers limit: 50000

Initializing worker threads...

Threads started!

CPU speed:
    events per second:   946.84

General statistics:
    total time:                          3.0227s
    total number of events:              2864

Latency (ms):
         min:                                   10.52
         avg:                                   41.82
         max:                                   83.40
         99th percentile:                       70.55
         sum:                               119771.11

Threads fairness:
    events (avg/stddev):           71.6000/1.50
    execution time (avg/stddev):   2.9943/0.02

