sysbench 1.0.20 (using system LuaJIT 2.1.0-beta3)

Running the test with following options:
Number of threads: 40
Initializing random number generator from current time


Prime numbers limit: 50000

Initializing worker threads...

Threads started!

CPU speed:
    events per second:   945.96

General statistics:
    total time:                          3.0287s
    total number of events:              2867

Latency (ms):
         min:                                   10.50
         avg:                                   40.54
         max:                                  410.63
         99th percentile:                      272.27
         sum:                               116221.98

Threads fairness:
    events (avg/stddev):           71.6750/7.65
    execution time (avg/stddev):   2.9055/0.10

