sysbench 1.0.20 (using system LuaJIT 2.1.0-beta3)

Running the test with following options:
Number of threads: 40
Initializing random number generator from current time


Prime numbers limit: 50000

Initializing worker threads...

Threads started!

CPU speed:
    events per second:   528.99

General statistics:
    total time:                          3.0493s
    total number of events:              1615

Latency (ms):
         min:                                   18.77
         avg:                                   67.92
         max:                                  633.17
         99th percentile:                      475.79
         sum:                               109695.37

Threads fairness:
    events (avg/stddev):           40.3750/7.78
    execution time (avg/stddev):   2.7424/0.27

