sysbench 1.0.20 (using system LuaJIT 2.1.0-beta3)

Running the test with following options:
Number of threads: 40
Initializing random number generator from current time


Prime numbers limit: 50000

Initializing worker threads...

Threads started!

CPU speed:
    events per second:   947.00

General statistics:
    total time:                          3.0243s
    total number of events:              2866

Latency (ms):
         min:                                   10.51
         avg:                                   38.47
         max:                                  413.80
         99th percentile:                      282.25
         sum:                               110264.52

Threads fairness:
    events (avg/stddev):           71.6500/10.60
    execution time (avg/stddev):   2.7566/0.25

