sysbench 1.0.20 (using system LuaJIT 2.1.0-beta3)

Running the test with following options:
Number of threads: 40
Initializing random number generator from current time


Prime numbers limit: 50000

Initializing worker threads...

Threads started!

CPU speed:
    events per second:   945.95

General statistics:
    total time:                          3.0287s
    total number of events:              2867

Latency (ms):
         min:                                   10.52
         avg:                                   41.78
         max:                                   94.44
         99th percentile:                       57.87
         sum:                               119788.57

Threads fairness:
    events (avg/stddev):           71.6750/1.57
    execution time (avg/stddev):   2.9947/0.02

