sysbench 1.0.20 (using system LuaJIT 2.1.0-beta3)

Running the test with following options:
Number of threads: 40
Initializing random number generator from current time


Prime numbers limit: 50000

Initializing worker threads...

Threads started!

CPU speed:
    events per second:   942.26

General statistics:
    total time:                          3.0279s
    total number of events:              2855

Latency (ms):
         min:                                   10.54
         avg:                                   41.73
         max:                                   97.51
         99th percentile:                       51.94
         sum:                               119148.64

Threads fairness:
    events (avg/stddev):           71.3750/1.04
    execution time (avg/stddev):   2.9787/0.03

