sysbench 1.0.20 (using system LuaJIT 2.1.0-beta3)

Running the test with following options:
Number of threads: 40
Initializing random number generator from current time


Prime numbers limit: 50000

Initializing worker threads...

Threads started!

CPU speed:
    events per second:   947.71

General statistics:
    total time:                          3.0263s
    total number of events:              2870

Latency (ms):
         min:                                   10.51
         avg:                                   40.07
         max:                                  334.09
         99th percentile:                      114.72
         sum:                               115009.54

Threads fairness:
    events (avg/stddev):           71.7500/4.39
    execution time (avg/stddev):   2.8752/0.11

