sysbench 1.0.20 (using system LuaJIT 2.1.0-beta3)

Running the test with following options:
Number of threads: 40
Initializing random number generator from current time


Prime numbers limit: 50000

Initializing worker threads...

Threads started!

CPU speed:
    events per second:   939.42

General statistics:
    total time:                          3.0312s
    total number of events:              2850

Latency (ms):
         min:                                   10.50
         avg:                                   34.58
         max:                                  881.71
         99th percentile:                      511.33
         sum:                                98555.02

Threads fairness:
    events (avg/stddev):           71.2500/21.56
    execution time (avg/stddev):   2.4639/0.54

