sysbench 1.0.20 (using system LuaJIT 2.1.0-beta3)

Running the test with following options:
Number of threads: 40
Initializing random number generator from current time


Prime numbers limit: 50000

Initializing worker threads...

Threads started!

CPU speed:
    events per second:   947.46

General statistics:
    total time:                          3.0270s
    total number of events:              2870

Latency (ms):
         min:                                   10.51
         avg:                                   41.64
         max:                                   91.13
         99th percentile:                       57.87
         sum:                               119505.68

Threads fairness:
    events (avg/stddev):           71.7500/1.09
    execution time (avg/stddev):   2.9876/0.02

