sysbench 1.0.20 (using system LuaJIT 2.1.0-beta3)

Running the test with following options:
Number of threads: 40
Initializing random number generator from current time


Prime numbers limit: 50000

Initializing worker threads...

Threads started!

CPU speed:
    events per second:   946.05

General statistics:
    total time:                          3.0263s
    total number of events:              2865

Latency (ms):
         min:                                   10.51
         avg:                                   41.42
         max:                                  110.69
         99th percentile:                       71.83
         sum:                               118680.71

Threads fairness:
    events (avg/stddev):           71.6250/1.30
    execution time (avg/stddev):   2.9670/0.04

