sysbench 1.0.20 (using system LuaJIT 2.1.0-beta3)

Running the test with following options:
Number of threads: 40
Initializing random number generator from current time


Prime numbers limit: 50000

Initializing worker threads...

Threads started!

CPU speed:
    events per second:   527.05

General statistics:
    total time:                          3.0515s
    total number of events:              1611

Latency (ms):
         min:                                   18.77
         avg:                                   60.83
         max:                                  861.93
         99th percentile:                      539.71
         sum:                                97991.22

Threads fairness:
    events (avg/stddev):           40.2750/14.09
    execution time (avg/stddev):   2.4498/0.59

