sysbench 1.0.20 (using system LuaJIT 2.1.0-beta3)

Running the test with following options:
Number of threads: 40
Initializing random number generator from current time


Prime numbers limit: 50000

Initializing worker threads...

Threads started!

CPU speed:
    events per second:   941.93

General statistics:
    total time:                          3.0216s
    total number of events:              2848

Latency (ms):
         min:                                   10.53
         avg:                                   42.10
         max:                                   70.79
         99th percentile:                       49.21
         sum:                               119888.28

Threads fairness:
    events (avg/stddev):           71.2000/0.84
    execution time (avg/stddev):   2.9972/0.01

