sysbench 1.0.20 (using system LuaJIT 2.1.0-beta3)

Running the test with following options:
Number of threads: 40
Initializing random number generator from current time


Prime numbers limit: 50000

Initializing worker threads...

Threads started!

CPU speed:
    events per second:   377.17

General statistics:
    total time:                          3.0678s
    total number of events:              1159

Latency (ms):
         min:                                   33.66
         avg:                                  104.56
         max:                                  131.29
         99th percentile:                      123.28
         sum:                               121185.35

Threads fairness:
    events (avg/stddev):           28.9750/0.52
    execution time (avg/stddev):   3.0296/0.02

