sysbench 1.0.20 (using system LuaJIT 2.1.0-beta3)

Running the test with following options:
Number of threads: 40
Initializing random number generator from current time


Prime numbers limit: 50000

Initializing worker threads...

Threads started!

CPU speed:
    events per second:   528.45

General statistics:
    total time:                          3.0487s
    total number of events:              1613

Latency (ms):
         min:                                   18.83
         avg:                                   74.88
         max:                                  110.20
         99th percentile:                       92.42
         sum:                               120785.87

Threads fairness:
    events (avg/stddev):           40.3250/0.85
    execution time (avg/stddev):   3.0196/0.01

