sysbench 1.0.20 (using system LuaJIT 2.1.0-beta3)

Running the test with following options:
Number of threads: 40
Initializing random number generator from current time


Prime numbers limit: 50000

Initializing worker threads...

Threads started!

CPU speed:
    events per second:   945.21

General statistics:
    total time:                          3.0322s
    total number of events:              2868

Latency (ms):
         min:                                   10.51
         avg:                                   41.55
         max:                                  102.53
         99th percentile:                       62.19
         sum:                               119177.66

Threads fairness:
    events (avg/stddev):           71.7000/1.44
    execution time (avg/stddev):   2.9794/0.03

