sysbench 1.0.20 (using system LuaJIT 2.1.0-beta3)

Running the test with following options:
Number of threads: 40
Initializing random number generator from current time


Prime numbers limit: 50000

Initializing worker threads...

Threads started!

CPU speed:
    events per second:   945.63

General statistics:
    total time:                          3.0245s
    total number of events:              2862

Latency (ms):
         min:                                   10.54
         avg:                                   41.99
         max:                                   55.48
         99th percentile:                       47.47
         sum:                               120185.79

Threads fairness:
    events (avg/stddev):           71.5500/0.84
    execution time (avg/stddev):   3.0046/0.01

