sysbench 1.0.20 (using system LuaJIT 2.1.0-beta3)

Running the test with following options:
Number of threads: 40
Initializing random number generator from current time


Prime numbers limit: 50000

Initializing worker threads...

Threads started!

CPU speed:
    events per second:   934.00

General statistics:
    total time:                          3.0225s
    total number of events:              2825

Latency (ms):
         min:                                   10.51
         avg:                                   42.61
         max:                                   63.82
         99th percentile:                       53.85
         sum:                               120373.90

Threads fairness:
    events (avg/stddev):           70.6250/1.93
    execution time (avg/stddev):   3.0093/0.01

