sysbench 1.0.20 (using system LuaJIT 2.1.0-beta3)

Running the test with following options:
Number of threads: 40
Initializing random number generator from current time


Prime numbers limit: 50000

Initializing worker threads...

Threads started!

CPU speed:
    events per second:   915.46

General statistics:
    total time:                          3.0270s
    total number of events:              2773

Latency (ms):
         min:                                   10.52
         avg:                                   43.49
         max:                                   58.02
         99th percentile:                       53.85
         sum:                               120592.01

Threads fairness:
    events (avg/stddev):           69.3250/1.40
    execution time (avg/stddev):   3.0148/0.01

