sysbench 1.0.20 (using system LuaJIT 2.1.0-beta3)

Running the test with following options:
Number of threads: 40
Initializing random number generator from current time


Prime numbers limit: 50000

Initializing worker threads...

Threads started!

CPU speed:
    events per second:   907.82

General statistics:
    total time:                          3.0260s
    total number of events:              2749

Latency (ms):
         min:                                   10.96
         avg:                                   43.73
         max:                                   59.08
         99th percentile:                       51.02
         sum:                               120219.38

Threads fairness:
    events (avg/stddev):           68.7250/0.92
    execution time (avg/stddev):   3.0055/0.01

