sysbench 1.0.20 (using system LuaJIT 2.1.0-beta3)

Running the test with following options:
Number of threads: 40
Initializing random number generator from current time


Prime numbers limit: 50000

Initializing worker threads...

Threads started!

CPU speed:
    events per second:   944.75

General statistics:
    total time:                          3.0273s
    total number of events:              2862

Latency (ms):
         min:                                   10.50
         avg:                                   35.31
         max:                                  993.83
         99th percentile:                      520.62
         sum:                               101054.07

Threads fairness:
    events (avg/stddev):           71.5500/17.92
    execution time (avg/stddev):   2.5264/0.47

