sysbench 1.0.20 (using system LuaJIT 2.1.0-beta3)

Running the test with following options:
Number of threads: 40
Initializing random number generator from current time


Prime numbers limit: 50000

Initializing worker threads...

Threads started!

CPU speed:
    events per second:   273.59

General statistics:
    total time:                          3.0969s
    total number of events:              849

Latency (ms):
         min:                                   41.10
         avg:                                  144.22
         max:                                  180.76
         99th percentile:                      173.58
         sum:                               122444.14

Threads fairness:
    events (avg/stddev):           21.2250/0.52
    execution time (avg/stddev):   3.0611/0.03

