sysbench 1.0.20 (using system LuaJIT 2.1.0-beta3)

Running the test with following options:
Number of threads: 40
Initializing random number generator from current time


Prime numbers limit: 50000

Initializing worker threads...

Threads started!

CPU speed:
    events per second:   941.77

General statistics:
    total time:                          3.0276s
    total number of events:              2854

Latency (ms):
         min:                                   10.53
         avg:                                   41.79
         max:                                   87.77
         99th percentile:                       52.89
         sum:                               119264.80

Threads fairness:
    events (avg/stddev):           71.3500/1.01
    execution time (avg/stddev):   2.9816/0.03

