sysbench 1.0.20 (using system LuaJIT 2.1.0-beta3)

Running the test with following options:
Number of threads: 40
Initializing random number generator from current time


Prime numbers limit: 50000

Initializing worker threads...

Threads started!

CPU speed:
    events per second:   716.98

General statistics:
    total time:                          3.0327s
    total number of events:              2177

Latency (ms):
         min:                                   13.83
         avg:                                   51.32
         max:                                  437.50
         99th percentile:                      292.60
         sum:                               111713.28

Threads fairness:
    events (avg/stddev):           54.4250/7.83
    execution time (avg/stddev):   2.7928/0.22

