sysbench 1.0.20 (using system LuaJIT 2.1.0-beta3)

Running the test with following options:
Number of threads: 40
Initializing random number generator from current time


Prime numbers limit: 50000

Initializing worker threads...

Threads started!

CPU speed:
    events per second:   941.33

General statistics:
    total time:                          3.0234s
    total number of events:              2848

Latency (ms):
         min:                                   10.54
         avg:                                   41.86
         max:                                   86.29
         99th percentile:                       55.82
         sum:                               119225.35

Threads fairness:
    events (avg/stddev):           71.2000/0.98
    execution time (avg/stddev):   2.9806/0.03

