sysbench 1.0.20 (using system LuaJIT 2.1.0-beta3)

Running the test with following options:
Number of threads: 40
Initializing random number generator from current time


Prime numbers limit: 50000

Initializing worker threads...

Threads started!

CPU speed:
    events per second:   920.32

General statistics:
    total time:                          3.0305s
    total number of events:              2791

Latency (ms):
         min:                                   15.65
         avg:                                   43.19
         max:                                   64.51
         99th percentile:                       53.85
         sum:                               120531.36

Threads fairness:
    events (avg/stddev):           69.7750/2.45
    execution time (avg/stddev):   3.0133/0.01

