sysbench 1.0.20 (using system LuaJIT 2.1.0-beta3)

Running the test with following options:
Number of threads: 40
Initializing random number generator from current time


Prime numbers limit: 50000

Initializing worker threads...

Threads started!

CPU speed:
    events per second:   915.81

General statistics:
    total time:                          3.0258s
    total number of events:              2773

Latency (ms):
         min:                                   10.53
         avg:                                   43.48
         max:                                   61.82
         99th percentile:                       53.85
         sum:                               120571.98

Threads fairness:
    events (avg/stddev):           69.3250/1.29
    execution time (avg/stddev):   3.0143/0.01

