sysbench 1.0.20 (using system LuaJIT 2.1.0-beta3)

Running the test with following options:
Number of threads: 40
Initializing random number generator from current time


Prime numbers limit: 50000

Initializing worker threads...

Threads started!

CPU speed:
    events per second:   941.61

General statistics:
    total time:                          3.0233s
    total number of events:              2849

Latency (ms):
         min:                                   16.02
         avg:                                   42.12
         max:                                   77.20
         99th percentile:                       51.94
         sum:                               120009.94

Threads fairness:
    events (avg/stddev):           71.2250/0.69
    execution time (avg/stddev):   3.0002/0.01

