sysbench 1.0.20 (using system LuaJIT 2.1.0-beta3)

Running the test with following options:
Number of threads: 40
Initializing random number generator from current time


Prime numbers limit: 50000

Initializing worker threads...

Threads started!

CPU speed:
    events per second:   941.18

General statistics:
    total time:                          3.0252s
    total number of events:              2849

Latency (ms):
         min:                                   15.80
         avg:                                   42.14
         max:                                   67.39
         99th percentile:                       50.11
         sum:                               120069.14

Threads fairness:
    events (avg/stddev):           71.2250/0.76
    execution time (avg/stddev):   3.0017/0.01

