sysbench 1.0.20 (using system LuaJIT 2.1.0-beta3)

Running the test with following options:
Number of threads: 40
Initializing random number generator from current time


Prime numbers limit: 50000

Initializing worker threads...

Threads started!

CPU speed:
    events per second:   916.55

General statistics:
    total time:                          3.0267s
    total number of events:              2776

Latency (ms):
         min:                                   10.54
         avg:                                   43.46
         max:                                   60.53
         99th percentile:                       53.85
         sum:                               120651.43

Threads fairness:
    events (avg/stddev):           69.4000/0.97
    execution time (avg/stddev):   3.0163/0.01

