sysbench 1.0.20 (using system LuaJIT 2.1.0-beta3)

Running the test with following options:
Number of threads: 40
Initializing random number generator from current time


Prime numbers limit: 50000

Initializing worker threads...

Threads started!

CPU speed:
    events per second:   946.44

General statistics:
    total time:                          3.0283s
    total number of events:              2868

Latency (ms):
         min:                                   10.51
         avg:                                   40.73
         max:                                  137.12
         99th percentile:                      102.97
         sum:                               116819.16

Threads fairness:
    events (avg/stddev):           71.7000/4.88
    execution time (avg/stddev):   2.9205/0.09

