sysbench 1.0.20 (using system LuaJIT 2.1.0-beta3)

Running the test with following options:
Number of threads: 40
Initializing random number generator from current time


Prime numbers limit: 50000

Initializing worker threads...

Threads started!

CPU speed:
    events per second:   941.52

General statistics:
    total time:                          3.0208s
    total number of events:              2846

Latency (ms):
         min:                                   15.55
         avg:                                   42.12
         max:                                   69.02
         99th percentile:                       51.94
         sum:                               119866.36

Threads fairness:
    events (avg/stddev):           71.1500/0.79
    execution time (avg/stddev):   2.9967/0.01

