sysbench 1.0.20 (using system LuaJIT 2.1.0-beta3)

Running the test with following options:
Number of threads: 40
Initializing random number generator from current time


Prime numbers limit: 50000

Initializing worker threads...

Threads started!

CPU speed:
    events per second:   832.23

General statistics:
    total time:                          3.0317s
    total number of events:              2525

Latency (ms):
         min:                                   11.97
         avg:                                   47.11
         max:                                   88.37
         99th percentile:                       71.83
         sum:                               118947.80

Threads fairness:
    events (avg/stddev):           63.1250/2.58
    execution time (avg/stddev):   2.9737/0.04

