sysbench 1.0.20 (using system LuaJIT 2.1.0-beta3)

Running the test with following options:
Number of threads: 40
Initializing random number generator from current time


Prime numbers limit: 50000

Initializing worker threads...

Threads started!

CPU speed:
    events per second:   299.13

General statistics:
    total time:                          3.1027s
    total number of events:              930

Latency (ms):
         min:                                   32.94
         avg:                                  130.39
         max:                                  171.61
         99th percentile:                      161.51
         sum:                               121263.47

Threads fairness:
    events (avg/stddev):           23.2500/0.49
    execution time (avg/stddev):   3.0316/0.03

