sysbench 1.0.20 (using system LuaJIT 2.1.0-beta3)

Running the test with following options:
Number of threads: 40
Initializing random number generator from current time


Prime numbers limit: 50000

Initializing worker threads...

Threads started!

CPU speed:
    events per second:   941.34

General statistics:
    total time:                          3.0257s
    total number of events:              2850

Latency (ms):
         min:                                   10.55
         avg:                                   42.16
         max:                                   75.59
         99th percentile:                       51.94
         sum:                               120152.74

Threads fairness:
    events (avg/stddev):           71.2500/0.54
    execution time (avg/stddev):   3.0038/0.01

