sysbench 1.0.20 (using system LuaJIT 2.1.0-beta3)

Running the test with following options:
Number of threads: 40
Initializing random number generator from current time


Prime numbers limit: 50000

Initializing worker threads...

Threads started!

CPU speed:
    events per second:   643.20

General statistics:
    total time:                          3.0380s
    total number of events:              1956

Latency (ms):
         min:                                   15.46
         avg:                                   57.99
         max:                                  419.70
         99th percentile:                      244.38
         sum:                               113426.22

Threads fairness:
    events (avg/stddev):           48.9000/5.83
    execution time (avg/stddev):   2.8357/0.16

