sysbench 1.0.20 (using system LuaJIT 2.1.0-beta3)

Running the test with following options:
Number of threads: 40
Initializing random number generator from current time


Prime numbers limit: 50000

Initializing worker threads...

Threads started!

CPU speed:
    events per second:   301.22

General statistics:
    total time:                          3.0878s
    total number of events:              932

Latency (ms):
         min:                                   32.89
         avg:                                  122.25
         max:                                  612.98
         99th percentile:                      434.83
         sum:                               113932.93

Threads fairness:
    events (avg/stddev):           23.3000/2.22
    execution time (avg/stddev):   2.8483/0.13

