sysbench 1.0.20 (using system LuaJIT 2.1.0-beta3)

Running the test with following options:
Number of threads: 40
Initializing random number generator from current time


Prime numbers limit: 50000

Initializing worker threads...

Threads started!

CPU speed:
    events per second:   945.91

General statistics:
    total time:                          3.0268s
    total number of events:              2865

Latency (ms):
         min:                                   10.53
         avg:                                   41.81
         max:                                   71.54
         99th percentile:                       56.84
         sum:                               119793.46

Threads fairness:
    events (avg/stddev):           71.6250/1.28
    execution time (avg/stddev):   2.9948/0.02

