sysbench 1.0.20 (using system LuaJIT 2.1.0-beta3)

Running the test with following options:
Number of threads: 40
Initializing random number generator from current time


Prime numbers limit: 50000

Initializing worker threads...

Threads started!

CPU speed:
    events per second:   301.12

General statistics:
    total time:                          3.0854s
    total number of events:              931

Latency (ms):
         min:                                   33.69
         avg:                                  129.64
         max:                                  161.89
         99th percentile:                      155.80
         sum:                               120694.43

Threads fairness:
    events (avg/stddev):           23.2750/0.67
    execution time (avg/stddev):   3.0174/0.03

