sysbench 1.0.20 (using system LuaJIT 2.1.0-beta3)

Running the test with following options:
Number of threads: 40
Initializing random number generator from current time


Prime numbers limit: 50000

Initializing worker threads...

Threads started!

CPU speed:
    events per second:   300.15

General statistics:
    total time:                          3.1054s
    total number of events:              934

Latency (ms):
         min:                                   32.88
         avg:                                  104.76
         max:                                 1137.12
         99th percentile:                      634.66
         sum:                                97845.29

Threads fairness:
    events (avg/stddev):           23.3500/7.95
    execution time (avg/stddev):   2.4461/0.59

