sysbench 1.0.20 (using system LuaJIT 2.1.0-beta3)

Running the test with following options:
Number of threads: 40
Initializing random number generator from current time


Prime numbers limit: 50000

Initializing worker threads...

Threads started!

CPU speed:
    events per second:   943.30

General statistics:
    total time:                          3.0330s
    total number of events:              2863

Latency (ms):
         min:                                   10.50
         avg:                                   37.65
         max:                                 1071.45
         99th percentile:                      580.02
         sum:                               107780.56

Threads fairness:
    events (avg/stddev):           71.5750/14.09
    execution time (avg/stddev):   2.6945/0.30

