sysbench 1.0.20 (using system LuaJIT 2.1.0-beta3)

Running the test with following options:
Number of threads: 40
Initializing random number generator from current time


Prime numbers limit: 50000

Initializing worker threads...

Threads started!

CPU speed:
    events per second:   947.15

General statistics:
    total time:                          3.0282s
    total number of events:              2870

Latency (ms):
         min:                                   10.50
         avg:                                   40.91
         max:                                  150.75
         99th percentile:                      101.13
         sum:                               117402.60

Threads fairness:
    events (avg/stddev):           71.7500/3.92
    execution time (avg/stddev):   2.9351/0.08

