sysbench 1.0.20 (using system LuaJIT 2.1.0-beta3)

Running the test with following options:
Number of threads: 40
Initializing random number generator from current time


Prime numbers limit: 50000

Initializing worker threads...

Threads started!

CPU speed:
    events per second:   914.08

General statistics:
    total time:                          3.0318s
    total number of events:              2775

Latency (ms):
         min:                                   10.52
         avg:                                   43.48
         max:                                   63.18
         99th percentile:                       54.83
         sum:                               120664.21

Threads fairness:
    events (avg/stddev):           69.3750/2.15
    execution time (avg/stddev):   3.0166/0.01

