sysbench 1.0.20 (using system LuaJIT 2.1.0-beta3)

Running the test with following options:
Number of threads: 40
Initializing random number generator from current time


Prime numbers limit: 50000

Initializing worker threads...

Threads started!

CPU speed:
    events per second:   943.84

General statistics:
    total time:                          3.0289s
    total number of events:              2861

Latency (ms):
         min:                                   10.51
         avg:                                   38.30
         max:                                  410.69
         99th percentile:                      282.25
         sum:                               109587.08

Threads fairness:
    events (avg/stddev):           71.5250/9.86
    execution time (avg/stddev):   2.7397/0.23

