sysbench 1.0.20 (using system LuaJIT 2.1.0-beta3)

Running the test with following options:
Number of threads: 40
Initializing random number generator from current time


Prime numbers limit: 50000

Initializing worker threads...

Threads started!

CPU speed:
    events per second:   942.98

General statistics:
    total time:                          3.0235s
    total number of events:              2853

Latency (ms):
         min:                                   10.54
         avg:                                   42.00
         max:                                   73.17
         99th percentile:                       56.84
         sum:                               119822.28

Threads fairness:
    events (avg/stddev):           71.3250/0.75
    execution time (avg/stddev):   2.9956/0.02

