sysbench 1.0.20 (using system LuaJIT 2.1.0-beta3)

Running the test with following options:
Number of threads: 40
Initializing random number generator from current time


Prime numbers limit: 50000

Initializing worker threads...

Threads started!

CPU speed:
    events per second:   941.82

General statistics:
    total time:                          3.0230s
    total number of events:              2849

Latency (ms):
         min:                                   10.53
         avg:                                   41.94
         max:                                   87.04
         99th percentile:                       53.85
         sum:                               119478.25

Threads fairness:
    events (avg/stddev):           71.2250/0.99
    execution time (avg/stddev):   2.9870/0.02

