sysbench 1.0.20 (using system LuaJIT 2.1.0-beta3)

Running the test with following options:
Number of threads: 40
Initializing random number generator from current time


Prime numbers limit: 50000

Initializing worker threads...

Threads started!

CPU speed:
    events per second:   945.96

General statistics:
    total time:                          3.0276s
    total number of events:              2866

Latency (ms):
         min:                                   10.50
         avg:                                   41.26
         max:                                  114.80
         99th percentile:                       82.96
         sum:                               118252.72

Threads fairness:
    events (avg/stddev):           71.6500/3.79
    execution time (avg/stddev):   2.9563/0.06

