sysbench 1.0.20 (using system LuaJIT 2.1.0-beta3)

Running the test with following options:
Number of threads: 40
Initializing random number generator from current time


Prime numbers limit: 50000

Initializing worker threads...

Threads started!

CPU speed:
    events per second:   945.34

General statistics:
    total time:                          3.0275s
    total number of events:              2864

Latency (ms):
         min:                                   10.51
         avg:                                   40.26
         max:                                  466.64
         99th percentile:                      287.38
         sum:                               115290.97

Threads fairness:
    events (avg/stddev):           71.6000/8.08
    execution time (avg/stddev):   2.8823/0.11

