sysbench 1.0.20 (using system LuaJIT 2.1.0-beta3)

Running the test with following options:
Number of threads: 40
Initializing random number generator from current time


Prime numbers limit: 50000

Initializing worker threads...

Threads started!

CPU speed:
    events per second:   940.13

General statistics:
    total time:                          3.0283s
    total number of events:              2849

Latency (ms):
         min:                                   10.51
         avg:                                   42.34
         max:                                   58.26
         99th percentile:                       52.89
         sum:                               120612.77

Threads fairness:
    events (avg/stddev):           71.2250/1.31
    execution time (avg/stddev):   3.0153/0.01

