sysbench 1.0.20 (using system LuaJIT 2.1.0-beta3)

Running the test with following options:
Number of threads: 40
Initializing random number generator from current time


Prime numbers limit: 50000

Initializing worker threads...

Threads started!

CPU speed:
    events per second:   944.86

General statistics:
    total time:                          3.0322s
    total number of events:              2867

Latency (ms):
         min:                                   10.51
         avg:                                   41.46
         max:                                  107.98
         99th percentile:                       80.03
         sum:                               118864.77

Threads fairness:
    events (avg/stddev):           71.6750/3.20
    execution time (avg/stddev):   2.9716/0.04

