sysbench 1.0.20 (using system LuaJIT 2.1.0-beta3)

Running the test with following options:
Number of threads: 40
Initializing random number generator from current time


Prime numbers limit: 50000

Initializing worker threads...

Threads started!

CPU speed:
    events per second:   753.09

General statistics:
    total time:                          3.0357s
    total number of events:              2289

Latency (ms):
         min:                                   13.14
         avg:                                   49.54
         max:                                  341.99
         99th percentile:                      262.64
         sum:                               113405.88

Threads fairness:
    events (avg/stddev):           57.2250/6.64
    execution time (avg/stddev):   2.8351/0.18

