sysbench 1.0.20 (using system LuaJIT 2.1.0-beta3)

Running the test with following options:
Number of threads: 40
Initializing random number generator from current time


Prime numbers limit: 50000

Initializing worker threads...

Threads started!

CPU speed:
    events per second:   743.02

General statistics:
    total time:                          3.0336s
    total number of events:              2256

Latency (ms):
         min:                                   13.15
         avg:                                   53.54
         max:                                   78.34
         99th percentile:                       66.84
         sum:                               120789.73

Threads fairness:
    events (avg/stddev):           56.4000/1.48
    execution time (avg/stddev):   3.0197/0.01

