sysbench 1.0.20 (using system LuaJIT 2.1.0-beta3)

Running the test with following options:
Number of threads: 40
Initializing random number generator from current time


Prime numbers limit: 50000

Initializing worker threads...

Threads started!

CPU speed:
    events per second:   902.90

General statistics:
    total time:                          3.0269s
    total number of events:              2735

Latency (ms):
         min:                                   10.97
         avg:                                   44.07
         max:                                   60.08
         99th percentile:                       55.82
         sum:                               120539.06

Threads fairness:
    events (avg/stddev):           68.3750/1.67
    execution time (avg/stddev):   3.0135/0.01

