sysbench 1.0.20 (using system LuaJIT 2.1.0-beta3)

Running the test with following options:
Number of threads: 40
Initializing random number generator from current time


Prime numbers limit: 50000

Initializing worker threads...

Threads started!

CPU speed:
    events per second:   941.91

General statistics:
    total time:                          3.0278s
    total number of events:              2854

Latency (ms):
         min:                                   10.51
         avg:                                   40.95
         max:                                  245.94
         99th percentile:                      132.49
         sum:                               116879.33

Threads fairness:
    events (avg/stddev):           71.3500/2.52
    execution time (avg/stddev):   2.9220/0.07

