sysbench 1.0.20 (using system LuaJIT 2.1.0-beta3)

Running the test with following options:
Number of threads: 40
Initializing random number generator from current time


Prime numbers limit: 50000

Initializing worker threads...

Threads started!

CPU speed:
    events per second:   942.91

General statistics:
    total time:                          3.0217s
    total number of events:              2851

Latency (ms):
         min:                                   10.53
         avg:                                   41.80
         max:                                   98.97
         99th percentile:                       57.87
         sum:                               119174.57

Threads fairness:
    events (avg/stddev):           71.2750/1.34
    execution time (avg/stddev):   2.9794/0.02

