sysbench 1.0.20 (using system LuaJIT 2.1.0-beta3)

Running the test with following options:
Number of threads: 40
Initializing random number generator from current time


Prime numbers limit: 50000

Initializing worker threads...

Threads started!

CPU speed:
    events per second:   940.20

General statistics:
    total time:                          3.0217s
    total number of events:              2843

Latency (ms):
         min:                                   10.61
         avg:                                   42.36
         max:                                   55.12
         99th percentile:                       52.89
         sum:                               120433.74

Threads fairness:
    events (avg/stddev):           71.0750/2.82
    execution time (avg/stddev):   3.0108/0.01

