sysbench 1.0.20 (using system LuaJIT 2.1.0-beta3)

Running the test with following options:
Number of threads: 40
Initializing random number generator from current time


Prime numbers limit: 50000

Initializing worker threads...

Threads started!

CPU speed:
    events per second:   940.72

General statistics:
    total time:                          3.0349s
    total number of events:              2857

Latency (ms):
         min:                                   10.53
         avg:                                   42.23
         max:                                   55.98
         99th percentile:                       52.89
         sum:                               120641.54

Threads fairness:
    events (avg/stddev):           71.4250/1.18
    execution time (avg/stddev):   3.0160/0.01

