sysbench 1.0.20 (using system LuaJIT 2.1.0-beta3)

Running the test with following options:
Number of threads: 40
Initializing random number generator from current time


Prime numbers limit: 50000

Initializing worker threads...

Threads started!

CPU speed:
    events per second:   946.58

General statistics:
    total time:                          3.0288s
    total number of events:              2869

Latency (ms):
         min:                                   10.51
         avg:                                   41.46
         max:                                  109.58
         99th percentile:                       70.55
         sum:                               118960.92

Threads fairness:
    events (avg/stddev):           71.7250/1.61
    execution time (avg/stddev):   2.9740/0.04

