sysbench 1.0.20 (using system LuaJIT 2.1.0-beta3)

Running the test with following options:
Number of threads: 40
Initializing random number generator from current time


Prime numbers limit: 50000

Initializing worker threads...

Threads started!

CPU speed:
    events per second:   946.85

General statistics:
    total time:                          3.0269s
    total number of events:              2868

Latency (ms):
         min:                                   10.51
         avg:                                   41.42
         max:                                  124.62
         99th percentile:                       65.65
         sum:                               118786.71

Threads fairness:
    events (avg/stddev):           71.7000/1.55
    execution time (avg/stddev):   2.9697/0.03

