sysbench 1.0.20 (using system LuaJIT 2.1.0-beta3)

Running the test with following options:
Number of threads: 40
Initializing random number generator from current time


Prime numbers limit: 50000

Initializing worker threads...

Threads started!

CPU speed:
    events per second:   944.10

General statistics:
    total time:                          3.0251s
    total number of events:              2858

Latency (ms):
         min:                                   10.52
         avg:                                   42.12
         max:                                   54.78
         99th percentile:                       50.11
         sum:                               120384.76

Threads fairness:
    events (avg/stddev):           71.4500/1.22
    execution time (avg/stddev):   3.0096/0.01

