sysbench 1.0.20 (using system LuaJIT 2.1.0-beta3)

Running the test with following options:
Number of threads: 40
Initializing random number generator from current time


Prime numbers limit: 50000

Initializing worker threads...

Threads started!

CPU speed:
    events per second:   942.06

General statistics:
    total time:                          3.0253s
    total number of events:              2852

Latency (ms):
         min:                                   10.52
         avg:                                   41.84
         max:                                   89.51
         99th percentile:                       53.85
         sum:                               119329.24

Threads fairness:
    events (avg/stddev):           71.3000/0.98
    execution time (avg/stddev):   2.9832/0.03

