sysbench 1.0.20 (using system LuaJIT 2.1.0-beta3)

Running the test with following options:
Number of threads: 40
Initializing random number generator from current time


Prime numbers limit: 50000

Initializing worker threads...

Threads started!

CPU speed:
    events per second:   945.53

General statistics:
    total time:                          3.0258s
    total number of events:              2863

Latency (ms):
         min:                                   10.53
         avg:                                   41.95
         max:                                   57.42
         99th percentile:                       49.21
         sum:                               120104.38

Threads fairness:
    events (avg/stddev):           71.5750/1.22
    execution time (avg/stddev):   3.0026/0.01

