sysbench 1.0.20 (using system LuaJIT 2.1.0-beta3)

Running the test with following options:
Number of threads: 40
Initializing random number generator from current time


Prime numbers limit: 50000

Initializing worker threads...

Threads started!

CPU speed:
    events per second:   946.36

General statistics:
    total time:                          3.0274s
    total number of events:              2867

Latency (ms):
         min:                                   10.51
         avg:                                   41.70
         max:                                   83.81
         99th percentile:                       52.89
         sum:                               119556.61

Threads fairness:
    events (avg/stddev):           71.6750/1.23
    execution time (avg/stddev):   2.9889/0.02

