sysbench 1.0.20 (using system LuaJIT 2.1.0-beta3)

Running the test with following options:
Number of threads: 40
Initializing random number generator from current time


Prime numbers limit: 50000

Initializing worker threads...

Threads started!

CPU speed:
    events per second:   942.42

General statistics:
    total time:                          3.0274s
    total number of events:              2855

Latency (ms):
         min:                                   10.54
         avg:                                   41.84
         max:                                  104.28
         99th percentile:                       52.89
         sum:                               119452.24

Threads fairness:
    events (avg/stddev):           71.3750/0.91
    execution time (avg/stddev):   2.9863/0.03

