sysbench 1.0.20 (using system LuaJIT 2.1.0-beta3)

Running the test with following options:
Number of threads: 40
Initializing random number generator from current time


Prime numbers limit: 50000

Initializing worker threads...

Threads started!

CPU speed:
    events per second:   939.13

General statistics:
    total time:                          3.0262s
    total number of events:              2844

Latency (ms):
         min:                                   10.52
         avg:                                   42.40
         max:                                   58.94
         99th percentile:                       53.85
         sum:                               120578.75

Threads fairness:
    events (avg/stddev):           71.1000/1.79
    execution time (avg/stddev):   3.0145/0.01

