sysbench 1.0.20 (using system LuaJIT 2.1.0-beta3)

Running the test with following options:
Number of threads: 40
Initializing random number generator from current time


Prime numbers limit: 50000

Initializing worker threads...

Threads started!

CPU speed:
    events per second:   792.67

General statistics:
    total time:                          3.0353s
    total number of events:              2408

Latency (ms):
         min:                                   12.51
         avg:                                   49.93
         max:                                   70.84
         99th percentile:                       61.08
         sum:                               120230.99

Threads fairness:
    events (avg/stddev):           60.2000/1.38
    execution time (avg/stddev):   3.0058/0.01

