sysbench 1.0.20 (using system LuaJIT 2.1.0-beta3)

Running the test with following options:
Number of threads: 40
Initializing random number generator from current time


Prime numbers limit: 50000

Initializing worker threads...

Threads started!

CPU speed:
    events per second:   946.51

General statistics:
    total time:                          3.0280s
    total number of events:              2868

Latency (ms):
         min:                                   10.52
         avg:                                   41.80
         max:                                   74.34
         99th percentile:                       62.19
         sum:                               119885.99

Threads fairness:
    events (avg/stddev):           71.7000/2.05
    execution time (avg/stddev):   2.9971/0.02

