sysbench 1.0.20 (using system LuaJIT 2.1.0-beta3)

Running the test with following options:
Number of threads: 40
Initializing random number generator from current time


Prime numbers limit: 50000

Initializing worker threads...

Threads started!

CPU speed:
    events per second:   911.81

General statistics:
    total time:                          3.0253s
    total number of events:              2761

Latency (ms):
         min:                                   10.55
         avg:                                   43.62
         max:                                   77.73
         99th percentile:                       61.08
         sum:                               120438.81

Threads fairness:
    events (avg/stddev):           69.0250/4.25
    execution time (avg/stddev):   3.0110/0.01

