sysbench 1.0.20 (using system LuaJIT 2.1.0-beta3)

Running the test with following options:
Number of threads: 40
Initializing random number generator from current time


Prime numbers limit: 50000

Initializing worker threads...

Threads started!

CPU speed:
    events per second:   943.21

General statistics:
    total time:                          3.0280s
    total number of events:              2858

Latency (ms):
         min:                                   10.51
         avg:                                   41.87
         max:                                   81.61
         99th percentile:                       66.84
         sum:                               119654.35

Threads fairness:
    events (avg/stddev):           71.4500/2.24
    execution time (avg/stddev):   2.9914/0.02

