sysbench 1.0.20 (using system LuaJIT 2.1.0-beta3)

Running the test with following options:
Number of threads: 40
Initializing random number generator from current time


Prime numbers limit: 50000

Initializing worker threads...

Threads started!

CPU speed:
    events per second:   943.99

General statistics:
    total time:                          3.0244s
    total number of events:              2857

Latency (ms):
         min:                                   10.53
         avg:                                   42.12
         max:                                   55.69
         99th percentile:                       51.02
         sum:                               120336.79

Threads fairness:
    events (avg/stddev):           71.4250/1.64
    execution time (avg/stddev):   3.0084/0.01

