sysbench 1.0.20 (using system LuaJIT 2.1.0-beta3)

Running the test with following options:
Number of threads: 40
Initializing random number generator from current time


Prime numbers limit: 50000

Initializing worker threads...

Threads started!

CPU speed:
    events per second:   942.03

General statistics:
    total time:                          3.0284s
    total number of events:              2855

Latency (ms):
         min:                                   15.01
         avg:                                   42.12
         max:                                   84.62
         99th percentile:                       49.21
         sum:                               120248.51

Threads fairness:
    events (avg/stddev):           71.3750/0.62
    execution time (avg/stddev):   3.0062/0.01

