sysbench 1.0.20 (using system LuaJIT 2.1.0-beta3)

Running the test with following options:
Number of threads: 40
Initializing random number generator from current time


Prime numbers limit: 50000

Initializing worker threads...

Threads started!

CPU speed:
    events per second:   944.21

General statistics:
    total time:                          3.0301s
    total number of events:              2863

Latency (ms):
         min:                                   10.51
         avg:                                   36.09
         max:                                  910.74
         99th percentile:                      475.79
         sum:                               103319.30

Threads fairness:
    events (avg/stddev):           71.5750/19.77
    execution time (avg/stddev):   2.5830/0.40

