sysbench 1.0.20 (using system LuaJIT 2.1.0-beta3)

Running the test with following options:
Number of threads: 40
Initializing random number generator from current time


Prime numbers limit: 50000

Initializing worker threads...

Threads started!

CPU speed:
    events per second:   941.49

General statistics:
    total time:                          3.0199s
    total number of events:              2845

Latency (ms):
         min:                                   10.54
         avg:                                   42.02
         max:                                   76.10
         99th percentile:                       57.87
         sum:                               119547.22

Threads fairness:
    events (avg/stddev):           71.1250/1.44
    execution time (avg/stddev):   2.9887/0.02

