sysbench 1.0.20 (using system LuaJIT 2.1.0-beta3)

Running the test with following options:
Number of threads: 40
Initializing random number generator from current time


Prime numbers limit: 50000

Initializing worker threads...

Threads started!

CPU speed:
    events per second:   943.88

General statistics:
    total time:                          3.0227s
    total number of events:              2855

Latency (ms):
         min:                                   10.53
         avg:                                   42.17
         max:                                   58.73
         99th percentile:                       49.21
         sum:                               120386.08

Threads fairness:
    events (avg/stddev):           71.3750/0.70
    execution time (avg/stddev):   3.0097/0.01

