sysbench 1.0.20 (using system LuaJIT 2.1.0-beta3)

Running the test with following options:
Number of threads: 40
Initializing random number generator from current time


Prime numbers limit: 50000

Initializing worker threads...

Threads started!

CPU speed:
    events per second:   941.37

General statistics:
    total time:                          3.0288s
    total number of events:              2853

Latency (ms):
         min:                                   15.34
         avg:                                   42.05
         max:                                   81.58
         99th percentile:                       49.21
         sum:                               119957.71

Threads fairness:
    events (avg/stddev):           71.3250/0.61
    execution time (avg/stddev):   2.9989/0.01

