sysbench 1.0.20 (using system LuaJIT 2.1.0-beta3)

Running the test with following options:
Number of threads: 40
Initializing random number generator from current time


Prime numbers limit: 50000

Initializing worker threads...

Threads started!

CPU speed:
    events per second:   941.87

General statistics:
    total time:                          3.0249s
    total number of events:              2851

Latency (ms):
         min:                                   10.54
         avg:                                   41.89
         max:                                  102.06
         99th percentile:                       58.92
         sum:                               119429.49

Threads fairness:
    events (avg/stddev):           71.2750/1.02
    execution time (avg/stddev):   2.9857/0.02

