sysbench 1.0.20 (using system LuaJIT 2.1.0-beta3)

Running the test with following options:
Number of threads: 40
Initializing random number generator from current time


Prime numbers limit: 50000

Initializing worker threads...

Threads started!

CPU speed:
    events per second:   794.25

General statistics:
    total time:                          3.0330s
    total number of events:              2411

Latency (ms):
         min:                                   12.53
         avg:                                   49.69
         max:                                   96.04
         99th percentile:                       66.84
         sum:                               119810.58

Threads fairness:
    events (avg/stddev):           60.2750/0.84
    execution time (avg/stddev):   2.9953/0.02

