sysbench 1.0.20 (using system LuaJIT 2.1.0-beta3)

Running the test with following options:
Number of threads: 40
Initializing random number generator from current time


Prime numbers limit: 50000

Initializing worker threads...

Threads started!

CPU speed:
    events per second:   918.30

General statistics:
    total time:                          3.0276s
    total number of events:              2782

Latency (ms):
         min:                                   10.53
         avg:                                   43.36
         max:                                   62.72
         99th percentile:                       54.83
         sum:                               120627.69

Threads fairness:
    events (avg/stddev):           69.5500/1.63
    execution time (avg/stddev):   3.0157/0.01

