sysbench 1.0.20 (using system LuaJIT 2.1.0-beta3)

Running the test with following options:
Number of threads: 40
Initializing random number generator from current time


Prime numbers limit: 50000

Initializing worker threads...

Threads started!

CPU speed:
    events per second:   945.03

General statistics:
    total time:                          3.0274s
    total number of events:              2863

Latency (ms):
         min:                                   10.52
         avg:                                   42.10
         max:                                   54.66
         99th percentile:                       50.11
         sum:                               120521.15

Threads fairness:
    events (avg/stddev):           71.5750/1.00
    execution time (avg/stddev):   3.0130/0.01

