sysbench 1.0.20 (using system LuaJIT 2.1.0-beta3)

Running the test with following options:
Number of threads: 40
Initializing random number generator from current time


Prime numbers limit: 50000

Initializing worker threads...

Threads started!

CPU speed:
    events per second:   941.09

General statistics:
    total time:                          3.0263s
    total number of events:              2850

Latency (ms):
         min:                                   10.53
         avg:                                   41.94
         max:                                  110.05
         99th percentile:                       53.85
         sum:                               119522.80

Threads fairness:
    events (avg/stddev):           71.2500/1.07
    execution time (avg/stddev):   2.9881/0.02

