sysbench 1.0.20 (using system LuaJIT 2.1.0-beta3)

Running the test with following options:
Number of threads: 40
Initializing random number generator from current time


Prime numbers limit: 50000

Initializing worker threads...

Threads started!

CPU speed:
    events per second:   944.89

General statistics:
    total time:                          3.0279s
    total number of events:              2863

Latency (ms):
         min:                                   10.52
         avg:                                   41.45
         max:                                  110.71
         99th percentile:                       80.03
         sum:                               118658.25

Threads fairness:
    events (avg/stddev):           71.5750/4.16
    execution time (avg/stddev):   2.9665/0.04

