sysbench 1.0.20 (using system LuaJIT 2.1.0-beta3)

Running the test with following options:
Number of threads: 40
Initializing random number generator from current time


Prime numbers limit: 50000

Initializing worker threads...

Threads started!

CPU speed:
    events per second:   915.86

General statistics:
    total time:                          3.0268s
    total number of events:              2774

Latency (ms):
         min:                                   10.52
         avg:                                   43.48
         max:                                   62.88
         99th percentile:                       53.85
         sum:                               120615.09

Threads fairness:
    events (avg/stddev):           69.3500/1.28
    execution time (avg/stddev):   3.0154/0.01

