sysbench 1.0.20 (using system LuaJIT 2.1.0-beta3)

Running the test with following options:
Number of threads: 40
Initializing random number generator from current time


Prime numbers limit: 50000

Initializing worker threads...

Threads started!

CPU speed:
    events per second:   939.49

General statistics:
    total time:                          3.0261s
    total number of events:              2845

Latency (ms):
         min:                                   10.51
         avg:                                   38.69
         max:                                 1419.58
         99th percentile:                      580.02
         sum:                               110080.66

Threads fairness:
    events (avg/stddev):           71.1250/18.62
    execution time (avg/stddev):   2.7520/0.24

