sysbench 1.0.20 (using system LuaJIT 2.1.0-beta3)

Running the test with following options:
Number of threads: 40
Initializing random number generator from current time


Prime numbers limit: 50000

Initializing worker threads...

Threads started!

CPU speed:
    events per second:   899.77

General statistics:
    total time:                          3.0330s
    total number of events:              2732

Latency (ms):
         min:                                   22.01
         avg:                                   44.12
         max:                                   68.60
         99th percentile:                       55.82
         sum:                               120522.76

Threads fairness:
    events (avg/stddev):           68.3000/1.29
    execution time (avg/stddev):   3.0131/0.01

