sysbench 1.0.20 (using system LuaJIT 2.1.0-beta3)

Running the test with following options:
Number of threads: 40
Initializing random number generator from current time


Prime numbers limit: 50000

Initializing worker threads...

Threads started!

CPU speed:
    events per second:   301.32

General statistics:
    total time:                          3.0801s
    total number of events:              930

Latency (ms):
         min:                                   32.90
         avg:                                  128.27
         max:                                  260.69
         99th percentile:                      223.34
         sum:                               119293.78

Threads fairness:
    events (avg/stddev):           23.2500/1.04
    execution time (avg/stddev):   2.9823/0.06

