sysbench 1.0.20 (using system LuaJIT 2.1.0-beta3)

Running the test with following options:
Number of threads: 40
Initializing random number generator from current time


Prime numbers limit: 50000

Initializing worker threads...

Threads started!

CPU speed:
    events per second:   941.25

General statistics:
    total time:                          3.0228s
    total number of events:              2847

Latency (ms):
         min:                                   10.53
         avg:                                   42.14
         max:                                   74.61
         99th percentile:                       51.02
         sum:                               119974.95

Threads fairness:
    events (avg/stddev):           71.1750/1.18
    execution time (avg/stddev):   2.9994/0.01

