sysbench 1.0.20 (using system LuaJIT 2.1.0-beta3)

Running the test with following options:
Number of threads: 40
Initializing random number generator from current time


Prime numbers limit: 50000

Initializing worker threads...

Threads started!

CPU speed:
    events per second:   643.12

General statistics:
    total time:                          3.0384s
    total number of events:              1956

Latency (ms):
         min:                                   15.46
         avg:                                   61.23
         max:                                   96.60
         99th percentile:                       78.60
         sum:                               119764.84

Threads fairness:
    events (avg/stddev):           48.9000/0.86
    execution time (avg/stddev):   2.9941/0.03

