sysbench 1.0.20 (using system LuaJIT 2.1.0-beta3)

Running the test with following options:
Number of threads: 40
Initializing random number generator from current time


Prime numbers limit: 50000

Initializing worker threads...

Threads started!

CPU speed:
    events per second:   300.04

General statistics:
    total time:                          3.1029s
    total number of events:              933

Latency (ms):
         min:                                   32.88
         avg:                                  124.06
         max:                                  681.42
         99th percentile:                      484.44
         sum:                               115749.73

Threads fairness:
    events (avg/stddev):           23.3250/2.49
    execution time (avg/stddev):   2.8937/0.13

