sysbench 1.0.20 (using system LuaJIT 2.1.0-beta3)

Running the test with following options:
Number of threads: 40
Initializing random number generator from current time


Prime numbers limit: 50000

Initializing worker threads...

Threads started!

CPU speed:
    events per second:   944.71

General statistics:
    total time:                          3.0232s
    total number of events:              2858

Latency (ms):
         min:                                   10.53
         avg:                                   42.08
         max:                                   54.67
         99th percentile:                       45.79
         sum:                               120269.61

Threads fairness:
    events (avg/stddev):           71.4500/0.59
    execution time (avg/stddev):   3.0067/0.01

