sysbench 1.0.20 (using system LuaJIT 2.1.0-beta3)

Running the test with following options:
Number of threads: 40
Initializing random number generator from current time


Prime numbers limit: 50000

Initializing worker threads...

Threads started!

CPU speed:
    events per second:   943.08

General statistics:
    total time:                          3.0264s
    total number of events:              2856

Latency (ms):
         min:                                   10.53
         avg:                                   41.81
         max:                                   90.90
         99th percentile:                       52.89
         sum:                               119419.34

Threads fairness:
    events (avg/stddev):           71.4000/0.86
    execution time (avg/stddev):   2.9855/0.02

