sysbench 1.0.20 (using system LuaJIT 2.1.0-beta3)

Running the test with following options:
Number of threads: 40
Initializing random number generator from current time


Prime numbers limit: 50000

Initializing worker threads...

Threads started!

CPU speed:
    events per second:   946.17

General statistics:
    total time:                          3.0259s
    total number of events:              2865

Latency (ms):
         min:                                   10.52
         avg:                                   41.80
         max:                                   77.06
         99th percentile:                       56.84
         sum:                               119748.92

Threads fairness:
    events (avg/stddev):           71.6250/1.67
    execution time (avg/stddev):   2.9937/0.02

