sysbench 1.0.20 (using system LuaJIT 2.1.0-beta3)

Running the test with following options:
Number of threads: 40
Initializing random number generator from current time


Prime numbers limit: 50000

Initializing worker threads...

Threads started!

CPU speed:
    events per second:   944.22

General statistics:
    total time:                          3.0290s
    total number of events:              2862

Latency (ms):
         min:                                   10.53
         avg:                                   41.43
         max:                                  103.14
         99th percentile:                       73.13
         sum:                               118576.39

Threads fairness:
    events (avg/stddev):           71.5500/3.65
    execution time (avg/stddev):   2.9644/0.05

