sysbench 1.0.20 (using system LuaJIT 2.1.0-beta3)

Running the test with following options:
Number of threads: 40
Initializing random number generator from current time


Prime numbers limit: 50000

Initializing worker threads...

Threads started!

CPU speed:
    events per second:   940.77

General statistics:
    total time:                          3.0301s
    total number of events:              2853

Latency (ms):
         min:                                   10.51
         avg:                                   39.57
         max:                                  443.06
         99th percentile:                      292.60
         sum:                               112903.51

Threads fairness:
    events (avg/stddev):           71.3250/5.70
    execution time (avg/stddev):   2.8226/0.16

