sysbench 1.0.20 (using system LuaJIT 2.1.0-beta3)

Running the test with following options:
Number of threads: 40
Initializing random number generator from current time


Prime numbers limit: 50000

Initializing worker threads...

Threads started!

CPU speed:
    events per second:   946.32

General statistics:
    total time:                          3.0307s
    total number of events:              2870

Latency (ms):
         min:                                   10.50
         avg:                                   40.64
         max:                                  217.85
         99th percentile:                      147.61
         sum:                               116630.55

Threads fairness:
    events (avg/stddev):           71.7500/3.39
    execution time (avg/stddev):   2.9158/0.09

