sysbench 1.0.20 (using system LuaJIT 2.1.0-beta3)

Running the test with following options:
Number of threads: 40
Initializing random number generator from current time


Prime numbers limit: 50000

Initializing worker threads...

Threads started!

CPU speed:
    events per second:   945.33

General statistics:
    total time:                          3.0275s
    total number of events:              2864

Latency (ms):
         min:                                   10.51
         avg:                                   41.79
         max:                                   85.79
         99th percentile:                       56.84
         sum:                               119694.37

Threads fairness:
    events (avg/stddev):           71.6000/1.07
    execution time (avg/stddev):   2.9924/0.02

