sysbench 1.0.20 (using system LuaJIT 2.1.0-beta3)

Running the test with following options:
Number of threads: 40
Initializing random number generator from current time


Prime numbers limit: 50000

Initializing worker threads...

Threads started!

CPU speed:
    events per second:   945.75

General statistics:
    total time:                          3.0246s
    total number of events:              2863

Latency (ms):
         min:                                   10.50
         avg:                                   40.83
         max:                                  161.40
         99th percentile:                      118.92
         sum:                               116906.37

Threads fairness:
    events (avg/stddev):           71.5750/4.77
    execution time (avg/stddev):   2.9227/0.08

