sysbench 1.0.20 (using system LuaJIT 2.1.0-beta3)

Running the test with following options:
Number of threads: 40
Initializing random number generator from current time


Prime numbers limit: 50000

Initializing worker threads...

Threads started!

CPU speed:
    events per second:   941.21

General statistics:
    total time:                          3.0280s
    total number of events:              2852

Latency (ms):
         min:                                   10.52
         avg:                                   41.90
         max:                                   98.55
         99th percentile:                       51.02
         sum:                               119504.29

Threads fairness:
    events (avg/stddev):           71.3000/0.71
    execution time (avg/stddev):   2.9876/0.02

