sysbench 1.0.20 (using system LuaJIT 2.1.0-beta3)

Running the test with following options:
Number of threads: 40
Initializing random number generator from current time


Prime numbers limit: 50000

Initializing worker threads...

Threads started!

CPU speed:
    events per second:   941.66

General statistics:
    total time:                          3.0278s
    total number of events:              2853

Latency (ms):
         min:                                   10.53
         avg:                                   41.88
         max:                                   93.09
         99th percentile:                       56.84
         sum:                               119470.26

Threads fairness:
    events (avg/stddev):           71.3250/0.88
    execution time (avg/stddev):   2.9868/0.02

