sysbench 1.0.20 (using system LuaJIT 2.1.0-beta3)

Running the test with following options:
Number of threads: 40
Initializing random number generator from current time


Prime numbers limit: 50000

Initializing worker threads...

Threads started!

CPU speed:
    events per second:   917.96

General statistics:
    total time:                          3.0242s
    total number of events:              2778

Latency (ms):
         min:                                   10.53
         avg:                                   43.00
         max:                                   94.51
         99th percentile:                       52.89
         sum:                               119445.01

Threads fairness:
    events (avg/stddev):           69.4500/1.00
    execution time (avg/stddev):   2.9861/0.02

