sysbench 1.0.20 (using system LuaJIT 2.1.0-beta3)

Running the test with following options:
Number of threads: 40
Initializing random number generator from current time


Prime numbers limit: 50000

Initializing worker threads...

Threads started!

CPU speed:
    events per second:   944.67

General statistics:
    total time:                          3.0296s
    total number of events:              2864

Latency (ms):
         min:                                   10.50
         avg:                                   39.14
         max:                                  490.99
         99th percentile:                      292.60
         sum:                               112104.18

Threads fairness:
    events (avg/stddev):           71.6000/10.19
    execution time (avg/stddev):   2.8026/0.23

