sysbench 1.0.20 (using system LuaJIT 2.1.0-beta3)

Running the test with following options:
Number of threads: 40
Initializing random number generator from current time


Prime numbers limit: 50000

Initializing worker threads...

Threads started!

CPU speed:
    events per second:   946.69

General statistics:
    total time:                          3.0263s
    total number of events:              2867

Latency (ms):
         min:                                   10.51
         avg:                                   41.47
         max:                                  100.36
         99th percentile:                       70.55
         sum:                               118905.16

Threads fairness:
    events (avg/stddev):           71.6750/1.37
    execution time (avg/stddev):   2.9726/0.04

