sysbench 1.0.20 (using system LuaJIT 2.1.0-beta3)

Running the test with following options:
Number of threads: 40
Initializing random number generator from current time


Prime numbers limit: 50000

Initializing worker threads...

Threads started!

CPU speed:
    events per second:   450.80

General statistics:
    total time:                          3.0701s
    total number of events:              1386

Latency (ms):
         min:                                   21.90
         avg:                                   81.75
         max:                                  410.19
         99th percentile:                      314.45
         sum:                               113309.51

Threads fairness:
    events (avg/stddev):           34.6500/4.62
    execution time (avg/stddev):   2.8327/0.20

