sysbench 1.0.20 (using system LuaJIT 2.1.0-beta3)

Running the test with following options:
Number of threads: 40
Initializing random number generator from current time


Prime numbers limit: 50000

Initializing worker threads...

Threads started!

CPU speed:
    events per second:   941.00

General statistics:
    total time:                          3.0255s
    total number of events:              2849

Latency (ms):
         min:                                   10.53
         avg:                                   42.30
         max:                                   56.22
         99th percentile:                       51.02
         sum:                               120515.62

Threads fairness:
    events (avg/stddev):           71.2250/0.96
    execution time (avg/stddev):   3.0129/0.01

