sysbench 1.0.20 (using system LuaJIT 2.1.0-beta3)

Running the test with following options:
Number of threads: 40
Initializing random number generator from current time


Prime numbers limit: 50000

Initializing worker threads...

Threads started!

CPU speed:
    events per second:   933.44

General statistics:
    total time:                          3.0383s
    total number of events:              2838

Latency (ms):
         min:                                   10.54
         avg:                                   42.54
         max:                                   58.57
         99th percentile:                       51.02
         sum:                               120721.32

Threads fairness:
    events (avg/stddev):           70.9500/1.47
    execution time (avg/stddev):   3.0180/0.01

