sysbench 1.0.20 (using system LuaJIT 2.1.0-beta3)

Running the test with following options:
Number of threads: 40
Initializing random number generator from current time


Prime numbers limit: 50000

Initializing worker threads...

Threads started!

CPU speed:
    events per second:   941.44

General statistics:
    total time:                          3.0264s
    total number of events:              2851

Latency (ms):
         min:                                   15.34
         avg:                                   42.07
         max:                                   73.97
         99th percentile:                       48.34
         sum:                               119942.37

Threads fairness:
    events (avg/stddev):           71.2750/0.63
    execution time (avg/stddev):   2.9986/0.02

