sysbench 1.0.20 (using system LuaJIT 2.1.0-beta3)

Running the test with following options:
Number of threads: 40
Initializing random number generator from current time


Prime numbers limit: 50000

Initializing worker threads...

Threads started!

CPU speed:
    events per second:   945.74

General statistics:
    total time:                          3.0220s
    total number of events:              2860

Latency (ms):
         min:                                   10.53
         avg:                                   41.98
         max:                                   59.61
         99th percentile:                       51.02
         sum:                               120076.12

Threads fairness:
    events (avg/stddev):           71.5000/2.17
    execution time (avg/stddev):   3.0019/0.01

