sysbench 1.0.20 (using system LuaJIT 2.1.0-beta3)

Running the test with following options:
Number of threads: 40
Initializing random number generator from current time


Prime numbers limit: 50000

Initializing worker threads...

Threads started!

CPU speed:
    events per second:   939.91

General statistics:
    total time:                          3.0259s
    total number of events:              2846

Latency (ms):
         min:                                   10.55
         avg:                                   42.31
         max:                                   70.36
         99th percentile:                       56.84
         sum:                               120404.30

Threads fairness:
    events (avg/stddev):           71.1500/0.61
    execution time (avg/stddev):   3.0101/0.01

