sysbench 1.0.20 (using system LuaJIT 2.1.0-beta3)

Running the test with following options:
Number of threads: 40
Initializing random number generator from current time


Prime numbers limit: 50000

Initializing worker threads...

Threads started!

CPU speed:
    events per second:   945.35

General statistics:
    total time:                          3.0223s
    total number of events:              2859

Latency (ms):
         min:                                   11.43
         avg:                                   41.97
         max:                                   57.25
         99th percentile:                       47.47
         sum:                               119996.37

Threads fairness:
    events (avg/stddev):           71.4750/0.63
    execution time (avg/stddev):   2.9999/0.01

