sysbench 1.0.20 (using system LuaJIT 2.1.0-beta3)

Running the test with following options:
Number of threads: 40
Initializing random number generator from current time


Prime numbers limit: 50000

Initializing worker threads...

Threads started!

CPU speed:
    events per second:   944.38

General statistics:
    total time:                          3.0317s
    total number of events:              2865

Latency (ms):
         min:                                   10.51
         avg:                                   40.17
         max:                                  511.01
         99th percentile:                      272.27
         sum:                               115093.47

Threads fairness:
    events (avg/stddev):           71.6250/8.64
    execution time (avg/stddev):   2.8773/0.13

