sysbench 1.0.20 (using system LuaJIT 2.1.0-beta3)

Running the test with following options:
Number of threads: 40
Initializing random number generator from current time


Prime numbers limit: 50000

Initializing worker threads...

Threads started!

CPU speed:
    events per second:   941.57

General statistics:
    total time:                          3.0248s
    total number of events:              2850

Latency (ms):
         min:                                   15.55
         avg:                                   42.06
         max:                                   73.71
         99th percentile:                       50.11
         sum:                               119878.89

Threads fairness:
    events (avg/stddev):           71.2500/0.77
    execution time (avg/stddev):   2.9970/0.01

