sysbench 1.0.20 (using system LuaJIT 2.1.0-beta3)

Running the test with following options:
Number of threads: 40
Initializing random number generator from current time


Prime numbers limit: 50000

Initializing worker threads...

Threads started!

CPU speed:
    events per second:   940.59

General statistics:
    total time:                          3.0268s
    total number of events:              2849

Latency (ms):
         min:                                   10.52
         avg:                                   42.30
         max:                                   54.54
         99th percentile:                       51.94
         sum:                               120504.71

Threads fairness:
    events (avg/stddev):           71.2250/1.60
    execution time (avg/stddev):   3.0126/0.01

