sysbench 1.0.20 (using system LuaJIT 2.1.0-beta3)

Running the test with following options:
Number of threads: 40
Initializing random number generator from current time


Prime numbers limit: 50000

Initializing worker threads...

Threads started!

CPU speed:
    events per second:   942.21

General statistics:
    total time:                          3.0217s
    total number of events:              2849

Latency (ms):
         min:                                   10.54
         avg:                                   42.00
         max:                                   77.32
         99th percentile:                       52.89
         sum:                               119663.00

Threads fairness:
    events (avg/stddev):           71.2250/0.69
    execution time (avg/stddev):   2.9916/0.02

