sysbench 1.0.20 (using system LuaJIT 2.1.0-beta3)

Running the test with following options:
Number of threads: 40
Initializing random number generator from current time


Prime numbers limit: 50000

Initializing worker threads...

Threads started!

CPU speed:
    events per second:   300.10

General statistics:
    total time:                          3.1093s
    total number of events:              935

Latency (ms):
         min:                                   32.89
         avg:                                  103.49
         max:                                  833.19
         99th percentile:                      590.56
         sum:                                96758.77

Threads fairness:
    events (avg/stddev):           23.3750/8.60
    execution time (avg/stddev):   2.4190/0.64

