sysbench 1.0.20 (using system LuaJIT 2.1.0-beta3)

Running the test with following options:
Number of threads: 40
Initializing random number generator from current time


Prime numbers limit: 50000

Initializing worker threads...

Threads started!

CPU speed:
    events per second:   946.70

General statistics:
    total time:                          3.0316s
    total number of events:              2872

Latency (ms):
         min:                                   10.51
         avg:                                   41.46
         max:                                  114.26
         99th percentile:                       69.29
         sum:                               119079.75

Threads fairness:
    events (avg/stddev):           71.8000/1.27
    execution time (avg/stddev):   2.9770/0.04

