sysbench 1.0.20 (using system LuaJIT 2.1.0-beta3)

Running the test with following options:
Number of threads: 40
Initializing random number generator from current time


Prime numbers limit: 50000

Initializing worker threads...

Threads started!

CPU speed:
    events per second:   946.76

General statistics:
    total time:                          3.0304s
    total number of events:              2871

Latency (ms):
         min:                                   10.51
         avg:                                   40.45
         max:                                  286.61
         99th percentile:                      183.21
         sum:                               116133.29

Threads fairness:
    events (avg/stddev):           71.7750/4.26
    execution time (avg/stddev):   2.9033/0.07

