sysbench 1.0.20 (using system LuaJIT 2.1.0-beta3)

Running the test with following options:
Number of threads: 40
Initializing random number generator from current time


Prime numbers limit: 50000

Initializing worker threads...

Threads started!

CPU speed:
    events per second:   944.43

General statistics:
    total time:                          3.0294s
    total number of events:              2863

Latency (ms):
         min:                                   10.50
         avg:                                   38.99
         max:                                  902.85
         99th percentile:                      442.73
         sum:                               111632.27

Threads fairness:
    events (avg/stddev):           71.5750/13.57
    execution time (avg/stddev):   2.7908/0.24

