sysbench 1.0.20 (using system LuaJIT 2.1.0-beta3)

Running the test with following options:
Number of threads: 40
Initializing random number generator from current time


Prime numbers limit: 50000

Initializing worker threads...

Threads started!

CPU speed:
    events per second:   938.54

General statistics:
    total time:                          3.0292s
    total number of events:              2845

Latency (ms):
         min:                                   10.52
         avg:                                   42.42
         max:                                   53.21
         99th percentile:                       50.11
         sum:                               120689.31

Threads fairness:
    events (avg/stddev):           71.1250/0.81
    execution time (avg/stddev):   3.0172/0.01

