sysbench 1.0.20 (using system LuaJIT 2.1.0-beta3)

Running the test with following options:
Number of threads: 40
Initializing random number generator from current time


Prime numbers limit: 50000

Initializing worker threads...

Threads started!

CPU speed:
    events per second:   942.17

General statistics:
    total time:                          3.0230s
    total number of events:              2850

Latency (ms):
         min:                                   10.51
         avg:                                   41.93
         max:                                  101.17
         99th percentile:                       56.84
         sum:                               119495.45

Threads fairness:
    events (avg/stddev):           71.2500/1.02
    execution time (avg/stddev):   2.9874/0.02

