sysbench 1.0.20 (using system LuaJIT 2.1.0-beta3)

Running the test with following options:
Number of threads: 40
Initializing random number generator from current time


Prime numbers limit: 50000

Initializing worker threads...

Threads started!

CPU speed:
    events per second:   940.76

General statistics:
    total time:                          3.0221s
    total number of events:              2845

Latency (ms):
         min:                                   10.53
         avg:                                   42.05
         max:                                   80.35
         99th percentile:                       50.11
         sum:                               119634.63

Threads fairness:
    events (avg/stddev):           71.1250/0.95
    execution time (avg/stddev):   2.9909/0.02

