sysbench 1.0.20 (using system LuaJIT 2.1.0-beta3)

Running the test with following options:
Number of threads: 40
Initializing random number generator from current time


Prime numbers limit: 50000

Initializing worker threads...

Threads started!

CPU speed:
    events per second:   942.42

General statistics:
    total time:                          3.0263s
    total number of events:              2854

Latency (ms):
         min:                                   10.55
         avg:                                   42.22
         max:                                   57.50
         99th percentile:                       48.34
         sum:                               120489.34

Threads fairness:
    events (avg/stddev):           71.3500/0.76
    execution time (avg/stddev):   3.0122/0.01

