sysbench 1.0.20 (using system LuaJIT 2.1.0-beta3)

Running the test with following options:
Number of threads: 40
Initializing random number generator from current time


Prime numbers limit: 50000

Initializing worker threads...

Threads started!

CPU speed:
    events per second:   915.32

General statistics:
    total time:                          3.0285s
    total number of events:              2774

Latency (ms):
         min:                                   10.56
         avg:                                   43.52
         max:                                   61.10
         99th percentile:                       52.89
         sum:                               120710.92

Threads fairness:
    events (avg/stddev):           69.3500/1.22
    execution time (avg/stddev):   3.0178/0.01

