sysbench 1.0.20 (using system LuaJIT 2.1.0-beta3)

Running the test with following options:
Number of threads: 40
Initializing random number generator from current time


Prime numbers limit: 50000

Initializing worker threads...

Threads started!

CPU speed:
    events per second:   923.58

General statistics:
    total time:                          3.0242s
    total number of events:              2795

Latency (ms):
         min:                                   10.51
         avg:                                   43.10
         max:                                   62.40
         99th percentile:                       52.89
         sum:                               120464.82

Threads fairness:
    events (avg/stddev):           69.8750/1.17
    execution time (avg/stddev):   3.0116/0.01

