sysbench 1.0.20 (using system LuaJIT 2.1.0-beta3)

Running the test with following options:
Number of threads: 40
Initializing random number generator from current time


Prime numbers limit: 50000

Initializing worker threads...

Threads started!

CPU speed:
    events per second:   945.09

General statistics:
    total time:                          3.0303s
    total number of events:              2866

Latency (ms):
         min:                                   10.51
         avg:                                   40.96
         max:                                  142.81
         99th percentile:                       90.78
         sum:                               117378.68

Threads fairness:
    events (avg/stddev):           71.6500/4.34
    execution time (avg/stddev):   2.9345/0.08

