sysbench 1.0.20 (using system LuaJIT 2.1.0-beta3)

Running the test with following options:
Number of threads: 40
Initializing random number generator from current time


Prime numbers limit: 50000

Initializing worker threads...

Threads started!

CPU speed:
    events per second:   947.19

General statistics:
    total time:                          3.0279s
    total number of events:              2870

Latency (ms):
         min:                                   10.51
         avg:                                   34.87
         max:                                  796.61
         99th percentile:                      502.20
         sum:                               100063.45

Threads fairness:
    events (avg/stddev):           71.7500/21.51
    execution time (avg/stddev):   2.5016/0.45

