sysbench 1.0.20 (using system LuaJIT 2.1.0-beta3)

Running the test with following options:
Number of threads: 40
Initializing random number generator from current time


Prime numbers limit: 50000

Initializing worker threads...

Threads started!

CPU speed:
    events per second:   937.80

General statistics:
    total time:                          3.0241s
    total number of events:              2838

Latency (ms):
         min:                                   10.54
         avg:                                   42.49
         max:                                   54.18
         99th percentile:                       50.11
         sum:                               120582.88

Threads fairness:
    events (avg/stddev):           70.9500/0.84
    execution time (avg/stddev):   3.0146/0.01

