sysbench 1.0.20 (using system LuaJIT 2.1.0-beta3)

Running the test with following options:
Number of threads: 40
Initializing random number generator from current time


Prime numbers limit: 50000

Initializing worker threads...

Threads started!

CPU speed:
    events per second:   945.59

General statistics:
    total time:                          3.0204s
    total number of events:              2858

Latency (ms):
         min:                                   10.55
         avg:                                   42.06
         max:                                   58.53
         99th percentile:                       49.21
         sum:                               120198.60

Threads fairness:
    events (avg/stddev):           71.4500/0.74
    execution time (avg/stddev):   3.0050/0.01

