sysbench 1.0.20 (using system LuaJIT 2.1.0-beta3)

Running the test with following options:
Number of threads: 40
Initializing random number generator from current time


Prime numbers limit: 50000

Initializing worker threads...

Threads started!

CPU speed:
    events per second:   943.43

General statistics:
    total time:                          3.0241s
    total number of events:              2855

Latency (ms):
         min:                                   10.54
         avg:                                   42.17
         max:                                   55.62
         99th percentile:                       53.85
         sum:                               120405.81

Threads fairness:
    events (avg/stddev):           71.3750/2.01
    execution time (avg/stddev):   3.0101/0.01

