sysbench 1.0.20 (using system LuaJIT 2.1.0-beta3)

Running the test with following options:
Number of threads: 40
Initializing random number generator from current time


Prime numbers limit: 50000

Initializing worker threads...

Threads started!

CPU speed:
    events per second:   940.13

General statistics:
    total time:                          3.0273s
    total number of events:              2848

Latency (ms):
         min:                                   10.52
         avg:                                   42.34
         max:                                   54.50
         99th percentile:                       50.11
         sum:                               120579.97

Threads fairness:
    events (avg/stddev):           71.2000/0.84
    execution time (avg/stddev):   3.0145/0.01

