sysbench 1.0.20 (using system LuaJIT 2.1.0-beta3)

Running the test with following options:
Number of threads: 40
Initializing random number generator from current time


Prime numbers limit: 50000

Initializing worker threads...

Threads started!

CPU speed:
    events per second:   933.68

General statistics:
    total time:                          3.0311s
    total number of events:              2832

Latency (ms):
         min:                                   10.52
         avg:                                   42.59
         max:                                   53.83
         99th percentile:                       51.02
         sum:                               120622.07

Threads fairness:
    events (avg/stddev):           70.8000/1.36
    execution time (avg/stddev):   3.0156/0.01

