sysbench 1.0.20 (using system LuaJIT 2.1.0-beta3)

Running the test with following options:
Number of threads: 40
Initializing random number generator from current time


Prime numbers limit: 50000

Initializing worker threads...

Threads started!

CPU speed:
    events per second:   944.48

General statistics:
    total time:                          3.0324s
    total number of events:              2866

Latency (ms):
         min:                                   10.50
         avg:                                   39.92
         max:                                  540.98
         99th percentile:                      308.84
         sum:                               114406.07

Threads fairness:
    events (avg/stddev):           71.6500/10.97
    execution time (avg/stddev):   2.8602/0.14

