sysbench 1.0.20 (using system LuaJIT 2.1.0-beta3)

Running the test with following options:
Number of threads: 40
Initializing random number generator from current time


Prime numbers limit: 50000

Initializing worker threads...

Threads started!

CPU speed:
    events per second:   943.54

General statistics:
    total time:                          3.0259s
    total number of events:              2857

Latency (ms):
         min:                                   10.53
         avg:                                   42.11
         max:                                   54.67
         99th percentile:                       46.63
         sum:                               120316.14

Threads fairness:
    events (avg/stddev):           71.4250/0.77
    execution time (avg/stddev):   3.0079/0.01

