sysbench 1.0.20 (using system LuaJIT 2.1.0-beta3)

Running the test with following options:
Number of threads: 40
Initializing random number generator from current time


Prime numbers limit: 50000

Initializing worker threads...

Threads started!

CPU speed:
    events per second:   934.06

General statistics:
    total time:                          3.0234s
    total number of events:              2826

Latency (ms):
         min:                                   10.53
         avg:                                   42.63
         max:                                   59.75
         99th percentile:                       53.85
         sum:                               120476.63

Threads fairness:
    events (avg/stddev):           70.6500/1.65
    execution time (avg/stddev):   3.0119/0.01

