sysbench 1.0.20 (using system LuaJIT 2.1.0-beta3)

Running the test with following options:
Number of threads: 40
Initializing random number generator from current time


Prime numbers limit: 50000

Initializing worker threads...

Threads started!

CPU speed:
    events per second:   299.63

General statistics:
    total time:                          3.0936s
    total number of events:              929

Latency (ms):
         min:                                   32.88
         avg:                                  124.87
         max:                                  415.70
         99th percentile:                      303.33
         sum:                               116005.62

Threads fairness:
    events (avg/stddev):           23.2250/3.07
    execution time (avg/stddev):   2.9001/0.12

