sysbench 1.0.20 (using system LuaJIT 2.1.0-beta3)

Running the test with following options:
Number of threads: 40
Initializing random number generator from current time


Prime numbers limit: 50000

Initializing worker threads...

Threads started!

CPU speed:
    events per second:   916.65

General statistics:
    total time:                          3.0275s
    total number of events:              2777

Latency (ms):
         min:                                   11.48
         avg:                                   43.48
         max:                                   62.80
         99th percentile:                       54.83
         sum:                               120737.18

Threads fairness:
    events (avg/stddev):           69.4250/0.83
    execution time (avg/stddev):   3.0184/0.01

