sysbench 1.0.20 (using system LuaJIT 2.1.0-beta3)

Running the test with following options:
Number of threads: 40
Initializing random number generator from current time


Prime numbers limit: 50000

Initializing worker threads...

Threads started!

CPU speed:
    events per second:   947.45

General statistics:
    total time:                          3.0251s
    total number of events:              2868

Latency (ms):
         min:                                   10.51
         avg:                                   41.10
         max:                                  160.50
         99th percentile:                       99.33
         sum:                               117874.34

Threads fairness:
    events (avg/stddev):           71.7000/4.06
    execution time (avg/stddev):   2.9469/0.07

