sysbench 1.0.20 (using system LuaJIT 2.1.0-beta3)

Running the test with following options:
Number of threads: 40
Initializing random number generator from current time


Prime numbers limit: 50000

Initializing worker threads...

Threads started!

CPU speed:
    events per second:   946.35

General statistics:
    total time:                          3.0243s
    total number of events:              2864

Latency (ms):
         min:                                   10.51
         avg:                                   41.84
         max:                                   75.29
         99th percentile:                       55.82
         sum:                               119836.76

Threads fairness:
    events (avg/stddev):           71.6000/1.16
    execution time (avg/stddev):   2.9959/0.02

