sysbench 1.0.20 (using system LuaJIT 2.1.0-beta3)

Running the test with following options:
Number of threads: 40
Initializing random number generator from current time


Prime numbers limit: 50000

Initializing worker threads...

Threads started!

CPU speed:
    events per second:   945.32

General statistics:
    total time:                          3.0308s
    total number of events:              2867

Latency (ms):
         min:                                   10.52
         avg:                                   41.72
         max:                                   88.76
         99th percentile:                       66.84
         sum:                               119625.42

Threads fairness:
    events (avg/stddev):           71.6750/1.42
    execution time (avg/stddev):   2.9906/0.02

