sysbench 1.0.20 (using system LuaJIT 2.1.0-beta3)

Running the test with following options:
Number of threads: 40
Initializing random number generator from current time


Prime numbers limit: 50000

Initializing worker threads...

Threads started!

CPU speed:
    events per second:   942.29

General statistics:
    total time:                          3.0225s
    total number of events:              2850

Latency (ms):
         min:                                   10.55
         avg:                                   41.92
         max:                                   78.59
         99th percentile:                       52.89
         sum:                               119458.03

Threads fairness:
    events (avg/stddev):           71.2500/0.70
    execution time (avg/stddev):   2.9865/0.02

