sysbench 1.0.20 (using system LuaJIT 2.1.0-beta3)

Running the test with following options:
Number of threads: 40
Initializing random number generator from current time


Prime numbers limit: 50000

Initializing worker threads...

Threads started!

CPU speed:
    events per second:   528.07

General statistics:
    total time:                          3.0470s
    total number of events:              1611

Latency (ms):
         min:                                   18.77
         avg:                                   68.05
         max:                                  617.42
         99th percentile:                      450.77
         sum:                               109632.21

Threads fairness:
    events (avg/stddev):           40.2750/8.56
    execution time (avg/stddev):   2.7408/0.27

