sysbench 1.0.20 (using system LuaJIT 2.1.0-beta3)

Running the test with following options:
Number of threads: 40
Initializing random number generator from current time


Prime numbers limit: 50000

Initializing worker threads...

Threads started!

CPU speed:
    events per second:   948.31

General statistics:
    total time:                          3.0254s
    total number of events:              2871

Latency (ms):
         min:                                   10.50
         avg:                                   40.43
         max:                                  235.34
         99th percentile:                      173.58
         sum:                               116066.84

Threads fairness:
    events (avg/stddev):           71.7750/4.51
    execution time (avg/stddev):   2.9017/0.11

