sysbench 1.0.20 (using system LuaJIT 2.1.0-beta3)

Running the test with following options:
Number of threads: 40
Initializing random number generator from current time


Prime numbers limit: 50000

Initializing worker threads...

Threads started!

CPU speed:
    events per second:   939.13

General statistics:
    total time:                          3.0241s
    total number of events:              2842

Latency (ms):
         min:                                   10.54
         avg:                                   42.38
         max:                                   54.54
         99th percentile:                       52.89
         sum:                               120433.12

Threads fairness:
    events (avg/stddev):           71.0500/1.22
    execution time (avg/stddev):   3.0108/0.01

