sysbench 1.0.20 (using system LuaJIT 2.1.0-beta3)

Running the test with following options:
Number of threads: 40
Initializing random number generator from current time


Prime numbers limit: 50000

Initializing worker threads...

Threads started!

CPU speed:
    events per second:   946.05

General statistics:
    total time:                          3.0231s
    total number of events:              2862

Latency (ms):
         min:                                   10.51
         avg:                                   41.69
         max:                                   75.60
         99th percentile:                       65.65
         sum:                               119327.88

Threads fairness:
    events (avg/stddev):           71.5500/4.67
    execution time (avg/stddev):   2.9832/0.02

