sysbench 1.0.20 (using system LuaJIT 2.1.0-beta3)

Running the test with following options:
Number of threads: 40
Initializing random number generator from current time


Prime numbers limit: 50000

Initializing worker threads...

Threads started!

CPU speed:
    events per second:   931.28

General statistics:
    total time:                          3.0249s
    total number of events:              2819

Latency (ms):
         min:                                   10.55
         avg:                                   42.75
         max:                                   59.44
         99th percentile:                       51.02
         sum:                               120516.69

Threads fairness:
    events (avg/stddev):           70.4750/0.77
    execution time (avg/stddev):   3.0129/0.01

