sysbench 1.0.20 (using system LuaJIT 2.1.0-beta3)

Running the test with following options:
Number of threads: 40
Initializing random number generator from current time


Prime numbers limit: 50000

Initializing worker threads...

Threads started!

CPU speed:
    events per second:   942.21

General statistics:
    total time:                          3.0228s
    total number of events:              2850

Latency (ms):
         min:                                   10.53
         avg:                                   42.05
         max:                                   76.28
         99th percentile:                       51.02
         sum:                               119855.38

Threads fairness:
    events (avg/stddev):           71.2500/0.83
    execution time (avg/stddev):   2.9964/0.01

