sysbench 1.0.20 (using system LuaJIT 2.1.0-beta3)

Running the test with following options:
Number of threads: 40
Initializing random number generator from current time


Prime numbers limit: 50000

Initializing worker threads...

Threads started!

CPU speed:
    events per second:   940.59

General statistics:
    total time:                          3.0269s
    total number of events:              2849

Latency (ms):
         min:                                   10.55
         avg:                                   42.08
         max:                                   80.44
         99th percentile:                       57.87
         sum:                               119898.36

Threads fairness:
    events (avg/stddev):           71.2250/0.61
    execution time (avg/stddev):   2.9975/0.02

