sysbench 1.0.20 (using system LuaJIT 2.1.0-beta3)

Running the test with following options:
Number of threads: 40
Initializing random number generator from current time


Prime numbers limit: 50000

Initializing worker threads...

Threads started!

CPU speed:
    events per second:   753.61

General statistics:
    total time:                          3.0441s
    total number of events:              2296

Latency (ms):
         min:                                   13.17
         avg:                                   52.63
         max:                                   73.31
         99th percentile:                       62.19
         sum:                               120829.45

Threads fairness:
    events (avg/stddev):           57.4000/0.77
    execution time (avg/stddev):   3.0207/0.01

