sysbench 1.0.20 (using system LuaJIT 2.1.0-beta3)

Running the test with following options:
Number of threads: 40
Initializing random number generator from current time


Prime numbers limit: 50000

Initializing worker threads...

Threads started!

CPU speed:
    events per second:   375.23

General statistics:
    total time:                          3.0624s
    total number of events:              1151

Latency (ms):
         min:                                   26.30
         avg:                                  105.03
         max:                                  140.49
         99th percentile:                      125.52
         sum:                               120887.14

Threads fairness:
    events (avg/stddev):           28.7750/0.94
    execution time (avg/stddev):   3.0222/0.02

