sysbench 1.0.20 (using system LuaJIT 2.1.0-beta3)

Running the test with following options:
Number of threads: 40
Initializing random number generator from current time


Prime numbers limit: 50000

Initializing worker threads...

Threads started!

CPU speed:
    events per second:   943.71

General statistics:
    total time:                          3.0201s
    total number of events:              2852

Latency (ms):
         min:                                   10.54
         avg:                                   42.20
         max:                                   54.35
         99th percentile:                       48.34
         sum:                               120356.24

Threads fairness:
    events (avg/stddev):           71.3000/0.75
    execution time (avg/stddev):   3.0089/0.00

