sysbench 1.0.20 (using system LuaJIT 2.1.0-beta3)

Running the test with following options:
Number of threads: 40
Initializing random number generator from current time


Prime numbers limit: 50000

Initializing worker threads...

Threads started!

CPU speed:
    events per second:   942.37

General statistics:
    total time:                          3.0275s
    total number of events:              2855

Latency (ms):
         min:                                   10.53
         avg:                                   41.94
         max:                                   78.94
         99th percentile:                       51.02
         sum:                               119733.11

Threads fairness:
    events (avg/stddev):           71.3750/0.89
    execution time (avg/stddev):   2.9933/0.02

