sysbench 1.0.20 (using system LuaJIT 2.1.0-beta3)

Running the test with following options:
Number of threads: 40
Initializing random number generator from current time


Prime numbers limit: 50000

Initializing worker threads...

Threads started!

CPU speed:
    events per second:   710.21

General statistics:
    total time:                          3.0484s
    total number of events:              2167

Latency (ms):
         min:                                   13.83
         avg:                                   55.73
         max:                                   77.00
         99th percentile:                       69.29
         sum:                               120759.35

Threads fairness:
    events (avg/stddev):           54.1750/1.18
    execution time (avg/stddev):   3.0190/0.01

