sysbench 1.0.20 (using system LuaJIT 2.1.0-beta3)

Running the test with following options:
Number of threads: 40
Initializing random number generator from current time


Prime numbers limit: 50000

Initializing worker threads...

Threads started!

CPU speed:
    events per second:   634.80

General statistics:
    total time:                          3.0414s
    total number of events:              1933

Latency (ms):
         min:                                   15.48
         avg:                                   62.46
         max:                                   86.23
         99th percentile:                       78.60
         sum:                               120736.94

Threads fairness:
    events (avg/stddev):           48.3250/1.33
    execution time (avg/stddev):   3.0184/0.01

