sysbench 1.0.20 (using system LuaJIT 2.1.0-beta3)

Running the test with following options:
Number of threads: 40
Initializing random number generator from current time


Prime numbers limit: 50000

Initializing worker threads...

Threads started!

CPU speed:
    events per second:   945.40

General statistics:
    total time:                          3.0316s
    total number of events:              2868

Latency (ms):
         min:                                   10.52
         avg:                                   41.70
         max:                                   78.50
         99th percentile:                       52.89
         sum:                               119604.12

Threads fairness:
    events (avg/stddev):           71.7000/1.03
    execution time (avg/stddev):   2.9901/0.02

