sysbench 1.0.20 (using system LuaJIT 2.1.0-beta3)

Running the test with following options:
Number of threads: 40
Initializing random number generator from current time


Prime numbers limit: 50000

Initializing worker threads...

Threads started!

CPU speed:
    events per second:   947.93

General statistics:
    total time:                          3.0234s
    total number of events:              2868

Latency (ms):
         min:                                   10.50
         avg:                                   39.02
         max:                                  840.32
         99th percentile:                      520.62
         sum:                               111897.16

Threads fairness:
    events (avg/stddev):           71.7000/14.35
    execution time (avg/stddev):   2.7974/0.20

