sysbench 1.0.20 (using system LuaJIT 2.1.0-beta3)

Running the test with following options:
Number of threads: 40
Initializing random number generator from current time


Prime numbers limit: 50000

Initializing worker threads...

Threads started!

CPU speed:
    events per second:   300.46

General statistics:
    total time:                          3.1089s
    total number of events:              936

Latency (ms):
         min:                                   32.88
         avg:                                  111.07
         max:                                 1272.04
         99th percentile:                      694.45
         sum:                               103965.68

Threads fairness:
    events (avg/stddev):           23.4000/7.32
    execution time (avg/stddev):   2.5991/0.44

