sysbench 1.0.20 (using system LuaJIT 2.1.0-beta3)

Running the test with following options:
Number of threads: 40
Initializing random number generator from current time


Prime numbers limit: 50000

Initializing worker threads...

Threads started!

CPU speed:
    events per second:   941.39

General statistics:
    total time:                          3.0317s
    total number of events:              2856

Latency (ms):
         min:                                   10.51
         avg:                                   36.84
         max:                                  952.70
         99th percentile:                      411.96
         sum:                               105203.15

Threads fairness:
    events (avg/stddev):           71.4000/17.27
    execution time (avg/stddev):   2.6301/0.39

