sysbench 1.0.20 (using system LuaJIT 2.1.0-beta3)

Running the test with following options:
Number of threads: 40
Initializing random number generator from current time


Prime numbers limit: 50000

Initializing worker threads...

Threads started!

CPU speed:
    events per second:   947.14

General statistics:
    total time:                          3.0270s
    total number of events:              2869

Latency (ms):
         min:                                   10.50
         avg:                                   40.41
         max:                                  266.60
         99th percentile:                      164.45
         sum:                               115943.09

Threads fairness:
    events (avg/stddev):           71.7250/4.55
    execution time (avg/stddev):   2.8986/0.09

