sysbench 1.0.20 (using system LuaJIT 2.1.0-beta3)

Running the test with following options:
Number of threads: 40
Initializing random number generator from current time


Prime numbers limit: 50000

Initializing worker threads...

Threads started!

CPU speed:
    events per second:   947.02

General statistics:
    total time:                          3.0222s
    total number of events:              2864

Latency (ms):
         min:                                   10.51
         avg:                                   40.76
         max:                                  249.11
         99th percentile:                      106.75
         sum:                               116750.64

Threads fairness:
    events (avg/stddev):           71.6000/2.02
    execution time (avg/stddev):   2.9188/0.07

