sysbench 1.0.20 (using system LuaJIT 2.1.0-beta3)

Running the test with following options:
Number of threads: 40
Initializing random number generator from current time


Prime numbers limit: 50000

Initializing worker threads...

Threads started!

CPU speed:
    events per second:   912.96

General statistics:
    total time:                          3.0271s
    total number of events:              2766

Latency (ms):
         min:                                   10.52
         avg:                                   43.63
         max:                                   70.41
         99th percentile:                       58.92
         sum:                               120668.09

Threads fairness:
    events (avg/stddev):           69.1500/6.66
    execution time (avg/stddev):   3.0167/0.01

