sysbench 1.0.20 (using system LuaJIT 2.1.0-beta3)

Running the test with following options:
Number of threads: 40
Initializing random number generator from current time


Prime numbers limit: 50000

Initializing worker threads...

Threads started!

CPU speed:
    events per second:   945.34

General statistics:
    total time:                          3.0275s
    total number of events:              2864

Latency (ms):
         min:                                   10.50
         avg:                                   38.60
         max:                                  426.68
         99th percentile:                      282.25
         sum:                               110543.48

Threads fairness:
    events (avg/stddev):           71.6000/13.00
    execution time (avg/stddev):   2.7636/0.20

