sysbench 1.0.20 (using system LuaJIT 2.1.0-beta3)

Running the test with following options:
Number of threads: 40
Initializing random number generator from current time


Prime numbers limit: 50000

Initializing worker threads...

Threads started!

CPU speed:
    events per second:   941.40

General statistics:
    total time:                          3.0243s
    total number of events:              2849

Latency (ms):
         min:                                   10.53
         avg:                                   41.99
         max:                                   89.23
         99th percentile:                       55.82
         sum:                               119632.09

Threads fairness:
    events (avg/stddev):           71.2250/0.96
    execution time (avg/stddev):   2.9908/0.02

