sysbench 1.0.20 (using system LuaJIT 2.1.0-beta3)

Running the test with following options:
Number of threads: 40
Initializing random number generator from current time


Prime numbers limit: 50000

Initializing worker threads...

Threads started!

CPU speed:
    events per second:   300.68

General statistics:
    total time:                          3.0768s
    total number of events:              927

Latency (ms):
         min:                                   32.92
         avg:                                  130.07
         max:                                  183.56
         99th percentile:                      158.63
         sum:                               120575.79

Threads fairness:
    events (avg/stddev):           23.1750/0.54
    execution time (avg/stddev):   3.0144/0.03

