sysbench 1.0.20 (using system LuaJIT 2.1.0-beta3)

Running the test with following options:
Number of threads: 40
Initializing random number generator from current time


Prime numbers limit: 50000

Initializing worker threads...

Threads started!

CPU speed:
    events per second:   791.75

General statistics:
    total time:                          3.0308s
    total number of events:              2402

Latency (ms):
         min:                                   12.53
         avg:                                   49.38
         max:                                  113.33
         99th percentile:                       94.10
         sum:                               118614.38

Threads fairness:
    events (avg/stddev):           60.0500/2.77
    execution time (avg/stddev):   2.9654/0.05

