sysbench 1.0.20 (using system LuaJIT 2.1.0-beta3)

Running the test with following options:
Number of threads: 40
Initializing random number generator from current time


Prime numbers limit: 50000

Initializing worker threads...

Threads started!

CPU speed:
    events per second:   942.48

General statistics:
    total time:                          3.0283s
    total number of events:              2856

Latency (ms):
         min:                                   10.52
         avg:                                   41.89
         max:                                  107.57
         99th percentile:                       56.84
         sum:                               119627.83

Threads fairness:
    events (avg/stddev):           71.4000/1.41
    execution time (avg/stddev):   2.9907/0.02

