sysbench 1.0.20 (using system LuaJIT 2.1.0-beta3)

Running the test with following options:
Number of threads: 40
Initializing random number generator from current time


Prime numbers limit: 50000

Initializing worker threads...

Threads started!

CPU speed:
    events per second:   941.56

General statistics:
    total time:                          3.0291s
    total number of events:              2854

Latency (ms):
         min:                                   10.54
         avg:                                   41.87
         max:                                   89.94
         99th percentile:                       56.84
         sum:                               119485.09

Threads fairness:
    events (avg/stddev):           71.3500/1.41
    execution time (avg/stddev):   2.9871/0.02

