sysbench 1.0.20 (using system LuaJIT 2.1.0-beta3)

Running the test with following options:
Number of threads: 40
Initializing random number generator from current time


Prime numbers limit: 50000

Initializing worker threads...

Threads started!

CPU speed:
    events per second:   945.30

General statistics:
    total time:                          3.0276s
    total number of events:              2864

Latency (ms):
         min:                                   10.53
         avg:                                   41.89
         max:                                   65.44
         99th percentile:                       53.85
         sum:                               119986.99

Threads fairness:
    events (avg/stddev):           71.6000/1.20
    execution time (avg/stddev):   2.9997/0.01

