sysbench 1.0.20 (using system LuaJIT 2.1.0-beta3)

Running the test with following options:
Number of threads: 40
Initializing random number generator from current time


Prime numbers limit: 50000

Initializing worker threads...

Threads started!

CPU speed:
    events per second:   940.70

General statistics:
    total time:                          3.0266s
    total number of events:              2849

Latency (ms):
         min:                                   10.54
         avg:                                   41.89
         max:                                   82.47
         99th percentile:                       55.82
         sum:                               119333.04

Threads fairness:
    events (avg/stddev):           71.2250/0.79
    execution time (avg/stddev):   2.9833/0.02

