sysbench 1.0.20 (using system LuaJIT 2.1.0-beta3)

Running the test with following options:
Number of threads: 40
Initializing random number generator from current time


Prime numbers limit: 50000

Initializing worker threads...

Threads started!

CPU speed:
    events per second:   273.01

General statistics:
    total time:                          3.0962s
    total number of events:              847

Latency (ms):
         min:                                   69.45
         avg:                                  144.15
         max:                                  181.46
         99th percentile:                      170.48
         sum:                               122098.33

Threads fairness:
    events (avg/stddev):           21.1750/1.09
    execution time (avg/stddev):   3.0525/0.03

