sysbench 1.0.20 (using system LuaJIT 2.1.0-beta3)

Running the test with following options:
Number of threads: 40
Initializing random number generator from current time


Prime numbers limit: 50000

Initializing worker threads...

Threads started!

CPU speed:
    events per second:   945.91

General statistics:
    total time:                          3.0278s
    total number of events:              2866

Latency (ms):
         min:                                   10.50
         avg:                                   41.16
         max:                                  143.44
         99th percentile:                       78.60
         sum:                               117951.16

Threads fairness:
    events (avg/stddev):           71.6500/1.67
    execution time (avg/stddev):   2.9488/0.05

