sysbench 1.0.20 (using system LuaJIT 2.1.0-beta3)

Running the test with following options:
Number of threads: 40
Initializing random number generator from current time


Prime numbers limit: 50000

Initializing worker threads...

Threads started!

CPU speed:
    events per second:   945.98

General statistics:
    total time:                          3.0339s
    total number of events:              2872

Latency (ms):
         min:                                   10.51
         avg:                                   41.71
         max:                                   90.59
         99th percentile:                       70.55
         sum:                               119803.17

Threads fairness:
    events (avg/stddev):           71.8000/1.17
    execution time (avg/stddev):   2.9951/0.02

