sysbench 1.0.20 (using system LuaJIT 2.1.0-beta3)

Running the test with following options:
Number of threads: 40
Initializing random number generator from current time


Prime numbers limit: 50000

Initializing worker threads...

Threads started!

CPU speed:
    events per second:   944.03

General statistics:
    total time:                          3.0243s
    total number of events:              2857

Latency (ms):
         min:                                   10.51
         avg:                                   42.17
         max:                                   52.77
         99th percentile:                       51.02
         sum:                               120474.85

Threads fairness:
    events (avg/stddev):           71.4250/1.14
    execution time (avg/stddev):   3.0119/0.01

