sysbench 1.0.20 (using system LuaJIT 2.1.0-beta3)

Running the test with following options:
Number of threads: 40
Initializing random number generator from current time


Prime numbers limit: 50000

Initializing worker threads...

Threads started!

CPU speed:
    events per second:   747.20

General statistics:
    total time:                          3.0383s
    total number of events:              2273

Latency (ms):
         min:                                   13.15
         avg:                                   53.05
         max:                                   71.14
         99th percentile:                       66.84
         sum:                               120580.99

Threads fairness:
    events (avg/stddev):           56.8250/1.50
    execution time (avg/stddev):   3.0145/0.01

