sysbench 1.0.20 (using system LuaJIT 2.1.0-beta3)

Running the test with following options:
Number of threads: 40
Initializing random number generator from current time


Prime numbers limit: 50000

Initializing worker threads...

Threads started!

CPU speed:
    events per second:   947.25

General statistics:
    total time:                          3.0246s
    total number of events:              2867

Latency (ms):
         min:                                   10.53
         avg:                                   41.72
         max:                                   79.83
         99th percentile:                       52.89
         sum:                               119607.65

Threads fairness:
    events (avg/stddev):           71.6750/0.93
    execution time (avg/stddev):   2.9902/0.02

