sysbench 1.0.20 (using system LuaJIT 2.1.0-beta3)

Running the test with following options:
Number of threads: 40
Initializing random number generator from current time


Prime numbers limit: 50000

Initializing worker threads...

Threads started!

CPU speed:
    events per second:   941.62

General statistics:
    total time:                          3.0226s
    total number of events:              2848

Latency (ms):
         min:                                   10.55
         avg:                                   42.17
         max:                                   70.42
         99th percentile:                       50.11
         sum:                               120094.19

Threads fairness:
    events (avg/stddev):           71.2000/0.51
    execution time (avg/stddev):   3.0024/0.01

