sysbench 1.0.20 (using system LuaJIT 2.1.0-beta3)

Running the test with following options:
Number of threads: 40
Initializing random number generator from current time


Prime numbers limit: 50000

Initializing worker threads...

Threads started!

CPU speed:
    events per second:   916.05

General statistics:
    total time:                          3.0272s
    total number of events:              2775

Latency (ms):
         min:                                   10.52
         avg:                                   43.50
         max:                                   54.56
         99th percentile:                       52.89
         sum:                               120717.74

Threads fairness:
    events (avg/stddev):           69.3750/1.09
    execution time (avg/stddev):   3.0179/0.01

