sysbench 1.0.20 (using system LuaJIT 2.1.0-beta3)

Running the test with following options:
Number of threads: 40
Initializing random number generator from current time


Prime numbers limit: 50000

Initializing worker threads...

Threads started!

CPU speed:
    events per second:   941.06

General statistics:
    total time:                          3.0245s
    total number of events:              2848

Latency (ms):
         min:                                   10.52
         avg:                                   42.15
         max:                                   66.83
         99th percentile:                       54.83
         sum:                               120030.17

Threads fairness:
    events (avg/stddev):           71.2000/1.05
    execution time (avg/stddev):   3.0008/0.01

