sysbench 1.0.20 (using system LuaJIT 2.1.0-beta3)

Running the test with following options:
Number of threads: 40
Initializing random number generator from current time


Prime numbers limit: 50000

Initializing worker threads...

Threads started!

CPU speed:
    events per second:   942.33

General statistics:
    total time:                          3.0234s
    total number of events:              2851

Latency (ms):
         min:                                   10.53
         avg:                                   42.25
         max:                                   59.53
         99th percentile:                       51.94
         sum:                               120443.17

Threads fairness:
    events (avg/stddev):           71.2750/0.95
    execution time (avg/stddev):   3.0111/0.01

