sysbench 1.0.20 (using system LuaJIT 2.1.0-beta3)

Running the test with following options:
Number of threads: 40
Initializing random number generator from current time


Prime numbers limit: 50000

Initializing worker threads...

Threads started!

CPU speed:
    events per second:   410.11

General statistics:
    total time:                          3.0514s
    total number of events:              1254

Latency (ms):
         min:                                   23.93
         avg:                                   96.33
         max:                                  121.87
         99th percentile:                      114.72
         sum:                               120798.56

Threads fairness:
    events (avg/stddev):           31.3500/0.79
    execution time (avg/stddev):   3.0200/0.01

