sysbench 1.0.20 (using system LuaJIT 2.1.0-beta3)

Running the test with following options:
Number of threads: 40
Initializing random number generator from current time


Prime numbers limit: 50000

Initializing worker threads...

Threads started!

CPU speed:
    events per second:   301.36

General statistics:
    total time:                          3.0698s
    total number of events:              927

Latency (ms):
         min:                                   32.92
         avg:                                  128.61
         max:                                  236.13
         99th percentile:                      204.11
         sum:                               119217.91

Threads fairness:
    events (avg/stddev):           23.1750/0.80
    execution time (avg/stddev):   2.9804/0.07

