sysbench 1.0.20 (using system LuaJIT 2.1.0-beta3)

Running the test with following options:
Number of threads: 40
Initializing random number generator from current time


Prime numbers limit: 50000

Initializing worker threads...

Threads started!

CPU speed:
    events per second:   528.82

General statistics:
    total time:                          3.0427s
    total number of events:              1611

Latency (ms):
         min:                                   18.77
         avg:                                   66.73
         max:                                  878.05
         99th percentile:                      511.33
         sum:                               107498.56

Threads fairness:
    events (avg/stddev):           40.2750/9.77
    execution time (avg/stddev):   2.6875/0.32

