sysbench 1.0.20 (using system LuaJIT 2.1.0-beta3)

Running the test with following options:
Number of threads: 40
Initializing random number generator from current time


Prime numbers limit: 50000

Initializing worker threads...

Threads started!

CPU speed:
    events per second:   912.86

General statistics:
    total time:                          3.0249s
    total number of events:              2763

Latency (ms):
         min:                                   10.53
         avg:                                   43.62
         max:                                   73.89
         99th percentile:                       59.99
         sum:                               120520.58

Threads fairness:
    events (avg/stddev):           69.0750/4.12
    execution time (avg/stddev):   3.0130/0.01

