sysbench 1.0.20 (using system LuaJIT 2.1.0-beta3)

Running the test with following options:
Number of threads: 40
Initializing random number generator from current time


Prime numbers limit: 50000

Initializing worker threads...

Threads started!

CPU speed:
    events per second:   942.92

General statistics:
    total time:                          3.0227s
    total number of events:              2852

Latency (ms):
         min:                                   16.20
         avg:                                   42.08
         max:                                   70.45
         99th percentile:                       50.11
         sum:                               120006.86

Threads fairness:
    events (avg/stddev):           71.3000/0.56
    execution time (avg/stddev):   3.0002/0.01

