sysbench 1.0.20 (using system LuaJIT 2.1.0-beta3)

Running the test with following options:
Number of threads: 40
Initializing random number generator from current time


Prime numbers limit: 50000

Initializing worker threads...

Threads started!

CPU speed:
    events per second:   944.65

General statistics:
    total time:                          3.0255s
    total number of events:              2860

Latency (ms):
         min:                                   10.52
         avg:                                   42.04
         max:                                   56.16
         99th percentile:                       48.34
         sum:                               120229.90

Threads fairness:
    events (avg/stddev):           71.5000/0.84
    execution time (avg/stddev):   3.0057/0.01

