sysbench 1.0.20 (using system LuaJIT 2.1.0-beta3)

Running the test with following options:
Number of threads: 40
Initializing random number generator from current time


Prime numbers limit: 50000

Initializing worker threads...

Threads started!

CPU speed:
    events per second:   941.51

General statistics:
    total time:                          3.0261s
    total number of events:              2851

Latency (ms):
         min:                                   10.52
         avg:                                   41.78
         max:                                  100.12
         99th percentile:                       51.02
         sum:                               119126.54

Threads fairness:
    events (avg/stddev):           71.2750/0.92
    execution time (avg/stddev):   2.9782/0.03

