sysbench 1.0.20 (using system LuaJIT 2.1.0-beta3)

Running the test with following options:
Number of threads: 40
Initializing random number generator from current time


Prime numbers limit: 50000

Initializing worker threads...

Threads started!

CPU speed:
    events per second:   942.42

General statistics:
    total time:                          3.0235s
    total number of events:              2852

Latency (ms):
         min:                                   10.50
         avg:                                   34.82
         max:                                 1318.80
         99th percentile:                      520.62
         sum:                                99303.31

Threads fairness:
    events (avg/stddev):           71.3000/21.46
    execution time (avg/stddev):   2.4826/0.51

