sysbench 1.0.20 (using system LuaJIT 2.1.0-beta3)

Running the test with following options:
Number of threads: 40
Initializing random number generator from current time


Prime numbers limit: 50000

Initializing worker threads...

Threads started!

CPU speed:
    events per second:   752.20

General statistics:
    total time:                          3.0311s
    total number of events:              2282

Latency (ms):
         min:                                   13.16
         avg:                                   52.82
         max:                                   76.90
         99th percentile:                       69.29
         sum:                               120543.70

Threads fairness:
    events (avg/stddev):           57.0500/3.14
    execution time (avg/stddev):   3.0136/0.01

