sysbench 1.0.20 (using system LuaJIT 2.1.0-beta3)

Running the test with following options:
Number of threads: 40
Initializing random number generator from current time


Prime numbers limit: 50000

Initializing worker threads...

Threads started!

CPU speed:
    events per second:   915.98

General statistics:
    total time:                          3.0286s
    total number of events:              2776

Latency (ms):
         min:                                   10.54
         avg:                                   43.50
         max:                                   54.99
         99th percentile:                       54.83
         sum:                               120765.11

Threads fairness:
    events (avg/stddev):           69.4000/1.41
    execution time (avg/stddev):   3.0191/0.01

