sysbench 1.0.20 (using system LuaJIT 2.1.0-beta3)

Running the test with following options:
Number of threads: 40
Initializing random number generator from current time


Prime numbers limit: 50000

Initializing worker threads...

Threads started!

CPU speed:
    events per second:   921.13

General statistics:
    total time:                          3.0279s
    total number of events:              2791

Latency (ms):
         min:                                   19.36
         avg:                                   43.21
         max:                                   60.85
         99th percentile:                       53.85
         sum:                               120608.77

Threads fairness:
    events (avg/stddev):           69.7750/1.90
    execution time (avg/stddev):   3.0152/0.01

