sysbench 1.0.20 (using system LuaJIT 2.1.0-beta3)

Running the test with following options:
Number of threads: 40
Initializing random number generator from current time


Prime numbers limit: 50000

Initializing worker threads...

Threads started!

CPU speed:
    events per second:   941.79

General statistics:
    total time:                          3.0251s
    total number of events:              2851

Latency (ms):
         min:                                   10.53
         avg:                                   41.98
         max:                                  104.04
         99th percentile:                       52.89
         sum:                               119683.65

Threads fairness:
    events (avg/stddev):           71.2750/0.63
    execution time (avg/stddev):   2.9921/0.02

