sysbench 1.0.20 (using system LuaJIT 2.1.0-beta3)

Running the test with following options:
Number of threads: 40
Initializing random number generator from current time


Prime numbers limit: 50000

Initializing worker threads...

Threads started!

CPU speed:
    events per second:   943.72

General statistics:
    total time:                          3.0263s
    total number of events:              2858

Latency (ms):
         min:                                   10.51
         avg:                                   38.86
         max:                                  457.59
         99th percentile:                      272.27
         sum:                               111069.78

Threads fairness:
    events (avg/stddev):           71.4500/11.29
    execution time (avg/stddev):   2.7767/0.22

