sysbench 1.0.20 (using system LuaJIT 2.1.0-beta3)

Running the test with following options:
Number of threads: 40
Initializing random number generator from current time


Prime numbers limit: 50000

Initializing worker threads...

Threads started!

CPU speed:
    events per second:   932.57

General statistics:
    total time:                          3.0250s
    total number of events:              2823

Latency (ms):
         min:                                   10.53
         avg:                                   42.71
         max:                                   53.75
         99th percentile:                       52.89
         sum:                               120570.41

Threads fairness:
    events (avg/stddev):           70.5750/1.14
    execution time (avg/stddev):   3.0143/0.01

