sysbench 1.0.20 (using system LuaJIT 2.1.0-beta3)

Running the test with following options:
Number of threads: 40
Initializing random number generator from current time


Prime numbers limit: 50000

Initializing worker threads...

Threads started!

CPU speed:
    events per second:   940.93

General statistics:
    total time:                          3.0268s
    total number of events:              2850

Latency (ms):
         min:                                   10.52
         avg:                                   42.30
         max:                                   53.32
         99th percentile:                       48.34
         sum:                               120558.07

Threads fairness:
    events (avg/stddev):           71.2500/0.83
    execution time (avg/stddev):   3.0140/0.01

