sysbench 1.0.20 (using system LuaJIT 2.1.0-beta3)

Running the test with following options:
Number of threads: 40
Initializing random number generator from current time


Prime numbers limit: 50000

Initializing worker threads...

Threads started!

CPU speed:
    events per second:   299.29

General statistics:
    total time:                          3.1044s
    total number of events:              931

Latency (ms):
         min:                                   32.88
         avg:                                  112.19
         max:                                  652.92
         99th percentile:                      520.62
         sum:                               104452.41

Threads fairness:
    events (avg/stddev):           23.2750/5.83
    execution time (avg/stddev):   2.6113/0.38

