sysbench 1.0.20 (using system LuaJIT 2.1.0-beta3)

Running the test with following options:
Number of threads: 40
Initializing random number generator from current time


Prime numbers limit: 50000

Initializing worker threads...

Threads started!

CPU speed:
    events per second:   942.85

General statistics:
    total time:                          3.0262s
    total number of events:              2855

Latency (ms):
         min:                                   10.52
         avg:                                   41.82
         max:                                   81.39
         99th percentile:                       59.99
         sum:                               119397.94

Threads fairness:
    events (avg/stddev):           71.3750/1.44
    execution time (avg/stddev):   2.9849/0.03

