sysbench 1.0.20 (using system LuaJIT 2.1.0-beta3)

Running the test with following options:
Number of threads: 40
Initializing random number generator from current time


Prime numbers limit: 50000

Initializing worker threads...

Threads started!

CPU speed:
    events per second:   908.20

General statistics:
    total time:                          3.0302s
    total number of events:              2754

Latency (ms):
         min:                                   10.94
         avg:                                   42.64
         max:                                  194.88
         99th percentile:                       80.03
         sum:                               117422.76

Threads fairness:
    events (avg/stddev):           68.8500/2.35
    execution time (avg/stddev):   2.9356/0.06

