sysbench 1.0.20 (using system LuaJIT 2.1.0-beta3)

Running the test with following options:
Number of threads: 40
Initializing random number generator from current time


Prime numbers limit: 50000

Initializing worker threads...

Threads started!

CPU speed:
    events per second:   945.15

General statistics:
    total time:                          3.0239s
    total number of events:              2860

Latency (ms):
         min:                                   10.51
         avg:                                   42.06
         max:                                   54.66
         99th percentile:                       49.21
         sum:                               120304.91

Threads fairness:
    events (avg/stddev):           71.5000/0.84
    execution time (avg/stddev):   3.0076/0.01

