sysbench 1.0.20 (using system LuaJIT 2.1.0-beta3)

Running the test with following options:
Number of threads: 40
Initializing random number generator from current time


Prime numbers limit: 50000

Initializing worker threads...

Threads started!

CPU speed:
    events per second:   946.27

General statistics:
    total time:                          3.0298s
    total number of events:              2869

Latency (ms):
         min:                                   10.50
         avg:                                   39.18
         max:                                  447.44
         99th percentile:                      308.84
         sum:                               112412.83

Threads fairness:
    events (avg/stddev):           71.7250/10.68
    execution time (avg/stddev):   2.8103/0.21

