sysbench 1.0.20 (using system LuaJIT 2.1.0-beta3)

Running the test with following options:
Number of threads: 40
Initializing random number generator from current time


Prime numbers limit: 50000

Initializing worker threads...

Threads started!

CPU speed:
    events per second:   946.45

General statistics:
    total time:                          3.0282s
    total number of events:              2868

Latency (ms):
         min:                                   10.51
         avg:                                   40.87
         max:                                  152.21
         99th percentile:                      108.68
         sum:                               117206.67

Threads fairness:
    events (avg/stddev):           71.7000/4.68
    execution time (avg/stddev):   2.9302/0.07

