sysbench 1.0.20 (using system LuaJIT 2.1.0-beta3)

Running the test with following options:
Number of threads: 40
Initializing random number generator from current time


Prime numbers limit: 50000

Initializing worker threads...

Threads started!

CPU speed:
    events per second:   946.68

General statistics:
    total time:                          3.0243s
    total number of events:              2865

Latency (ms):
         min:                                   10.51
         avg:                                   40.87
         max:                                  118.91
         99th percentile:                       87.56
         sum:                               117096.28

Threads fairness:
    events (avg/stddev):           71.6250/3.85
    execution time (avg/stddev):   2.9274/0.07

