sysbench 1.0.20 (using system LuaJIT 2.1.0-beta3)

Running the test with following options:
Number of threads: 40
Initializing random number generator from current time


Prime numbers limit: 50000

Initializing worker threads...

Threads started!

CPU speed:
    events per second:   528.62

General statistics:
    total time:                          3.0514s
    total number of events:              1615

Latency (ms):
         min:                                   18.77
         avg:                                   72.42
         max:                                  193.74
         99th percentile:                      144.97
         sum:                               116952.13

Threads fairness:
    events (avg/stddev):           40.3750/2.54
    execution time (avg/stddev):   2.9238/0.09

