sysbench 1.0.20 (using system LuaJIT 2.1.0-beta3)

Running the test with following options:
Number of threads: 40
Initializing random number generator from current time


Prime numbers limit: 50000

Initializing worker threads...

Threads started!

CPU speed:
    events per second:   300.81

General statistics:
    total time:                          3.0886s
    total number of events:              931

Latency (ms):
         min:                                   32.88
         avg:                                  125.65
         max:                                  310.00
         99th percentile:                      240.02
         sum:                               116984.30

Threads fairness:
    events (avg/stddev):           23.2750/1.24
    execution time (avg/stddev):   2.9246/0.12

