sysbench 1.0.20 (using system LuaJIT 2.1.0-beta3)

Running the test with following options:
Number of threads: 40
Initializing random number generator from current time


Prime numbers limit: 50000

Initializing worker threads...

Threads started!

CPU speed:
    events per second:   941.96

General statistics:
    total time:                          3.0215s
    total number of events:              2848

Latency (ms):
         min:                                   10.53
         avg:                                   41.94
         max:                                   91.34
         99th percentile:                       52.89
         sum:                               119453.21

Threads fairness:
    events (avg/stddev):           71.2000/0.95
    execution time (avg/stddev):   2.9863/0.02

