sysbench 1.0.20 (using system LuaJIT 2.1.0-beta3)

Running the test with following options:
Number of threads: 40
Initializing random number generator from current time


Prime numbers limit: 50000

Initializing worker threads...

Threads started!

CPU speed:
    events per second:   940.38

General statistics:
    total time:                          3.0286s
    total number of events:              2850

Latency (ms):
         min:                                   10.54
         avg:                                   42.30
         max:                                   71.93
         99th percentile:                       54.83
         sum:                               120553.16

Threads fairness:
    events (avg/stddev):           71.2500/0.66
    execution time (avg/stddev):   3.0138/0.01

