sysbench 1.0.20 (using system LuaJIT 2.1.0-beta3)

Running the test with following options:
Number of threads: 40
Initializing random number generator from current time


Prime numbers limit: 50000

Initializing worker threads...

Threads started!

CPU speed:
    events per second:   935.91

General statistics:
    total time:                          3.0282s
    total number of events:              2836

Latency (ms):
         min:                                   10.54
         avg:                                   42.54
         max:                                   53.60
         99th percentile:                       50.11
         sum:                               120647.64

Threads fairness:
    events (avg/stddev):           70.9000/0.83
    execution time (avg/stddev):   3.0162/0.01

