sysbench 1.0.20 (using system LuaJIT 2.1.0-beta3)

Running the test with following options:
Number of threads: 40
Initializing random number generator from current time


Prime numbers limit: 50000

Initializing worker threads...

Threads started!

CPU speed:
    events per second:   946.76

General statistics:
    total time:                          3.0240s
    total number of events:              2865

Latency (ms):
         min:                                   10.52
         avg:                                   41.82
         max:                                   66.82
         99th percentile:                       55.82
         sum:                               119812.28

Threads fairness:
    events (avg/stddev):           71.6250/0.91
    execution time (avg/stddev):   2.9953/0.02

