sysbench 1.0.20 (using system LuaJIT 2.1.0-beta3)

Running the test with following options:
Number of threads: 40
Initializing random number generator from current time


Prime numbers limit: 50000

Initializing worker threads...

Threads started!

CPU speed:
    events per second:   945.41

General statistics:
    total time:                          3.0326s
    total number of events:              2869

Latency (ms):
         min:                                   10.51
         avg:                                   40.64
         max:                                  221.81
         99th percentile:                      104.84
         sum:                               116595.16

Threads fairness:
    events (avg/stddev):           71.7250/2.48
    execution time (avg/stddev):   2.9149/0.08

