sysbench 1.0.20 (using system LuaJIT 2.1.0-beta3)

Running the test with following options:
Number of threads: 40
Initializing random number generator from current time


Prime numbers limit: 50000

Initializing worker threads...

Threads started!

CPU speed:
    events per second:   917.09

General statistics:
    total time:                          3.0270s
    total number of events:              2778

Latency (ms):
         min:                                   10.51
         avg:                                   43.41
         max:                                   59.96
         99th percentile:                       54.83
         sum:                               120601.49

Threads fairness:
    events (avg/stddev):           69.4500/6.70
    execution time (avg/stddev):   3.0150/0.01

