sysbench 1.0.20 (using system LuaJIT 2.1.0-beta3)

Running the test with following options:
Number of threads: 40
Initializing random number generator from current time


Prime numbers limit: 50000

Initializing worker threads...

Threads started!

CPU speed:
    events per second:   451.91

General statistics:
    total time:                          3.0566s
    total number of events:              1384

Latency (ms):
         min:                                   21.90
         avg:                                   85.15
         max:                                  349.23
         99th percentile:                      240.02
         sum:                               117848.61

Threads fairness:
    events (avg/stddev):           34.6000/1.56
    execution time (avg/stddev):   2.9462/0.07

