sysbench 1.0.20 (using system LuaJIT 2.1.0-beta3)

Running the test with following options:
Number of threads: 40
Initializing random number generator from current time


Prime numbers limit: 50000

Initializing worker threads...

Threads started!

CPU speed:
    events per second:   940.98

General statistics:
    total time:                          3.0235s
    total number of events:              2847

Latency (ms):
         min:                                   10.56
         avg:                                   42.02
         max:                                   85.37
         99th percentile:                       51.02
         sum:                               119636.38

Threads fairness:
    events (avg/stddev):           71.1750/0.63
    execution time (avg/stddev):   2.9909/0.02

