sysbench 1.0.20 (using system LuaJIT 2.1.0-beta3)

Running the test with following options:
Number of threads: 40
Initializing random number generator from current time


Prime numbers limit: 50000

Initializing worker threads...

Threads started!

CPU speed:
    events per second:   940.59

General statistics:
    total time:                          3.0293s
    total number of events:              2852

Latency (ms):
         min:                                   10.50
         avg:                                   37.07
         max:                                 1010.68
         99th percentile:                      511.33
         sum:                               105732.80

Threads fairness:
    events (avg/stddev):           71.3000/20.77
    execution time (avg/stddev):   2.6433/0.38

