sysbench 1.0.20 (using system LuaJIT 2.1.0-beta3)

Running the test with following options:
Number of threads: 40
Initializing random number generator from current time


Prime numbers limit: 50000

Initializing worker threads...

Threads started!

CPU speed:
    events per second:   941.55

General statistics:
    total time:                          3.0260s
    total number of events:              2851

Latency (ms):
         min:                                   10.52
         avg:                                   41.95
         max:                                   99.32
         99th percentile:                       52.89
         sum:                               119596.29

Threads fairness:
    events (avg/stddev):           71.2750/0.97
    execution time (avg/stddev):   2.9899/0.02

