sysbench 1.0.20 (using system LuaJIT 2.1.0-beta3)

Running the test with following options:
Number of threads: 40
Initializing random number generator from current time


Prime numbers limit: 50000

Initializing worker threads...

Threads started!

CPU speed:
    events per second:   944.45

General statistics:
    total time:                          3.0356s
    total number of events:              2869

Latency (ms):
         min:                                   10.50
         avg:                                   40.73
         max:                                  253.93
         99th percentile:                      110.66
         sum:                               116864.15

Threads fairness:
    events (avg/stddev):           71.7250/2.61
    execution time (avg/stddev):   2.9216/0.08

