sysbench 1.0.20 (using system LuaJIT 2.1.0-beta3)

Running the test with following options:
Number of threads: 40
Initializing random number generator from current time


Prime numbers limit: 50000

Initializing worker threads...

Threads started!

CPU speed:
    events per second:   946.12

General statistics:
    total time:                          3.0229s
    total number of events:              2862

Latency (ms):
         min:                                   10.51
         avg:                                   41.79
         max:                                   71.76
         99th percentile:                       56.84
         sum:                               119611.21

Threads fairness:
    events (avg/stddev):           71.5500/1.02
    execution time (avg/stddev):   2.9903/0.02

