sysbench 1.0.20 (using system LuaJIT 2.1.0-beta3)

Running the test with following options:
Number of threads: 40
Initializing random number generator from current time


Prime numbers limit: 50000

Initializing worker threads...

Threads started!

CPU speed:
    events per second:   939.06

General statistics:
    total time:                          3.0254s
    total number of events:              2843

Latency (ms):
         min:                                   10.52
         avg:                                   42.41
         max:                                   54.26
         99th percentile:                       51.02
         sum:                               120574.97

Threads fairness:
    events (avg/stddev):           71.0750/0.98
    execution time (avg/stddev):   3.0144/0.01

