sysbench 1.0.20 (using system LuaJIT 2.1.0-beta3)

Running the test with following options:
Number of threads: 40
Initializing random number generator from current time


Prime numbers limit: 50000

Initializing worker threads...

Threads started!

CPU speed:
    events per second:   939.96

General statistics:
    total time:                          3.0278s
    total number of events:              2848

Latency (ms):
         min:                                   10.54
         avg:                                   42.35
         max:                                   62.20
         99th percentile:                       52.89
         sum:                               120605.88

Threads fairness:
    events (avg/stddev):           71.2000/1.23
    execution time (avg/stddev):   3.0151/0.01

