sysbench 1.0.20 (using system LuaJIT 2.1.0-beta3)

Running the test with following options:
Number of threads: 40
Initializing random number generator from current time


Prime numbers limit: 50000

Initializing worker threads...

Threads started!

CPU speed:
    events per second:   946.18

General statistics:
    total time:                          3.0312s
    total number of events:              2870

Latency (ms):
         min:                                   10.51
         avg:                                   36.36
         max:                                  762.77
         99th percentile:                      502.20
         sum:                               104349.69

Threads fairness:
    events (avg/stddev):           71.7500/16.91
    execution time (avg/stddev):   2.6087/0.42

