sysbench 1.0.20 (using system LuaJIT 2.1.0-beta3)

Running the test with following options:
Number of threads: 40
Initializing random number generator from current time


Prime numbers limit: 50000

Initializing worker threads...

Threads started!

CPU speed:
    events per second:   938.84

General statistics:
    total time:                          3.0339s
    total number of events:              2852

Latency (ms):
         min:                                   10.51
         avg:                                   36.10
         max:                                  822.99
         99th percentile:                      559.50
         sum:                               102965.91

Threads fairness:
    events (avg/stddev):           71.3000/16.53
    execution time (avg/stddev):   2.5741/0.44

