sysbench 1.0.20 (using system LuaJIT 2.1.0-beta3)

Running the test with following options:
Number of threads: 40
Initializing random number generator from current time


Prime numbers limit: 50000

Initializing worker threads...

Threads started!

CPU speed:
    events per second:   453.32

General statistics:
    total time:                          3.0510s
    total number of events:              1385

Latency (ms):
         min:                                   21.93
         avg:                                   85.84
         max:                                  166.97
         99th percentile:                      150.29
         sum:                               118891.93

Threads fairness:
    events (avg/stddev):           34.6250/1.53
    execution time (avg/stddev):   2.9723/0.06

