sysbench 1.0.20 (using system LuaJIT 2.1.0-beta3)

Running the test with following options:
Number of threads: 40
Initializing random number generator from current time


Prime numbers limit: 50000

Initializing worker threads...

Threads started!

CPU speed:
    events per second:   947.14

General statistics:
    total time:                          3.0260s
    total number of events:              2868

Latency (ms):
         min:                                   10.50
         avg:                                   41.17
         max:                                  137.06
         99th percentile:                       77.19
         sum:                               118070.87

Threads fairness:
    events (avg/stddev):           71.7000/1.93
    execution time (avg/stddev):   2.9518/0.06

