sysbench 1.0.20 (using system LuaJIT 2.1.0-beta3)

Running the test with following options:
Number of threads: 40
Initializing random number generator from current time


Prime numbers limit: 50000

Initializing worker threads...

Threads started!

CPU speed:
    events per second:   945.41

General statistics:
    total time:                          3.0220s
    total number of events:              2859

Latency (ms):
         min:                                   10.52
         avg:                                   41.94
         max:                                   70.84
         99th percentile:                       55.82
         sum:                               119899.37

Threads fairness:
    events (avg/stddev):           71.4750/1.58
    execution time (avg/stddev):   2.9975/0.01

