sysbench 1.0.20 (using system LuaJIT 2.1.0-beta3)

Running the test with following options:
Number of threads: 40
Initializing random number generator from current time


Prime numbers limit: 50000

Initializing worker threads...

Threads started!

CPU speed:
    events per second:   944.70

General statistics:
    total time:                          3.0264s
    total number of events:              2861

Latency (ms):
         min:                                   10.53
         avg:                                   41.72
         max:                                   90.73
         99th percentile:                       52.89
         sum:                               119359.65

Threads fairness:
    events (avg/stddev):           71.5250/1.14
    execution time (avg/stddev):   2.9840/0.02

