sysbench 1.0.20 (using system LuaJIT 2.1.0-beta3)

Running the test with following options:
Number of threads: 40
Initializing random number generator from current time


Prime numbers limit: 50000

Initializing worker threads...

Threads started!

CPU speed:
    events per second:   914.83

General statistics:
    total time:                          3.0280s
    total number of events:              2772

Latency (ms):
         min:                                   10.53
         avg:                                   43.48
         max:                                   54.75
         99th percentile:                       52.89
         sum:                               120529.46

Threads fairness:
    events (avg/stddev):           69.3000/1.55
    execution time (avg/stddev):   3.0132/0.01

