sysbench 1.0.20 (using system LuaJIT 2.1.0-beta3)

Running the test with following options:
Number of threads: 40
Initializing random number generator from current time


Prime numbers limit: 50000

Initializing worker threads...

Threads started!

CPU speed:
    events per second:   756.73

General statistics:
    total time:                          3.0341s
    total number of events:              2298

Latency (ms):
         min:                                   13.13
         avg:                                   46.02
         max:                                  884.79
         99th percentile:                      484.44
         sum:                               105757.57

Threads fairness:
    events (avg/stddev):           57.4500/13.79
    execution time (avg/stddev):   2.6439/0.41

