sysbench 1.0.20 (using system LuaJIT 2.1.0-beta3)

Running the test with following options:
Number of threads: 40
Initializing random number generator from current time


Prime numbers limit: 50000

Initializing worker threads...

Threads started!

CPU speed:
    events per second:   916.19

General statistics:
    total time:                          3.0279s
    total number of events:              2776

Latency (ms):
         min:                                   10.52
         avg:                                   43.46
         max:                                   62.97
         99th percentile:                       51.94
         sum:                               120644.78

Threads fairness:
    events (avg/stddev):           69.4000/1.92
    execution time (avg/stddev):   3.0161/0.01

