sysbench 1.0.20 (using system LuaJIT 2.1.0-beta3)

Running the test with following options:
Number of threads: 40
Initializing random number generator from current time


Prime numbers limit: 50000

Initializing worker threads...

Threads started!

CPU speed:
    events per second:   945.44

General statistics:
    total time:                          3.0303s
    total number of events:              2867

Latency (ms):
         min:                                   10.50
         avg:                                   41.64
         max:                                  100.71
         99th percentile:                       62.19
         sum:                               119371.29

Threads fairness:
    events (avg/stddev):           71.6750/1.56
    execution time (avg/stddev):   2.9843/0.03

