sysbench 1.0.20 (using system LuaJIT 2.1.0-beta3)

Running the test with following options:
Number of threads: 40
Initializing random number generator from current time


Prime numbers limit: 50000

Initializing worker threads...

Threads started!

CPU speed:
    events per second:   909.13

General statistics:
    total time:                          3.0342s
    total number of events:              2762

Latency (ms):
         min:                                   10.54
         avg:                                   43.66
         max:                                   80.86
         99th percentile:                       62.19
         sum:                               120586.90

Threads fairness:
    events (avg/stddev):           69.0500/1.32
    execution time (avg/stddev):   3.0147/0.01

