sysbench 1.0.20 (using system LuaJIT 2.1.0-beta3)

Running the test with following options:
Number of threads: 40
Initializing random number generator from current time


Prime numbers limit: 50000

Initializing worker threads...

Threads started!

CPU speed:
    events per second:   941.14

General statistics:
    total time:                          3.0233s
    total number of events:              2847

Latency (ms):
         min:                                   19.80
         avg:                                   42.11
         max:                                   79.24
         99th percentile:                       49.21
         sum:                               119890.06

Threads fairness:
    events (avg/stddev):           71.1750/0.80
    execution time (avg/stddev):   2.9973/0.02

