sysbench 1.0.20 (using system LuaJIT 2.1.0-beta3)

Running the test with following options:
Number of threads: 40
Initializing random number generator from current time


Prime numbers limit: 50000

Initializing worker threads...

Threads started!

CPU speed:
    events per second:   941.06

General statistics:
    total time:                          3.0286s
    total number of events:              2852

Latency (ms):
         min:                                   10.53
         avg:                                   41.72
         max:                                   58.31
         99th percentile:                       47.47
         sum:                               118981.65

Threads fairness:
    events (avg/stddev):           71.3000/1.82
    execution time (avg/stddev):   2.9745/0.04

