sysbench 1.0.20 (using system LuaJIT 2.1.0-beta3)

Running the test with following options:
Number of threads: 40
Initializing random number generator from current time


Prime numbers limit: 50000

Initializing worker threads...

Threads started!

CPU speed:
    events per second:   941.74

General statistics:
    total time:                          3.0233s
    total number of events:              2849

Latency (ms):
         min:                                   10.54
         avg:                                   41.95
         max:                                   77.60
         99th percentile:                       51.02
         sum:                               119526.78

Threads fairness:
    events (avg/stddev):           71.2250/0.82
    execution time (avg/stddev):   2.9882/0.02

