sysbench 1.0.20 (using system LuaJIT 2.1.0-beta3)

Running the test with following options:
Number of threads: 40
Initializing random number generator from current time


Prime numbers limit: 50000

Initializing worker threads...

Threads started!

CPU speed:
    events per second:   866.79

General statistics:
    total time:                          3.0250s
    total number of events:              2624

Latency (ms):
         min:                                   11.45
         avg:                                   45.49
         max:                                   84.09
         99th percentile:                       61.08
         sum:                               119354.39

Threads fairness:
    events (avg/stddev):           65.6000/1.09
    execution time (avg/stddev):   2.9839/0.02

