sysbench 1.0.20 (using system LuaJIT 2.1.0-beta3)

Running the test with following options:
Number of threads: 40
Initializing random number generator from current time


Prime numbers limit: 50000

Initializing worker threads...

Threads started!

CPU speed:
    events per second:   946.73

General statistics:
    total time:                          3.0273s
    total number of events:              2868

Latency (ms):
         min:                                   10.50
         avg:                                   40.65
         max:                                  257.39
         99th percentile:                      127.81
         sum:                               116593.21

Threads fairness:
    events (avg/stddev):           71.7000/3.30
    execution time (avg/stddev):   2.9148/0.08

