sysbench 1.0.20 (using system LuaJIT 2.1.0-beta3)

Running the test with following options:
Number of threads: 40
Initializing random number generator from current time


Prime numbers limit: 50000

Initializing worker threads...

Threads started!

CPU speed:
    events per second:   376.84

General statistics:
    total time:                          3.0599s
    total number of events:              1155

Latency (ms):
         min:                                   26.30
         avg:                                  103.97
         max:                                  140.56
         99th percentile:                      134.90
         sum:                               120089.26

Threads fairness:
    events (avg/stddev):           28.8750/0.84
    execution time (avg/stddev):   3.0022/0.03

