sysbench 1.0.20 (using system LuaJIT 2.1.0-beta3)

Running the test with following options:
Number of threads: 40
Initializing random number generator from current time


Prime numbers limit: 50000

Initializing worker threads...

Threads started!

CPU speed:
    events per second:   941.05

General statistics:
    total time:                          3.0244s
    total number of events:              2848

Latency (ms):
         min:                                   14.66
         avg:                                   42.09
         max:                                   65.49
         99th percentile:                       50.11
         sum:                               119884.52

Threads fairness:
    events (avg/stddev):           71.2000/0.78
    execution time (avg/stddev):   2.9971/0.01

