sysbench 1.0.20 (using system LuaJIT 2.1.0-beta3)

Running the test with following options:
Number of threads: 40
Initializing random number generator from current time


Prime numbers limit: 50000

Initializing worker threads...

Threads started!

CPU speed:
    events per second:   939.76

General statistics:
    total time:                          3.0285s
    total number of events:              2848

Latency (ms):
         min:                                   10.51
         avg:                                   36.36
         max:                                  950.56
         99th percentile:                      520.62
         sum:                               103563.79

Threads fairness:
    events (avg/stddev):           71.2000/17.23
    execution time (avg/stddev):   2.5891/0.40

