sysbench 1.0.20 (using system LuaJIT 2.1.0-beta3)

Running the test with following options:
Number of threads: 40
Initializing random number generator from current time


Prime numbers limit: 50000

Initializing worker threads...

Threads started!

CPU speed:
    events per second:   941.72

General statistics:
    total time:                          3.0255s
    total number of events:              2851

Latency (ms):
         min:                                   10.53
         avg:                                   41.98
         max:                                   87.50
         99th percentile:                       51.94
         sum:                               119671.05

Threads fairness:
    events (avg/stddev):           71.2750/0.67
    execution time (avg/stddev):   2.9918/0.02

