sysbench 1.0.20 (using system LuaJIT 2.1.0-beta3)

Running the test with following options:
Number of threads: 40
Initializing random number generator from current time


Prime numbers limit: 50000

Initializing worker threads...

Threads started!

CPU speed:
    events per second:   944.94

General statistics:
    total time:                          3.0298s
    total number of events:              2865

Latency (ms):
         min:                                   10.52
         avg:                                   41.85
         max:                                   72.56
         99th percentile:                       61.08
         sum:                               119907.71

Threads fairness:
    events (avg/stddev):           71.6250/1.74
    execution time (avg/stddev):   2.9977/0.02

