sysbench 1.0.20 (using system LuaJIT 2.1.0-beta3)

Running the test with following options:
Number of threads: 40
Initializing random number generator from current time


Prime numbers limit: 50000

Initializing worker threads...

Threads started!

CPU speed:
    events per second:   945.75

General statistics:
    total time:                          3.0324s
    total number of events:              2870

Latency (ms):
         min:                                   10.50
         avg:                                   40.62
         max:                                  348.30
         99th percentile:                      196.89
         sum:                               116582.68

Threads fairness:
    events (avg/stddev):           71.7500/4.98
    execution time (avg/stddev):   2.9146/0.09

