sysbench 1.0.20 (using system LuaJIT 2.1.0-beta3)

Running the test with following options:
Number of threads: 40
Initializing random number generator from current time


Prime numbers limit: 50000

Initializing worker threads...

Threads started!

CPU speed:
    events per second:   946.68

General statistics:
    total time:                          3.0285s
    total number of events:              2869

Latency (ms):
         min:                                   10.50
         avg:                                   34.64
         max:                                  778.89
         99th percentile:                      427.07
         sum:                                99370.69

Threads fairness:
    events (avg/stddev):           71.7250/21.20
    execution time (avg/stddev):   2.4843/0.51

