sysbench 1.0.20 (using system LuaJIT 2.1.0-beta3)

Running the test with following options:
Number of threads: 40
Initializing random number generator from current time


Prime numbers limit: 50000

Initializing worker threads...

Threads started!

CPU speed:
    events per second:   942.20

General statistics:
    total time:                          3.0218s
    total number of events:              2849

Latency (ms):
         min:                                   10.52
         avg:                                   42.10
         max:                                   76.76
         99th percentile:                       49.21
         sum:                               119934.47

Threads fairness:
    events (avg/stddev):           71.2250/0.52
    execution time (avg/stddev):   2.9984/0.02

