sysbench 1.0.20 (using system LuaJIT 2.1.0-beta3)

Running the test with following options:
Number of threads: 40
Initializing random number generator from current time


Prime numbers limit: 50000

Initializing worker threads...

Threads started!

CPU speed:
    events per second:   945.41

General statistics:
    total time:                          3.0229s
    total number of events:              2860

Latency (ms):
         min:                                   10.51
         avg:                                   41.96
         max:                                   70.60
         99th percentile:                       56.84
         sum:                               120015.74

Threads fairness:
    events (avg/stddev):           71.5000/0.74
    execution time (avg/stddev):   3.0004/0.01

