sysbench 1.0.20 (using system LuaJIT 2.1.0-beta3)

Running the test with following options:
Number of threads: 40
Initializing random number generator from current time


Prime numbers limit: 50000

Initializing worker threads...

Threads started!

CPU speed:
    events per second:   945.02

General statistics:
    total time:                          3.0253s
    total number of events:              2861

Latency (ms):
         min:                                   10.51
         avg:                                   41.48
         max:                                   98.30
         99th percentile:                       81.48
         sum:                               118669.66

Threads fairness:
    events (avg/stddev):           71.5250/7.37
    execution time (avg/stddev):   2.9667/0.05

