sysbench 1.0.20 (using system LuaJIT 2.1.0-beta3)

Running the test with following options:
Number of threads: 40
Initializing random number generator from current time


Prime numbers limit: 50000

Initializing worker threads...

Threads started!

CPU speed:
    events per second:   945.19

General statistics:
    total time:                          3.0259s
    total number of events:              2862

Latency (ms):
         min:                                   10.51
         avg:                                   38.31
         max:                                  463.68
         99th percentile:                      308.84
         sum:                               109640.69

Threads fairness:
    events (avg/stddev):           71.5500/11.20
    execution time (avg/stddev):   2.7410/0.25

