sysbench 1.0.20 (using system LuaJIT 2.1.0-beta3)

Running the test with following options:
Number of threads: 40
Initializing random number generator from current time


Prime numbers limit: 50000

Initializing worker threads...

Threads started!

CPU speed:
    events per second:   940.39

General statistics:
    total time:                          3.0211s
    total number of events:              2843

Latency (ms):
         min:                                   10.53
         avg:                                   42.31
         max:                                   54.49
         99th percentile:                       50.11
         sum:                               120287.81

Threads fairness:
    events (avg/stddev):           71.0750/1.10
    execution time (avg/stddev):   3.0072/0.01

