sysbench 1.0.20 (using system LuaJIT 2.1.0-beta3)

Running the test with following options:
Number of threads: 40
Initializing random number generator from current time


Prime numbers limit: 50000

Initializing worker threads...

Threads started!

CPU speed:
    events per second:   943.60

General statistics:
    total time:                          3.0267s
    total number of events:              2858

Latency (ms):
         min:                                   10.52
         avg:                                   42.05
         max:                                   61.40
         99th percentile:                       45.79
         sum:                               120189.37

Threads fairness:
    events (avg/stddev):           71.4500/0.77
    execution time (avg/stddev):   3.0047/0.01

