sysbench 1.0.20 (using system LuaJIT 2.1.0-beta3)

Running the test with following options:
Number of threads: 40
Initializing random number generator from current time


Prime numbers limit: 50000

Initializing worker threads...

Threads started!

CPU speed:
    events per second:   946.54

General statistics:
    total time:                          3.0226s
    total number of events:              2863

Latency (ms):
         min:                                   10.53
         avg:                                   41.86
         max:                                   85.10
         99th percentile:                       62.19
         sum:                               119846.95

Threads fairness:
    events (avg/stddev):           71.5750/1.96
    execution time (avg/stddev):   2.9962/0.01

