sysbench 1.0.20 (using system LuaJIT 2.1.0-beta3)

Running the test with following options:
Number of threads: 40
Initializing random number generator from current time


Prime numbers limit: 50000

Initializing worker threads...

Threads started!

CPU speed:
    events per second:   915.23

General statistics:
    total time:                          3.0212s
    total number of events:              2767

Latency (ms):
         min:                                   10.69
         avg:                                   43.50
         max:                                   61.69
         99th percentile:                       53.85
         sum:                               120371.89

Threads fairness:
    events (avg/stddev):           69.1750/4.19
    execution time (avg/stddev):   3.0093/0.01

