sysbench 1.0.20 (using system LuaJIT 2.1.0-beta3)

Running the test with following options:
Number of threads: 40
Initializing random number generator from current time


Prime numbers limit: 50000

Initializing worker threads...

Threads started!

CPU speed:
    events per second:   945.01

General statistics:
    total time:                          3.0243s
    total number of events:              2860

Latency (ms):
         min:                                   10.51
         avg:                                   40.32
         max:                                  467.39
         99th percentile:                      297.92
         sum:                               115312.85

Threads fairness:
    events (avg/stddev):           71.5000/7.99
    execution time (avg/stddev):   2.8828/0.11

