sysbench 1.0.20 (using system LuaJIT 2.1.0-beta3)

Running the test with following options:
Number of threads: 40
Initializing random number generator from current time


Prime numbers limit: 50000

Initializing worker threads...

Threads started!

CPU speed:
    events per second:   945.85

General statistics:
    total time:                          3.0248s
    total number of events:              2863

Latency (ms):
         min:                                   10.53
         avg:                                   41.89
         max:                                   76.43
         99th percentile:                       61.08
         sum:                               119937.46

Threads fairness:
    events (avg/stddev):           71.5750/1.63
    execution time (avg/stddev):   2.9984/0.01

