sysbench 1.0.20 (using system LuaJIT 2.1.0-beta3)

Running the test with following options:
Number of threads: 40
Initializing random number generator from current time


Prime numbers limit: 50000

Initializing worker threads...

Threads started!

CPU speed:
    events per second:   909.62

General statistics:
    total time:                          3.0211s
    total number of events:              2750

Latency (ms):
         min:                                   10.94
         avg:                                   38.17
         max:                                  731.01
         99th percentile:                      411.96
         sum:                               104960.34

Threads fairness:
    events (avg/stddev):           68.7500/16.05
    execution time (avg/stddev):   2.6240/0.29

