sysbench 1.0.20 (using system LuaJIT 2.1.0-beta3)

Running the test with following options:
Number of threads: 40
Initializing random number generator from current time


Prime numbers limit: 50000

Initializing worker threads...

Threads started!

CPU speed:
    events per second:   945.88

General statistics:
    total time:                          3.0300s
    total number of events:              2868

Latency (ms):
         min:                                   10.53
         avg:                                   41.91
         max:                                   81.37
         99th percentile:                       51.94
         sum:                               120211.35

Threads fairness:
    events (avg/stddev):           71.7000/1.40
    execution time (avg/stddev):   3.0053/0.01

