sysbench 1.0.20 (using system LuaJIT 2.1.0-beta3)

Running the test with following options:
Number of threads: 40
Initializing random number generator from current time


Prime numbers limit: 50000

Initializing worker threads...

Threads started!

CPU speed:
    events per second:   942.07

General statistics:
    total time:                          3.0264s
    total number of events:              2853

Latency (ms):
         min:                                   10.53
         avg:                                   41.97
         max:                                   92.46
         99th percentile:                       52.89
         sum:                               119738.16

Threads fairness:
    events (avg/stddev):           71.3250/0.82
    execution time (avg/stddev):   2.9935/0.02

