sysbench 1.0.20 (using system LuaJIT 2.1.0-beta3)

Running the test with following options:
Number of threads: 40
Initializing random number generator from current time


Prime numbers limit: 50000

Initializing worker threads...

Threads started!

CPU speed:
    events per second:   941.34

General statistics:
    total time:                          3.0245s
    total number of events:              2849

Latency (ms):
         min:                                   16.39
         avg:                                   42.13
         max:                                   70.66
         99th percentile:                       50.11
         sum:                               120026.02

Threads fairness:
    events (avg/stddev):           71.2250/0.52
    execution time (avg/stddev):   3.0007/0.01

