sysbench 1.0.20 (using system LuaJIT 2.1.0-beta3)

Running the test with following options:
Number of threads: 40
Initializing random number generator from current time


Prime numbers limit: 50000

Initializing worker threads...

Threads started!

CPU speed:
    events per second:   945.35

General statistics:
    total time:                          3.0285s
    total number of events:              2865

Latency (ms):
         min:                                   10.52
         avg:                                   41.92
         max:                                   72.53
         99th percentile:                       56.84
         sum:                               120103.43

Threads fairness:
    events (avg/stddev):           71.6250/1.30
    execution time (avg/stddev):   3.0026/0.01

