sysbench 1.0.20 (using system LuaJIT 2.1.0-beta3)

Running the test with following options:
Number of threads: 40
Initializing random number generator from current time


Prime numbers limit: 50000

Initializing worker threads...

Threads started!

CPU speed:
    events per second:   947.69

General statistics:
    total time:                          3.0295s
    total number of events:              2873

Latency (ms):
         min:                                   10.50
         avg:                                   40.82
         max:                                  185.58
         99th percentile:                      121.08
         sum:                               117276.90

Threads fairness:
    events (avg/stddev):           71.8250/2.54
    execution time (avg/stddev):   2.9319/0.08

