sysbench 1.0.20 (using system LuaJIT 2.1.0-beta3)

Running the test with following options:
Number of threads: 40
Initializing random number generator from current time


Prime numbers limit: 50000

Initializing worker threads...

Threads started!

CPU speed:
    events per second:   916.41

General statistics:
    total time:                          3.0271s
    total number of events:              2776

Latency (ms):
         min:                                   10.51
         avg:                                   43.45
         max:                                   64.04
         99th percentile:                       54.83
         sum:                               120616.80

Threads fairness:
    events (avg/stddev):           69.4000/4.28
    execution time (avg/stddev):   3.0154/0.01

