sysbench 1.0.20 (using system LuaJIT 2.1.0-beta3)

Running the test with following options:
Number of threads: 40
Initializing random number generator from current time


Prime numbers limit: 50000

Initializing worker threads...

Threads started!

CPU speed:
    events per second:   946.51

General statistics:
    total time:                          3.0206s
    total number of events:              2861

Latency (ms):
         min:                                   10.51
         avg:                                   41.78
         max:                                   91.87
         99th percentile:                       70.55
         sum:                               119534.60

Threads fairness:
    events (avg/stddev):           71.5250/1.30
    execution time (avg/stddev):   2.9884/0.02

