sysbench 1.0.20 (using system LuaJIT 2.1.0-beta3)

Running the test with following options:
Number of threads: 40
Initializing random number generator from current time


Prime numbers limit: 50000

Initializing worker threads...

Threads started!

CPU speed:
    events per second:   939.17

General statistics:
    total time:                          3.0251s
    total number of events:              2843

Latency (ms):
         min:                                   10.53
         avg:                                   42.36
         max:                                   54.50
         99th percentile:                       50.11
         sum:                               120429.18

Threads fairness:
    events (avg/stddev):           71.0750/1.66
    execution time (avg/stddev):   3.0107/0.01

