sysbench 1.0.20 (using system LuaJIT 2.1.0-beta3)

Running the test with following options:
Number of threads: 40
Initializing random number generator from current time


Prime numbers limit: 50000

Initializing worker threads...

Threads started!

CPU speed:
    events per second:   940.39

General statistics:
    total time:                          3.0278s
    total number of events:              2850

Latency (ms):
         min:                                   10.50
         avg:                                   35.82
         max:                                 1066.41
         99th percentile:                      530.08
         sum:                               102101.17

Threads fairness:
    events (avg/stddev):           71.2500/21.61
    execution time (avg/stddev):   2.5525/0.48

