sysbench 1.0.20 (using system LuaJIT 2.1.0-beta3)

Running the test with following options:
Number of threads: 40
Initializing random number generator from current time


Prime numbers limit: 50000

Initializing worker threads...

Threads started!

CPU speed:
    events per second:   941.41

General statistics:
    total time:                          3.0280s
    total number of events:              2853

Latency (ms):
         min:                                   14.91
         avg:                                   42.12
         max:                                   81.00
         99th percentile:                       51.02
         sum:                               120157.68

Threads fairness:
    events (avg/stddev):           71.3250/0.65
    execution time (avg/stddev):   3.0039/0.01

