sysbench 1.0.20 (using system LuaJIT 2.1.0-beta3)

Running the test with following options:
Number of threads: 40
Initializing random number generator from current time


Prime numbers limit: 50000

Initializing worker threads...

Threads started!

CPU speed:
    events per second:   940.17

General statistics:
    total time:                          3.0251s
    total number of events:              2846

Latency (ms):
         min:                                   10.53
         avg:                                   42.35
         max:                                   57.06
         99th percentile:                       51.02
         sum:                               120525.77

Threads fairness:
    events (avg/stddev):           71.1500/1.06
    execution time (avg/stddev):   3.0131/0.01

