sysbench 1.0.20 (using system LuaJIT 2.1.0-beta3)

Running the test with following options:
Number of threads: 40
Initializing random number generator from current time


Prime numbers limit: 50000

Initializing worker threads...

Threads started!

CPU speed:
    events per second:   944.83

General statistics:
    total time:                          3.0207s
    total number of events:              2856

Latency (ms):
         min:                                   10.54
         avg:                                   42.02
         max:                                   58.91
         99th percentile:                       46.63
         sum:                               120019.74

Threads fairness:
    events (avg/stddev):           71.4000/0.77
    execution time (avg/stddev):   3.0005/0.01

