sysbench 1.0.20 (using system LuaJIT 2.1.0-beta3)

Running the test with following options:
Number of threads: 40
Initializing random number generator from current time


Prime numbers limit: 50000

Initializing worker threads...

Threads started!

CPU speed:
    events per second:   908.34

General statistics:
    total time:                          3.0362s
    total number of events:              2763

Latency (ms):
         min:                                   10.54
         avg:                                   43.62
         max:                                   69.59
         99th percentile:                       57.87
         sum:                               120531.50

Threads fairness:
    events (avg/stddev):           69.0750/2.44
    execution time (avg/stddev):   3.0133/0.01

