sysbench 1.0.20 (using system LuaJIT 2.1.0-beta3)

Running the test with following options:
Number of threads: 40
Initializing random number generator from current time


Prime numbers limit: 50000

Initializing worker threads...

Threads started!

CPU speed:
    events per second:   946.23

General statistics:
    total time:                          3.0342s
    total number of events:              2873

Latency (ms):
         min:                                   10.52
         avg:                                   41.63
         max:                                  110.27
         99th percentile:                       73.13
         sum:                               119595.55

Threads fairness:
    events (avg/stddev):           71.8250/2.23
    execution time (avg/stddev):   2.9899/0.03

