sysbench 1.0.20 (using system LuaJIT 2.1.0-beta3)

Running the test with following options:
Number of threads: 40
Initializing random number generator from current time


Prime numbers limit: 50000

Initializing worker threads...

Threads started!

CPU speed:
    events per second:   944.42

General statistics:
    total time:                          3.0230s
    total number of events:              2857

Latency (ms):
         min:                                   10.52
         avg:                                   42.13
         max:                                   55.71
         99th percentile:                       51.02
         sum:                               120366.54

Threads fairness:
    events (avg/stddev):           71.4250/0.83
    execution time (avg/stddev):   3.0092/0.01

