sysbench 1.0.20 (using system LuaJIT 2.1.0-beta3)

Running the test with following options:
Number of threads: 40
Initializing random number generator from current time


Prime numbers limit: 50000

Initializing worker threads...

Threads started!

CPU speed:
    events per second:   939.93

General statistics:
    total time:                          3.0269s
    total number of events:              2847

Latency (ms):
         min:                                   10.52
         avg:                                   42.32
         max:                                   63.30
         99th percentile:                       52.89
         sum:                               120495.47

Threads fairness:
    events (avg/stddev):           71.1750/2.39
    execution time (avg/stddev):   3.0124/0.01

