sysbench 1.0.20 (using system LuaJIT 2.1.0-beta3)

Running the test with following options:
Number of threads: 40
Initializing random number generator from current time


Prime numbers limit: 50000

Initializing worker threads...

Threads started!

CPU speed:
    events per second:   946.04

General statistics:
    total time:                          3.0306s
    total number of events:              2869

Latency (ms):
         min:                                   10.51
         avg:                                   40.76
         max:                                  149.90
         99th percentile:                      104.84
         sum:                               116953.68

Threads fairness:
    events (avg/stddev):           71.7250/4.51
    execution time (avg/stddev):   2.9238/0.09

