sysbench 1.0.20 (using system LuaJIT 2.1.0-beta3)

Running the test with following options:
Number of threads: 40
Initializing random number generator from current time


Prime numbers limit: 50000

Initializing worker threads...

Threads started!

CPU speed:
    events per second:   944.68

General statistics:
    total time:                          3.0296s
    total number of events:              2864

Latency (ms):
         min:                                   10.50
         avg:                                   40.21
         max:                                  371.67
         99th percentile:                      272.27
         sum:                               115155.86

Threads fairness:
    events (avg/stddev):           71.6000/8.02
    execution time (avg/stddev):   2.8789/0.13

