sysbench 1.0.20 (using system LuaJIT 2.1.0-beta3)

Running the test with following options:
Number of threads: 40
Initializing random number generator from current time


Prime numbers limit: 50000

Initializing worker threads...

Threads started!

CPU speed:
    events per second:   946.59

General statistics:
    total time:                          3.0269s
    total number of events:              2867

Latency (ms):
         min:                                   10.51
         avg:                                   40.55
         max:                                  207.01
         99th percentile:                      137.35
         sum:                               116270.61

Threads fairness:
    events (avg/stddev):           71.6750/4.97
    execution time (avg/stddev):   2.9068/0.11

