sysbench 1.0.20 (using system LuaJIT 2.1.0-beta3)

Running the test with following options:
Number of threads: 40
Initializing random number generator from current time


Prime numbers limit: 50000

Initializing worker threads...

Threads started!

CPU speed:
    events per second:   943.99

General statistics:
    total time:                          3.0192s
    total number of events:              2852

Latency (ms):
         min:                                   10.53
         avg:                                   42.19
         max:                                   53.40
         99th percentile:                       46.63
         sum:                               120324.70

Threads fairness:
    events (avg/stddev):           71.3000/0.68
    execution time (avg/stddev):   3.0081/0.01

