sysbench 1.0.20 (using system LuaJIT 2.1.0-beta3)

Running the test with following options:
Number of threads: 40
Initializing random number generator from current time


Prime numbers limit: 50000

Initializing worker threads...

Threads started!

CPU speed:
    events per second:   946.17

General statistics:
    total time:                          3.0227s
    total number of events:              2862

Latency (ms):
         min:                                   10.52
         avg:                                   41.75
         max:                                   81.67
         99th percentile:                       52.89
         sum:                               119500.95

Threads fairness:
    events (avg/stddev):           71.5500/1.16
    execution time (avg/stddev):   2.9875/0.02

