sysbench 1.0.20 (using system LuaJIT 2.1.0-beta3)

Running the test with following options:
Number of threads: 40
Initializing random number generator from current time


Prime numbers limit: 50000

Initializing worker threads...

Threads started!

CPU speed:
    events per second:   746.57

General statistics:
    total time:                          3.0331s
    total number of events:              2267

Latency (ms):
         min:                                   13.14
         avg:                                   53.17
         max:                                   86.14
         99th percentile:                       69.29
         sum:                               120542.28

Threads fairness:
    events (avg/stddev):           56.6750/1.79
    execution time (avg/stddev):   3.0136/0.01

