sysbench 1.0.20 (using system LuaJIT 2.1.0-beta3)

Running the test with following options:
Number of threads: 40
Initializing random number generator from current time


Prime numbers limit: 50000

Initializing worker threads...

Threads started!

CPU speed:
    events per second:   941.22

General statistics:
    total time:                          3.0228s
    total number of events:              2847

Latency (ms):
         min:                                   17.83
         avg:                                   42.15
         max:                                   76.07
         99th percentile:                       51.94
         sum:                               119999.42

Threads fairness:
    events (avg/stddev):           71.1750/0.86
    execution time (avg/stddev):   3.0000/0.01

