sysbench 1.0.20 (using system LuaJIT 2.1.0-beta3)

Running the test with following options:
Number of threads: 40
Initializing random number generator from current time


Prime numbers limit: 50000

Initializing worker threads...

Threads started!

CPU speed:
    events per second:   947.04

General statistics:
    total time:                          3.0294s
    total number of events:              2871

Latency (ms):
         min:                                   10.51
         avg:                                   40.76
         max:                                  154.96
         99th percentile:                      110.66
         sum:                               117023.66

Threads fairness:
    events (avg/stddev):           71.7750/4.58
    execution time (avg/stddev):   2.9256/0.09

