sysbench 1.0.20 (using system LuaJIT 2.1.0-beta3)

Running the test with following options:
Number of threads: 40
Initializing random number generator from current time


Prime numbers limit: 50000

Initializing worker threads...

Threads started!

CPU speed:
    events per second:   947.28

General statistics:
    total time:                          3.0255s
    total number of events:              2868

Latency (ms):
         min:                                   10.51
         avg:                                   40.67
         max:                                  214.01
         99th percentile:                       77.19
         sum:                               116643.03

Threads fairness:
    events (avg/stddev):           71.7000/3.10
    execution time (avg/stddev):   2.9161/0.07

