sysbench 1.0.20 (using system LuaJIT 2.1.0-beta3)

Running the test with following options:
Number of threads: 40
Initializing random number generator from current time


Prime numbers limit: 50000

Initializing worker threads...

Threads started!

CPU speed:
    events per second:   945.64

General statistics:
    total time:                          3.0255s
    total number of events:              2863

Latency (ms):
         min:                                   10.51
         avg:                                   39.52
         max:                                  442.00
         99th percentile:                      277.21
         sum:                               113153.05

Threads fairness:
    events (avg/stddev):           71.5750/9.47
    execution time (avg/stddev):   2.8288/0.17

