sysbench 1.0.20 (using system LuaJIT 2.1.0-beta3)

Running the test with following options:
Number of threads: 40
Initializing random number generator from current time


Prime numbers limit: 50000

Initializing worker threads...

Threads started!

CPU speed:
    events per second:   947.24

General statistics:
    total time:                          3.0267s
    total number of events:              2869

Latency (ms):
         min:                                   10.52
         avg:                                   41.75
         max:                                   71.82
         99th percentile:                       52.89
         sum:                               119794.55

Threads fairness:
    events (avg/stddev):           71.7250/0.87
    execution time (avg/stddev):   2.9949/0.02

