sysbench 1.0.20 (using system LuaJIT 2.1.0-beta3)

Running the test with following options:
Number of threads: 40
Initializing random number generator from current time


Prime numbers limit: 50000

Initializing worker threads...

Threads started!

CPU speed:
    events per second:   939.18

General statistics:
    total time:                          3.0255s
    total number of events:              2844

Latency (ms):
         min:                                   10.55
         avg:                                   42.27
         max:                                   65.62
         99th percentile:                       53.85
         sum:                               120208.61

Threads fairness:
    events (avg/stddev):           71.1000/1.32
    execution time (avg/stddev):   3.0052/0.01

