sysbench 1.0.20 (using system LuaJIT 2.1.0-beta3)

Running the test with following options:
Number of threads: 40
Initializing random number generator from current time


Prime numbers limit: 50000

Initializing worker threads...

Threads started!

CPU speed:
    events per second:   940.84

General statistics:
    total time:                          3.0288s
    total number of events:              2852

Latency (ms):
         min:                                   10.54
         avg:                                   41.95
         max:                                   66.42
         99th percentile:                       49.21
         sum:                               119627.26

Threads fairness:
    events (avg/stddev):           71.3000/0.75
    execution time (avg/stddev):   2.9907/0.02

