sysbench 1.0.20 (using system LuaJIT 2.1.0-beta3)

Running the test with following options:
Number of threads: 40
Initializing random number generator from current time


Prime numbers limit: 50000

Initializing worker threads...

Threads started!

CPU speed:
    events per second:   944.83

General statistics:
    total time:                          3.0323s
    total number of events:              2867

Latency (ms):
         min:                                   10.52
         avg:                                   41.37
         max:                                  100.57
         99th percentile:                       70.55
         sum:                               118599.86

Threads fairness:
    events (avg/stddev):           71.6750/2.59
    execution time (avg/stddev):   2.9650/0.05

