sysbench 1.0.20 (using system LuaJIT 2.1.0-beta3)

Running the test with following options:
Number of threads: 40
Initializing random number generator from current time


Prime numbers limit: 50000

Initializing worker threads...

Threads started!

CPU speed:
    events per second:   942.47

General statistics:
    total time:                          3.0199s
    total number of events:              2848

Latency (ms):
         min:                                   12.44
         avg:                                   42.03
         max:                                   66.61
         99th percentile:                       50.11
         sum:                               119708.52

Threads fairness:
    events (avg/stddev):           71.2000/0.75
    execution time (avg/stddev):   2.9927/0.01

