sysbench 1.0.20 (using system LuaJIT 2.1.0-beta3)

Running the test with following options:
Number of threads: 40
Initializing random number generator from current time


Prime numbers limit: 50000

Initializing worker threads...

Threads started!

CPU speed:
    events per second:   944.58

General statistics:
    total time:                          3.0321s
    total number of events:              2866

Latency (ms):
         min:                                   10.53
         avg:                                   41.87
         max:                                   75.42
         99th percentile:                       55.82
         sum:                               120010.85

Threads fairness:
    events (avg/stddev):           71.6500/1.39
    execution time (avg/stddev):   3.0003/0.02

