sysbench 1.0.20 (using system LuaJIT 2.1.0-beta3)

Running the test with following options:
Number of threads: 40
Initializing random number generator from current time


Prime numbers limit: 50000

Initializing worker threads...

Threads started!

CPU speed:
    events per second:   941.64

General statistics:
    total time:                          3.0267s
    total number of events:              2852

Latency (ms):
         min:                                   20.74
         avg:                                   42.01
         max:                                   78.39
         99th percentile:                       48.34
         sum:                               119811.22

Threads fairness:
    events (avg/stddev):           71.3000/0.56
    execution time (avg/stddev):   2.9953/0.01

