sysbench 1.0.20 (using system LuaJIT 2.1.0-beta3)

Running the test with following options:
Number of threads: 40
Initializing random number generator from current time


Prime numbers limit: 50000

Initializing worker threads...

Threads started!

CPU speed:
    events per second:   947.13

General statistics:
    total time:                          3.0271s
    total number of events:              2869

Latency (ms):
         min:                                   10.50
         avg:                                   40.43
         max:                                  301.53
         99th percentile:                      139.85
         sum:                               116003.52

Threads fairness:
    events (avg/stddev):           71.7250/3.69
    execution time (avg/stddev):   2.9001/0.10

