sysbench 1.0.20 (using system LuaJIT 2.1.0-beta3)

Running the test with following options:
Number of threads: 40
Initializing random number generator from current time


Prime numbers limit: 50000

Initializing worker threads...

Threads started!

CPU speed:
    events per second:   947.84

General statistics:
    total time:                          3.0258s
    total number of events:              2870

Latency (ms):
         min:                                   10.50
         avg:                                   36.95
         max:                                  933.68
         99th percentile:                      484.44
         sum:                               106033.79

Threads fairness:
    events (avg/stddev):           71.7500/18.55
    execution time (avg/stddev):   2.6508/0.39

