sysbench 1.0.20 (using system LuaJIT 2.1.0-beta3)

Running the test with following options:
Number of threads: 40
Initializing random number generator from current time


Prime numbers limit: 50000

Initializing worker threads...

Threads started!

CPU speed:
    events per second:   912.27

General statistics:
    total time:                          3.0247s
    total number of events:              2762

Latency (ms):
         min:                                   10.53
         avg:                                   43.63
         max:                                   71.38
         99th percentile:                       59.99
         sum:                               120515.76

Threads fairness:
    events (avg/stddev):           69.0500/2.90
    execution time (avg/stddev):   3.0129/0.01

