sysbench 1.0.20 (using system LuaJIT 2.1.0-beta3)

Running the test with following options:
Number of threads: 40
Initializing random number generator from current time


Prime numbers limit: 50000

Initializing worker threads...

Threads started!

CPU speed:
    events per second:   413.41

General statistics:
    total time:                          3.0601s
    total number of events:              1267

Latency (ms):
         min:                                   23.93
         avg:                                   94.90
         max:                                  145.45
         99th percentile:                      114.72
         sum:                               120238.47

Threads fairness:
    events (avg/stddev):           31.6750/0.69
    execution time (avg/stddev):   3.0060/0.03

