sysbench 1.0.20 (using system LuaJIT 2.1.0-beta3)

Running the test with following options:
Number of threads: 40
Initializing random number generator from current time


Prime numbers limit: 50000

Initializing worker threads...

Threads started!

CPU speed:
    events per second:   942.08

General statistics:
    total time:                          3.0222s
    total number of events:              2849

Latency (ms):
         min:                                   10.53
         avg:                                   41.87
         max:                                   82.22
         99th percentile:                       51.94
         sum:                               119293.71

Threads fairness:
    events (avg/stddev):           71.2250/0.94
    execution time (avg/stddev):   2.9823/0.02

