sysbench 1.0.20 (using system LuaJIT 2.1.0-beta3)

Running the test with following options:
Number of threads: 40
Initializing random number generator from current time


Prime numbers limit: 50000

Initializing worker threads...

Threads started!

CPU speed:
    events per second:   943.70

General statistics:
    total time:                          3.0296s
    total number of events:              2861

Latency (ms):
         min:                                   10.50
         avg:                                   39.12
         max:                                 1082.01
         99th percentile:                      520.62
         sum:                               111919.62

Threads fairness:
    events (avg/stddev):           71.5250/11.89
    execution time (avg/stddev):   2.7980/0.19

