sysbench 1.0.20 (using system LuaJIT 2.1.0-beta3)

Running the test with following options:
Number of threads: 40
Initializing random number generator from current time


Prime numbers limit: 50000

Initializing worker threads...

Threads started!

CPU speed:
    events per second:   942.36

General statistics:
    total time:                          3.0243s
    total number of events:              2852

Latency (ms):
         min:                                   10.52
         avg:                                   41.91
         max:                                   67.92
         99th percentile:                       57.87
         sum:                               119532.01

Threads fairness:
    events (avg/stddev):           71.3000/1.87
    execution time (avg/stddev):   2.9883/0.02

