sysbench 1.0.20 (using system LuaJIT 2.1.0-beta3)

Running the test with following options:
Number of threads: 40
Initializing random number generator from current time


Prime numbers limit: 50000

Initializing worker threads...

Threads started!

CPU speed:
    events per second:   941.89

General statistics:
    total time:                          3.0269s
    total number of events:              2853

Latency (ms):
         min:                                   10.55
         avg:                                   42.03
         max:                                   69.78
         99th percentile:                       49.21
         sum:                               119916.95

Threads fairness:
    events (avg/stddev):           71.3250/0.88
    execution time (avg/stddev):   2.9979/0.02

