sysbench 1.0.20 (using system LuaJIT 2.1.0-beta3)

Running the test with following options:
Number of threads: 40
Initializing random number generator from current time


Prime numbers limit: 50000

Initializing worker threads...

Threads started!

CPU speed:
    events per second:   939.57

General statistics:
    total time:                          3.0303s
    total number of events:              2849

Latency (ms):
         min:                                   12.59
         avg:                                   42.35
         max:                                   73.22
         99th percentile:                       52.89
         sum:                               120641.98

Threads fairness:
    events (avg/stddev):           71.2250/0.52
    execution time (avg/stddev):   3.0160/0.01

