sysbench 1.0.20 (using system LuaJIT 2.1.0-beta3)

Running the test with following options:
Number of threads: 40
Initializing random number generator from current time


Prime numbers limit: 50000

Initializing worker threads...

Threads started!

CPU speed:
    events per second:   942.46

General statistics:
    total time:                          3.0292s
    total number of events:              2857

Latency (ms):
         min:                                   10.51
         avg:                                   41.42
         max:                                  147.37
         99th percentile:                       68.05
         sum:                               118339.91

Threads fairness:
    events (avg/stddev):           71.4250/1.22
    execution time (avg/stddev):   2.9585/0.04

