sysbench 1.0.20 (using system LuaJIT 2.1.0-beta3)

Running the test with following options:
Number of threads: 40
Initializing random number generator from current time


Prime numbers limit: 50000

Initializing worker threads...

Threads started!

CPU speed:
    events per second:   942.98

General statistics:
    total time:                          3.0298s
    total number of events:              2859

Latency (ms):
         min:                                   10.53
         avg:                                   42.04
         max:                                   57.46
         99th percentile:                       53.85
         sum:                               120190.96

Threads fairness:
    events (avg/stddev):           71.4750/3.11
    execution time (avg/stddev):   3.0048/0.01

