sysbench 1.0.20 (using system LuaJIT 2.1.0-beta3)

Running the test with following options:
Number of threads: 40
Initializing random number generator from current time


Prime numbers limit: 50000

Initializing worker threads...

Threads started!

CPU speed:
    events per second:   794.20

General statistics:
    total time:                          3.0352s
    total number of events:              2413

Latency (ms):
         min:                                   12.51
         avg:                                   47.48
         max:                                  577.72
         99th percentile:                      390.30
         sum:                               114569.54

Threads fairness:
    events (avg/stddev):           60.3250/8.08
    execution time (avg/stddev):   2.8642/0.13

