sysbench 1.0.20 (using system LuaJIT 2.1.0-beta3)

Running the test with following options:
Number of threads: 40
Initializing random number generator from current time


Prime numbers limit: 50000

Initializing worker threads...

Threads started!

CPU speed:
    events per second:   947.52

General statistics:
    total time:                          3.0226s
    total number of events:              2866

Latency (ms):
         min:                                   10.52
         avg:                                   41.54
         max:                                  125.36
         99th percentile:                       69.29
         sum:                               119067.90

Threads fairness:
    events (avg/stddev):           71.6500/1.22
    execution time (avg/stddev):   2.9767/0.03

