sysbench 1.0.20 (using system LuaJIT 2.1.0-beta3)

Running the test with following options:
Number of threads: 40
Initializing random number generator from current time


Prime numbers limit: 50000

Initializing worker threads...

Threads started!

CPU speed:
    events per second:   947.65

General statistics:
    total time:                          3.0275s
    total number of events:              2871

Latency (ms):
         min:                                   10.50
         avg:                                   39.31
         max:                                  523.81
         99th percentile:                      308.84
         sum:                               112857.43

Threads fairness:
    events (avg/stddev):           71.7750/9.24
    execution time (avg/stddev):   2.8214/0.19

