sysbench 1.0.20 (using system LuaJIT 2.1.0-beta3)

Running the test with following options:
Number of threads: 40
Initializing random number generator from current time


Prime numbers limit: 50000

Initializing worker threads...

Threads started!

CPU speed:
    events per second:   947.09

General statistics:
    total time:                          3.0294s
    total number of events:              2871

Latency (ms):
         min:                                   10.50
         avg:                                   40.31
         max:                                  162.78
         99th percentile:                      123.28
         sum:                               115728.24

Threads fairness:
    events (avg/stddev):           71.7750/4.92
    execution time (avg/stddev):   2.8932/0.11

