sysbench 1.0.20 (using system LuaJIT 2.1.0-beta3)

Running the test with following options:
Number of threads: 40
Initializing random number generator from current time


Prime numbers limit: 50000

Initializing worker threads...

Threads started!

CPU speed:
    events per second:   914.47

General statistics:
    total time:                          3.0248s
    total number of events:              2768

Latency (ms):
         min:                                   10.52
         avg:                                   43.52
         max:                                   54.67
         99th percentile:                       54.83
         sum:                               120464.53

Threads fairness:
    events (avg/stddev):           69.2000/1.57
    execution time (avg/stddev):   3.0116/0.01

