sysbench 1.0.20 (using system LuaJIT 2.1.0-beta3)

Running the test with following options:
Number of threads: 40
Initializing random number generator from current time


Prime numbers limit: 50000

Initializing worker threads...

Threads started!

CPU speed:
    events per second:   945.39

General statistics:
    total time:                          3.0273s
    total number of events:              2864

Latency (ms):
         min:                                   10.50
         avg:                                   38.24
         max:                                 1548.61
         99th percentile:                      511.33
         sum:                               109505.91

Threads fairness:
    events (avg/stddev):           71.6000/12.77
    execution time (avg/stddev):   2.7376/0.23

