sysbench 1.0.20 (using system LuaJIT 2.1.0-beta3)

Running the test with following options:
Number of threads: 40
Initializing random number generator from current time


Prime numbers limit: 50000

Initializing worker threads...

Threads started!

CPU speed:
    events per second:   946.27

General statistics:
    total time:                          3.0224s
    total number of events:              2862

Latency (ms):
         min:                                   10.51
         avg:                                   41.47
         max:                                   99.50
         99th percentile:                       68.05
         sum:                               118682.92

Threads fairness:
    events (avg/stddev):           71.5500/1.92
    execution time (avg/stddev):   2.9671/0.03

