sysbench 1.0.20 (using system LuaJIT 2.1.0-beta3)

Running the test with following options:
Number of threads: 40
Initializing random number generator from current time


Prime numbers limit: 50000

Initializing worker threads...

Threads started!

CPU speed:
    events per second:   947.51

General statistics:
    total time:                          3.0280s
    total number of events:              2871

Latency (ms):
         min:                                   10.51
         avg:                                   41.35
         max:                                  123.91
         99th percentile:                       70.55
         sum:                               118708.20

Threads fairness:
    events (avg/stddev):           71.7750/2.06
    execution time (avg/stddev):   2.9677/0.04

