sysbench 1.0.20 (using system LuaJIT 2.1.0-beta3)

Running the test with following options:
Number of threads: 40
Initializing random number generator from current time


Prime numbers limit: 50000

Initializing worker threads...

Threads started!

CPU speed:
    events per second:   946.64

General statistics:
    total time:                          3.0265s
    total number of events:              2867

Latency (ms):
         min:                                   10.51
         avg:                                   41.91
         max:                                   63.56
         99th percentile:                       49.21
         sum:                               120156.61

Threads fairness:
    events (avg/stddev):           71.6750/1.03
    execution time (avg/stddev):   3.0039/0.01

