sysbench 1.0.20 (using system LuaJIT 2.1.0-beta3)

Running the test with following options:
Number of threads: 40
Initializing random number generator from current time


Prime numbers limit: 50000

Initializing worker threads...

Threads started!

CPU speed:
    events per second:   943.82

General statistics:
    total time:                          3.0228s
    total number of events:              2855

Latency (ms):
         min:                                   10.54
         avg:                                   42.19
         max:                                   54.93
         99th percentile:                       49.21
         sum:                               120449.51

Threads fairness:
    events (avg/stddev):           71.3750/0.80
    execution time (avg/stddev):   3.0112/0.01

