sysbench 1.0.20 (using system LuaJIT 2.1.0-beta3)

Running the test with following options:
Number of threads: 40
Initializing random number generator from current time


Prime numbers limit: 50000

Initializing worker threads...

Threads started!

CPU speed:
    events per second:   915.44

General statistics:
    total time:                          3.0263s
    total number of events:              2773

Latency (ms):
         min:                                   11.46
         avg:                                   43.46
         max:                                   60.69
         99th percentile:                       54.83
         sum:                               120513.60

Threads fairness:
    events (avg/stddev):           69.3250/6.41
    execution time (avg/stddev):   3.0128/0.01

