sysbench 1.0.20 (using system LuaJIT 2.1.0-beta3)

Running the test with following options:
Number of threads: 40
Initializing random number generator from current time


Prime numbers limit: 50000

Initializing worker threads...

Threads started!

CPU speed:
    events per second:   944.98

General statistics:
    total time:                          3.0223s
    total number of events:              2858

Latency (ms):
         min:                                   10.52
         avg:                                   42.05
         max:                                   54.64
         99th percentile:                       44.98
         sum:                               120173.80

Threads fairness:
    events (avg/stddev):           71.4500/0.67
    execution time (avg/stddev):   3.0043/0.01

