sysbench 1.0.20 (using system LuaJIT 2.1.0-beta3)

Running the test with following options:
Number of threads: 40
Initializing random number generator from current time


Prime numbers limit: 50000

Initializing worker threads...

Threads started!

CPU speed:
    events per second:   946.59

General statistics:
    total time:                          3.0309s
    total number of events:              2871

Latency (ms):
         min:                                   10.50
         avg:                                   37.40
         max:                                  794.65
         99th percentile:                      475.79
         sum:                               107373.84

Threads fairness:
    events (avg/stddev):           71.7750/16.55
    execution time (avg/stddev):   2.6843/0.35

