sysbench 1.0.20 (using system LuaJIT 2.1.0-beta3)

Running the test with following options:
Number of threads: 40
Initializing random number generator from current time


Prime numbers limit: 50000

Initializing worker threads...

Threads started!

CPU speed:
    events per second:   947.18

General statistics:
    total time:                          3.0237s
    total number of events:              2866

Latency (ms):
         min:                                   10.52
         avg:                                   41.61
         max:                                   98.06
         99th percentile:                       66.84
         sum:                               119259.43

Threads fairness:
    events (avg/stddev):           71.6500/1.09
    execution time (avg/stddev):   2.9815/0.03

