sysbench 1.0.20 (using system LuaJIT 2.1.0-beta3)

Running the test with following options:
Number of threads: 40
Initializing random number generator from current time


Prime numbers limit: 50000

Initializing worker threads...

Threads started!

CPU speed:
    events per second:   273.49

General statistics:
    total time:                          3.0834s
    total number of events:              845

Latency (ms):
         min:                                   56.28
         avg:                                  144.80
         max:                                  182.04
         99th percentile:                      164.45
         sum:                               122359.89

Threads fairness:
    events (avg/stddev):           21.1250/0.40
    execution time (avg/stddev):   3.0590/0.01

