sysbench 1.0.20 (using system LuaJIT 2.1.0-beta3)

Running the test with following options:
Number of threads: 40
Initializing random number generator from current time


Prime numbers limit: 50000

Initializing worker threads...

Threads started!

CPU speed:
    events per second:   943.83

General statistics:
    total time:                          3.0228s
    total number of events:              2855

Latency (ms):
         min:                                   10.52
         avg:                                   42.20
         max:                                   54.81
         99th percentile:                       51.02
         sum:                               120475.56

Threads fairness:
    events (avg/stddev):           71.3750/0.86
    execution time (avg/stddev):   3.0119/0.01

