sysbench 1.0.20 (using system LuaJIT 2.1.0-beta3)

Running the test with following options:
Number of threads: 40
Initializing random number generator from current time


Prime numbers limit: 50000

Initializing worker threads...

Threads started!

CPU speed:
    events per second:   946.19

General statistics:
    total time:                          3.0174s
    total number of events:              2857

Latency (ms):
         min:                                   10.53
         avg:                                   42.03
         max:                                   56.22
         99th percentile:                       47.47
         sum:                               120088.05

Threads fairness:
    events (avg/stddev):           71.4250/1.00
    execution time (avg/stddev):   3.0022/0.01

