sysbench 1.0.20 (using system LuaJIT 2.1.0-beta3)

Running the test with following options:
Number of threads: 40
Initializing random number generator from current time


Prime numbers limit: 50000

Initializing worker threads...

Threads started!

CPU speed:
    events per second:   338.41

General statistics:
    total time:                          3.0728s
    total number of events:              1042

Latency (ms):
         min:                                   29.30
         avg:                                  115.38
         max:                                  155.11
         99th percentile:                      142.39
         sum:                               120230.12

Threads fairness:
    events (avg/stddev):           26.0500/0.86
    execution time (avg/stddev):   3.0058/0.02

