sysbench 1.0.20 (using system LuaJIT 2.1.0-beta3)

Running the test with following options:
Number of threads: 40
Initializing random number generator from current time


Prime numbers limit: 50000

Initializing worker threads...

Threads started!

CPU speed:
    events per second:   941.85

General statistics:
    total time:                          3.0239s
    total number of events:              2850

Latency (ms):
         min:                                   10.53
         avg:                                   41.94
         max:                                   80.48
         99th percentile:                       52.89
         sum:                               119521.26

Threads fairness:
    events (avg/stddev):           71.2500/0.80
    execution time (avg/stddev):   2.9880/0.02

