sysbench 1.0.20 (using system LuaJIT 2.1.0-beta3)

Running the test with following options:
Number of threads: 40
Initializing random number generator from current time


Prime numbers limit: 50000

Initializing worker threads...

Threads started!

CPU speed:
    events per second:   942.84

General statistics:
    total time:                          3.0261s
    total number of events:              2855

Latency (ms):
         min:                                   10.54
         avg:                                   41.84
         max:                                   84.01
         99th percentile:                       55.82
         sum:                               119441.04

Threads fairness:
    events (avg/stddev):           71.3750/1.02
    execution time (avg/stddev):   2.9860/0.02

