sysbench 1.0.20 (using system LuaJIT 2.1.0-beta3)

Running the test with following options:
Number of threads: 40
Initializing random number generator from current time


Prime numbers limit: 50000

Initializing worker threads...

Threads started!

CPU speed:
    events per second:   947.25

General statistics:
    total time:                          3.0267s
    total number of events:              2869

Latency (ms):
         min:                                   10.51
         avg:                                   41.02
         max:                                  221.64
         99th percentile:                      112.67
         sum:                               117687.39

Threads fairness:
    events (avg/stddev):           71.7250/3.75
    execution time (avg/stddev):   2.9422/0.07

