sysbench 1.0.20 (using system LuaJIT 2.1.0-beta3)

Running the test with following options:
Number of threads: 40
Initializing random number generator from current time


Prime numbers limit: 50000

Initializing worker threads...

Threads started!

CPU speed:
    events per second:   941.93

General statistics:
    total time:                          3.0206s
    total number of events:              2847

Latency (ms):
         min:                                   16.39
         avg:                                   42.11
         max:                                   83.39
         99th percentile:                       50.11
         sum:                               119895.14

Threads fairness:
    events (avg/stddev):           71.1750/0.67
    execution time (avg/stddev):   2.9974/0.01

