sysbench 1.0.20 (using system LuaJIT 2.1.0-beta3)

Running the test with following options:
Number of threads: 40
Initializing random number generator from current time


Prime numbers limit: 50000

Initializing worker threads...

Threads started!

CPU speed:
    events per second:   945.21

General statistics:
    total time:                          3.0248s
    total number of events:              2861

Latency (ms):
         min:                                   10.53
         avg:                                   42.00
         max:                                   60.14
         99th percentile:                       50.11
         sum:                               120161.23

Threads fairness:
    events (avg/stddev):           71.5250/0.84
    execution time (avg/stddev):   3.0040/0.01

