sysbench 1.0.20 (using system LuaJIT 2.1.0-beta3)

Running the test with following options:
Number of threads: 40
Initializing random number generator from current time


Prime numbers limit: 50000

Initializing worker threads...

Threads started!

CPU speed:
    events per second:   941.44

General statistics:
    total time:                          3.0280s
    total number of events:              2853

Latency (ms):
         min:                                   10.50
         avg:                                   38.63
         max:                                  689.84
         99th percentile:                      363.18
         sum:                               110207.19

Threads fairness:
    events (avg/stddev):           71.3250/13.12
    execution time (avg/stddev):   2.7552/0.22

