sysbench 1.0.20 (using system LuaJIT 2.1.0-beta3)

Running the test with following options:
Number of threads: 40
Initializing random number generator from current time


Prime numbers limit: 50000

Initializing worker threads...

Threads started!

CPU speed:
    events per second:   936.51

General statistics:
    total time:                          3.0371s
    total number of events:              2846

Latency (ms):
         min:                                   10.53
         avg:                                   42.39
         max:                                   63.82
         99th percentile:                       52.89
         sum:                               120640.81

Threads fairness:
    events (avg/stddev):           71.1500/1.67
    execution time (avg/stddev):   3.0160/0.01

