sysbench 1.0.20 (using system LuaJIT 2.1.0-beta3)

Running the test with following options:
Number of threads: 40
Initializing random number generator from current time


Prime numbers limit: 50000

Initializing worker threads...

Threads started!

CPU speed:
    events per second:   941.58

General statistics:
    total time:                          3.0239s
    total number of events:              2849

Latency (ms):
         min:                                   15.25
         avg:                                   42.15
         max:                                   67.63
         99th percentile:                       51.02
         sum:                               120096.11

Threads fairness:
    events (avg/stddev):           71.2250/0.65
    execution time (avg/stddev):   3.0024/0.01

