sysbench 1.0.20 (using system LuaJIT 2.1.0-beta3)

Running the test with following options:
Number of threads: 40
Initializing random number generator from current time


Prime numbers limit: 50000

Initializing worker threads...

Threads started!

CPU speed:
    events per second:   946.15

General statistics:
    total time:                          3.0260s
    total number of events:              2865

Latency (ms):
         min:                                   10.54
         avg:                                   41.84
         max:                                   80.55
         99th percentile:                       57.87
         sum:                               119881.41

Threads fairness:
    events (avg/stddev):           71.6250/1.67
    execution time (avg/stddev):   2.9970/0.01

