Batch run started at Wed Feb 11 01:10:52 PM CST 2026
Config Directory: /mydata/os-param-tuning/config/full_param/sysbench_cpu_tput
Number of runs per config: 5
----------------------------------------

[1/40] sysbench_cpu_config_bayesian.json (run 1/5) - Started at Wed Feb 11 01:10:52 PM CST 2026
  ✓ Completed successfully in 419s - Ended at Wed Feb 11 01:17:51 PM CST 2026
[2/40] sysbench_cpu_config_dqn.json (run 1/5) - Started at Wed Feb 11 01:17:51 PM CST 2026
  ✓ Completed successfully in 1510s - Ended at Wed Feb 11 01:43:01 PM CST 2026
[3/40] sysbench_cpu_config_fixed.json (run 1/5) - Started at Wed Feb 11 01:43:01 PM CST 2026
  ✓ Completed successfully in 371s - Ended at Wed Feb 11 01:49:12 PM CST 2026
[4/40] sysbench_cpu_config.json (run 1/5) - Started at Wed Feb 11 01:49:12 PM CST 2026
  ✓ Completed successfully in 375s - Ended at Wed Feb 11 01:55:27 PM CST 2026
[5/40] sysbench_cpu_config_llm.json (run 1/5) - Started at Wed Feb 11 01:55:27 PM CST 2026
  ✓ Completed successfully in 486s - Ended at Wed Feb 11 02:03:33 PM CST 2026
[6/40] sysbench_cpu_config_llm_reasoning.json (run 1/5) - Started at Wed Feb 11 02:03:33 PM CST 2026
  ✓ Completed successfully in 910s - Ended at Wed Feb 11 02:18:43 PM CST 2026
[7/40] sysbench_cpu_config_mlos.json (run 1/5) - Started at Wed Feb 11 02:18:43 PM CST 2026
  ✓ Completed successfully in 495s - Ended at Wed Feb 11 02:26:58 PM CST 2026
[8/40] sysbench_cpu_config_qlearning.json (run 1/5) - Started at Wed Feb 11 02:26:58 PM CST 2026
  ✓ Completed successfully in 427s - Ended at Wed Feb 11 02:34:05 PM CST 2026
[9/40] sysbench_cpu_config_bayesian.json (run 2/5) - Started at Wed Feb 11 02:34:05 PM CST 2026
  ✓ Completed successfully in 417s - Ended at Wed Feb 11 02:41:02 PM CST 2026
[10/40] sysbench_cpu_config_dqn.json (run 2/5) - Started at Wed Feb 11 02:41:02 PM CST 2026
  ✓ Completed successfully in 1629s - Ended at Wed Feb 11 03:08:11 PM CST 2026
[11/40] sysbench_cpu_config_fixed.json (run 2/5) - Started at Wed Feb 11 03:08:11 PM CST 2026
  ✓ Completed successfully in 372s - Ended at Wed Feb 11 03:14:23 PM CST 2026
[12/40] sysbench_cpu_config.json (run 2/5) - Started at Wed Feb 11 03:14:23 PM CST 2026
  ✓ Completed successfully in 374s - Ended at Wed Feb 11 03:20:37 PM CST 2026
[13/40] sysbench_cpu_config_llm.json (run 2/5) - Started at Wed Feb 11 03:20:37 PM CST 2026
  ✓ Completed successfully in 493s - Ended at Wed Feb 11 03:28:50 PM CST 2026
[14/40] sysbench_cpu_config_llm_reasoning.json (run 2/5) - Started at Wed Feb 11 03:28:50 PM CST 2026
  ✓ Completed successfully in 879s - Ended at Wed Feb 11 03:43:30 PM CST 2026
[15/40] sysbench_cpu_config_mlos.json (run 2/5) - Started at Wed Feb 11 03:43:30 PM CST 2026
  ✓ Completed successfully in 481s - Ended at Wed Feb 11 03:51:31 PM CST 2026
[16/40] sysbench_cpu_config_qlearning.json (run 2/5) - Started at Wed Feb 11 03:51:31 PM CST 2026
  ✓ Completed successfully in 432s - Ended at Wed Feb 11 03:58:43 PM CST 2026
[17/40] sysbench_cpu_config_bayesian.json (run 3/5) - Started at Wed Feb 11 03:58:43 PM CST 2026
  ✓ Completed successfully in 422s - Ended at Wed Feb 11 04:05:45 PM CST 2026
[18/40] sysbench_cpu_config_dqn.json (run 3/5) - Started at Wed Feb 11 04:05:45 PM CST 2026
  ✓ Completed successfully in 1511s - Ended at Wed Feb 11 04:30:56 PM CST 2026
[19/40] sysbench_cpu_config_fixed.json (run 3/5) - Started at Wed Feb 11 04:30:56 PM CST 2026
  ✓ Completed successfully in 372s - Ended at Wed Feb 11 04:37:08 PM CST 2026
[20/40] sysbench_cpu_config.json (run 3/5) - Started at Wed Feb 11 04:37:08 PM CST 2026
  ✓ Completed successfully in 374s - Ended at Wed Feb 11 04:43:22 PM CST 2026
[21/40] sysbench_cpu_config_llm.json (run 3/5) - Started at Wed Feb 11 04:43:22 PM CST 2026
  ✓ Completed successfully in 453s - Ended at Wed Feb 11 04:50:55 PM CST 2026
[22/40] sysbench_cpu_config_llm_reasoning.json (run 3/5) - Started at Wed Feb 11 04:50:55 PM CST 2026
  ✓ Completed successfully in 820s - Ended at Wed Feb 11 05:04:35 PM CST 2026
[23/40] sysbench_cpu_config_mlos.json (run 3/5) - Started at Wed Feb 11 05:04:35 PM CST 2026
  ✓ Completed successfully in 466s - Ended at Wed Feb 11 05:12:21 PM CST 2026
[24/40] sysbench_cpu_config_qlearning.json (run 3/5) - Started at Wed Feb 11 05:12:21 PM CST 2026
  ✓ Completed successfully in 421s - Ended at Wed Feb 11 05:19:22 PM CST 2026
[25/40] sysbench_cpu_config_bayesian.json (run 4/5) - Started at Wed Feb 11 05:19:22 PM CST 2026
  ✓ Completed successfully in 429s - Ended at Wed Feb 11 05:26:31 PM CST 2026
[26/40] sysbench_cpu_config_dqn.json (run 4/5) - Started at Wed Feb 11 05:26:31 PM CST 2026
  ✓ Completed successfully in 1437s - Ended at Wed Feb 11 05:50:28 PM CST 2026
[27/40] sysbench_cpu_config_fixed.json (run 4/5) - Started at Wed Feb 11 05:50:28 PM CST 2026
  ✓ Completed successfully in 372s - Ended at Wed Feb 11 05:56:41 PM CST 2026
[28/40] sysbench_cpu_config.json (run 4/5) - Started at Wed Feb 11 05:56:41 PM CST 2026
  ✓ Completed successfully in 375s - Ended at Wed Feb 11 06:02:56 PM CST 2026
[29/40] sysbench_cpu_config_llm.json (run 4/5) - Started at Wed Feb 11 06:02:56 PM CST 2026
  ✓ Completed successfully in 450s - Ended at Wed Feb 11 06:10:26 PM CST 2026
[30/40] sysbench_cpu_config_llm_reasoning.json (run 4/5) - Started at Wed Feb 11 06:10:26 PM CST 2026
  ✓ Completed successfully in 885s - Ended at Wed Feb 11 06:25:11 PM CST 2026
[31/40] sysbench_cpu_config_mlos.json (run 4/5) - Started at Wed Feb 11 06:25:11 PM CST 2026
  ✓ Completed successfully in 465s - Ended at Wed Feb 11 06:32:56 PM CST 2026
[32/40] sysbench_cpu_config_qlearning.json (run 4/5) - Started at Wed Feb 11 06:32:56 PM CST 2026
  ✓ Completed successfully in 422s - Ended at Wed Feb 11 06:39:59 PM CST 2026
[33/40] sysbench_cpu_config_bayesian.json (run 5/5) - Started at Wed Feb 11 06:39:59 PM CST 2026
  ✓ Completed successfully in 427s - Ended at Wed Feb 11 06:47:06 PM CST 2026
[34/40] sysbench_cpu_config_dqn.json (run 5/5) - Started at Wed Feb 11 06:47:06 PM CST 2026
  ✓ Completed successfully in 1636s - Ended at Wed Feb 11 07:14:22 PM CST 2026
[35/40] sysbench_cpu_config_fixed.json (run 5/5) - Started at Wed Feb 11 07:14:22 PM CST 2026
  ✓ Completed successfully in 371s - Ended at Wed Feb 11 07:20:33 PM CST 2026
[36/40] sysbench_cpu_config.json (run 5/5) - Started at Wed Feb 11 07:20:33 PM CST 2026
  ✓ Completed successfully in 375s - Ended at Wed Feb 11 07:26:48 PM CST 2026
[37/40] sysbench_cpu_config_llm.json (run 5/5) - Started at Wed Feb 11 07:26:48 PM CST 2026
  ✓ Completed successfully in 489s - Ended at Wed Feb 11 07:34:57 PM CST 2026
[38/40] sysbench_cpu_config_llm_reasoning.json (run 5/5) - Started at Wed Feb 11 07:34:57 PM CST 2026
  ✓ Completed successfully in 818s - Ended at Wed Feb 11 07:48:35 PM CST 2026
[39/40] sysbench_cpu_config_mlos.json (run 5/5) - Started at Wed Feb 11 07:48:35 PM CST 2026
  ✓ Completed successfully in 465s - Ended at Wed Feb 11 07:56:21 PM CST 2026
[40/40] sysbench_cpu_config_qlearning.json (run 5/5) - Started at Wed Feb 11 07:56:21 PM CST 2026
  ✓ Completed successfully in 425s - Ended at Wed Feb 11 08:03:26 PM CST 2026
Summary:
----------------------------------------
Batch run completed at Wed Feb 11 08:03:26 PM CST 2026
Total runs: 40
Success count: 40
Failure count: 0
0
