sysbench 1.0.20 (using system LuaJIT 2.1.0-beta3)

Running the test with following options:
Number of threads: 40
Initializing random number generator from current time


Prime numbers limit: 50000

Initializing worker threads...

Threads started!

CPU speed:
    events per second:   942.33

General statistics:
    total time:                          3.0223s
    total number of events:              2850

Latency (ms):
         min:                                   10.50
         avg:                                   36.77
         max:                                  835.37
         99th percentile:                      530.08
         sum:                               104799.72

Threads fairness:
    events (avg/stddev):           71.2500/16.76
    execution time (avg/stddev):   2.6200/0.38

