sysbench 1.0.20 (using system LuaJIT 2.1.0-beta3)

Running the test with following options:
Number of threads: 40
Initializing random number generator from current time


Prime numbers limit: 50000

Initializing worker threads...

Threads started!

CPU speed:
    events per second:   944.57

General statistics:
    total time:                          3.0228s
    total number of events:              2858

Latency (ms):
         min:                                   10.50
         avg:                                   41.11
         max:                                  123.77
         99th percentile:                       80.03
         sum:                               117503.58

Threads fairness:
    events (avg/stddev):           71.4500/2.85
    execution time (avg/stddev):   2.9376/0.07

