sysbench 1.0.20 (using system LuaJIT 2.1.0-beta3)

Running the test with following options:
Number of threads: 40
Initializing random number generator from current time


Prime numbers limit: 50000

Initializing worker threads...

Threads started!

CPU speed:
    events per second:   944.81

General statistics:
    total time:                          3.0218s
    total number of events:              2857

Latency (ms):
         min:                                   10.52
         avg:                                   42.06
         max:                                   54.67
         99th percentile:                       45.79
         sum:                               120167.43

Threads fairness:
    events (avg/stddev):           71.4250/0.67
    execution time (avg/stddev):   3.0042/0.01

