sysbench 1.0.20 (using system LuaJIT 2.1.0-beta3)

Running the test with following options:
Number of threads: 40
Initializing random number generator from current time


Prime numbers limit: 50000

Initializing worker threads...

Threads started!

CPU speed:
    events per second:   933.38

General statistics:
    total time:                          3.0235s
    total number of events:              2824

Latency (ms):
         min:                                   10.52
         avg:                                   42.67
         max:                                   54.75
         99th percentile:                       51.02
         sum:                               120495.39

Threads fairness:
    events (avg/stddev):           70.6000/1.62
    execution time (avg/stddev):   3.0124/0.01

