sysbench 1.0.20 (using system LuaJIT 2.1.0-beta3)

Running the test with following options:
Number of threads: 40
Initializing random number generator from current time


Prime numbers limit: 50000

Initializing worker threads...

Threads started!

CPU speed:
    events per second:   940.54

General statistics:
    total time:                          3.0262s
    total number of events:              2848

Latency (ms):
         min:                                   14.45
         avg:                                   42.07
         max:                                   76.09
         99th percentile:                       49.21
         sum:                               119810.58

Threads fairness:
    events (avg/stddev):           71.2000/0.68
    execution time (avg/stddev):   2.9953/0.02

