sysbench 1.0.20 (using system LuaJIT 2.1.0-beta3)

Running the test with following options:
Number of threads: 40
Initializing random number generator from current time


Prime numbers limit: 50000

Initializing worker threads...

Threads started!

CPU speed:
    events per second:   938.38

General statistics:
    total time:                          3.0393s
    total number of events:              2854

Latency (ms):
         min:                                   18.53
         avg:                                   42.34
         max:                                   54.80
         99th percentile:                       51.94
         sum:                               120827.29

Threads fairness:
    events (avg/stddev):           71.3500/1.54
    execution time (avg/stddev):   3.0207/0.01

