sysbench 1.0.20 (using system LuaJIT 2.1.0-beta3)

Running the test with following options:
Number of threads: 40
Initializing random number generator from current time


Prime numbers limit: 50000

Initializing worker threads...

Threads started!

CPU speed:
    events per second:   946.72

General statistics:
    total time:                          3.0252s
    total number of events:              2866

Latency (ms):
         min:                                   10.50
         avg:                                   40.34
         max:                                  338.17
         99th percentile:                      211.60
         sum:                               115622.03

Threads fairness:
    events (avg/stddev):           71.6500/4.68
    execution time (avg/stddev):   2.8906/0.12

