sysbench 1.0.20 (using system LuaJIT 2.1.0-beta3)

Running the test with following options:
Number of threads: 40
Initializing random number generator from current time


Prime numbers limit: 50000

Initializing worker threads...

Threads started!

CPU speed:
    events per second:   941.33

General statistics:
    total time:                          3.0225s
    total number of events:              2847

Latency (ms):
         min:                                   19.29
         avg:                                   42.14
         max:                                   70.81
         99th percentile:                       53.85
         sum:                               119963.33

Threads fairness:
    events (avg/stddev):           71.1750/0.86
    execution time (avg/stddev):   2.9991/0.01

