sysbench 1.0.20 (using system LuaJIT 2.1.0-beta3)

Running the test with following options:
Number of threads: 40
Initializing random number generator from current time


Prime numbers limit: 50000

Initializing worker threads...

Threads started!

CPU speed:
    events per second:   946.89

General statistics:
    total time:                          3.0279s
    total number of events:              2869

Latency (ms):
         min:                                   10.51
         avg:                                   40.53
         max:                                  137.56
         99th percentile:                       97.55
         sum:                               116280.37

Threads fairness:
    events (avg/stddev):           71.7250/5.37
    execution time (avg/stddev):   2.9070/0.10

