sysbench 1.0.20 (using system LuaJIT 2.1.0-beta3)

Running the test with following options:
Number of threads: 40
Initializing random number generator from current time


Prime numbers limit: 50000

Initializing worker threads...

Threads started!

CPU speed:
    events per second:   940.47

General statistics:
    total time:                          3.0263s
    total number of events:              2848

Latency (ms):
         min:                                   14.90
         avg:                                   42.07
         max:                                   71.59
         99th percentile:                       48.34
         sum:                               119826.14

Threads fairness:
    events (avg/stddev):           71.2000/0.60
    execution time (avg/stddev):   2.9957/0.01

