sysbench 1.0.20 (using system LuaJIT 2.1.0-beta3)

Running the test with following options:
Number of threads: 40
Initializing random number generator from current time


Prime numbers limit: 50000

Initializing worker threads...

Threads started!

CPU speed:
    events per second:   943.27

General statistics:
    total time:                          3.0345s
    total number of events:              2865

Latency (ms):
         min:                                   10.51
         avg:                                   41.54
         max:                                  106.55
         99th percentile:                       71.83
         sum:                               119022.63

Threads fairness:
    events (avg/stddev):           71.6250/2.33
    execution time (avg/stddev):   2.9756/0.04

