sysbench 1.0.20 (using system LuaJIT 2.1.0-beta3)

Running the test with following options:
Number of threads: 40
Initializing random number generator from current time


Prime numbers limit: 50000

Initializing worker threads...

Threads started!

CPU speed:
    events per second:   944.17

General statistics:
    total time:                          3.0313s
    total number of events:              2864

Latency (ms):
         min:                                   10.50
         avg:                                   36.80
         max:                                 1188.50
         99th percentile:                      559.50
         sum:                               105392.17

Threads fairness:
    events (avg/stddev):           71.6000/17.31
    execution time (avg/stddev):   2.6348/0.36

