sysbench 1.0.20 (using system LuaJIT 2.1.0-beta3)

Running the test with following options:
Number of threads: 40
Initializing random number generator from current time


Prime numbers limit: 50000

Initializing worker threads...

Threads started!

CPU speed:
    events per second:   640.65

General statistics:
    total time:                          3.0494s
    total number of events:              1956

Latency (ms):
         min:                                   15.46
         avg:                                   56.48
         max:                                 1015.50
         99th percentile:                      511.33
         sum:                               110480.98

Threads fairness:
    events (avg/stddev):           48.9000/10.40
    execution time (avg/stddev):   2.7620/0.25

