sysbench 1.0.20 (using system LuaJIT 2.1.0-beta3)

Running the test with following options:
Number of threads: 40
Initializing random number generator from current time


Prime numbers limit: 50000

Initializing worker threads...

Threads started!

CPU speed:
    events per second:   528.09

General statistics:
    total time:                          3.0469s
    total number of events:              1611

Latency (ms):
         min:                                   18.77
         avg:                                   67.11
         max:                                  897.19
         99th percentile:                      484.44
         sum:                               108115.36

Threads fairness:
    events (avg/stddev):           40.2750/10.23
    execution time (avg/stddev):   2.7029/0.33

