sysbench 1.0.20 (using system LuaJIT 2.1.0-beta3)

Running the test with following options:
Number of threads: 40
Initializing random number generator from current time


Prime numbers limit: 50000

Initializing worker threads...

Threads started!

CPU speed:
    events per second:   915.13

General statistics:
    total time:                          3.0241s
    total number of events:              2770

Latency (ms):
         min:                                   11.02
         avg:                                   43.47
         max:                                   66.24
         99th percentile:                       54.83
         sum:                               120413.26

Threads fairness:
    events (avg/stddev):           69.2500/4.12
    execution time (avg/stddev):   3.0103/0.01

