sysbench 1.0.20 (using system LuaJIT 2.1.0-beta3)

Running the test with following options:
Number of threads: 40
Initializing random number generator from current time


Prime numbers limit: 50000

Initializing worker threads...

Threads started!

CPU speed:
    events per second:   939.41

General statistics:
    total time:                          3.0313s
    total number of events:              2852

Latency (ms):
         min:                                   10.51
         avg:                                   41.21
         max:                                  178.97
         99th percentile:                      106.75
         sum:                               117522.33

Threads fairness:
    events (avg/stddev):           71.3000/2.22
    execution time (avg/stddev):   2.9381/0.06

