sysbench 1.0.20 (using system LuaJIT 2.1.0-beta3)

Running the test with following options:
Number of threads: 40
Initializing random number generator from current time


Prime numbers limit: 50000

Initializing worker threads...

Threads started!

CPU speed:
    events per second:   944.18

General statistics:
    total time:                          3.0206s
    total number of events:              2854

Latency (ms):
         min:                                   10.52
         avg:                                   42.11
         max:                                   54.68
         99th percentile:                       46.63
         sum:                               120192.75

Threads fairness:
    events (avg/stddev):           71.3500/0.73
    execution time (avg/stddev):   3.0048/0.01

