sysbench 1.0.20 (using system LuaJIT 2.1.0-beta3)

Running the test with following options:
Number of threads: 40
Initializing random number generator from current time


Prime numbers limit: 50000

Initializing worker threads...

Threads started!

CPU speed:
    events per second:   944.06

General statistics:
    total time:                          3.0263s
    total number of events:              2859

Latency (ms):
         min:                                   10.53
         avg:                                   41.77
         max:                                   86.35
         99th percentile:                       65.65
         sum:                               119410.50

Threads fairness:
    events (avg/stddev):           71.4750/2.37
    execution time (avg/stddev):   2.9853/0.02

