sysbench 1.0.20 (using system LuaJIT 2.1.0-beta3)

Running the test with following options:
Number of threads: 40
Initializing random number generator from current time


Prime numbers limit: 50000

Initializing worker threads...

Threads started!

CPU speed:
    events per second:   940.97

General statistics:
    total time:                          3.0236s
    total number of events:              2847

Latency (ms):
         min:                                   10.54
         avg:                                   42.17
         max:                                   79.15
         99th percentile:                       51.94
         sum:                               120046.08

Threads fairness:
    events (avg/stddev):           71.1750/0.74
    execution time (avg/stddev):   3.0012/0.01

