sysbench 1.0.20 (using system LuaJIT 2.1.0-beta3)

Running the test with following options:
Number of threads: 40
Initializing random number generator from current time


Prime numbers limit: 50000

Initializing worker threads...

Threads started!

CPU speed:
    events per second:   937.97

General statistics:
    total time:                          3.0278s
    total number of events:              2842

Latency (ms):
         min:                                   10.52
         avg:                                   42.39
         max:                                   57.16
         99th percentile:                       51.94
         sum:                               120483.47

Threads fairness:
    events (avg/stddev):           71.0500/0.92
    execution time (avg/stddev):   3.0121/0.01

