sysbench 1.0.20 (using system LuaJIT 2.1.0-beta3)

Running the test with following options:
Number of threads: 40
Initializing random number generator from current time


Prime numbers limit: 50000

Initializing worker threads...

Threads started!

CPU speed:
    events per second:   945.31

General statistics:
    total time:                          3.0297s
    total number of events:              2866

Latency (ms):
         min:                                   10.52
         avg:                                   41.42
         max:                                   92.30
         99th percentile:                       70.55
         sum:                               118697.65

Threads fairness:
    events (avg/stddev):           71.6500/3.26
    execution time (avg/stddev):   2.9674/0.05

