sysbench 1.0.20 (using system LuaJIT 2.1.0-beta3)

Running the test with following options:
Number of threads: 40
Initializing random number generator from current time


Prime numbers limit: 50000

Initializing worker threads...

Threads started!

CPU speed:
    events per second:   944.22

General statistics:
    total time:                          3.0364s
    total number of events:              2869

Latency (ms):
         min:                                   10.51
         avg:                                   41.66
         max:                                  125.51
         99th percentile:                       75.82
         sum:                               119520.35

Threads fairness:
    events (avg/stddev):           71.7250/2.52
    execution time (avg/stddev):   2.9880/0.03

