sysbench 1.0.20 (using system LuaJIT 2.1.0-beta3)

Running the test with following options:
Number of threads: 40
Initializing random number generator from current time


Prime numbers limit: 50000

Initializing worker threads...

Threads started!

CPU speed:
    events per second:   947.23

General statistics:
    total time:                          3.0269s
    total number of events:              2869

Latency (ms):
         min:                                   10.51
         avg:                                   41.01
         max:                                  122.44
         99th percentile:                       97.55
         sum:                               117663.01

Threads fairness:
    events (avg/stddev):           71.7250/4.13
    execution time (avg/stddev):   2.9416/0.07

