sysbench 1.0.20 (using system LuaJIT 2.1.0-beta3)

Running the test with following options:
Number of threads: 40
Initializing random number generator from current time


Prime numbers limit: 50000

Initializing worker threads...

Threads started!

CPU speed:
    events per second:   642.75

General statistics:
    total time:                          3.0323s
    total number of events:              1951

Latency (ms):
         min:                                   15.46
         avg:                                   61.22
         max:                                  126.21
         99th percentile:                       77.19
         sum:                               119430.82

Threads fairness:
    events (avg/stddev):           48.7750/0.85
    execution time (avg/stddev):   2.9858/0.02

