sysbench 1.0.20 (using system LuaJIT 2.1.0-beta3)

Running the test with following options:
Number of threads: 40
Initializing random number generator from current time


Prime numbers limit: 50000

Initializing worker threads...

Threads started!

CPU speed:
    events per second:   941.53

General statistics:
    total time:                          3.0217s
    total number of events:              2847

Latency (ms):
         min:                                   10.52
         avg:                                   42.02
         max:                                   62.42
         99th percentile:                       57.87
         sum:                               119637.67

Threads fairness:
    events (avg/stddev):           71.1750/1.73
    execution time (avg/stddev):   2.9909/0.02

