sysbench 1.0.20 (using system LuaJIT 2.1.0-beta3)

Running the test with following options:
Number of threads: 40
Initializing random number generator from current time


Prime numbers limit: 50000

Initializing worker threads...

Threads started!

CPU speed:
    events per second:   376.36

General statistics:
    total time:                          3.0654s
    total number of events:              1156

Latency (ms):
         min:                                   26.29
         avg:                                   99.53
         max:                                  645.55
         99th percentile:                      484.44
         sum:                               115058.92

Threads fairness:
    events (avg/stddev):           28.9000/2.91
    execution time (avg/stddev):   2.8765/0.11

