sysbench 1.0.20 (using system LuaJIT 2.1.0-beta3)

Running the test with following options:
Number of threads: 40
Initializing random number generator from current time


Prime numbers limit: 50000

Initializing worker threads...

Threads started!

CPU speed:
    events per second:   915.93

General statistics:
    total time:                          3.0265s
    total number of events:              2774

Latency (ms):
         min:                                   10.52
         avg:                                   43.46
         max:                                   64.00
         99th percentile:                       54.83
         sum:                               120571.67

Threads fairness:
    events (avg/stddev):           69.3500/1.56
    execution time (avg/stddev):   3.0143/0.01

