sysbench 1.0.20 (using system LuaJIT 2.1.0-beta3)

Running the test with following options:
Number of threads: 40
Initializing random number generator from current time


Prime numbers limit: 50000

Initializing worker threads...

Threads started!

CPU speed:
    events per second:   944.58

General statistics:
    total time:                          3.0278s
    total number of events:              2862

Latency (ms):
         min:                                   10.51
         avg:                                   38.54
         max:                                  415.51
         99th percentile:                      303.33
         sum:                               110289.37

Threads fairness:
    events (avg/stddev):           71.5500/13.97
    execution time (avg/stddev):   2.7572/0.25

