sysbench 1.0.20 (using system LuaJIT 2.1.0-beta3)

Running the test with following options:
Number of threads: 40
Initializing random number generator from current time


Prime numbers limit: 50000

Initializing worker threads...

Threads started!

CPU speed:
    events per second:   410.39

General statistics:
    total time:                          3.0615s
    total number of events:              1259

Latency (ms):
         min:                                   23.92
         avg:                                   96.32
         max:                                  129.05
         99th percentile:                      121.08
         sum:                               121261.82

Threads fairness:
    events (avg/stddev):           31.4750/0.84
    execution time (avg/stddev):   3.0315/0.02

