sysbench 1.0.20 (using system LuaJIT 2.1.0-beta3)

Running the test with following options:
Number of threads: 40
Initializing random number generator from current time


Prime numbers limit: 50000

Initializing worker threads...

Threads started!

CPU speed:
    events per second:   941.92

General statistics:
    total time:                          3.0282s
    total number of events:              2854

Latency (ms):
         min:                                   10.53
         avg:                                   41.80
         max:                                   96.87
         99th percentile:                       51.94
         sum:                               119296.77

Threads fairness:
    events (avg/stddev):           71.3500/0.82
    execution time (avg/stddev):   2.9824/0.03

