sysbench 1.0.20 (using system LuaJIT 2.1.0-beta3)

Running the test with following options:
Number of threads: 40
Initializing random number generator from current time


Prime numbers limit: 50000

Initializing worker threads...

Threads started!

CPU speed:
    events per second:   942.33

General statistics:
    total time:                          3.0228s
    total number of events:              2851

Latency (ms):
         min:                                   10.55
         avg:                                   41.86
         max:                                  109.42
         99th percentile:                       52.89
         sum:                               119330.47

Threads fairness:
    events (avg/stddev):           71.2750/0.55
    execution time (avg/stddev):   2.9833/0.02

