sysbench 1.0.20 (using system LuaJIT 2.1.0-beta3)

Running the test with following options:
Number of threads: 40
Initializing random number generator from current time


Prime numbers limit: 50000

Initializing worker threads...

Threads started!

CPU speed:
    events per second:   941.88

General statistics:
    total time:                          3.0217s
    total number of events:              2848

Latency (ms):
         min:                                   10.53
         avg:                                   41.79
         max:                                   92.07
         99th percentile:                       56.84
         sum:                               119006.34

Threads fairness:
    events (avg/stddev):           71.2000/1.08
    execution time (avg/stddev):   2.9752/0.02

