sysbench 1.0.20 (using system LuaJIT 2.1.0-beta3)

Running the test with following options:
Number of threads: 40
Initializing random number generator from current time


Prime numbers limit: 50000

Initializing worker threads...

Threads started!

CPU speed:
    events per second:   942.17

General statistics:
    total time:                          3.0251s
    total number of events:              2852

Latency (ms):
         min:                                   10.52
         avg:                                   41.96
         max:                                   87.69
         99th percentile:                       56.84
         sum:                               119679.44

Threads fairness:
    events (avg/stddev):           71.3000/1.03
    execution time (avg/stddev):   2.9920/0.02

