sysbench 1.0.20 (using system LuaJIT 2.1.0-beta3)

Running the test with following options:
Number of threads: 40
Initializing random number generator from current time


Prime numbers limit: 50000

Initializing worker threads...

Threads started!

CPU speed:
    events per second:   946.68

General statistics:
    total time:                          3.0274s
    total number of events:              2868

Latency (ms):
         min:                                   10.51
         avg:                                   41.78
         max:                                   84.59
         99th percentile:                       73.13
         sum:                               119818.70

Threads fairness:
    events (avg/stddev):           71.7000/1.66
    execution time (avg/stddev):   2.9955/0.02

