sysbench 1.0.20 (using system LuaJIT 2.1.0-beta3)

Running the test with following options:
Number of threads: 40
Initializing random number generator from current time


Prime numbers limit: 50000

Initializing worker threads...

Threads started!

CPU speed:
    events per second:   945.47

General statistics:
    total time:                          3.0290s
    total number of events:              2866

Latency (ms):
         min:                                   10.50
         avg:                                   38.55
         max:                                  564.66
         99th percentile:                      337.94
         sum:                               110492.63

Threads fairness:
    events (avg/stddev):           71.6500/9.54
    execution time (avg/stddev):   2.7623/0.24

