sysbench 1.0.20 (using system LuaJIT 2.1.0-beta3)

Running the test with following options:
Number of threads: 40
Initializing random number generator from current time


Prime numbers limit: 50000

Initializing worker threads...

Threads started!

CPU speed:
    events per second:   914.13

General statistics:
    total time:                          3.0281s
    total number of events:              2770

Latency (ms):
         min:                                   19.63
         avg:                                   43.60
         max:                                   70.42
         99th percentile:                       55.82
         sum:                               120761.46

Threads fairness:
    events (avg/stddev):           69.2500/0.49
    execution time (avg/stddev):   3.0190/0.01

