sysbench 1.0.20 (using system LuaJIT 2.1.0-beta3)

Running the test with following options:
Number of threads: 40
Initializing random number generator from current time


Prime numbers limit: 50000

Initializing worker threads...

Threads started!

CPU speed:
    events per second:   947.84

General statistics:
    total time:                          3.0237s
    total number of events:              2868

Latency (ms):
         min:                                   10.50
         avg:                                   40.33
         max:                                  321.71
         99th percentile:                      200.47
         sum:                               115669.10

Threads fairness:
    events (avg/stddev):           71.7000/4.02
    execution time (avg/stddev):   2.8917/0.11

