sysbench 1.0.20 (using system LuaJIT 2.1.0-beta3)

Running the test with following options:
Number of threads: 40
Initializing random number generator from current time


Prime numbers limit: 50000

Initializing worker threads...

Threads started!

CPU speed:
    events per second:   941.37

General statistics:
    total time:                          3.0224s
    total number of events:              2847

Latency (ms):
         min:                                   16.34
         avg:                                   42.12
         max:                                   67.36
         99th percentile:                       50.11
         sum:                               119922.25

Threads fairness:
    events (avg/stddev):           71.1750/0.67
    execution time (avg/stddev):   2.9981/0.01

