sysbench 1.0.20 (using system LuaJIT 2.1.0-beta3)

Running the test with following options:
Number of threads: 40
Initializing random number generator from current time


Prime numbers limit: 50000

Initializing worker threads...

Threads started!

CPU speed:
    events per second:   944.91

General statistics:
    total time:                          3.0300s
    total number of events:              2865

Latency (ms):
         min:                                   10.51
         avg:                                   41.33
         max:                                  116.69
         99th percentile:                       80.03
         sum:                               118416.86

Threads fairness:
    events (avg/stddev):           71.6250/3.57
    execution time (avg/stddev):   2.9604/0.05

