sysbench 1.0.20 (using system LuaJIT 2.1.0-beta3)

Running the test with following options:
Number of threads: 40
Initializing random number generator from current time


Prime numbers limit: 50000

Initializing worker threads...

Threads started!

CPU speed:
    events per second:   946.76

General statistics:
    total time:                          3.0262s
    total number of events:              2867

Latency (ms):
         min:                                   10.52
         avg:                                   41.43
         max:                                  129.48
         99th percentile:                       69.29
         sum:                               118765.72

Threads fairness:
    events (avg/stddev):           71.6750/1.66
    execution time (avg/stddev):   2.9691/0.03

