sysbench 1.0.20 (using system LuaJIT 2.1.0-beta3)

Running the test with following options:
Number of threads: 40
Initializing random number generator from current time


Prime numbers limit: 50000

Initializing worker threads...

Threads started!

CPU speed:
    events per second:   942.68

General statistics:
    total time:                          3.0287s
    total number of events:              2857

Latency (ms):
         min:                                   10.54
         avg:                                   42.16
         max:                                   57.33
         99th percentile:                       51.02
         sum:                               120455.71

Threads fairness:
    events (avg/stddev):           71.4250/1.24
    execution time (avg/stddev):   3.0114/0.01

