sysbench 1.0.20 (using system LuaJIT 2.1.0-beta3)

Running the test with following options:
Number of threads: 40
Initializing random number generator from current time


Prime numbers limit: 50000

Initializing worker threads...

Threads started!

CPU speed:
    events per second:   452.04

General statistics:
    total time:                          3.0574s
    total number of events:              1384

Latency (ms):
         min:                                   21.92
         avg:                                   85.66
         max:                                  174.68
         99th percentile:                      147.61
         sum:                               118554.44

Threads fairness:
    events (avg/stddev):           34.6000/1.70
    execution time (avg/stddev):   2.9639/0.06

