sysbench 1.0.20 (using system LuaJIT 2.1.0-beta3)

Running the test with following options:
Number of threads: 40
Initializing random number generator from current time


Prime numbers limit: 50000

Initializing worker threads...

Threads started!

CPU speed:
    events per second:   737.05

General statistics:
    total time:                          3.0422s
    total number of events:              2247

Latency (ms):
         min:                                   13.15
         avg:                                   53.75
         max:                                   87.01
         99th percentile:                       78.60
         sum:                               120785.80

Threads fairness:
    events (avg/stddev):           56.1750/2.00
    execution time (avg/stddev):   3.0196/0.01

