sysbench 1.0.20 (using system LuaJIT 2.1.0-beta3)

Running the test with following options:
Number of threads: 40
Initializing random number generator from current time


Prime numbers limit: 50000

Initializing worker threads...

Threads started!

CPU speed:
    events per second:   300.70

General statistics:
    total time:                          3.0732s
    total number of events:              926

Latency (ms):
         min:                                   32.95
         avg:                                  130.20
         max:                                  162.23
         99th percentile:                      153.02
         sum:                               120569.29

Threads fairness:
    events (avg/stddev):           23.1500/0.36
    execution time (avg/stddev):   3.0142/0.02

