sysbench 1.0.20 (using system LuaJIT 2.1.0-beta3)

Running the test with following options:
Number of threads: 40
Initializing random number generator from current time


Prime numbers limit: 50000

Initializing worker threads...

Threads started!

CPU speed:
    events per second:   898.49

General statistics:
    total time:                          3.0236s
    total number of events:              2719

Latency (ms):
         min:                                   10.97
         avg:                                   44.29
         max:                                   72.96
         99th percentile:                       57.87
         sum:                               120413.45

Threads fairness:
    events (avg/stddev):           67.9750/1.23
    execution time (avg/stddev):   3.0103/0.01

