sysbench 1.0.20 (using system LuaJIT 2.1.0-beta3)

Running the test with following options:
Number of threads: 40
Initializing random number generator from current time


Prime numbers limit: 50000

Initializing worker threads...

Threads started!

CPU speed:
    events per second:   944.20

General statistics:
    total time:                          3.0227s
    total number of events:              2856

Latency (ms):
         min:                                   10.53
         avg:                                   42.08
         max:                                   67.54
         99th percentile:                       54.83
         sum:                               120191.15

Threads fairness:
    events (avg/stddev):           71.4000/1.02
    execution time (avg/stddev):   3.0048/0.01

