sysbench 1.0.20 (using system LuaJIT 2.1.0-beta3)

Running the test with following options:
Number of threads: 40
Initializing random number generator from current time


Prime numbers limit: 50000

Initializing worker threads...

Threads started!

CPU speed:
    events per second:   301.19

General statistics:
    total time:                          3.0749s
    total number of events:              928

Latency (ms):
         min:                                   32.88
         avg:                                  126.31
         max:                                  343.64
         99th percentile:                      253.35
         sum:                               117211.26

Threads fairness:
    events (avg/stddev):           23.2000/1.58
    execution time (avg/stddev):   2.9303/0.09

