sysbench 1.0.20 (using system LuaJIT 2.1.0-beta3)

Running the test with following options:
Number of threads: 40
Initializing random number generator from current time


Prime numbers limit: 50000

Initializing worker threads...

Threads started!

CPU speed:
    events per second:   945.87

General statistics:
    total time:                          3.0279s
    total number of events:              2866

Latency (ms):
         min:                                   10.52
         avg:                                   41.78
         max:                                   75.91
         99th percentile:                       59.99
         sum:                               119750.11

Threads fairness:
    events (avg/stddev):           71.6500/2.71
    execution time (avg/stddev):   2.9938/0.02

