sysbench 1.0.20 (using system LuaJIT 2.1.0-beta3)

Running the test with following options:
Number of threads: 40
Initializing random number generator from current time


Prime numbers limit: 50000

Initializing worker threads...

Threads started!

CPU speed:
    events per second:   273.31

General statistics:
    total time:                          3.0854s
    total number of events:              845

Latency (ms):
         min:                                   32.97
         avg:                                  144.00
         max:                                  191.56
         99th percentile:                      176.73
         sum:                               121683.03

Threads fairness:
    events (avg/stddev):           21.1250/1.12
    execution time (avg/stddev):   3.0421/0.02

