sysbench 1.0.20 (using system LuaJIT 2.1.0-beta3)

Running the test with following options:
Number of threads: 40
Initializing random number generator from current time


Prime numbers limit: 50000

Initializing worker threads...

Threads started!

CPU speed:
    events per second:   945.95

General statistics:
    total time:                          3.0277s
    total number of events:              2866

Latency (ms):
         min:                                   10.51
         avg:                                   41.29
         max:                                  120.25
         99th percentile:                       73.13
         sum:                               118336.07

Threads fairness:
    events (avg/stddev):           71.6500/1.85
    execution time (avg/stddev):   2.9584/0.05

