sysbench 1.0.20 (using system LuaJIT 2.1.0-beta3)

Running the test with following options:
Number of threads: 40
Initializing random number generator from current time


Prime numbers limit: 50000

Initializing worker threads...

Threads started!

CPU speed:
    events per second:   938.61

General statistics:
    total time:                          3.0247s
    total number of events:              2841

Latency (ms):
         min:                                   10.52
         avg:                                   42.39
         max:                                   54.19
         99th percentile:                       51.02
         sum:                               120428.10

Threads fairness:
    events (avg/stddev):           71.0250/0.85
    execution time (avg/stddev):   3.0107/0.01

