sysbench 1.0.20 (using system LuaJIT 2.1.0-beta3)

Running the test with following options:
Number of threads: 40
Initializing random number generator from current time


Prime numbers limit: 50000

Initializing worker threads...

Threads started!

CPU speed:
    events per second:   932.21

General statistics:
    total time:                          3.0328s
    total number of events:              2830

Latency (ms):
         min:                                   10.54
         avg:                                   42.22
         max:                                   90.64
         99th percentile:                       62.19
         sum:                               119495.17

Threads fairness:
    events (avg/stddev):           70.7500/1.73
    execution time (avg/stddev):   2.9874/0.02

