sysbench 1.0.20 (using system LuaJIT 2.1.0-beta3)

Running the test with following options:
Number of threads: 40
Initializing random number generator from current time


Prime numbers limit: 50000

Initializing worker threads...

Threads started!

CPU speed:
    events per second:   943.46

General statistics:
    total time:                          3.0240s
    total number of events:              2855

Latency (ms):
         min:                                   10.53
         avg:                                   42.16
         max:                                   53.31
         99th percentile:                       51.02
         sum:                               120379.75

Threads fairness:
    events (avg/stddev):           71.3750/1.76
    execution time (avg/stddev):   3.0095/0.01

