sysbench 1.0.20 (using system LuaJIT 2.1.0-beta3)

Running the test with following options:
Number of threads: 40
Initializing random number generator from current time


Prime numbers limit: 50000

Initializing worker threads...

Threads started!

CPU speed:
    events per second:   946.72

General statistics:
    total time:                          3.0252s
    total number of events:              2866

Latency (ms):
         min:                                   10.51
         avg:                                   41.49
         max:                                   98.66
         99th percentile:                       73.13
         sum:                               118915.37

Threads fairness:
    events (avg/stddev):           71.6500/1.51
    execution time (avg/stddev):   2.9729/0.03

