sysbench 1.0.20 (using system LuaJIT 2.1.0-beta3)

Running the test with following options:
Number of threads: 40
Initializing random number generator from current time


Prime numbers limit: 50000

Initializing worker threads...

Threads started!

CPU speed:
    events per second:   929.71

General statistics:
    total time:                          3.0217s
    total number of events:              2811

Latency (ms):
         min:                                   10.62
         avg:                                   42.80
         max:                                   57.45
         99th percentile:                       46.63
         sum:                               120304.75

Threads fairness:
    events (avg/stddev):           70.2750/0.59
    execution time (avg/stddev):   3.0076/0.01

