sysbench 1.0.20 (using system LuaJIT 2.1.0-beta3)

Running the test with following options:
Number of threads: 40
Initializing random number generator from current time


Prime numbers limit: 50000

Initializing worker threads...

Threads started!

CPU speed:
    events per second:   945.79

General statistics:
    total time:                          3.0229s
    total number of events:              2861

Latency (ms):
         min:                                   10.54
         avg:                                   42.01
         max:                                   54.86
         99th percentile:                       50.11
         sum:                               120179.69

Threads fairness:
    events (avg/stddev):           71.5250/1.02
    execution time (avg/stddev):   3.0045/0.01

