sysbench 1.0.20 (using system LuaJIT 2.1.0-beta3)

Running the test with following options:
Number of threads: 40
Initializing random number generator from current time


Prime numbers limit: 50000

Initializing worker threads...

Threads started!

CPU speed:
    events per second:   944.29

General statistics:
    total time:                          3.0298s
    total number of events:              2863

Latency (ms):
         min:                                   10.52
         avg:                                   42.02
         max:                                   59.33
         99th percentile:                       50.11
         sum:                               120314.72

Threads fairness:
    events (avg/stddev):           71.5750/1.50
    execution time (avg/stddev):   3.0079/0.01

