sysbench 1.0.20 (using system LuaJIT 2.1.0-beta3)

Running the test with following options:
Number of threads: 40
Initializing random number generator from current time


Prime numbers limit: 50000

Initializing worker threads...

Threads started!

CPU speed:
    events per second:   941.72

General statistics:
    total time:                          3.0286s
    total number of events:              2854

Latency (ms):
         min:                                   10.54
         avg:                                   42.13
         max:                                   74.93
         99th percentile:                       50.11
         sum:                               120241.45

Threads fairness:
    events (avg/stddev):           71.3500/0.76
    execution time (avg/stddev):   3.0060/0.01

