sysbench 1.0.20 (using system LuaJIT 2.1.0-beta3)

Running the test with following options:
Number of threads: 40
Initializing random number generator from current time


Prime numbers limit: 50000

Initializing worker threads...

Threads started!

CPU speed:
    events per second:   943.54

General statistics:
    total time:                          3.0248s
    total number of events:              2856

Latency (ms):
         min:                                   10.51
         avg:                                   42.17
         max:                                   58.75
         99th percentile:                       51.02
         sum:                               120433.68

Threads fairness:
    events (avg/stddev):           71.4000/1.04
    execution time (avg/stddev):   3.0108/0.01

