sysbench 1.0.20 (using system LuaJIT 2.1.0-beta3)

Running the test with following options:
Number of threads: 40
Initializing random number generator from current time


Prime numbers limit: 50000

Initializing worker threads...

Threads started!

CPU speed:
    events per second:   940.33

General statistics:
    total time:                          3.0224s
    total number of events:              2844

Latency (ms):
         min:                                   10.53
         avg:                                   42.32
         max:                                   55.05
         99th percentile:                       52.89
         sum:                               120348.00

Threads fairness:
    events (avg/stddev):           71.1000/1.66
    execution time (avg/stddev):   3.0087/0.01

