sysbench 1.0.20 (using system LuaJIT 2.1.0-beta3)

Running the test with following options:
Number of threads: 40
Initializing random number generator from current time


Prime numbers limit: 50000

Initializing worker threads...

Threads started!

CPU speed:
    events per second:   273.73

General statistics:
    total time:                          3.0916s
    total number of events:              848

Latency (ms):
         min:                                   32.97
         avg:                                  144.57
         max:                                  176.76
         99th percentile:                      173.58
         sum:                               122591.27

Threads fairness:
    events (avg/stddev):           21.2000/0.46
    execution time (avg/stddev):   3.0648/0.02

