sysbench 1.0.20 (using system LuaJIT 2.1.0-beta3)

Running the test with following options:
Number of threads: 40
Initializing random number generator from current time


Prime numbers limit: 50000

Initializing worker threads...

Threads started!

CPU speed:
    events per second:   939.72

General statistics:
    total time:                          3.0265s
    total number of events:              2846

Latency (ms):
         min:                                   10.55
         avg:                                   42.34
         max:                                   81.64
         99th percentile:                       62.19
         sum:                               120489.56

Threads fairness:
    events (avg/stddev):           71.1500/0.61
    execution time (avg/stddev):   3.0122/0.01

