sysbench 1.0.20 (using system LuaJIT 2.1.0-beta3)

Running the test with following options:
Number of threads: 40
Initializing random number generator from current time


Prime numbers limit: 50000

Initializing worker threads...

Threads started!

CPU speed:
    events per second:   946.84

General statistics:
    total time:                          3.0290s
    total number of events:              2870

Latency (ms):
         min:                                   10.50
         avg:                                   41.05
         max:                                  187.97
         99th percentile:                       78.60
         sum:                               117817.04

Threads fairness:
    events (avg/stddev):           71.7500/2.14
    execution time (avg/stddev):   2.9454/0.05

