sysbench 1.0.20 (using system LuaJIT 2.1.0-beta3)

Running the test with following options:
Number of threads: 40
Initializing random number generator from current time


Prime numbers limit: 50000

Initializing worker threads...

Threads started!

CPU speed:
    events per second:   916.14

General statistics:
    total time:                          3.0269s
    total number of events:              2775

Latency (ms):
         min:                                   10.69
         avg:                                   43.49
         max:                                   64.36
         99th percentile:                       53.85
         sum:                               120673.55

Threads fairness:
    events (avg/stddev):           69.3750/1.22
    execution time (avg/stddev):   3.0168/0.01

