sysbench 1.0.20 (using system LuaJIT 2.1.0-beta3)

Running the test with following options:
Number of threads: 40
Initializing random number generator from current time


Prime numbers limit: 50000

Initializing worker threads...

Threads started!

CPU speed:
    events per second:   300.16

General statistics:
    total time:                          3.0920s
    total number of events:              930

Latency (ms):
         min:                                   32.87
         avg:                                  124.58
         max:                                  552.30
         99th percentile:                      350.33
         sum:                               115859.57

Threads fairness:
    events (avg/stddev):           23.2500/2.20
    execution time (avg/stddev):   2.8965/0.12

