sysbench 1.0.20 (using system LuaJIT 2.1.0-beta3)

Running the test with following options:
Number of threads: 40
Initializing random number generator from current time


Prime numbers limit: 50000

Initializing worker threads...

Threads started!

CPU speed:
    events per second:   641.25

General statistics:
    total time:                          3.0472s
    total number of events:              1956

Latency (ms):
         min:                                   15.46
         avg:                                   59.35
         max:                                  295.50
         99th percentile:                      167.44
         sum:                               116081.48

Threads fairness:
    events (avg/stddev):           48.9000/4.17
    execution time (avg/stddev):   2.9020/0.09

