sysbench 1.0.20 (using system LuaJIT 2.1.0-beta3)

Running the test with following options:
Number of threads: 40
Initializing random number generator from current time


Prime numbers limit: 50000

Initializing worker threads...

Threads started!

CPU speed:
    events per second:   941.38

General statistics:
    total time:                          3.0266s
    total number of events:              2851

Latency (ms):
         min:                                   10.55
         avg:                                   42.12
         max:                                   70.34
         99th percentile:                       50.11
         sum:                               120090.54

Threads fairness:
    events (avg/stddev):           71.2750/0.89
    execution time (avg/stddev):   3.0023/0.01

