sysbench 1.0.20 (using system LuaJIT 2.1.0-beta3)

Running the test with following options:
Number of threads: 40
Initializing random number generator from current time


Prime numbers limit: 50000

Initializing worker threads...

Threads started!

CPU speed:
    events per second:   946.67

General statistics:
    total time:                          3.0264s
    total number of events:              2867

Latency (ms):
         min:                                   10.52
         avg:                                   41.65
         max:                                   93.04
         99th percentile:                       52.89
         sum:                               119419.98

Threads fairness:
    events (avg/stddev):           71.6750/1.29
    execution time (avg/stddev):   2.9855/0.02

