sysbench 1.0.20 (using system LuaJIT 2.1.0-beta3)

Running the test with following options:
Number of threads: 40
Initializing random number generator from current time


Prime numbers limit: 50000

Initializing worker threads...

Threads started!

CPU speed:
    events per second:   947.17

General statistics:
    total time:                          3.0248s
    total number of events:              2867

Latency (ms):
         min:                                   10.51
         avg:                                   41.56
         max:                                   94.46
         99th percentile:                       62.19
         sum:                               119139.55

Threads fairness:
    events (avg/stddev):           71.6750/1.37
    execution time (avg/stddev):   2.9785/0.03

