sysbench 1.0.20 (using system LuaJIT 2.1.0-beta3)

Running the test with following options:
Number of threads: 40
Initializing random number generator from current time


Prime numbers limit: 50000

Initializing worker threads...

Threads started!

CPU speed:
    events per second:   299.49

General statistics:
    total time:                          3.0923s
    total number of events:              928

Latency (ms):
         min:                                   32.88
         avg:                                  128.23
         max:                                  257.19
         99th percentile:                      219.36
         sum:                               119001.97

Threads fairness:
    events (avg/stddev):           23.2000/1.08
    execution time (avg/stddev):   2.9750/0.06

