sysbench 1.0.20 (using system LuaJIT 2.1.0-beta3)

Running the test with following options:
Number of threads: 40
Initializing random number generator from current time


Prime numbers limit: 50000

Initializing worker threads...

Threads started!

CPU speed:
    events per second:   940.37

General statistics:
    total time:                          3.0285s
    total number of events:              2850

Latency (ms):
         min:                                   10.52
         avg:                                   41.81
         max:                                   89.98
         99th percentile:                       51.02
         sum:                               119150.13

Threads fairness:
    events (avg/stddev):           71.2500/0.80
    execution time (avg/stddev):   2.9788/0.02

