sysbench 1.0.20 (using system LuaJIT 2.1.0-beta3)

Running the test with following options:
Number of threads: 40
Initializing random number generator from current time


Prime numbers limit: 50000

Initializing worker threads...

Threads started!

CPU speed:
    events per second:   946.31

General statistics:
    total time:                          3.0265s
    total number of events:              2866

Latency (ms):
         min:                                   10.53
         avg:                                   41.62
         max:                                   98.77
         99th percentile:                       65.65
         sum:                               119282.54

Threads fairness:
    events (avg/stddev):           71.6500/1.19
    execution time (avg/stddev):   2.9821/0.03

