sysbench 1.0.20 (using system LuaJIT 2.1.0-beta3)

Running the test with following options:
Number of threads: 40
Initializing random number generator from current time


Prime numbers limit: 50000

Initializing worker threads...

Threads started!

CPU speed:
    events per second:   947.01

General statistics:
    total time:                          3.0243s
    total number of events:              2866

Latency (ms):
         min:                                   10.51
         avg:                                   41.74
         max:                                   97.44
         99th percentile:                       68.05
         sum:                               119623.05

Threads fairness:
    events (avg/stddev):           71.6500/1.46
    execution time (avg/stddev):   2.9906/0.02

