sysbench 1.0.20 (using system LuaJIT 2.1.0-beta3)

Running the test with following options:
Number of threads: 40
Initializing random number generator from current time


Prime numbers limit: 50000

Initializing worker threads...

Threads started!

CPU speed:
    events per second:   946.11

General statistics:
    total time:                          3.0272s
    total number of events:              2866

Latency (ms):
         min:                                   10.51
         avg:                                   34.48
         max:                                  870.73
         99th percentile:                      511.33
         sum:                                98807.51

Threads fairness:
    events (avg/stddev):           71.6500/23.60
    execution time (avg/stddev):   2.4702/0.54

