sysbench 1.0.20 (using system LuaJIT 2.1.0-beta3)

Running the test with following options:
Number of threads: 40
Initializing random number generator from current time


Prime numbers limit: 50000

Initializing worker threads...

Threads started!

CPU speed:
    events per second:   942.65

General statistics:
    total time:                          3.0214s
    total number of events:              2850

Latency (ms):
         min:                                   10.54
         avg:                                   41.97
         max:                                   84.13
         99th percentile:                       56.84
         sum:                               119626.29

Threads fairness:
    events (avg/stddev):           71.2500/0.89
    execution time (avg/stddev):   2.9907/0.02

