sysbench 1.0.20 (using system LuaJIT 2.1.0-beta3)

Running the test with following options:
Number of threads: 40
Initializing random number generator from current time


Prime numbers limit: 50000

Initializing worker threads...

Threads started!

CPU speed:
    events per second:   938.57

General statistics:
    total time:                          3.0238s
    total number of events:              2840

Latency (ms):
         min:                                   10.51
         avg:                                   42.42
         max:                                   54.18
         99th percentile:                       52.89
         sum:                               120469.54

Threads fairness:
    events (avg/stddev):           71.0000/1.18
    execution time (avg/stddev):   3.0117/0.01

