sysbench 1.0.20 (using system LuaJIT 2.1.0-beta3)

Running the test with following options:
Number of threads: 40
Initializing random number generator from current time


Prime numbers limit: 50000

Initializing worker threads...

Threads started!

CPU speed:
    events per second:   941.67

General statistics:
    total time:                          3.0234s
    total number of events:              2849

Latency (ms):
         min:                                   10.52
         avg:                                   42.00
         max:                                   93.37
         99th percentile:                       53.85
         sum:                               119645.52

Threads fairness:
    events (avg/stddev):           71.2250/0.65
    execution time (avg/stddev):   2.9911/0.02

