sysbench 1.0.20 (using system LuaJIT 2.1.0-beta3)

Running the test with following options:
Number of threads: 40
Initializing random number generator from current time


Prime numbers limit: 50000

Initializing worker threads...

Threads started!

CPU speed:
    events per second:   941.51

General statistics:
    total time:                          3.0251s
    total number of events:              2850

Latency (ms):
         min:                                   10.62
         avg:                                   42.06
         max:                                   71.32
         99th percentile:                       49.21
         sum:                               119867.24

Threads fairness:
    events (avg/stddev):           71.2500/0.62
    execution time (avg/stddev):   2.9967/0.02

