sysbench 1.0.20 (using system LuaJIT 2.1.0-beta3)

Running the test with following options:
Number of threads: 40
Initializing random number generator from current time


Prime numbers limit: 50000

Initializing worker threads...

Threads started!

CPU speed:
    events per second:   947.08

General statistics:
    total time:                          3.0251s
    total number of events:              2867

Latency (ms):
         min:                                   10.51
         avg:                                   41.72
         max:                                   89.49
         99th percentile:                       55.82
         sum:                               119625.20

Threads fairness:
    events (avg/stddev):           71.6750/1.63
    execution time (avg/stddev):   2.9906/0.02

