sysbench 1.0.20 (using system LuaJIT 2.1.0-beta3)

Running the test with following options:
Number of threads: 40
Initializing random number generator from current time


Prime numbers limit: 50000

Initializing worker threads...

Threads started!

CPU speed:
    events per second:   410.58

General statistics:
    total time:                          3.0563s
    total number of events:              1257

Latency (ms):
         min:                                   23.91
         avg:                                   96.28
         max:                                  132.79
         99th percentile:                      121.08
         sum:                               121024.57

Threads fairness:
    events (avg/stddev):           31.4250/1.00
    execution time (avg/stddev):   3.0256/0.02

