sysbench 1.0.20 (using system LuaJIT 2.1.0-beta3)

Running the test with following options:
Number of threads: 40
Initializing random number generator from current time


Prime numbers limit: 50000

Initializing worker threads...

Threads started!

CPU speed:
    events per second:   715.01

General statistics:
    total time:                          3.0461s
    total number of events:              2180

Latency (ms):
         min:                                   13.84
         avg:                                   55.30
         max:                                   79.80
         99th percentile:                       66.84
         sum:                               120558.50

Threads fairness:
    events (avg/stddev):           54.5000/1.02
    execution time (avg/stddev):   3.0140/0.01

