sysbench 1.0.20 (using system LuaJIT 2.1.0-beta3)

Running the test with following options:
Number of threads: 40
Initializing random number generator from current time


Prime numbers limit: 50000

Initializing worker threads...

Threads started!

CPU speed:
    events per second:   642.65

General statistics:
    total time:                          3.0421s
    total number of events:              1957

Latency (ms):
         min:                                   15.46
         avg:                                   58.58
         max:                                  319.05
         99th percentile:                      170.48
         sum:                               114650.23

Threads fairness:
    events (avg/stddev):           48.9250/4.80
    execution time (avg/stddev):   2.8663/0.14

