sysbench 1.0.20 (using system LuaJIT 2.1.0-beta3)

Running the test with following options:
Number of threads: 40
Initializing random number generator from current time


Prime numbers limit: 50000

Initializing worker threads...

Threads started!

CPU speed:
    events per second:   832.35

General statistics:
    total time:                          3.0324s
    total number of events:              2526

Latency (ms):
         min:                                   11.94
         avg:                                   45.56
         max:                                  154.48
         99th percentile:                      114.72
         sum:                               115092.66

Threads fairness:
    events (avg/stddev):           63.1500/5.39
    execution time (avg/stddev):   2.8773/0.12

