sysbench 1.0.20 (using system LuaJIT 2.1.0-beta3)

Running the test with following options:
Number of threads: 40
Initializing random number generator from current time


Prime numbers limit: 50000

Initializing worker threads...

Threads started!

CPU speed:
    events per second:   944.91

General statistics:
    total time:                          3.0247s
    total number of events:              2860

Latency (ms):
         min:                                   10.53
         avg:                                   42.08
         max:                                   55.59
         99th percentile:                       49.21
         sum:                               120352.52

Threads fairness:
    events (avg/stddev):           71.5000/1.02
    execution time (avg/stddev):   3.0088/0.01

