sysbench 1.0.20 (using system LuaJIT 2.1.0-beta3)

Running the test with following options:
Number of threads: 40
Initializing random number generator from current time


Prime numbers limit: 50000

Initializing worker threads...

Threads started!

CPU speed:
    events per second:   792.51

General statistics:
    total time:                          3.0258s
    total number of events:              2400

Latency (ms):
         min:                                   12.52
         avg:                                   49.74
         max:                                  123.26
         99th percentile:                       94.10
         sum:                               119367.31

Threads fairness:
    events (avg/stddev):           60.0000/2.11
    execution time (avg/stddev):   2.9842/0.03

