sysbench 1.0.20 (using system LuaJIT 2.1.0-beta3)

Running the test with following options:
Number of threads: 40
Initializing random number generator from current time


Prime numbers limit: 50000

Initializing worker threads...

Threads started!

CPU speed:
    events per second:   946.40

General statistics:
    total time:                          3.0262s
    total number of events:              2866

Latency (ms):
         min:                                   10.51
         avg:                                   41.88
         max:                                   65.96
         99th percentile:                       55.82
         sum:                               120030.45

Threads fairness:
    events (avg/stddev):           71.6500/1.92
    execution time (avg/stddev):   3.0008/0.01

