sysbench 1.0.20 (using system LuaJIT 2.1.0-beta3)

Running the test with following options:
Number of threads: 40
Initializing random number generator from current time


Prime numbers limit: 50000

Initializing worker threads...

Threads started!

CPU speed:
    events per second:   941.80

General statistics:
    total time:                          3.0262s
    total number of events:              2852

Latency (ms):
         min:                                   18.02
         avg:                                   42.11
         max:                                   73.27
         99th percentile:                       52.89
         sum:                               120104.89

Threads fairness:
    events (avg/stddev):           71.3000/0.68
    execution time (avg/stddev):   3.0026/0.02

