sysbench 1.0.20 (using system LuaJIT 2.1.0-beta3)

Running the test with following options:
Number of threads: 40
Initializing random number generator from current time


Prime numbers limit: 50000

Initializing worker threads...

Threads started!

CPU speed:
    events per second:   944.49

General statistics:
    total time:                          3.0334s
    total number of events:              2867

Latency (ms):
         min:                                   10.51
         avg:                                   41.47
         max:                                  110.68
         99th percentile:                       80.03
         sum:                               118897.57

Threads fairness:
    events (avg/stddev):           71.6750/3.41
    execution time (avg/stddev):   2.9724/0.04

