sysbench 1.0.20 (using system LuaJIT 2.1.0-beta3)

Running the test with following options:
Number of threads: 40
Initializing random number generator from current time


Prime numbers limit: 50000

Initializing worker threads...

Threads started!

CPU speed:
    events per second:   915.52

General statistics:
    total time:                          3.0301s
    total number of events:              2776

Latency (ms):
         min:                                   10.51
         avg:                                   43.46
         max:                                   54.92
         99th percentile:                       53.85
         sum:                               120633.71

Threads fairness:
    events (avg/stddev):           69.4000/4.18
    execution time (avg/stddev):   3.0158/0.01

