sysbench 1.0.20 (using system LuaJIT 2.1.0-beta3)

Running the test with following options:
Number of threads: 40
Initializing random number generator from current time


Prime numbers limit: 50000

Initializing worker threads...

Threads started!

CPU speed:
    events per second:   299.87

General statistics:
    total time:                          3.0916s
    total number of events:              929

Latency (ms):
         min:                                   32.90
         avg:                                  129.91
         max:                                  195.74
         99th percentile:                      170.48
         sum:                               120683.58

Threads fairness:
    events (avg/stddev):           23.2250/0.65
    execution time (avg/stddev):   3.0171/0.04

