sysbench 1.0.20 (using system LuaJIT 2.1.0-beta3)

Running the test with following options:
Number of threads: 40
Initializing random number generator from current time


Prime numbers limit: 50000

Initializing worker threads...

Threads started!

CPU speed:
    events per second:   941.31

General statistics:
    total time:                          3.0267s
    total number of events:              2851

Latency (ms):
         min:                                   10.53
         avg:                                   41.78
         max:                                   77.42
         99th percentile:                       51.02
         sum:                               119127.19

Threads fairness:
    events (avg/stddev):           71.2750/0.87
    execution time (avg/stddev):   2.9782/0.02

