sysbench 1.0.20 (using system LuaJIT 2.1.0-beta3)

Running the test with following options:
Number of threads: 40
Initializing random number generator from current time


Prime numbers limit: 50000

Initializing worker threads...

Threads started!

CPU speed:
    events per second:   604.62

General statistics:
    total time:                          3.0367s
    total number of events:              1838

Latency (ms):
         min:                                   16.43
         avg:                                   62.26
         max:                                  508.98
         99th percentile:                      350.33
         sum:                               114426.71

Threads fairness:
    events (avg/stddev):           45.9500/4.74
    execution time (avg/stddev):   2.8607/0.12

