sysbench 1.0.20 (using system LuaJIT 2.1.0-beta3)

Running the test with following options:
Number of threads: 40
Initializing random number generator from current time


Prime numbers limit: 50000

Initializing worker threads...

Threads started!

CPU speed:
    events per second:   790.69

General statistics:
    total time:                          3.0306s
    total number of events:              2399

Latency (ms):
         min:                                   12.53
         avg:                                   49.91
         max:                                   89.74
         99th percentile:                       68.05
         sum:                               119731.08

Threads fairness:
    events (avg/stddev):           59.9750/0.79
    execution time (avg/stddev):   2.9933/0.03

