sysbench 1.0.20 (using system LuaJIT 2.1.0-beta3)

Running the test with following options:
Number of threads: 40
Initializing random number generator from current time


Prime numbers limit: 50000

Initializing worker threads...

Threads started!

CPU speed:
    events per second:   946.08

General statistics:
    total time:                          3.0293s
    total number of events:              2868

Latency (ms):
         min:                                   10.50
         avg:                                   39.18
         max:                                  833.92
         99th percentile:                      397.39
         sum:                               112358.51

Threads fairness:
    events (avg/stddev):           71.7000/8.96
    execution time (avg/stddev):   2.8090/0.19

