sysbench 1.0.20 (using system LuaJIT 2.1.0-beta3)

Running the test with following options:
Number of threads: 40
Initializing random number generator from current time


Prime numbers limit: 50000

Initializing worker threads...

Threads started!

CPU speed:
    events per second:   274.21

General statistics:
    total time:                          3.0893s
    total number of events:              849

Latency (ms):
         min:                                   41.13
         avg:                                  144.15
         max:                                  187.68
         99th percentile:                      183.21
         sum:                               122380.45

Threads fairness:
    events (avg/stddev):           21.2250/1.99
    execution time (avg/stddev):   3.0595/0.02

