sysbench 1.0.20 (using system LuaJIT 2.1.0-beta3)

Running the test with following options:
Number of threads: 40
Initializing random number generator from current time


Prime numbers limit: 50000

Initializing worker threads...

Threads started!

CPU speed:
    events per second:   944.52

General statistics:
    total time:                          3.0259s
    total number of events:              2860

Latency (ms):
         min:                                   10.50
         avg:                                   33.79
         max:                                  866.58
         99th percentile:                      467.30
         sum:                                96626.16

Threads fairness:
    events (avg/stddev):           71.5000/25.24
    execution time (avg/stddev):   2.4157/0.59

