sysbench 1.0.20 (using system LuaJIT 2.1.0-beta3)

Running the test with following options:
Number of threads: 40
Initializing random number generator from current time


Prime numbers limit: 50000

Initializing worker threads...

Threads started!

CPU speed:
    events per second:   939.62

General statistics:
    total time:                          3.0247s
    total number of events:              2844

Latency (ms):
         min:                                   10.52
         avg:                                   42.34
         max:                                   57.10
         99th percentile:                       52.89
         sum:                               120414.69

Threads fairness:
    events (avg/stddev):           71.1000/2.89
    execution time (avg/stddev):   3.0104/0.01

