sysbench 1.0.20 (using system LuaJIT 2.1.0-beta3)

Running the test with following options:
Number of threads: 40
Initializing random number generator from current time


Prime numbers limit: 50000

Initializing worker threads...

Threads started!

CPU speed:
    events per second:   941.64

General statistics:
    total time:                          3.0281s
    total number of events:              2854

Latency (ms):
         min:                                   10.50
         avg:                                   41.22
         max:                                  116.84
         99th percentile:                       84.47
         sum:                               117627.64

Threads fairness:
    events (avg/stddev):           71.3500/3.21
    execution time (avg/stddev):   2.9407/0.07

