sysbench 1.0.20 (using system LuaJIT 2.1.0-beta3)

Running the test with following options:
Number of threads: 40
Initializing random number generator from current time


Prime numbers limit: 50000

Initializing worker threads...

Threads started!

CPU speed:
    events per second:   944.61

General statistics:
    total time:                          3.0309s
    total number of events:              2865

Latency (ms):
         min:                                   10.52
         avg:                                   42.01
         max:                                   92.16
         99th percentile:                       70.55
         sum:                               120356.00

Threads fairness:
    events (avg/stddev):           71.6250/11.07
    execution time (avg/stddev):   3.0089/0.01

