sysbench 1.0.20 (using system LuaJIT 2.1.0-beta3)

Running the test with following options:
Number of threads: 40
Initializing random number generator from current time


Prime numbers limit: 50000

Initializing worker threads...

Threads started!

CPU speed:
    events per second:   946.07

General statistics:
    total time:                          3.0262s
    total number of events:              2865

Latency (ms):
         min:                                   10.52
         avg:                                   42.03
         max:                                   70.56
         99th percentile:                       55.82
         sum:                               120414.64

Threads fairness:
    events (avg/stddev):           71.6250/1.67
    execution time (avg/stddev):   3.0104/0.01

