sysbench 1.0.20 (using system LuaJIT 2.1.0-beta3)

Running the test with following options:
Number of threads: 40
Initializing random number generator from current time


Prime numbers limit: 50000

Initializing worker threads...

Threads started!

CPU speed:
    events per second:   793.40

General statistics:
    total time:                          3.0413s
    total number of events:              2415

Latency (ms):
         min:                                   12.51
         avg:                                   45.39
         max:                                  968.40
         99th percentile:                      580.02
         sum:                               109613.87

Threads fairness:
    events (avg/stddev):           60.3750/14.73
    execution time (avg/stddev):   2.7403/0.29

