sysbench 1.0.20 (using system LuaJIT 2.1.0-beta3)

Running the test with following options:
Number of threads: 40
Initializing random number generator from current time


Prime numbers limit: 50000

Initializing worker threads...

Threads started!

CPU speed:
    events per second:   945.02

General statistics:
    total time:                          3.0233s
    total number of events:              2859

Latency (ms):
         min:                                   10.50
         avg:                                   37.55
         max:                                  456.76
         99th percentile:                      308.84
         sum:                               107358.05

Threads fairness:
    events (avg/stddev):           71.4750/14.21
    execution time (avg/stddev):   2.6840/0.29

