sysbench 1.0.20 (using system LuaJIT 2.1.0-beta3)

Running the test with following options:
Number of threads: 40
Initializing random number generator from current time


Prime numbers limit: 50000

Initializing worker threads...

Threads started!

CPU speed:
    events per second:   300.09

General statistics:
    total time:                          3.1027s
    total number of events:              933

Latency (ms):
         min:                                   32.88
         avg:                                  114.45
         max:                                  973.20
         99th percentile:                      694.45
         sum:                               106781.23

Threads fairness:
    events (avg/stddev):           23.3250/5.38
    execution time (avg/stddev):   2.6695/0.37

