sysbench 1.0.20 (using system LuaJIT 2.1.0-beta3)

Running the test with following options:
Number of threads: 40
Initializing random number generator from current time


Prime numbers limit: 50000

Initializing worker threads...

Threads started!

CPU speed:
    events per second:   942.21

General statistics:
    total time:                          3.0261s
    total number of events:              2853

Latency (ms):
         min:                                   10.53
         avg:                                   41.82
         max:                                   88.35
         99th percentile:                       50.11
         sum:                               119308.66

Threads fairness:
    events (avg/stddev):           71.3250/1.10
    execution time (avg/stddev):   2.9827/0.03

