sysbench 1.0.20 (using system LuaJIT 2.1.0-beta3)

Running the test with following options:
Number of threads: 40
Initializing random number generator from current time


Prime numbers limit: 50000

Initializing worker threads...

Threads started!

CPU speed:
    events per second:   946.07

General statistics:
    total time:                          3.0283s
    total number of events:              2867

Latency (ms):
         min:                                   10.51
         avg:                                   35.57
         max:                                 1026.23
         99th percentile:                      502.20
         sum:                               101968.45

Threads fairness:
    events (avg/stddev):           71.6750/18.12
    execution time (avg/stddev):   2.5492/0.49

