sysbench 1.0.20 (using system LuaJIT 2.1.0-beta3)

Running the test with following options:
Number of threads: 40
Initializing random number generator from current time


Prime numbers limit: 50000

Initializing worker threads...

Threads started!

CPU speed:
    events per second:   941.87

General statistics:
    total time:                          3.0239s
    total number of events:              2850

Latency (ms):
         min:                                   10.51
         avg:                                   41.95
         max:                                   92.75
         99th percentile:                       55.82
         sum:                               119557.83

Threads fairness:
    events (avg/stddev):           71.2500/0.77
    execution time (avg/stddev):   2.9889/0.02

