sysbench 1.0.20 (using system LuaJIT 2.1.0-beta3)

Running the test with following options:
Number of threads: 40
Initializing random number generator from current time


Prime numbers limit: 50000

Initializing worker threads...

Threads started!

CPU speed:
    events per second:   452.09

General statistics:
    total time:                          3.0548s
    total number of events:              1383

Latency (ms):
         min:                                   21.91
         avg:                                   85.58
         max:                                  168.28
         99th percentile:                      147.61
         sum:                               118360.02

Threads fairness:
    events (avg/stddev):           34.5750/2.10
    execution time (avg/stddev):   2.9590/0.06

