sysbench 1.0.20 (using system LuaJIT 2.1.0-beta3)

Running the test with following options:
Number of threads: 40
Initializing random number generator from current time


Prime numbers limit: 50000

Initializing worker threads...

Threads started!

CPU speed:
    events per second:   947.58

General statistics:
    total time:                          3.0256s
    total number of events:              2869

Latency (ms):
         min:                                   10.50
         avg:                                   41.06
         max:                                  144.64
         99th percentile:                       80.03
         sum:                               117806.13

Threads fairness:
    events (avg/stddev):           71.7250/1.90
    execution time (avg/stddev):   2.9452/0.06

