sysbench 1.0.20 (using system LuaJIT 2.1.0-beta3)

Running the test with following options:
Number of threads: 40
Initializing random number generator from current time


Prime numbers limit: 50000

Initializing worker threads...

Threads started!

CPU speed:
    events per second:   946.80

General statistics:
    total time:                          3.0260s
    total number of events:              2867

Latency (ms):
         min:                                   10.51
         avg:                                   41.87
         max:                                   65.97
         99th percentile:                       54.83
         sum:                               120041.03

Threads fairness:
    events (avg/stddev):           71.6750/1.78
    execution time (avg/stddev):   3.0010/0.02

