sysbench 1.0.20 (using system LuaJIT 2.1.0-beta3)

Running the test with following options:
Number of threads: 40
Initializing random number generator from current time


Prime numbers limit: 50000

Initializing worker threads...

Threads started!

CPU speed:
    events per second:   301.12

General statistics:
    total time:                          3.0788s
    total number of events:              929

Latency (ms):
         min:                                   32.89
         avg:                                  130.12
         max:                                  171.25
         99th percentile:                      161.51
         sum:                               120879.60

Threads fairness:
    events (avg/stddev):           23.2250/0.69
    execution time (avg/stddev):   3.0220/0.03

