sysbench 1.0.20 (using system LuaJIT 2.1.0-beta3)

Running the test with following options:
Number of threads: 40
Initializing random number generator from current time


Prime numbers limit: 50000

Initializing worker threads...

Threads started!

CPU speed:
    events per second:   907.31

General statistics:
    total time:                          3.0281s
    total number of events:              2750

Latency (ms):
         min:                                   10.94
         avg:                                   42.17
         max:                                  396.26
         99th percentile:                      272.27
         sum:                               115966.11

Threads fairness:
    events (avg/stddev):           68.7500/6.72
    execution time (avg/stddev):   2.8992/0.11

