sysbench 1.0.20 (using system LuaJIT 2.1.0-beta3)

Running the test with following options:
Number of threads: 40
Initializing random number generator from current time


Prime numbers limit: 50000

Initializing worker threads...

Threads started!

CPU speed:
    events per second:   947.24

General statistics:
    total time:                          3.0268s
    total number of events:              2869

Latency (ms):
         min:                                   10.51
         avg:                                   40.59
         max:                                  157.59
         99th percentile:                      118.92
         sum:                               116450.92

Threads fairness:
    events (avg/stddev):           71.7250/5.06
    execution time (avg/stddev):   2.9113/0.10

