sysbench 1.0.20 (using system LuaJIT 2.1.0-beta3)

Running the test with following options:
Number of threads: 40
Initializing random number generator from current time


Prime numbers limit: 50000

Initializing worker threads...

Threads started!

CPU speed:
    events per second:   794.74

General statistics:
    total time:                          3.0287s
    total number of events:              2409

Latency (ms):
         min:                                   12.51
         avg:                                   46.82
         max:                                  762.69
         99th percentile:                      458.96
         sum:                               112791.35

Threads fairness:
    events (avg/stddev):           60.2250/9.65
    execution time (avg/stddev):   2.8198/0.16

