sysbench 1.0.20 (using system LuaJIT 2.1.0-beta3)

Running the test with following options:
Number of threads: 40
Initializing random number generator from current time


Prime numbers limit: 50000

Initializing worker threads...

Threads started!

CPU speed:
    events per second:   915.63

General statistics:
    total time:                          3.0276s
    total number of events:              2774

Latency (ms):
         min:                                   11.28
         avg:                                   43.50
         max:                                   64.87
         99th percentile:                       54.83
         sum:                               120664.66

Threads fairness:
    events (avg/stddev):           69.3500/2.67
    execution time (avg/stddev):   3.0166/0.01

