sysbench 1.0.20 (using system LuaJIT 2.1.0-beta3)

Running the test with following options:
Number of threads: 40
Initializing random number generator from current time


Prime numbers limit: 50000

Initializing worker threads...

Threads started!

CPU speed:
    events per second:   946.15

General statistics:
    total time:                          3.0219s
    total number of events:              2861

Latency (ms):
         min:                                   10.54
         avg:                                   41.98
         max:                                   57.09
         99th percentile:                       49.21
         sum:                               120111.57

Threads fairness:
    events (avg/stddev):           71.5250/0.89
    execution time (avg/stddev):   3.0028/0.01

