sysbench 1.0.20 (using system LuaJIT 2.1.0-beta3)

Running the test with following options:
Number of threads: 40
Initializing random number generator from current time


Prime numbers limit: 50000

Initializing worker threads...

Threads started!

CPU speed:
    events per second:   941.99

General statistics:
    total time:                          3.0245s
    total number of events:              2851

Latency (ms):
         min:                                   10.55
         avg:                                   42.00
         max:                                  106.11
         99th percentile:                       56.84
         sum:                               119755.30

Threads fairness:
    events (avg/stddev):           71.2750/1.02
    execution time (avg/stddev):   2.9939/0.02

