sysbench 1.0.20 (using system LuaJIT 2.1.0-beta3)

Running the test with following options:
Number of threads: 40
Initializing random number generator from current time


Prime numbers limit: 50000

Initializing worker threads...

Threads started!

CPU speed:
    events per second:   940.06

General statistics:
    total time:                          3.0222s
    total number of events:              2843

Latency (ms):
         min:                                   10.53
         avg:                                   42.37
         max:                                   58.59
         99th percentile:                       52.89
         sum:                               120449.48

Threads fairness:
    events (avg/stddev):           71.0750/1.79
    execution time (avg/stddev):   3.0112/0.01

