sysbench 1.0.20 (using system LuaJIT 2.1.0-beta3)

Running the test with following options:
Number of threads: 40
Initializing random number generator from current time


Prime numbers limit: 50000

Initializing worker threads...

Threads started!

CPU speed:
    events per second:   941.32

General statistics:
    total time:                          3.0277s
    total number of events:              2852

Latency (ms):
         min:                                   10.53
         avg:                                   41.88
         max:                                   95.07
         99th percentile:                       54.83
         sum:                               119450.36

Threads fairness:
    events (avg/stddev):           71.3000/0.93
    execution time (avg/stddev):   2.9863/0.02

