sysbench 1.0.20 (using system LuaJIT 2.1.0-beta3)

Running the test with following options:
Number of threads: 40
Initializing random number generator from current time


Prime numbers limit: 50000

Initializing worker threads...

Threads started!

CPU speed:
    events per second:   939.91

General statistics:
    total time:                          3.0227s
    total number of events:              2843

Latency (ms):
         min:                                   10.54
         avg:                                   42.35
         max:                                   58.24
         99th percentile:                       51.94
         sum:                               120403.04

Threads fairness:
    events (avg/stddev):           71.0750/0.88
    execution time (avg/stddev):   3.0101/0.01

