sysbench 1.0.20 (using system LuaJIT 2.1.0-beta3)

Running the test with following options:
Number of threads: 40
Initializing random number generator from current time


Prime numbers limit: 50000

Initializing worker threads...

Threads started!

CPU speed:
    events per second:   755.46

General statistics:
    total time:                          3.0313s
    total number of events:              2292

Latency (ms):
         min:                                   13.14
         avg:                                   52.43
         max:                                   76.67
         99th percentile:                       64.47
         sum:                               120178.01

Threads fairness:
    events (avg/stddev):           57.3000/1.33
    execution time (avg/stddev):   3.0045/0.01

