sysbench 1.0.20 (using system LuaJIT 2.1.0-beta3)

Running the test with following options:
Number of threads: 40
Initializing random number generator from current time


Prime numbers limit: 50000

Initializing worker threads...

Threads started!

CPU speed:
    events per second:   913.04

General statistics:
    total time:                          3.0394s
    total number of events:              2777

Latency (ms):
         min:                                   10.54
         avg:                                   43.45
         max:                                   54.56
         99th percentile:                       54.83
         sum:                               120654.67

Threads fairness:
    events (avg/stddev):           69.4250/1.28
    execution time (avg/stddev):   3.0164/0.01

