sysbench 1.0.20 (using system LuaJIT 2.1.0-beta3)

Running the test with following options:
Number of threads: 40
Initializing random number generator from current time


Prime numbers limit: 50000

Initializing worker threads...

Threads started!

CPU speed:
    events per second:   942.01

General statistics:
    total time:                          3.0203s
    total number of events:              2847

Latency (ms):
         min:                                   10.55
         avg:                                   41.93
         max:                                   92.38
         99th percentile:                       51.02
         sum:                               119363.61

Threads fairness:
    events (avg/stddev):           71.1750/0.63
    execution time (avg/stddev):   2.9841/0.02

