sysbench 1.0.20 (using system LuaJIT 2.1.0-beta3)

Running the test with following options:
Number of threads: 40
Initializing random number generator from current time


Prime numbers limit: 50000

Initializing worker threads...

Threads started!

CPU speed:
    events per second:   941.60

General statistics:
    total time:                          3.0282s
    total number of events:              2853

Latency (ms):
         min:                                   10.53
         avg:                                   41.93
         max:                                  105.55
         99th percentile:                       52.89
         sum:                               119623.24

Threads fairness:
    events (avg/stddev):           71.3250/0.98
    execution time (avg/stddev):   2.9906/0.02

