sysbench 1.0.20 (using system LuaJIT 2.1.0-beta3)

Running the test with following options:
Number of threads: 40
Initializing random number generator from current time


Prime numbers limit: 50000

Initializing worker threads...

Threads started!

CPU speed:
    events per second:   946.06

General statistics:
    total time:                          3.0305s
    total number of events:              2869

Latency (ms):
         min:                                   10.51
         avg:                                   37.49
         max:                                  801.43
         99th percentile:                      442.73
         sum:                               107569.54

Threads fairness:
    events (avg/stddev):           71.7250/17.27
    execution time (avg/stddev):   2.6892/0.32

