sysbench 1.0.20 (using system LuaJIT 2.1.0-beta3)

Running the test with following options:
Number of threads: 40
Initializing random number generator from current time


Prime numbers limit: 50000

Initializing worker threads...

Threads started!

CPU speed:
    events per second:   943.11

General statistics:
    total time:                          3.0253s
    total number of events:              2855

Latency (ms):
         min:                                   10.54
         avg:                                   41.78
         max:                                  109.43
         99th percentile:                       52.89
         sum:                               119272.04

Threads fairness:
    events (avg/stddev):           71.3750/1.04
    execution time (avg/stddev):   2.9818/0.03

