sysbench 1.0.20 (using system LuaJIT 2.1.0-beta3)

Running the test with following options:
Number of threads: 40
Initializing random number generator from current time


Prime numbers limit: 50000

Initializing worker threads...

Threads started!

CPU speed:
    events per second:   945.65

General statistics:
    total time:                          3.0265s
    total number of events:              2864

Latency (ms):
         min:                                   10.51
         avg:                                   41.75
         max:                                   83.76
         99th percentile:                       52.89
         sum:                               119564.37

Threads fairness:
    events (avg/stddev):           71.6000/1.11
    execution time (avg/stddev):   2.9891/0.02

