sysbench 1.0.20 (using system LuaJIT 2.1.0-beta3)

Running the test with following options:
Number of threads: 40
Initializing random number generator from current time


Prime numbers limit: 50000

Initializing worker threads...

Threads started!

CPU speed:
    events per second:   301.45

General statistics:
    total time:                          3.0919s
    total number of events:              934

Latency (ms):
         min:                                   32.88
         avg:                                  110.79
         max:                                 1133.73
         99th percentile:                      634.66
         sum:                               103473.30

Threads fairness:
    events (avg/stddev):           23.3500/6.48
    execution time (avg/stddev):   2.5868/0.43

