sysbench 1.0.20 (using system LuaJIT 2.1.0-beta3)

Running the test with following options:
Number of threads: 40
Initializing random number generator from current time


Prime numbers limit: 50000

Initializing worker threads...

Threads started!

CPU speed:
    events per second:   942.26

General statistics:
    total time:                          3.0217s
    total number of events:              2849

Latency (ms):
         min:                                   12.48
         avg:                                   42.13
         max:                                   83.78
         99th percentile:                       50.11
         sum:                               120016.31

Threads fairness:
    events (avg/stddev):           71.2250/0.61
    execution time (avg/stddev):   3.0004/0.01

