sysbench 1.0.20 (using system LuaJIT 2.1.0-beta3)

Running the test with following options:
Number of threads: 40
Initializing random number generator from current time


Prime numbers limit: 50000

Initializing worker threads...

Threads started!

CPU speed:
    events per second:   940.99

General statistics:
    total time:                          3.0267s
    total number of events:              2850

Latency (ms):
         min:                                   16.04
         avg:                                   42.10
         max:                                   78.73
         99th percentile:                       50.11
         sum:                               119990.80

Threads fairness:
    events (avg/stddev):           71.2500/0.66
    execution time (avg/stddev):   2.9998/0.01

