sysbench 1.0.20 (using system LuaJIT 2.1.0-beta3)

Running the test with following options:
Number of threads: 40
Initializing random number generator from current time


Prime numbers limit: 50000

Initializing worker threads...

Threads started!

CPU speed:
    events per second:   947.44

General statistics:
    total time:                          3.0261s
    total number of events:              2869

Latency (ms):
         min:                                   10.50
         avg:                                   34.54
         max:                                  910.33
         99th percentile:                      502.20
         sum:                                99098.32

Threads fairness:
    events (avg/stddev):           71.7250/20.27
    execution time (avg/stddev):   2.4775/0.54

