sysbench 1.0.20 (using system LuaJIT 2.1.0-beta3)

Running the test with following options:
Number of threads: 40
Initializing random number generator from current time


Prime numbers limit: 50000

Initializing worker threads...

Threads started!

CPU speed:
    events per second:   947.00

General statistics:
    total time:                          3.0243s
    total number of events:              2866

Latency (ms):
         min:                                   10.52
         avg:                                   41.71
         max:                                   83.08
         99th percentile:                       54.83
         sum:                               119541.58

Threads fairness:
    events (avg/stddev):           71.6500/1.28
    execution time (avg/stddev):   2.9885/0.02

