sysbench 1.0.20 (using system LuaJIT 2.1.0-beta3)

Running the test with following options:
Number of threads: 40
Initializing random number generator from current time


Prime numbers limit: 50000

Initializing worker threads...

Threads started!

CPU speed:
    events per second:   716.18

General statistics:
    total time:                          3.0370s
    total number of events:              2177

Latency (ms):
         min:                                   13.85
         avg:                                   55.31
         max:                                   77.56
         99th percentile:                       69.29
         sum:                               120417.61

Threads fairness:
    events (avg/stddev):           54.4250/1.51
    execution time (avg/stddev):   3.0104/0.01

