sysbench 1.0.20 (using system LuaJIT 2.1.0-beta3)

Running the test with following options:
Number of threads: 40
Initializing random number generator from current time


Prime numbers limit: 50000

Initializing worker threads...

Threads started!

CPU speed:
    events per second:   915.94

General statistics:
    total time:                          3.0232s
    total number of events:              2771

Latency (ms):
         min:                                   11.40
         avg:                                   43.48
         max:                                   60.57
         99th percentile:                       54.83
         sum:                               120485.29

Threads fairness:
    events (avg/stddev):           69.2750/3.45
    execution time (avg/stddev):   3.0121/0.01

