sysbench 1.0.20 (using system LuaJIT 2.1.0-beta3)

Running the test with following options:
Number of threads: 40
Initializing random number generator from current time


Prime numbers limit: 50000

Initializing worker threads...

Threads started!

CPU speed:
    events per second:   946.19

General statistics:
    total time:                          3.0311s
    total number of events:              2870

Latency (ms):
         min:                                   10.51
         avg:                                   41.74
         max:                                   98.05
         99th percentile:                       53.85
         sum:                               119796.68

Threads fairness:
    events (avg/stddev):           71.7500/1.34
    execution time (avg/stddev):   2.9949/0.02

