sysbench 1.0.20 (using system LuaJIT 2.1.0-beta3)

Running the test with following options:
Number of threads: 40
Initializing random number generator from current time


Prime numbers limit: 50000

Initializing worker threads...

Threads started!

CPU speed:
    events per second:   946.00

General statistics:
    total time:                          3.0286s
    total number of events:              2867

Latency (ms):
         min:                                   10.52
         avg:                                   41.94
         max:                                   69.46
         99th percentile:                       54.83
         sum:                               120249.61

Threads fairness:
    events (avg/stddev):           71.6750/1.56
    execution time (avg/stddev):   3.0062/0.01

