sysbench 1.0.20 (using system LuaJIT 2.1.0-beta3)

Running the test with following options:
Number of threads: 40
Initializing random number generator from current time


Prime numbers limit: 50000

Initializing worker threads...

Threads started!

CPU speed:
    events per second:   911.23

General statistics:
    total time:                          3.0286s
    total number of events:              2762

Latency (ms):
         min:                                   10.53
         avg:                                   43.66
         max:                                   80.81
         99th percentile:                       63.32
         sum:                               120584.17

Threads fairness:
    events (avg/stddev):           69.0500/1.91
    execution time (avg/stddev):   3.0146/0.01

