sysbench 1.0.20 (using system LuaJIT 2.1.0-beta3)

Running the test with following options:
Number of threads: 40
Initializing random number generator from current time


Prime numbers limit: 50000

Initializing worker threads...

Threads started!

CPU speed:
    events per second:   377.24

General statistics:
    total time:                          3.0698s
    total number of events:              1160

Latency (ms):
         min:                                   26.31
         avg:                                  102.87
         max:                                  189.42
         99th percentile:                      147.61
         sum:                               119328.50

Threads fairness:
    events (avg/stddev):           29.0000/1.02
    execution time (avg/stddev):   2.9832/0.06

