sysbench 1.0.20 (using system LuaJIT 2.1.0-beta3)

Running the test with following options:
Number of threads: 40
Initializing random number generator from current time


Prime numbers limit: 50000

Initializing worker threads...

Threads started!

CPU speed:
    events per second:   914.79

General statistics:
    total time:                          3.0270s
    total number of events:              2771

Latency (ms):
         min:                                   10.51
         avg:                                   43.47
         max:                                   59.58
         99th percentile:                       54.83
         sum:                               120443.02

Threads fairness:
    events (avg/stddev):           69.2750/2.69
    execution time (avg/stddev):   3.0111/0.01

