sysbench 1.0.20 (using system LuaJIT 2.1.0-beta3)

Running the test with following options:
Number of threads: 40
Initializing random number generator from current time


Prime numbers limit: 50000

Initializing worker threads...

Threads started!

CPU speed:
    events per second:   946.78

General statistics:
    total time:                          3.0282s
    total number of events:              2869

Latency (ms):
         min:                                   10.50
         avg:                                   35.50
         max:                                  944.02
         99th percentile:                      475.79
         sum:                               101855.01

Threads fairness:
    events (avg/stddev):           71.7250/22.59
    execution time (avg/stddev):   2.5464/0.44

