sysbench 1.0.20 (using system LuaJIT 2.1.0-beta3)

Running the test with following options:
Number of threads: 40
Initializing random number generator from current time


Prime numbers limit: 50000

Initializing worker threads...

Threads started!

CPU speed:
    events per second:   942.59

General statistics:
    total time:                          3.0185s
    total number of events:              2847

Latency (ms):
         min:                                   10.55
         avg:                                   42.04
         max:                                   69.75
         99th percentile:                       51.02
         sum:                               119681.70

Threads fairness:
    events (avg/stddev):           71.1750/0.74
    execution time (avg/stddev):   2.9920/0.02

