sysbench 1.0.20 (using system LuaJIT 2.1.0-beta3)

Running the test with following options:
Number of threads: 40
Initializing random number generator from current time


Prime numbers limit: 50000

Initializing worker threads...

Threads started!

CPU speed:
    events per second:   947.03

General statistics:
    total time:                          3.0232s
    total number of events:              2865

Latency (ms):
         min:                                   10.51
         avg:                                   41.60
         max:                                   88.13
         99th percentile:                       64.47
         sum:                               119182.15

Threads fairness:
    events (avg/stddev):           71.6250/1.34
    execution time (avg/stddev):   2.9796/0.03

