sysbench 1.0.20 (using system LuaJIT 2.1.0-beta3)

Running the test with following options:
Number of threads: 40
Initializing random number generator from current time


Prime numbers limit: 50000

Initializing worker threads...

Threads started!

CPU speed:
    events per second:   942.14

General statistics:
    total time:                          3.0231s
    total number of events:              2850

Latency (ms):
         min:                                   10.53
         avg:                                   41.87
         max:                                   90.20
         99th percentile:                       51.94
         sum:                               119319.32

Threads fairness:
    events (avg/stddev):           71.2500/0.94
    execution time (avg/stddev):   2.9830/0.02

