sysbench 1.0.20 (using system LuaJIT 2.1.0-beta3)

Running the test with following options:
Number of threads: 40
Initializing random number generator from current time


Prime numbers limit: 50000

Initializing worker threads...

Threads started!

CPU speed:
    events per second:   756.71

General statistics:
    total time:                          3.0342s
    total number of events:              2298

Latency (ms):
         min:                                   13.13
         avg:                                   45.90
         max:                                 1052.11
         99th percentile:                      549.52
         sum:                               105479.46

Threads fairness:
    events (avg/stddev):           57.4500/15.29
    execution time (avg/stddev):   2.6370/0.40

