sysbench 1.0.20 (using system LuaJIT 2.1.0-beta3)

Running the test with following options:
Number of threads: 40
Initializing random number generator from current time


Prime numbers limit: 50000

Initializing worker threads...

Threads started!

CPU speed:
    events per second:   946.74

General statistics:
    total time:                          3.0283s
    total number of events:              2869

Latency (ms):
         min:                                   10.51
         avg:                                   41.69
         max:                                   93.38
         99th percentile:                       56.84
         sum:                               119603.33

Threads fairness:
    events (avg/stddev):           71.7250/1.67
    execution time (avg/stddev):   2.9901/0.02

