sysbench 1.0.20 (using system LuaJIT 2.1.0-beta3)

Running the test with following options:
Number of threads: 40
Initializing random number generator from current time


Prime numbers limit: 50000

Initializing worker threads...

Threads started!

CPU speed:
    events per second:   947.45

General statistics:
    total time:                          3.0271s
    total number of events:              2870

Latency (ms):
         min:                                   10.51
         avg:                                   41.05
         max:                                  231.94
         99th percentile:                       80.03
         sum:                               117819.81

Threads fairness:
    events (avg/stddev):           71.7500/2.18
    execution time (avg/stddev):   2.9455/0.06

