sysbench 1.0.20 (using system LuaJIT 2.1.0-beta3)

Running the test with following options:
Number of threads: 40
Initializing random number generator from current time


Prime numbers limit: 50000

Initializing worker threads...

Threads started!

CPU speed:
    events per second:   941.80

General statistics:
    total time:                          3.0231s
    total number of events:              2849

Latency (ms):
         min:                                   10.53
         avg:                                   41.89
         max:                                   83.57
         99th percentile:                       52.89
         sum:                               119347.50

Threads fairness:
    events (avg/stddev):           71.2250/0.91
    execution time (avg/stddev):   2.9837/0.02

