sysbench 1.0.20 (using system LuaJIT 2.1.0-beta3)

Running the test with following options:
Number of threads: 40
Initializing random number generator from current time


Prime numbers limit: 50000

Initializing worker threads...

Threads started!

CPU speed:
    events per second:   941.50

General statistics:
    total time:                          3.0251s
    total number of events:              2850

Latency (ms):
         min:                                   10.73
         avg:                                   41.96
         max:                                   72.94
         99th percentile:                       49.21
         sum:                               119586.06

Threads fairness:
    events (avg/stddev):           71.2500/0.58
    execution time (avg/stddev):   2.9897/0.02

