sysbench 1.0.20 (using system LuaJIT 2.1.0-beta3)

Running the test with following options:
Number of threads: 40
Initializing random number generator from current time


Prime numbers limit: 50000

Initializing worker threads...

Threads started!

CPU speed:
    events per second:   376.23

General statistics:
    total time:                          3.0674s
    total number of events:              1156

Latency (ms):
         min:                                   26.29
         avg:                                   97.94
         max:                                  599.15
         99th percentile:                      467.30
         sum:                               113216.20

Threads fairness:
    events (avg/stddev):           28.9000/4.28
    execution time (avg/stddev):   2.8304/0.16

