sysbench 1.0.20 (using system LuaJIT 2.1.0-beta3)

Running the test with following options:
Number of threads: 40
Initializing random number generator from current time


Prime numbers limit: 50000

Initializing worker threads...

Threads started!

CPU speed:
    events per second:   643.31

General statistics:
    total time:                          3.0359s
    total number of events:              1955

Latency (ms):
         min:                                   15.47
         avg:                                   61.20
         max:                                   99.34
         99th percentile:                       80.03
         sum:                               119647.13

Threads fairness:
    events (avg/stddev):           48.8750/1.10
    execution time (avg/stddev):   2.9912/0.03

