sysbench 1.0.20 (using system LuaJIT 2.1.0-beta3)

Running the test with following options:
Number of threads: 40
Initializing random number generator from current time


Prime numbers limit: 50000

Initializing worker threads...

Threads started!

CPU speed:
    events per second:   274.18

General statistics:
    total time:                          3.0790s
    total number of events:              846

Latency (ms):
         min:                                   32.92
         avg:                                  144.02
         max:                                  179.57
         99th percentile:                      167.44
         sum:                               121837.84

Threads fairness:
    events (avg/stddev):           21.1500/2.13
    execution time (avg/stddev):   3.0459/0.03

