sysbench 1.0.20 (using system LuaJIT 2.1.0-beta3)

Running the test with following options:
Number of threads: 40
Initializing random number generator from current time


Prime numbers limit: 50000

Initializing worker threads...

Threads started!

CPU speed:
    events per second:   916.97

General statistics:
    total time:                          3.0243s
    total number of events:              2775

Latency (ms):
         min:                                   10.53
         avg:                                   43.44
         max:                                   65.14
         99th percentile:                       54.83
         sum:                               120549.28

Threads fairness:
    events (avg/stddev):           69.3750/0.97
    execution time (avg/stddev):   3.0137/0.01

