sysbench 1.0.20 (using system LuaJIT 2.1.0-beta3)

Running the test with following options:
Number of threads: 40
Initializing random number generator from current time


Prime numbers limit: 50000

Initializing worker threads...

Threads started!

CPU speed:
    events per second:   941.84

General statistics:
    total time:                          3.0218s
    total number of events:              2848

Latency (ms):
         min:                                   10.52
         avg:                                   41.84
         max:                                   92.56
         99th percentile:                       55.82
         sum:                               119147.65

Threads fairness:
    events (avg/stddev):           71.2000/1.05
    execution time (avg/stddev):   2.9787/0.03

