sysbench 1.0.20 (using system LuaJIT 2.1.0-beta3)

Running the test with following options:
Number of threads: 40
Initializing random number generator from current time


Prime numbers limit: 50000

Initializing worker threads...

Threads started!

CPU speed:
    events per second:   908.61

General statistics:
    total time:                          3.0277s
    total number of events:              2753

Latency (ms):
         min:                                   10.94
         avg:                                   42.73
         max:                                  171.07
         99th percentile:                       80.03
         sum:                               117633.22

Threads fairness:
    events (avg/stddev):           68.8250/2.08
    execution time (avg/stddev):   2.9408/0.06

