sysbench 1.0.20 (using system LuaJIT 2.1.0-beta3)

Running the test with following options:
Number of threads: 40
Initializing random number generator from current time


Prime numbers limit: 50000

Initializing worker threads...

Threads started!

CPU speed:
    events per second:   941.72

General statistics:
    total time:                          3.0275s
    total number of events:              2853

Latency (ms):
         min:                                   10.53
         avg:                                   41.96
         max:                                   83.53
         99th percentile:                       56.84
         sum:                               119726.10

Threads fairness:
    events (avg/stddev):           71.3250/1.01
    execution time (avg/stddev):   2.9932/0.02

