sysbench 1.0.20 (using system LuaJIT 2.1.0-beta3)

Running the test with following options:
Number of threads: 40
Initializing random number generator from current time


Prime numbers limit: 50000

Initializing worker threads...

Threads started!

CPU speed:
    events per second:   941.50

General statistics:
    total time:                          3.0273s
    total number of events:              2852

Latency (ms):
         min:                                   10.54
         avg:                                   41.88
         max:                                  101.45
         99th percentile:                       52.89
         sum:                               119441.74

Threads fairness:
    events (avg/stddev):           71.3000/1.05
    execution time (avg/stddev):   2.9860/0.02

