sysbench 1.0.20 (using system LuaJIT 2.1.0-beta3)

Running the test with following options:
Number of threads: 40
Initializing random number generator from current time


Prime numbers limit: 50000

Initializing worker threads...

Threads started!

CPU speed:
    events per second:   942.01

General statistics:
    total time:                          3.0235s
    total number of events:              2850

Latency (ms):
         min:                                   10.53
         avg:                                   41.92
         max:                                   71.01
         99th percentile:                       58.92
         sum:                               119466.92

Threads fairness:
    events (avg/stddev):           71.2500/1.77
    execution time (avg/stddev):   2.9867/0.03

