sysbench 1.0.20 (using system LuaJIT 2.1.0-beta3)

Running the test with following options:
Number of threads: 40
Initializing random number generator from current time


Prime numbers limit: 50000

Initializing worker threads...

Threads started!

CPU speed:
    events per second:   912.13

General statistics:
    total time:                          3.0285s
    total number of events:              2765

Latency (ms):
         min:                                   10.53
         avg:                                   43.56
         max:                                   75.04
         99th percentile:                       58.92
         sum:                               120450.82

Threads fairness:
    events (avg/stddev):           69.1250/2.00
    execution time (avg/stddev):   3.0113/0.01

