sysbench 1.0.20 (using system LuaJIT 2.1.0-beta3)

Running the test with following options:
Number of threads: 40
Initializing random number generator from current time


Prime numbers limit: 50000

Initializing worker threads...

Threads started!

CPU speed:
    events per second:   915.00

General statistics:
    total time:                          3.0242s
    total number of events:              2769

Latency (ms):
         min:                                   10.51
         avg:                                   43.49
         max:                                   63.05
         99th percentile:                       53.85
         sum:                               120419.27

Threads fairness:
    events (avg/stddev):           69.2250/1.39
    execution time (avg/stddev):   3.0105/0.01

