sysbench 1.0.20 (using system LuaJIT 2.1.0-beta3)

Running the test with following options:
Number of threads: 40
Initializing random number generator from current time


Prime numbers limit: 50000

Initializing worker threads...

Threads started!

CPU speed:
    events per second:   946.39

General statistics:
    total time:                          3.0284s
    total number of events:              2868

Latency (ms):
         min:                                   10.50
         avg:                                   41.07
         max:                                  137.82
         99th percentile:                      101.13
         sum:                               117793.39

Threads fairness:
    events (avg/stddev):           71.7000/3.67
    execution time (avg/stddev):   2.9448/0.06

