sysbench 1.0.20 (using system LuaJIT 2.1.0-beta3)

Running the test with following options:
Number of threads: 40
Initializing random number generator from current time


Prime numbers limit: 50000

Initializing worker threads...

Threads started!

CPU speed:
    events per second:   373.15

General statistics:
    total time:                          3.0741s
    total number of events:              1149

Latency (ms):
         min:                                   26.30
         avg:                                  105.19
         max:                                  134.02
         99th percentile:                      132.49
         sum:                               120864.65

Threads fairness:
    events (avg/stddev):           28.7250/1.34
    execution time (avg/stddev):   3.0216/0.02

