sysbench 1.0.20 (using system LuaJIT 2.1.0-beta3)

Running the test with following options:
Number of threads: 40
Initializing random number generator from current time


Prime numbers limit: 50000

Initializing worker threads...

Threads started!

CPU speed:
    events per second:   793.77

General statistics:
    total time:                          3.0374s
    total number of events:              2413

Latency (ms):
         min:                                   12.51
         avg:                                   41.29
         max:                                  763.76
         99th percentile:                      475.79
         sum:                                99621.85

Threads fairness:
    events (avg/stddev):           60.3250/18.06
    execution time (avg/stddev):   2.4905/0.52

