sysbench 1.0.20 (using system LuaJIT 2.1.0-beta3)

Running the test with following options:
Number of threads: 40
Initializing random number generator from current time


Prime numbers limit: 50000

Initializing worker threads...

Threads started!

CPU speed:
    events per second:   921.06

General statistics:
    total time:                          3.0214s
    total number of events:              2785

Latency (ms):
         min:                                   10.53
         avg:                                   43.27
         max:                                   63.87
         99th percentile:                       53.85
         sum:                               120497.28

Threads fairness:
    events (avg/stddev):           69.6250/1.41
    execution time (avg/stddev):   3.0124/0.01

