sysbench 1.0.20 (using system LuaJIT 2.1.0-beta3)

Running the test with following options:
Number of threads: 40
Initializing random number generator from current time


Prime numbers limit: 50000

Initializing worker threads...

Threads started!

CPU speed:
    events per second:   945.98

General statistics:
    total time:                          3.0307s
    total number of events:              2869

Latency (ms):
         min:                                   10.51
         avg:                                   41.20
         max:                                  141.09
         99th percentile:                       70.55
         sum:                               118216.86

Threads fairness:
    events (avg/stddev):           71.7250/1.52
    execution time (avg/stddev):   2.9554/0.05

