sysbench 1.0.20 (using system LuaJIT 2.1.0-beta3)

Running the test with following options:
Number of threads: 40
Initializing random number generator from current time


Prime numbers limit: 50000

Initializing worker threads...

Threads started!

CPU speed:
    events per second:   941.96

General statistics:
    total time:                          3.0267s
    total number of events:              2853

Latency (ms):
         min:                                   10.51
         avg:                                   35.28
         max:                                  877.58
         99th percentile:                      511.33
         sum:                               100659.19

Threads fairness:
    events (avg/stddev):           71.3250/19.39
    execution time (avg/stddev):   2.5165/0.49

