sysbench 1.0.20 (using system LuaJIT 2.1.0-beta3)

Running the test with following options:
Number of threads: 40
Initializing random number generator from current time


Prime numbers limit: 50000

Initializing worker threads...

Threads started!

CPU speed:
    events per second:   945.31

General statistics:
    total time:                          3.0308s
    total number of events:              2867

Latency (ms):
         min:                                   10.52
         avg:                                   41.72
         max:                                  100.64
         99th percentile:                       68.05
         sum:                               119601.52

Threads fairness:
    events (avg/stddev):           71.6750/1.49
    execution time (avg/stddev):   2.9900/0.02

