sysbench 1.0.20 (using system LuaJIT 2.1.0-beta3)

Running the test with following options:
Number of threads: 40
Initializing random number generator from current time


Prime numbers limit: 50000

Initializing worker threads...

Threads started!

CPU speed:
    events per second:   946.47

General statistics:
    total time:                          3.0239s
    total number of events:              2864

Latency (ms):
         min:                                   10.51
         avg:                                   41.64
         max:                                  104.57
         99th percentile:                       54.83
         sum:                               119250.96

Threads fairness:
    events (avg/stddev):           71.6000/0.89
    execution time (avg/stddev):   2.9813/0.03

