sysbench 1.0.20 (using system LuaJIT 2.1.0-beta3)

Running the test with following options:
Number of threads: 40
Initializing random number generator from current time


Prime numbers limit: 50000

Initializing worker threads...

Threads started!

CPU speed:
    events per second:   941.80

General statistics:
    total time:                          3.0242s
    total number of events:              2850

Latency (ms):
         min:                                   10.53
         avg:                                   41.92
         max:                                   98.23
         99th percentile:                       56.84
         sum:                               119460.96

Threads fairness:
    events (avg/stddev):           71.2500/0.77
    execution time (avg/stddev):   2.9865/0.02

