sysbench 1.0.20 (using system LuaJIT 2.1.0-beta3)

Running the test with following options:
Number of threads: 40
Initializing random number generator from current time


Prime numbers limit: 50000

Initializing worker threads...

Threads started!

CPU speed:
    events per second:   941.31

General statistics:
    total time:                          3.0247s
    total number of events:              2849

Latency (ms):
         min:                                   15.05
         avg:                                   42.04
         max:                                   68.30
         99th percentile:                       50.11
         sum:                               119764.12

Threads fairness:
    events (avg/stddev):           71.2250/0.79
    execution time (avg/stddev):   2.9941/0.01

