sysbench 1.0.20 (using system LuaJIT 2.1.0-beta3)

Running the test with following options:
Number of threads: 40
Initializing random number generator from current time


Prime numbers limit: 50000

Initializing worker threads...

Threads started!

CPU speed:
    events per second:   301.46

General statistics:
    total time:                          3.0919s
    total number of events:              934

Latency (ms):
         min:                                   32.88
         avg:                                  118.72
         max:                                 1049.41
         99th percentile:                      733.00
         sum:                               110880.81

Threads fairness:
    events (avg/stddev):           23.3500/4.41
    execution time (avg/stddev):   2.7720/0.26

