sysbench 1.0.20 (using system LuaJIT 2.1.0-beta3)

Running the test with following options:
Number of threads: 40
Initializing random number generator from current time


Prime numbers limit: 50000

Initializing worker threads...

Threads started!

CPU speed:
    events per second:   376.87

General statistics:
    total time:                          3.0649s
    total number of events:              1157

Latency (ms):
         min:                                   33.60
         avg:                                  104.55
         max:                                  139.97
         99th percentile:                      123.28
         sum:                               120968.97

Threads fairness:
    events (avg/stddev):           28.9250/0.69
    execution time (avg/stddev):   3.0242/0.02

