sysbench 1.0.20 (using system LuaJIT 2.1.0-beta3)

Running the test with following options:
Number of threads: 40
Initializing random number generator from current time


Prime numbers limit: 50000

Initializing worker threads...

Threads started!

CPU speed:
    events per second:   944.38

General statistics:
    total time:                          3.0264s
    total number of events:              2860

Latency (ms):
         min:                                   10.52
         avg:                                   41.64
         max:                                  102.65
         99th percentile:                       70.55
         sum:                               119090.71

Threads fairness:
    events (avg/stddev):           71.5000/3.58
    execution time (avg/stddev):   2.9773/0.04

