sysbench 1.0.20 (using system LuaJIT 2.1.0-beta3)

Running the test with following options:
Number of threads: 40
Initializing random number generator from current time


Prime numbers limit: 50000

Initializing worker threads...

Threads started!

CPU speed:
    events per second:   945.82

General statistics:
    total time:                          3.0176s
    total number of events:              2856

Latency (ms):
         min:                                   10.53
         avg:                                   42.09
         max:                                   55.97
         99th percentile:                       47.47
         sum:                               120219.87

Threads fairness:
    events (avg/stddev):           71.4000/0.80
    execution time (avg/stddev):   3.0055/0.01

