sysbench 1.0.20 (using system LuaJIT 2.1.0-beta3)

Running the test with following options:
Number of threads: 40
Initializing random number generator from current time


Prime numbers limit: 50000

Initializing worker threads...

Threads started!

CPU speed:
    events per second:   946.57

General statistics:
    total time:                          3.0278s
    total number of events:              2868

Latency (ms):
         min:                                   10.51
         avg:                                   38.54
         max:                                 1298.02
         99th percentile:                      493.24
         sum:                               110521.67

Threads fairness:
    events (avg/stddev):           71.7000/13.95
    execution time (avg/stddev):   2.7630/0.25

