sysbench 1.0.20 (using system LuaJIT 2.1.0-beta3)

Running the test with following options:
Number of threads: 40
Initializing random number generator from current time


Prime numbers limit: 50000

Initializing worker threads...

Threads started!

CPU speed:
    events per second:   944.25

General statistics:
    total time:                          3.0247s
    total number of events:              2858

Latency (ms):
         min:                                   10.52
         avg:                                   42.09
         max:                                   54.67
         99th percentile:                       47.47
         sum:                               120303.22

Threads fairness:
    events (avg/stddev):           71.4500/0.71
    execution time (avg/stddev):   3.0076/0.01

