sysbench 1.0.20 (using system LuaJIT 2.1.0-beta3)

Running the test with following options:
Number of threads: 40
Initializing random number generator from current time


Prime numbers limit: 50000

Initializing worker threads...

Threads started!

CPU speed:
    events per second:   916.60

General statistics:
    total time:                          3.0224s
    total number of events:              2773

Latency (ms):
         min:                                   10.53
         avg:                                   43.44
         max:                                   58.95
         99th percentile:                       54.83
         sum:                               120470.51

Threads fairness:
    events (avg/stddev):           69.3250/1.25
    execution time (avg/stddev):   3.0118/0.01

