sysbench 1.0.20 (using system LuaJIT 2.1.0-beta3)

Running the test with following options:
Number of threads: 40
Initializing random number generator from current time


Prime numbers limit: 50000

Initializing worker threads...

Threads started!

CPU speed:
    events per second:   946.61

General statistics:
    total time:                          3.0298s
    total number of events:              2870

Latency (ms):
         min:                                   10.51
         avg:                                   41.40
         max:                                  128.19
         99th percentile:                       69.29
         sum:                               118820.21

Threads fairness:
    events (avg/stddev):           71.7500/1.46
    execution time (avg/stddev):   2.9705/0.03

