sysbench 1.0.20 (using system LuaJIT 2.1.0-beta3)

Running the test with following options:
Number of threads: 40
Initializing random number generator from current time


Prime numbers limit: 50000

Initializing worker threads...

Threads started!

CPU speed:
    events per second:   915.52

General statistics:
    total time:                          3.0268s
    total number of events:              2773

Latency (ms):
         min:                                   10.52
         avg:                                   43.49
         max:                                   64.98
         99th percentile:                       57.87
         sum:                               120601.58

Threads fairness:
    events (avg/stddev):           69.3250/2.14
    execution time (avg/stddev):   3.0150/0.01

