sysbench 1.0.20 (using system LuaJIT 2.1.0-beta3)

Running the test with following options:
Number of threads: 40
Initializing random number generator from current time


Prime numbers limit: 50000

Initializing worker threads...

Threads started!

CPU speed:
    events per second:   942.62

General statistics:
    total time:                          3.0184s
    total number of events:              2847

Latency (ms):
         min:                                   10.54
         avg:                                   41.96
         max:                                   78.72
         99th percentile:                       52.89
         sum:                               119447.83

Threads fairness:
    events (avg/stddev):           71.1750/0.63
    execution time (avg/stddev):   2.9862/0.02

