sysbench 1.0.20 (using system LuaJIT 2.1.0-beta3)

Running the test with following options:
Number of threads: 40
Initializing random number generator from current time


Prime numbers limit: 50000

Initializing worker threads...

Threads started!

CPU speed:
    events per second:   941.81

General statistics:
    total time:                          3.0220s
    total number of events:              2848

Latency (ms):
         min:                                   10.54
         avg:                                   41.89
         max:                                  105.60
         99th percentile:                       51.02
         sum:                               119299.13

Threads fairness:
    events (avg/stddev):           71.2000/0.81
    execution time (avg/stddev):   2.9825/0.02

