sysbench 1.0.20 (using system LuaJIT 2.1.0-beta3)

Running the test with following options:
Number of threads: 40
Initializing random number generator from current time


Prime numbers limit: 50000

Initializing worker threads...

Threads started!

CPU speed:
    events per second:   945.55

General statistics:
    total time:                          3.0230s
    total number of events:              2861

Latency (ms):
         min:                                   10.53
         avg:                                   42.03
         max:                                   55.46
         99th percentile:                       48.34
         sum:                               120239.45

Threads fairness:
    events (avg/stddev):           71.5250/0.92
    execution time (avg/stddev):   3.0060/0.01

