==========================================
Batch Config Runner
==========================================
Config Directory: /mydata/os-param-tuning/config/full_param/tpcc_hi_p99
Number of runs per config: 5
Config files selected: 7
Total runs: 35
Tuner filter: extended
===========================================

🗂️  All results will be saved to a single batch directory with subdirectories for each config
📝 Logs will be saved within the batch directory
📦 Old 'results' directory has been archived (if it existed)

==========================================
Benchmark Group: tpcc_hi_p99
==========================================

[1/35] Running tpcc_config_bayesian.json (run 1/5)...
Start time: Thu Feb 12 12:39:13 AM CST 2026
  Results will be saved to: results_config_full_param_tpcc_hi_p99_20260212_003912/tpcc_hi_p99/bayesian/
  > Executing optimizer... (logs in results_config_full_param_tpcc_hi_p99_20260212_003912/logs/tpcc_config_bayesian_run1.log)
  ✓ Completed successfully in 606s

PROGRESS: [#.................................................] 2% (1/35 runs completed)


[2/35] Running tpcc_config_dqn.json (run 1/5)...
Start time: Thu Feb 12 12:49:19 AM CST 2026
  Results will be saved to: results_config_full_param_tpcc_hi_p99_20260212_003912/tpcc_hi_p99/dqn/
  > Executing optimizer... (logs in results_config_full_param_tpcc_hi_p99_20260212_003912/logs/tpcc_config_dqn_run1.log)
  ✓ Completed successfully in 1856s

PROGRESS: [##................................................] 5% (2/35 runs completed)


[3/35] Running tpcc_config_fixed.json (run 1/5)...
Start time: Thu Feb 12 01:20:15 AM CST 2026
  Results will be saved to: results_config_full_param_tpcc_hi_p99_20260212_003912/tpcc_hi_p99/fixed/
  > Executing optimizer... (logs in results_config_full_param_tpcc_hi_p99_20260212_003912/logs/tpcc_config_fixed_run1.log)
  ✓ Completed successfully in 530s

PROGRESS: [####..............................................] 8% (3/35 runs completed)


[4/35] Running tpcc_config_llm.json (run 1/5)...
Start time: Thu Feb 12 01:29:05 AM CST 2026
  Results will be saved to: results_config_full_param_tpcc_hi_p99_20260212_003912/tpcc_hi_p99/llm_gemini_2_5_flash_lite/
  > Executing optimizer... (logs in results_config_full_param_tpcc_hi_p99_20260212_003912/logs/tpcc_config_llm_run1.log)
  ✓ Completed successfully in 589s

PROGRESS: [#####.............................................] 11% (4/35 runs completed)


[5/35] Running tpcc_config_llm_reasoning.json (run 1/5)...
Start time: Thu Feb 12 01:38:54 AM CST 2026
  Results will be saved to: results_config_full_param_tpcc_hi_p99_20260212_003912/tpcc_hi_p99/llm_gemini_2_5_flash/
  > Executing optimizer... (logs in results_config_full_param_tpcc_hi_p99_20260212_003912/logs/tpcc_config_llm_reasoning_run1.log)
  ✓ Completed successfully in 1328s

PROGRESS: [#######...........................................] 14% (5/35 runs completed)


[6/35] Running tpcc_config_mlos.json (run 1/5)...
Start time: Thu Feb 12 02:01:03 AM CST 2026
  Results will be saved to: results_config_full_param_tpcc_hi_p99_20260212_003912/tpcc_hi_p99/mlos/
  > Executing optimizer... (logs in results_config_full_param_tpcc_hi_p99_20260212_003912/logs/tpcc_config_mlos_run1.log)
  ✓ Completed successfully in 615s

PROGRESS: [########..........................................] 17% (6/35 runs completed)


[7/35] Running tpcc_config_qlearning.json (run 1/5)...
Start time: Thu Feb 12 02:11:18 AM CST 2026
  Results will be saved to: results_config_full_param_tpcc_hi_p99_20260212_003912/tpcc_hi_p99/qlearning/
  > Executing optimizer... (logs in results_config_full_param_tpcc_hi_p99_20260212_003912/logs/tpcc_config_qlearning_run1.log)
  ✓ Completed successfully in 646s

PROGRESS: [##########........................................] 20% (7/35 runs completed)


[8/35] Running tpcc_config_bayesian.json (run 2/5)...
Start time: Thu Feb 12 02:22:04 AM CST 2026
  Results will be saved to: results_config_full_param_tpcc_hi_p99_20260212_003912/tpcc_hi_p99/bayesian/
  > Executing optimizer... (logs in results_config_full_param_tpcc_hi_p99_20260212_003912/logs/tpcc_config_bayesian_run2.log)
  ✓ Completed successfully in 588s

PROGRESS: [###########.......................................] 22% (8/35 runs completed)


[9/35] Running tpcc_config_dqn.json (run 2/5)...
Start time: Thu Feb 12 02:31:52 AM CST 2026
  Results will be saved to: results_config_full_param_tpcc_hi_p99_20260212_003912/tpcc_hi_p99/dqn/
  > Executing optimizer... (logs in results_config_full_param_tpcc_hi_p99_20260212_003912/logs/tpcc_config_dqn_run2.log)
  ✓ Completed successfully in 1791s

PROGRESS: [############......................................] 25% (9/35 runs completed)


[10/35] Running tpcc_config_fixed.json (run 2/5)...
Start time: Thu Feb 12 03:01:44 AM CST 2026
  Results will be saved to: results_config_full_param_tpcc_hi_p99_20260212_003912/tpcc_hi_p99/fixed/
  > Executing optimizer... (logs in results_config_full_param_tpcc_hi_p99_20260212_003912/logs/tpcc_config_fixed_run2.log)
  ✓ Completed successfully in 524s

PROGRESS: [##############....................................] 28% (10/35 runs completed)


[11/35] Running tpcc_config_llm.json (run 2/5)...
Start time: Thu Feb 12 03:10:28 AM CST 2026
  Results will be saved to: results_config_full_param_tpcc_hi_p99_20260212_003912/tpcc_hi_p99/llm_gemini_2_5_flash_lite/
  > Executing optimizer... (logs in results_config_full_param_tpcc_hi_p99_20260212_003912/logs/tpcc_config_llm_run2.log)
  ✓ Completed successfully in 580s

PROGRESS: [###############...................................] 31% (11/35 runs completed)


[12/35] Running tpcc_config_llm_reasoning.json (run 2/5)...
Start time: Thu Feb 12 03:20:08 AM CST 2026
  Results will be saved to: results_config_full_param_tpcc_hi_p99_20260212_003912/tpcc_hi_p99/llm_gemini_2_5_flash/
  > Executing optimizer... (logs in results_config_full_param_tpcc_hi_p99_20260212_003912/logs/tpcc_config_llm_reasoning_run2.log)
  ✓ Completed successfully in 1082s

PROGRESS: [#################.................................] 34% (12/35 runs completed)


[13/35] Running tpcc_config_mlos.json (run 2/5)...
Start time: Thu Feb 12 03:38:10 AM CST 2026
  Results will be saved to: results_config_full_param_tpcc_hi_p99_20260212_003912/tpcc_hi_p99/mlos/
  > Executing optimizer... (logs in results_config_full_param_tpcc_hi_p99_20260212_003912/logs/tpcc_config_mlos_run2.log)
  ✓ Completed successfully in 630s

PROGRESS: [##################................................] 37% (13/35 runs completed)


[14/35] Running tpcc_config_qlearning.json (run 2/5)...
Start time: Thu Feb 12 03:48:40 AM CST 2026
  Results will be saved to: results_config_full_param_tpcc_hi_p99_20260212_003912/tpcc_hi_p99/qlearning/
  > Executing optimizer... (logs in results_config_full_param_tpcc_hi_p99_20260212_003912/logs/tpcc_config_qlearning_run2.log)
  ✓ Completed successfully in 652s

PROGRESS: [####################..............................] 40% (14/35 runs completed)


[15/35] Running tpcc_config_bayesian.json (run 3/5)...
Start time: Thu Feb 12 03:59:32 AM CST 2026
  Results will be saved to: results_config_full_param_tpcc_hi_p99_20260212_003912/tpcc_hi_p99/bayesian/
  > Executing optimizer... (logs in results_config_full_param_tpcc_hi_p99_20260212_003912/logs/tpcc_config_bayesian_run3.log)
  ✓ Completed successfully in 604s

PROGRESS: [#####################.............................] 42% (15/35 runs completed)


[16/35] Running tpcc_config_dqn.json (run 3/5)...
Start time: Thu Feb 12 04:09:36 AM CST 2026
  Results will be saved to: results_config_full_param_tpcc_hi_p99_20260212_003912/tpcc_hi_p99/dqn/
  > Executing optimizer... (logs in results_config_full_param_tpcc_hi_p99_20260212_003912/logs/tpcc_config_dqn_run3.log)
  ✓ Completed successfully in 1918s

PROGRESS: [######################............................] 45% (16/35 runs completed)


[17/35] Running tpcc_config_fixed.json (run 3/5)...
Start time: Thu Feb 12 04:41:34 AM CST 2026
  Results will be saved to: results_config_full_param_tpcc_hi_p99_20260212_003912/tpcc_hi_p99/fixed/
  > Executing optimizer... (logs in results_config_full_param_tpcc_hi_p99_20260212_003912/logs/tpcc_config_fixed_run3.log)
  ✓ Completed successfully in 530s

PROGRESS: [########################..........................] 48% (17/35 runs completed)


[18/35] Running tpcc_config_llm.json (run 3/5)...
Start time: Thu Feb 12 04:50:25 AM CST 2026
  Results will be saved to: results_config_full_param_tpcc_hi_p99_20260212_003912/tpcc_hi_p99/llm_gemini_2_5_flash_lite/
  > Executing optimizer... (logs in results_config_full_param_tpcc_hi_p99_20260212_003912/logs/tpcc_config_llm_run3.log)
  ✓ Completed successfully in 600s

PROGRESS: [#########################.........................] 51% (18/35 runs completed)


[19/35] Running tpcc_config_llm_reasoning.json (run 3/5)...
Start time: Thu Feb 12 05:00:25 AM CST 2026
  Results will be saved to: results_config_full_param_tpcc_hi_p99_20260212_003912/tpcc_hi_p99/llm_gemini_2_5_flash/
  > Executing optimizer... (logs in results_config_full_param_tpcc_hi_p99_20260212_003912/logs/tpcc_config_llm_reasoning_run3.log)
  ✓ Completed successfully in 1003s

PROGRESS: [###########################.......................] 54% (19/35 runs completed)


[20/35] Running tpcc_config_mlos.json (run 3/5)...
Start time: Thu Feb 12 05:17:08 AM CST 2026
  Results will be saved to: results_config_full_param_tpcc_hi_p99_20260212_003912/tpcc_hi_p99/mlos/
  > Executing optimizer... (logs in results_config_full_param_tpcc_hi_p99_20260212_003912/logs/tpcc_config_mlos_run3.log)
  ✓ Completed successfully in 600s

PROGRESS: [############################......................] 57% (20/35 runs completed)


[21/35] Running tpcc_config_qlearning.json (run 3/5)...
Start time: Thu Feb 12 05:27:08 AM CST 2026
  Results will be saved to: results_config_full_param_tpcc_hi_p99_20260212_003912/tpcc_hi_p99/qlearning/
  > Executing optimizer... (logs in results_config_full_param_tpcc_hi_p99_20260212_003912/logs/tpcc_config_qlearning_run3.log)
  ✓ Completed successfully in 681s

PROGRESS: [##############################....................] 60% (21/35 runs completed)


[22/35] Running tpcc_config_bayesian.json (run 4/5)...
Start time: Thu Feb 12 05:38:29 AM CST 2026
  Results will be saved to: results_config_full_param_tpcc_hi_p99_20260212_003912/tpcc_hi_p99/bayesian/
  > Executing optimizer... (logs in results_config_full_param_tpcc_hi_p99_20260212_003912/logs/tpcc_config_bayesian_run4.log)
  ✓ Completed successfully in 607s

PROGRESS: [###############################...................] 62% (22/35 runs completed)


[23/35] Running tpcc_config_dqn.json (run 4/5)...
Start time: Thu Feb 12 05:48:36 AM CST 2026
  Results will be saved to: results_config_full_param_tpcc_hi_p99_20260212_003912/tpcc_hi_p99/dqn/
  > Executing optimizer... (logs in results_config_full_param_tpcc_hi_p99_20260212_003912/logs/tpcc_config_dqn_run4.log)
  ✓ Completed successfully in 1739s

PROGRESS: [################################..................] 65% (23/35 runs completed)


[24/35] Running tpcc_config_fixed.json (run 4/5)...
Start time: Thu Feb 12 06:17:35 AM CST 2026
  Results will be saved to: results_config_full_param_tpcc_hi_p99_20260212_003912/tpcc_hi_p99/fixed/
  > Executing optimizer... (logs in results_config_full_param_tpcc_hi_p99_20260212_003912/logs/tpcc_config_fixed_run4.log)
  ✓ Completed successfully in 540s

PROGRESS: [##################################................] 68% (24/35 runs completed)


[25/35] Running tpcc_config_llm.json (run 4/5)...
Start time: Thu Feb 12 06:26:35 AM CST 2026
  Results will be saved to: results_config_full_param_tpcc_hi_p99_20260212_003912/tpcc_hi_p99/llm_gemini_2_5_flash_lite/
  > Executing optimizer... (logs in results_config_full_param_tpcc_hi_p99_20260212_003912/logs/tpcc_config_llm_run4.log)
  ✓ Completed successfully in 585s

PROGRESS: [###################################...............] 71% (25/35 runs completed)


[26/35] Running tpcc_config_llm_reasoning.json (run 4/5)...
Start time: Thu Feb 12 06:36:21 AM CST 2026
  Results will be saved to: results_config_full_param_tpcc_hi_p99_20260212_003912/tpcc_hi_p99/llm_gemini_2_5_flash/
  > Executing optimizer... (logs in results_config_full_param_tpcc_hi_p99_20260212_003912/logs/tpcc_config_llm_reasoning_run4.log)
  ✓ Completed successfully in 1042s

PROGRESS: [#####################################.............] 74% (26/35 runs completed)


[27/35] Running tpcc_config_mlos.json (run 4/5)...
Start time: Thu Feb 12 06:53:43 AM CST 2026
  Results will be saved to: results_config_full_param_tpcc_hi_p99_20260212_003912/tpcc_hi_p99/mlos/
  > Executing optimizer... (logs in results_config_full_param_tpcc_hi_p99_20260212_003912/logs/tpcc_config_mlos_run4.log)
  ✓ Completed successfully in 675s

PROGRESS: [######################################............] 77% (27/35 runs completed)


[28/35] Running tpcc_config_qlearning.json (run 4/5)...
Start time: Thu Feb 12 07:04:58 AM CST 2026
  Results will be saved to: results_config_full_param_tpcc_hi_p99_20260212_003912/tpcc_hi_p99/qlearning/
  > Executing optimizer... (logs in results_config_full_param_tpcc_hi_p99_20260212_003912/logs/tpcc_config_qlearning_run4.log)
  ✓ Completed successfully in 668s

PROGRESS: [########################################..........] 80% (28/35 runs completed)


[29/35] Running tpcc_config_bayesian.json (run 5/5)...
Start time: Thu Feb 12 07:16:07 AM CST 2026
  Results will be saved to: results_config_full_param_tpcc_hi_p99_20260212_003912/tpcc_hi_p99/bayesian/
  > Executing optimizer... (logs in results_config_full_param_tpcc_hi_p99_20260212_003912/logs/tpcc_config_bayesian_run5.log)
  ✓ Completed successfully in 606s

PROGRESS: [#########################################.........] 82% (29/35 runs completed)


[30/35] Running tpcc_config_dqn.json (run 5/5)...
Start time: Thu Feb 12 07:26:13 AM CST 2026
  Results will be saved to: results_config_full_param_tpcc_hi_p99_20260212_003912/tpcc_hi_p99/dqn/
  > Executing optimizer... (logs in results_config_full_param_tpcc_hi_p99_20260212_003912/logs/tpcc_config_dqn_run5.log)
  ✓ Completed successfully in 1804s

PROGRESS: [##########################################........] 85% (30/35 runs completed)


[31/35] Running tpcc_config_fixed.json (run 5/5)...
Start time: Thu Feb 12 07:56:17 AM CST 2026
  Results will be saved to: results_config_full_param_tpcc_hi_p99_20260212_003912/tpcc_hi_p99/fixed/
  > Executing optimizer... (logs in results_config_full_param_tpcc_hi_p99_20260212_003912/logs/tpcc_config_fixed_run5.log)
  ✓ Completed successfully in 536s

PROGRESS: [############################################......] 88% (31/35 runs completed)


[32/35] Running tpcc_config_llm.json (run 5/5)...
Start time: Thu Feb 12 08:05:13 AM CST 2026
  Results will be saved to: results_config_full_param_tpcc_hi_p99_20260212_003912/tpcc_hi_p99/llm_gemini_2_5_flash_lite/
  > Executing optimizer... (logs in results_config_full_param_tpcc_hi_p99_20260212_003912/logs/tpcc_config_llm_run5.log)
  ✓ Completed successfully in 606s

PROGRESS: [#############################################.....] 91% (32/35 runs completed)


[33/35] Running tpcc_config_llm_reasoning.json (run 5/5)...
Start time: Thu Feb 12 08:15:19 AM CST 2026
  Results will be saved to: results_config_full_param_tpcc_hi_p99_20260212_003912/tpcc_hi_p99/llm_gemini_2_5_flash/
  > Executing optimizer... (logs in results_config_full_param_tpcc_hi_p99_20260212_003912/logs/tpcc_config_llm_reasoning_run5.log)
  ✓ Completed successfully in 1018s

PROGRESS: [###############################################...] 94% (33/35 runs completed)


[34/35] Running tpcc_config_mlos.json (run 5/5)...
Start time: Thu Feb 12 08:32:17 AM CST 2026
  Results will be saved to: results_config_full_param_tpcc_hi_p99_20260212_003912/tpcc_hi_p99/mlos/
  > Executing optimizer... (logs in results_config_full_param_tpcc_hi_p99_20260212_003912/logs/tpcc_config_mlos_run5.log)
  ✓ Completed successfully in 631s

PROGRESS: [################################################..] 97% (34/35 runs completed)


[35/35] Running tpcc_config_qlearning.json (run 5/5)...
Start time: Thu Feb 12 08:42:48 AM CST 2026
  Results will be saved to: results_config_full_param_tpcc_hi_p99_20260212_003912/tpcc_hi_p99/qlearning/
  > Executing optimizer... (logs in results_config_full_param_tpcc_hi_p99_20260212_003912/logs/tpcc_config_qlearning_run5.log)
  ✓ Completed successfully in 650s

PROGRESS: [##################################################] 100% (35/35 runs completed)

Completed all runs for group tpcc_hi_p99

==========================================
Batch run completed!
==========================================
Results saved to: results_config_full_param_tpcc_hi_p99_20260212_003912
Logs saved to: results_config_full_param_tpcc_hi_p99_20260212_003912/logs
Summary log: results_config_full_param_tpcc_hi_p99_20260212_003912/logs/summary.log

Batch run started at Thu Feb 12 12:39:13 AM CST 2026
Config Directory: /mydata/os-param-tuning/config/full_param/tpcc_hi_p99
Number of runs per config: 5
----------------------------------------

[1/35] tpcc_config_bayesian.json (run 1/5) - Started at Thu Feb 12 12:39:13 AM CST 2026
  ✓ Completed successfully in 606s - Ended at Thu Feb 12 12:49:19 AM CST 2026
[2/35] tpcc_config_dqn.json (run 1/5) - Started at Thu Feb 12 12:49:19 AM CST 2026
  ✓ Completed successfully in 1856s - Ended at Thu Feb 12 01:20:15 AM CST 2026
[3/35] tpcc_config_fixed.json (run 1/5) - Started at Thu Feb 12 01:20:15 AM CST 2026
  ✓ Completed successfully in 530s - Ended at Thu Feb 12 01:29:05 AM CST 2026
[4/35] tpcc_config_llm.json (run 1/5) - Started at Thu Feb 12 01:29:05 AM CST 2026
  ✓ Completed successfully in 589s - Ended at Thu Feb 12 01:38:54 AM CST 2026
[5/35] tpcc_config_llm_reasoning.json (run 1/5) - Started at Thu Feb 12 01:38:54 AM CST 2026
  ✓ Completed successfully in 1328s - Ended at Thu Feb 12 02:01:03 AM CST 2026
[6/35] tpcc_config_mlos.json (run 1/5) - Started at Thu Feb 12 02:01:03 AM CST 2026
  ✓ Completed successfully in 615s - Ended at Thu Feb 12 02:11:18 AM CST 2026
[7/35] tpcc_config_qlearning.json (run 1/5) - Started at Thu Feb 12 02:11:18 AM CST 2026
  ✓ Completed successfully in 646s - Ended at Thu Feb 12 02:22:04 AM CST 2026
[8/35] tpcc_config_bayesian.json (run 2/5) - Started at Thu Feb 12 02:22:04 AM CST 2026
  ✓ Completed successfully in 588s - Ended at Thu Feb 12 02:31:52 AM CST 2026
[9/35] tpcc_config_dqn.json (run 2/5) - Started at Thu Feb 12 02:31:52 AM CST 2026
  ✓ Completed successfully in 1791s - Ended at Thu Feb 12 03:01:44 AM CST 2026
[10/35] tpcc_config_fixed.json (run 2/5) - Started at Thu Feb 12 03:01:44 AM CST 2026
  ✓ Completed successfully in 524s - Ended at Thu Feb 12 03:10:28 AM CST 2026
[11/35] tpcc_config_llm.json (run 2/5) - Started at Thu Feb 12 03:10:28 AM CST 2026
  ✓ Completed successfully in 580s - Ended at Thu Feb 12 03:20:08 AM CST 2026
[12/35] tpcc_config_llm_reasoning.json (run 2/5) - Started at Thu Feb 12 03:20:08 AM CST 2026
  ✓ Completed successfully in 1082s - Ended at Thu Feb 12 03:38:10 AM CST 2026
[13/35] tpcc_config_mlos.json (run 2/5) - Started at Thu Feb 12 03:38:10 AM CST 2026
  ✓ Completed successfully in 630s - Ended at Thu Feb 12 03:48:40 AM CST 2026
[14/35] tpcc_config_qlearning.json (run 2/5) - Started at Thu Feb 12 03:48:40 AM CST 2026
  ✓ Completed successfully in 652s - Ended at Thu Feb 12 03:59:32 AM CST 2026
[15/35] tpcc_config_bayesian.json (run 3/5) - Started at Thu Feb 12 03:59:32 AM CST 2026
  ✓ Completed successfully in 604s - Ended at Thu Feb 12 04:09:36 AM CST 2026
[16/35] tpcc_config_dqn.json (run 3/5) - Started at Thu Feb 12 04:09:36 AM CST 2026
  ✓ Completed successfully in 1918s - Ended at Thu Feb 12 04:41:34 AM CST 2026
[17/35] tpcc_config_fixed.json (run 3/5) - Started at Thu Feb 12 04:41:34 AM CST 2026
  ✓ Completed successfully in 530s - Ended at Thu Feb 12 04:50:25 AM CST 2026
[18/35] tpcc_config_llm.json (run 3/5) - Started at Thu Feb 12 04:50:25 AM CST 2026
  ✓ Completed successfully in 600s - Ended at Thu Feb 12 05:00:25 AM CST 2026
[19/35] tpcc_config_llm_reasoning.json (run 3/5) - Started at Thu Feb 12 05:00:25 AM CST 2026
  ✓ Completed successfully in 1003s - Ended at Thu Feb 12 05:17:08 AM CST 2026
[20/35] tpcc_config_mlos.json (run 3/5) - Started at Thu Feb 12 05:17:08 AM CST 2026
  ✓ Completed successfully in 600s - Ended at Thu Feb 12 05:27:08 AM CST 2026
[21/35] tpcc_config_qlearning.json (run 3/5) - Started at Thu Feb 12 05:27:08 AM CST 2026
  ✓ Completed successfully in 681s - Ended at Thu Feb 12 05:38:29 AM CST 2026
[22/35] tpcc_config_bayesian.json (run 4/5) - Started at Thu Feb 12 05:38:29 AM CST 2026
  ✓ Completed successfully in 607s - Ended at Thu Feb 12 05:48:36 AM CST 2026
[23/35] tpcc_config_dqn.json (run 4/5) - Started at Thu Feb 12 05:48:36 AM CST 2026
  ✓ Completed successfully in 1739s - Ended at Thu Feb 12 06:17:35 AM CST 2026
[24/35] tpcc_config_fixed.json (run 4/5) - Started at Thu Feb 12 06:17:35 AM CST 2026
  ✓ Completed successfully in 540s - Ended at Thu Feb 12 06:26:35 AM CST 2026
[25/35] tpcc_config_llm.json (run 4/5) - Started at Thu Feb 12 06:26:35 AM CST 2026
  ✓ Completed successfully in 585s - Ended at Thu Feb 12 06:36:21 AM CST 2026
[26/35] tpcc_config_llm_reasoning.json (run 4/5) - Started at Thu Feb 12 06:36:21 AM CST 2026
  ✓ Completed successfully in 1042s - Ended at Thu Feb 12 06:53:43 AM CST 2026
[27/35] tpcc_config_mlos.json (run 4/5) - Started at Thu Feb 12 06:53:43 AM CST 2026
  ✓ Completed successfully in 675s - Ended at Thu Feb 12 07:04:58 AM CST 2026
[28/35] tpcc_config_qlearning.json (run 4/5) - Started at Thu Feb 12 07:04:58 AM CST 2026
  ✓ Completed successfully in 668s - Ended at Thu Feb 12 07:16:06 AM CST 2026
[29/35] tpcc_config_bayesian.json (run 5/5) - Started at Thu Feb 12 07:16:07 AM CST 2026
  ✓ Completed successfully in 606s - Ended at Thu Feb 12 07:26:13 AM CST 2026
[30/35] tpcc_config_dqn.json (run 5/5) - Started at Thu Feb 12 07:26:13 AM CST 2026
  ✓ Completed successfully in 1804s - Ended at Thu Feb 12 07:56:17 AM CST 2026
[31/35] tpcc_config_fixed.json (run 5/5) - Started at Thu Feb 12 07:56:17 AM CST 2026
  ✓ Completed successfully in 536s - Ended at Thu Feb 12 08:05:13 AM CST 2026
[32/35] tpcc_config_llm.json (run 5/5) - Started at Thu Feb 12 08:05:13 AM CST 2026
  ✓ Completed successfully in 606s - Ended at Thu Feb 12 08:15:19 AM CST 2026
[33/35] tpcc_config_llm_reasoning.json (run 5/5) - Started at Thu Feb 12 08:15:19 AM CST 2026
  ✓ Completed successfully in 1018s - Ended at Thu Feb 12 08:32:17 AM CST 2026
[34/35] tpcc_config_mlos.json (run 5/5) - Started at Thu Feb 12 08:32:17 AM CST 2026
  ✓ Completed successfully in 631s - Ended at Thu Feb 12 08:42:48 AM CST 2026
[35/35] tpcc_config_qlearning.json (run 5/5) - Started at Thu Feb 12 08:42:48 AM CST 2026
  ✓ Completed successfully in 650s - Ended at Thu Feb 12 08:53:38 AM CST 2026
Summary:
----------------------------------------
Batch run completed at Thu Feb 12 08:53:38 AM CST 2026
Total runs: 35
Success count: 35
Failure count: 0
0
