sysbench 1.0.20 (using system LuaJIT 2.1.0-beta3)

Running the test with following options:
Number of threads: 40
Initializing random number generator from current time


Prime numbers limit: 50000

Initializing worker threads...

Threads started!

CPU speed:
    events per second:   946.54

General statistics:
    total time:                          3.0237s
    total number of events:              2864

Latency (ms):
         min:                                   10.53
         avg:                                   41.87
         max:                                   72.62
         99th percentile:                       61.08
         sum:                               119920.04

Threads fairness:
    events (avg/stddev):           71.6000/1.46
    execution time (avg/stddev):   2.9980/0.01

