sysbench 1.0.20 (using system LuaJIT 2.1.0-beta3)

Running the test with following options:
Number of threads: 40
Initializing random number generator from current time


Prime numbers limit: 50000

Initializing worker threads...

Threads started!

CPU speed:
    events per second:   945.68

General statistics:
    total time:                          3.0222s
    total number of events:              2860

Latency (ms):
         min:                                   10.51
         avg:                                   41.95
         max:                                   66.59
         99th percentile:                       50.11
         sum:                               119990.78

Threads fairness:
    events (avg/stddev):           71.5000/0.92
    execution time (avg/stddev):   2.9998/0.01

