sysbench 1.0.20 (using system LuaJIT 2.1.0-beta3)

Running the test with following options:
Number of threads: 40
Initializing random number generator from current time


Prime numbers limit: 50000

Initializing worker threads...

Threads started!

CPU speed:
    events per second:   947.42

General statistics:
    total time:                          3.0272s
    total number of events:              2870

Latency (ms):
         min:                                   10.50
         avg:                                   40.17
         max:                                  299.13
         99th percentile:                      189.93
         sum:                               115287.31

Threads fairness:
    events (avg/stddev):           71.7500/4.68
    execution time (avg/stddev):   2.8822/0.13

