sysbench 1.0.20 (using system LuaJIT 2.1.0-beta3)

Running the test with following options:
Number of threads: 40
Initializing random number generator from current time


Prime numbers limit: 50000

Initializing worker threads...

Threads started!

CPU speed:
    events per second:   941.42

General statistics:
    total time:                          3.0253s
    total number of events:              2850

Latency (ms):
         min:                                   10.52
         avg:                                   42.13
         max:                                   65.32
         99th percentile:                       57.87
         sum:                               120057.93

Threads fairness:
    events (avg/stddev):           71.2500/1.71
    execution time (avg/stddev):   3.0014/0.01

