sysbench 1.0.20 (using system LuaJIT 2.1.0-beta3)

Running the test with following options:
Number of threads: 40
Initializing random number generator from current time


Prime numbers limit: 50000

Initializing worker threads...

Threads started!

CPU speed:
    events per second:   940.07

General statistics:
    total time:                          3.0264s
    total number of events:              2847

Latency (ms):
         min:                                   10.53
         avg:                                   42.34
         max:                                   60.42
         99th percentile:                       52.89
         sum:                               120542.46

Threads fairness:
    events (avg/stddev):           71.1750/1.09
    execution time (avg/stddev):   3.0136/0.01

