sysbench 1.0.20 (using system LuaJIT 2.1.0-beta3)

Running the test with following options:
Number of threads: 40
Initializing random number generator from current time


Prime numbers limit: 50000

Initializing worker threads...

Threads started!

CPU speed:
    events per second:   946.50

General statistics:
    total time:                          3.0185s
    total number of events:              2859

Latency (ms):
         min:                                   10.52
         avg:                                   41.77
         max:                                   80.91
         99th percentile:                       61.08
         sum:                               119409.36

Threads fairness:
    events (avg/stddev):           71.4750/2.32
    execution time (avg/stddev):   2.9852/0.02

