sysbench 1.0.20 (using system LuaJIT 2.1.0-beta3)

Running the test with following options:
Number of threads: 40
Initializing random number generator from current time


Prime numbers limit: 50000

Initializing worker threads...

Threads started!

CPU speed:
    events per second:   943.60

General statistics:
    total time:                          3.0268s
    total number of events:              2858

Latency (ms):
         min:                                   10.52
         avg:                                   42.08
         max:                                   55.03
         99th percentile:                       49.21
         sum:                               120260.18

Threads fairness:
    events (avg/stddev):           71.4500/0.95
    execution time (avg/stddev):   3.0065/0.01

