sysbench 1.0.20 (using system LuaJIT 2.1.0-beta3)

Running the test with following options:
Number of threads: 40
Initializing random number generator from current time


Prime numbers limit: 50000

Initializing worker threads...

Threads started!

CPU speed:
    events per second:   946.37

General statistics:
    total time:                          3.0306s
    total number of events:              2870

Latency (ms):
         min:                                   10.51
         avg:                                   41.61
         max:                                  106.95
         99th percentile:                       68.05
         sum:                               119410.10

Threads fairness:
    events (avg/stddev):           71.7500/1.44
    execution time (avg/stddev):   2.9853/0.02

