sysbench 1.0.20 (using system LuaJIT 2.1.0-beta3)

Running the test with following options:
Number of threads: 40
Initializing random number generator from current time


Prime numbers limit: 50000

Initializing worker threads...

Threads started!

CPU speed:
    events per second:   300.61

General statistics:
    total time:                          3.0873s
    total number of events:              930

Latency (ms):
         min:                                   32.90
         avg:                                  129.55
         max:                                  196.95
         99th percentile:                      176.73
         sum:                               120476.90

Threads fairness:
    events (avg/stddev):           23.2500/0.73
    execution time (avg/stddev):   3.0119/0.03

