sysbench 1.0.20 (using system LuaJIT 2.1.0-beta3)

Running the test with following options:
Number of threads: 40
Initializing random number generator from current time


Prime numbers limit: 50000

Initializing worker threads...

Threads started!

CPU speed:
    events per second:   947.64

General statistics:
    total time:                          3.0286s
    total number of events:              2872

Latency (ms):
         min:                                   10.50
         avg:                                   40.56
         max:                                  231.00
         99th percentile:                      153.02
         sum:                               116494.99

Threads fairness:
    events (avg/stddev):           71.8000/3.53
    execution time (avg/stddev):   2.9124/0.09

