sysbench 1.0.20 (using system LuaJIT 2.1.0-beta3)

Running the test with following options:
Number of threads: 40
Initializing random number generator from current time


Prime numbers limit: 50000

Initializing worker threads...

Threads started!

CPU speed:
    events per second:   942.80

General statistics:
    total time:                          3.0200s
    total number of events:              2849

Latency (ms):
         min:                                   10.53
         avg:                                   41.98
         max:                                   84.90
         99th percentile:                       52.89
         sum:                               119609.41

Threads fairness:
    events (avg/stddev):           71.2250/0.72
    execution time (avg/stddev):   2.9902/0.02

