sysbench 1.0.20 (using system LuaJIT 2.1.0-beta3)

Running the test with following options:
Number of threads: 40
Initializing random number generator from current time


Prime numbers limit: 50000

Initializing worker threads...

Threads started!

CPU speed:
    events per second:   943.72

General statistics:
    total time:                          3.0242s
    total number of events:              2856

Latency (ms):
         min:                                   14.64
         avg:                                   42.12
         max:                                   55.73
         99th percentile:                       50.11
         sum:                               120288.72

Threads fairness:
    events (avg/stddev):           71.4000/1.04
    execution time (avg/stddev):   3.0072/0.01

