sysbench 1.0.20 (using system LuaJIT 2.1.0-beta3)

Running the test with following options:
Number of threads: 40
Initializing random number generator from current time


Prime numbers limit: 50000

Initializing worker threads...

Threads started!

CPU speed:
    events per second:   642.64

General statistics:
    total time:                          3.0391s
    total number of events:              1955

Latency (ms):
         min:                                   15.47
         avg:                                   61.08
         max:                                  141.74
         99th percentile:                       95.81
         sum:                               119413.35

Threads fairness:
    events (avg/stddev):           48.8750/1.62
    execution time (avg/stddev):   2.9853/0.03

