sysbench 1.0.20 (using system LuaJIT 2.1.0-beta3)

Running the test with following options:
Number of threads: 40
Initializing random number generator from current time


Prime numbers limit: 50000

Initializing worker threads...

Threads started!

CPU speed:
    events per second:   943.38

General statistics:
    total time:                          3.0190s
    total number of events:              2850

Latency (ms):
         min:                                   10.53
         avg:                                   42.18
         max:                                   53.04
         99th percentile:                       46.63
         sum:                               120204.79

Threads fairness:
    events (avg/stddev):           71.2500/0.70
    execution time (avg/stddev):   3.0051/0.01

