sysbench 1.0.20 (using system LuaJIT 2.1.0-beta3)

Running the test with following options:
Number of threads: 40
Initializing random number generator from current time


Prime numbers limit: 50000

Initializing worker threads...

Threads started!

CPU speed:
    events per second:   945.66

General statistics:
    total time:                          3.0286s
    total number of events:              2866

Latency (ms):
         min:                                   10.51
         avg:                                   41.55
         max:                                  133.25
         99th percentile:                       63.32
         sum:                               119080.10

Threads fairness:
    events (avg/stddev):           71.6500/1.65
    execution time (avg/stddev):   2.9770/0.03

