sysbench 1.0.20 (using system LuaJIT 2.1.0-beta3)

Running the test with following options:
Number of threads: 40
Initializing random number generator from current time


Prime numbers limit: 50000

Initializing worker threads...

Threads started!

CPU speed:
    events per second:   791.84

General statistics:
    total time:                          3.0335s
    total number of events:              2404

Latency (ms):
         min:                                   12.75
         avg:                                   49.81
         max:                                  104.97
         99th percentile:                       65.65
         sum:                               119738.99

Threads fairness:
    events (avg/stddev):           60.1000/0.83
    execution time (avg/stddev):   2.9935/0.02

