sysbench 1.0.20 (using system LuaJIT 2.1.0-beta3)

Running the test with following options:
Number of threads: 40
Initializing random number generator from current time


Prime numbers limit: 50000

Initializing worker threads...

Threads started!

CPU speed:
    events per second:   299.55

General statistics:
    total time:                          3.0882s
    total number of events:              927

Latency (ms):
         min:                                   32.88
         avg:                                  124.52
         max:                                  653.01
         99th percentile:                      569.67
         sum:                               115433.90

Threads fairness:
    events (avg/stddev):           23.1750/4.28
    execution time (avg/stddev):   2.8858/0.16

