sysbench 1.0.20 (using system LuaJIT 2.1.0-beta3)

Running the test with following options:
Number of threads: 40
Initializing random number generator from current time


Prime numbers limit: 50000

Initializing worker threads...

Threads started!

CPU speed:
    events per second:   947.19

General statistics:
    total time:                          3.0290s
    total number of events:              2871

Latency (ms):
         min:                                   10.51
         avg:                                   40.99
         max:                                  165.01
         99th percentile:                       90.78
         sum:                               117691.58

Threads fairness:
    events (avg/stddev):           71.7750/2.16
    execution time (avg/stddev):   2.9423/0.06

