sysbench 1.0.20 (using system LuaJIT 2.1.0-beta3)

Running the test with following options:
Number of threads: 40
Initializing random number generator from current time


Prime numbers limit: 50000

Initializing worker threads...

Threads started!

CPU speed:
    events per second:   934.48

General statistics:
    total time:                          3.0274s
    total number of events:              2831

Latency (ms):
         min:                                   10.53
         avg:                                   42.60
         max:                                   56.80
         99th percentile:                       51.94
         sum:                               120611.42

Threads fairness:
    events (avg/stddev):           70.7750/1.08
    execution time (avg/stddev):   3.0153/0.01

