sysbench 1.0.20 (using system LuaJIT 2.1.0-beta3)

Running the test with following options:
Number of threads: 40
Initializing random number generator from current time


Prime numbers limit: 50000

Initializing worker threads...

Threads started!

CPU speed:
    events per second:   942.63

General statistics:
    total time:                          3.0256s
    total number of events:              2854

Latency (ms):
         min:                                   10.51
         avg:                                   42.18
         max:                                   57.66
         99th percentile:                       54.83
         sum:                               120382.29

Threads fairness:
    events (avg/stddev):           71.3500/4.25
    execution time (avg/stddev):   3.0096/0.01

