sysbench 1.0.20 (using system LuaJIT 2.1.0-beta3)

Running the test with following options:
Number of threads: 40
Initializing random number generator from current time


Prime numbers limit: 50000

Initializing worker threads...

Threads started!

CPU speed:
    events per second:   944.17

General statistics:
    total time:                          3.0196s
    total number of events:              2853

Latency (ms):
         min:                                   10.51
         avg:                                   42.11
         max:                                   55.92
         99th percentile:                       47.47
         sum:                               120140.96

Threads fairness:
    events (avg/stddev):           71.3250/0.79
    execution time (avg/stddev):   3.0035/0.01

