sysbench 1.0.20 (using system LuaJIT 2.1.0-beta3)

Running the test with following options:
Number of threads: 40
Initializing random number generator from current time


Prime numbers limit: 50000

Initializing worker threads...

Threads started!

CPU speed:
    events per second:   752.08

General statistics:
    total time:                          3.0400s
    total number of events:              2289

Latency (ms):
         min:                                   13.14
         avg:                                   46.00
         max:                                  793.29
         99th percentile:                      493.24
         sum:                               105299.13

Threads fairness:
    events (avg/stddev):           57.2250/16.00
    execution time (avg/stddev):   2.6325/0.30

