sysbench 1.0.20 (using system LuaJIT 2.1.0-beta3)

Running the test with following options:
Number of threads: 40
Initializing random number generator from current time


Prime numbers limit: 50000

Initializing worker threads...

Threads started!

CPU speed:
    events per second:   273.45

General statistics:
    total time:                          3.0948s
    total number of events:              848

Latency (ms):
         min:                                   49.94
         avg:                                  144.25
         max:                                  181.14
         99th percentile:                      161.51
         sum:                               122325.47

Threads fairness:
    events (avg/stddev):           21.2000/0.51
    execution time (avg/stddev):   3.0581/0.02

