sysbench 1.0.20 (using system LuaJIT 2.1.0-beta3)

Running the test with following options:
Number of threads: 40
Initializing random number generator from current time


Prime numbers limit: 50000

Initializing worker threads...

Threads started!

CPU speed:
    events per second:   274.19

General statistics:
    total time:                          3.0901s
    total number of events:              849

Latency (ms):
         min:                                   37.06
         avg:                                  144.18
         max:                                  185.00
         99th percentile:                      179.94
         sum:                               122409.87

Threads fairness:
    events (avg/stddev):           21.2250/1.17
    execution time (avg/stddev):   3.0602/0.03

