sysbench 1.0.20 (using system LuaJIT 2.1.0-beta3)

Running the test with following options:
Number of threads: 40
Initializing random number generator from current time


Prime numbers limit: 50000

Initializing worker threads...

Threads started!

CPU speed:
    events per second:   943.52

General statistics:
    total time:                          3.0231s
    total number of events:              2854

Latency (ms):
         min:                                   10.53
         avg:                                   41.84
         max:                                   75.10
         99th percentile:                       50.11
         sum:                               119413.51

Threads fairness:
    events (avg/stddev):           71.3500/0.94
    execution time (avg/stddev):   2.9853/0.02

