sysbench 1.0.20 (using system LuaJIT 2.1.0-beta3)

Running the test with following options:
Number of threads: 40
Initializing random number generator from current time


Prime numbers limit: 50000

Initializing worker threads...

Threads started!

CPU speed:
    events per second:   273.67

General statistics:
    total time:                          3.0996s
    total number of events:              850

Latency (ms):
         min:                                   32.96
         avg:                                  144.09
         max:                                  187.76
         99th percentile:                      179.94
         sum:                               122476.57

Threads fairness:
    events (avg/stddev):           21.2500/0.94
    execution time (avg/stddev):   3.0619/0.03

