sysbench 1.0.20 (using system LuaJIT 2.1.0-beta3)

Running the test with following options:
Number of threads: 40
Initializing random number generator from current time


Prime numbers limit: 50000

Initializing worker threads...

Threads started!

CPU speed:
    events per second:   944.07

General statistics:
    total time:                          3.0221s
    total number of events:              2855

Latency (ms):
         min:                                   10.52
         avg:                                   42.10
         max:                                   57.14
         99th percentile:                       50.11
         sum:                               120207.95

Threads fairness:
    events (avg/stddev):           71.3750/1.07
    execution time (avg/stddev):   3.0052/0.01

