sysbench 1.0.20 (using system LuaJIT 2.1.0-beta3)

Running the test with following options:
Number of threads: 40
Initializing random number generator from current time


Prime numbers limit: 50000

Initializing worker threads...

Threads started!

CPU speed:
    events per second:   941.30

General statistics:
    total time:                          3.0274s
    total number of events:              2852

Latency (ms):
         min:                                   10.51
         avg:                                   36.78
         max:                                  563.13
         99th percentile:                      369.77
         sum:                               104906.12

Threads fairness:
    events (avg/stddev):           71.3000/13.68
    execution time (avg/stddev):   2.6227/0.37

