sysbench 1.0.20 (using system LuaJIT 2.1.0-beta3)

Running the test with following options:
Number of threads: 40
Initializing random number generator from current time


Prime numbers limit: 50000

Initializing worker threads...

Threads started!

CPU speed:
    events per second:   946.69

General statistics:
    total time:                          3.0264s
    total number of events:              2867

Latency (ms):
         min:                                   10.50
         avg:                                   38.71
         max:                                  464.91
         99th percentile:                      308.84
         sum:                               110977.83

Threads fairness:
    events (avg/stddev):           71.6750/11.40
    execution time (avg/stddev):   2.7744/0.23

