sysbench 1.0.20 (using system LuaJIT 2.1.0-beta3)

Running the test with following options:
Number of threads: 40
Initializing random number generator from current time


Prime numbers limit: 50000

Initializing worker threads...

Threads started!

CPU speed:
    events per second:   916.91

General statistics:
    total time:                          3.0277s
    total number of events:              2778

Latency (ms):
         min:                                   10.51
         avg:                                   43.45
         max:                                   57.97
         99th percentile:                       53.85
         sum:                               120702.87

Threads fairness:
    events (avg/stddev):           69.4500/3.95
    execution time (avg/stddev):   3.0176/0.01

