sysbench 1.0.20 (using system LuaJIT 2.1.0-beta3)

Running the test with following options:
Number of threads: 40
Initializing random number generator from current time


Prime numbers limit: 50000

Initializing worker threads...

Threads started!

CPU speed:
    events per second:   300.53

General statistics:
    total time:                          3.0749s
    total number of events:              926

Latency (ms):
         min:                                   32.89
         avg:                                  123.61
         max:                                  351.51
         99th percentile:                      231.53
         sum:                               114463.53

Threads fairness:
    events (avg/stddev):           23.1500/1.84
    execution time (avg/stddev):   2.8616/0.14

