sysbench 1.0.20 (using system LuaJIT 2.1.0-beta3)

Running the test with following options:
Number of threads: 40
Initializing random number generator from current time


Prime numbers limit: 50000

Initializing worker threads...

Threads started!

CPU speed:
    events per second:   940.12

General statistics:
    total time:                          3.0358s
    total number of events:              2856

Latency (ms):
         min:                                   10.51
         avg:                                   42.24
         max:                                   63.66
         99th percentile:                       53.85
         sum:                               120632.91

Threads fairness:
    events (avg/stddev):           71.4000/1.98
    execution time (avg/stddev):   3.0158/0.01

