sysbench 1.0.20 (using system LuaJIT 2.1.0-beta3)

Running the test with following options:
Number of threads: 40
Initializing random number generator from current time


Prime numbers limit: 50000

Initializing worker threads...

Threads started!

CPU speed:
    events per second:   915.94

General statistics:
    total time:                          3.0287s
    total number of events:              2776

Latency (ms):
         min:                                   10.52
         avg:                                   43.43
         max:                                   61.18
         99th percentile:                       54.83
         sum:                               120561.79

Threads fairness:
    events (avg/stddev):           69.4000/3.63
    execution time (avg/stddev):   3.0140/0.01

