sysbench 1.0.20 (using system LuaJIT 2.1.0-beta3)

Running the test with following options:
Number of threads: 40
Initializing random number generator from current time


Prime numbers limit: 50000

Initializing worker threads...

Threads started!

CPU speed:
    events per second:   947.71

General statistics:
    total time:                          3.0231s
    total number of events:              2867

Latency (ms):
         min:                                   10.51
         avg:                                   40.07
         max:                                  317.24
         99th percentile:                      125.52
         sum:                               114875.41

Threads fairness:
    events (avg/stddev):           71.6750/3.40
    execution time (avg/stddev):   2.8719/0.12

