sysbench 1.0.20 (using system LuaJIT 2.1.0-beta3)

Running the test with following options:
Number of threads: 40
Initializing random number generator from current time


Prime numbers limit: 50000

Initializing worker threads...

Threads started!

CPU speed:
    events per second:   945.39

General statistics:
    total time:                          3.0295s
    total number of events:              2866

Latency (ms):
         min:                                   10.50
         avg:                                   40.33
         max:                                  330.64
         99th percentile:                      207.82
         sum:                               115571.67

Threads fairness:
    events (avg/stddev):           71.6500/5.43
    execution time (avg/stddev):   2.8893/0.11

