sysbench 1.0.20 (using system LuaJIT 2.1.0-beta3)

Running the test with following options:
Number of threads: 40
Initializing random number generator from current time


Prime numbers limit: 50000

Initializing worker threads...

Threads started!

CPU speed:
    events per second:   943.87

General statistics:
    total time:                          3.0270s
    total number of events:              2859

Latency (ms):
         min:                                   10.52
         avg:                                   42.05
         max:                                   54.66
         99th percentile:                       47.47
         sum:                               120223.39

Threads fairness:
    events (avg/stddev):           71.4750/0.87
    execution time (avg/stddev):   3.0056/0.01

