sysbench 1.0.20 (using system LuaJIT 2.1.0-beta3)

Running the test with following options:
Number of threads: 40
Initializing random number generator from current time


Prime numbers limit: 50000

Initializing worker threads...

Threads started!

CPU speed:
    events per second:   945.39

General statistics:
    total time:                          3.0242s
    total number of events:              2861

Latency (ms):
         min:                                   10.53
         avg:                                   41.80
         max:                                   83.91
         99th percentile:                       61.08
         sum:                               119584.83

Threads fairness:
    events (avg/stddev):           71.5250/1.94
    execution time (avg/stddev):   2.9896/0.02

