sysbench 1.0.20 (using system LuaJIT 2.1.0-beta3)

Running the test with following options:
Number of threads: 40
Initializing random number generator from current time


Prime numbers limit: 50000

Initializing worker threads...

Threads started!

CPU speed:
    events per second:   946.62

General statistics:
    total time:                          3.0213s
    total number of events:              2862

Latency (ms):
         min:                                   10.51
         avg:                                   41.50
         max:                                  115.54
         99th percentile:                       73.13
         sum:                               118767.38

Threads fairness:
    events (avg/stddev):           71.5500/1.55
    execution time (avg/stddev):   2.9692/0.04

