sysbench 1.0.20 (using system LuaJIT 2.1.0-beta3)

Running the test with following options:
Number of threads: 40
Initializing random number generator from current time


Prime numbers limit: 50000

Initializing worker threads...

Threads started!

CPU speed:
    events per second:   946.12

General statistics:
    total time:                          3.0292s
    total number of events:              2868

Latency (ms):
         min:                                   10.51
         avg:                                   41.25
         max:                                  147.23
         99th percentile:                       78.60
         sum:                               118291.35

Threads fairness:
    events (avg/stddev):           71.7000/2.06
    execution time (avg/stddev):   2.9573/0.05

