sysbench 1.0.20 (using system LuaJIT 2.1.0-beta3)

Running the test with following options:
Number of threads: 40
Initializing random number generator from current time


Prime numbers limit: 50000

Initializing worker threads...

Threads started!

CPU speed:
    events per second:   940.22

General statistics:
    total time:                          3.0281s
    total number of events:              2849

Latency (ms):
         min:                                   10.53
         avg:                                   42.35
         max:                                   54.06
         99th percentile:                       49.21
         sum:                               120654.60

Threads fairness:
    events (avg/stddev):           71.2250/0.72
    execution time (avg/stddev):   3.0164/0.01

