sysbench 1.0.20 (using system LuaJIT 2.1.0-beta3)

Running the test with following options:
Number of threads: 40
Initializing random number generator from current time


Prime numbers limit: 50000

Initializing worker threads...

Threads started!

CPU speed:
    events per second:   937.60

General statistics:
    total time:                          3.0301s
    total number of events:              2843

Latency (ms):
         min:                                   10.54
         avg:                                   42.41
         max:                                   63.79
         99th percentile:                       52.89
         sum:                               120585.60

Threads fairness:
    events (avg/stddev):           71.0750/2.15
    execution time (avg/stddev):   3.0146/0.01

