sysbench 1.0.20 (using system LuaJIT 2.1.0-beta3)

Running the test with following options:
Number of threads: 40
Initializing random number generator from current time


Prime numbers limit: 50000

Initializing worker threads...

Threads started!

CPU speed:
    events per second:   941.56

General statistics:
    total time:                          3.0287s
    total number of events:              2854

Latency (ms):
         min:                                   10.51
         avg:                                   34.79
         max:                                  710.70
         99th percentile:                      511.33
         sum:                                99286.88

Threads fairness:
    events (avg/stddev):           71.3500/19.86
    execution time (avg/stddev):   2.4822/0.52

