sysbench 1.0.20 (using system LuaJIT 2.1.0-beta3)

Running the test with following options:
Number of threads: 40
Initializing random number generator from current time


Prime numbers limit: 50000

Initializing worker threads...

Threads started!

CPU speed:
    events per second:   945.91

General statistics:
    total time:                          3.0278s
    total number of events:              2866

Latency (ms):
         min:                                   10.50
         avg:                                   38.76
         max:                                  460.69
         99th percentile:                      292.60
         sum:                               111077.22

Threads fairness:
    events (avg/stddev):           71.6500/10.03
    execution time (avg/stddev):   2.7769/0.21

