sysbench 1.0.20 (using system LuaJIT 2.1.0-beta3)

Running the test with following options:
Number of threads: 40
Initializing random number generator from current time


Prime numbers limit: 50000

Initializing worker threads...

Threads started!

CPU speed:
    events per second:   943.23

General statistics:
    total time:                          3.0258s
    total number of events:              2856

Latency (ms):
         min:                                   10.51
         avg:                                   42.15
         max:                                   56.28
         99th percentile:                       52.89
         sum:                               120372.67

Threads fairness:
    events (avg/stddev):           71.4000/1.56
    execution time (avg/stddev):   3.0093/0.01

