sysbench 1.0.20 (using system LuaJIT 2.1.0-beta3)

Running the test with following options:
Number of threads: 40
Initializing random number generator from current time


Prime numbers limit: 50000

Initializing worker threads...

Threads started!

CPU speed:
    events per second:   947.67

General statistics:
    total time:                          3.0285s
    total number of events:              2872

Latency (ms):
         min:                                   10.51
         avg:                                   41.11
         max:                                  146.37
         99th percentile:                       94.10
         sum:                               118079.35

Threads fairness:
    events (avg/stddev):           71.8000/2.36
    execution time (avg/stddev):   2.9520/0.06

