sysbench 1.0.20 (using system LuaJIT 2.1.0-beta3)

Running the test with following options:
Number of threads: 40
Initializing random number generator from current time


Prime numbers limit: 50000

Initializing worker threads...

Threads started!

CPU speed:
    events per second:   946.22

General statistics:
    total time:                          3.0268s
    total number of events:              2866

Latency (ms):
         min:                                   10.50
         avg:                                   34.93
         max:                                  827.81
         99th percentile:                      530.08
         sum:                               100111.47

Threads fairness:
    events (avg/stddev):           71.6500/28.25
    execution time (avg/stddev):   2.5028/0.47

