sysbench 1.0.20 (using system LuaJIT 2.1.0-beta3)

Running the test with following options:
Number of threads: 40
Initializing random number generator from current time


Prime numbers limit: 50000

Initializing worker threads...

Threads started!

CPU speed:
    events per second:   942.44

General statistics:
    total time:                          3.0253s
    total number of events:              2853

Latency (ms):
         min:                                   10.54
         avg:                                   41.90
         max:                                   76.64
         99th percentile:                       55.82
         sum:                               119553.21

Threads fairness:
    events (avg/stddev):           71.3250/0.82
    execution time (avg/stddev):   2.9888/0.02

