sysbench 1.0.20 (using system LuaJIT 2.1.0-beta3)

Running the test with following options:
Number of threads: 40
Initializing random number generator from current time


Prime numbers limit: 50000

Initializing worker threads...

Threads started!

CPU speed:
    events per second:   919.13

General statistics:
    total time:                          3.0279s
    total number of events:              2785

Latency (ms):
         min:                                   10.55
         avg:                                   43.31
         max:                                   54.65
         99th percentile:                       52.89
         sum:                               120630.27

Threads fairness:
    events (avg/stddev):           69.6250/2.55
    execution time (avg/stddev):   3.0158/0.01

