sysbench 1.0.20 (using system LuaJIT 2.1.0-beta3)

Running the test with following options:
Number of threads: 40
Initializing random number generator from current time


Prime numbers limit: 50000

Initializing worker threads...

Threads started!

CPU speed:
    events per second:   944.91

General statistics:
    total time:                          3.0353s
    total number of events:              2870

Latency (ms):
         min:                                   10.50
         avg:                                   41.32
         max:                                  175.84
         99th percentile:                      106.75
         sum:                               118599.41

Threads fairness:
    events (avg/stddev):           71.7500/3.27
    execution time (avg/stddev):   2.9650/0.04

