sysbench 1.0.20 (using system LuaJIT 2.1.0-beta3)

Running the test with following options:
Number of threads: 40
Initializing random number generator from current time


Prime numbers limit: 50000

Initializing worker threads...

Threads started!

CPU speed:
    events per second:   944.81

General statistics:
    total time:                          3.0366s
    total number of events:              2871

Latency (ms):
         min:                                   10.50
         avg:                                   35.35
         max:                                  849.13
         99th percentile:                      484.44
         sum:                               101476.87

Threads fairness:
    events (avg/stddev):           71.7750/19.86
    execution time (avg/stddev):   2.5369/0.46

