sysbench 1.0.20 (using system LuaJIT 2.1.0-beta3)

Running the test with following options:
Number of threads: 40
Initializing random number generator from current time


Prime numbers limit: 50000

Initializing worker threads...

Threads started!

CPU speed:
    events per second:   946.73

General statistics:
    total time:                          3.0252s
    total number of events:              2866

Latency (ms):
         min:                                   10.51
         avg:                                   41.81
         max:                                   73.20
         99th percentile:                       55.82
         sum:                               119814.12

Threads fairness:
    events (avg/stddev):           71.6500/1.39
    execution time (avg/stddev):   2.9954/0.02

