sysbench 1.0.20 (using system LuaJIT 2.1.0-beta3)

Running the test with following options:
Number of threads: 40
Initializing random number generator from current time


Prime numbers limit: 50000

Initializing worker threads...

Threads started!

CPU speed:
    events per second:   941.44

General statistics:
    total time:                          3.0242s
    total number of events:              2849

Latency (ms):
         min:                                   10.54
         avg:                                   41.98
         max:                                   84.26
         99th percentile:                       54.83
         sum:                               119589.45

Threads fairness:
    events (avg/stddev):           71.2250/0.76
    execution time (avg/stddev):   2.9897/0.02

