sysbench 1.0.20 (using system LuaJIT 2.1.0-beta3)

Running the test with following options:
Number of threads: 40
Initializing random number generator from current time


Prime numbers limit: 50000

Initializing worker threads...

Threads started!

CPU speed:
    events per second:   945.42

General statistics:
    total time:                          3.0252s
    total number of events:              2862

Latency (ms):
         min:                                   10.51
         avg:                                   41.93
         max:                                   73.19
         99th percentile:                       59.99
         sum:                               120007.93

Threads fairness:
    events (avg/stddev):           71.5500/1.80
    execution time (avg/stddev):   3.0002/0.01

