sysbench 1.0.20 (using system LuaJIT 2.1.0-beta3)

Running the test with following options:
Number of threads: 40
Initializing random number generator from current time


Prime numbers limit: 50000

Initializing worker threads...

Threads started!

CPU speed:
    events per second:   941.61

General statistics:
    total time:                          3.0226s
    total number of events:              2848

Latency (ms):
         min:                                   10.51
         avg:                                   41.88
         max:                                   90.31
         99th percentile:                       51.94
         sum:                               119283.69

Threads fairness:
    events (avg/stddev):           71.2000/0.71
    execution time (avg/stddev):   2.9821/0.02

