sysbench 1.0.20 (using system LuaJIT 2.1.0-beta3)

Running the test with following options:
Number of threads: 40
Initializing random number generator from current time


Prime numbers limit: 50000

Initializing worker threads...

Threads started!

CPU speed:
    events per second:   373.09

General statistics:
    total time:                          3.0814s
    total number of events:              1152

Latency (ms):
         min:                                   26.30
         avg:                                  104.82
         max:                                  138.76
         99th percentile:                      130.13
         sum:                               120753.02

Threads fairness:
    events (avg/stddev):           28.8000/1.08
    execution time (avg/stddev):   3.0188/0.03

