sysbench 1.0.20 (using system LuaJIT 2.1.0-beta3)

Running the test with following options:
Number of threads: 40
Initializing random number generator from current time


Prime numbers limit: 50000

Initializing worker threads...

Threads started!

CPU speed:
    events per second:   941.77

General statistics:
    total time:                          3.0248s
    total number of events:              2851

Latency (ms):
         min:                                   11.66
         avg:                                   42.01
         max:                                   76.01
         99th percentile:                       55.82
         sum:                               119776.98

Threads fairness:
    events (avg/stddev):           71.2750/0.74
    execution time (avg/stddev):   2.9944/0.02

