sysbench 1.0.20 (using system LuaJIT 2.1.0-beta3)

Running the test with following options:
Number of threads: 40
Initializing random number generator from current time


Prime numbers limit: 50000

Initializing worker threads...

Threads started!

CPU speed:
    events per second:   945.49

General statistics:
    total time:                          3.0281s
    total number of events:              2865

Latency (ms):
         min:                                   10.51
         avg:                                   41.74
         max:                                   86.56
         99th percentile:                       71.83
         sum:                               119598.33

Threads fairness:
    events (avg/stddev):           71.6250/1.48
    execution time (avg/stddev):   2.9900/0.02

