sysbench 1.0.20 (using system LuaJIT 2.1.0-beta3)

Running the test with following options:
Number of threads: 40
Initializing random number generator from current time


Prime numbers limit: 50000

Initializing worker threads...

Threads started!

CPU speed:
    events per second:   944.99

General statistics:
    total time:                          3.0234s
    total number of events:              2859

Latency (ms):
         min:                                   10.52
         avg:                                   42.04
         max:                                   53.45
         99th percentile:                       49.21
         sum:                               120190.22

Threads fairness:
    events (avg/stddev):           71.4750/0.97
    execution time (avg/stddev):   3.0048/0.01

