sysbench 1.0.20 (using system LuaJIT 2.1.0-beta3)

Running the test with following options:
Number of threads: 40
Initializing random number generator from current time


Prime numbers limit: 50000

Initializing worker threads...

Threads started!

CPU speed:
    events per second:   916.03

General statistics:
    total time:                          3.0285s
    total number of events:              2776

Latency (ms):
         min:                                   10.54
         avg:                                   43.49
         max:                                   61.09
         99th percentile:                       54.83
         sum:                               120733.36

Threads fairness:
    events (avg/stddev):           69.4000/2.94
    execution time (avg/stddev):   3.0183/0.01

