sysbench 1.0.20 (using system LuaJIT 2.1.0-beta3)

Running the test with following options:
Number of threads: 40
Initializing random number generator from current time


Prime numbers limit: 50000

Initializing worker threads...

Threads started!

CPU speed:
    events per second:   939.30

General statistics:
    total time:                          3.0377s
    total number of events:              2856

Latency (ms):
         min:                                   10.51
         avg:                                   39.11
         max:                                  632.33
         99th percentile:                      376.49
         sum:                               111708.34

Threads fairness:
    events (avg/stddev):           71.4000/8.92
    execution time (avg/stddev):   2.7927/0.21

