sysbench 1.0.20 (using system LuaJIT 2.1.0-beta3)

Running the test with following options:
Number of threads: 40
Initializing random number generator from current time


Prime numbers limit: 50000

Initializing worker threads...

Threads started!

CPU speed:
    events per second:   947.86

General statistics:
    total time:                          3.0226s
    total number of events:              2867

Latency (ms):
         min:                                   10.50
         avg:                                   40.54
         max:                                  297.34
         99th percentile:                      167.44
         sum:                               116237.89

Threads fairness:
    events (avg/stddev):           71.6750/3.23
    execution time (avg/stddev):   2.9059/0.09

