sysbench 1.0.20 (using system LuaJIT 2.1.0-beta3)

Running the test with following options:
Number of threads: 40
Initializing random number generator from current time


Prime numbers limit: 50000

Initializing worker threads...

Threads started!

CPU speed:
    events per second:   828.50

General statistics:
    total time:                          3.0284s
    total number of events:              2511

Latency (ms):
         min:                                   11.98
         avg:                                   47.49
         max:                                   85.04
         99th percentile:                       63.32
         sum:                               119259.87

Threads fairness:
    events (avg/stddev):           62.7750/0.94
    execution time (avg/stddev):   2.9815/0.03

