sysbench 1.0.20 (using system LuaJIT 2.1.0-beta3)

Running the test with following options:
Number of threads: 40
Initializing random number generator from current time


Prime numbers limit: 50000

Initializing worker threads...

Threads started!

CPU speed:
    events per second:   940.47

General statistics:
    total time:                          3.0297s
    total number of events:              2852

Latency (ms):
         min:                                   10.51
         avg:                                   39.84
         max:                                  426.92
         99th percentile:                      337.94
         sum:                               113631.47

Threads fairness:
    events (avg/stddev):           71.3000/4.71
    execution time (avg/stddev):   2.8408/0.13

