sysbench 1.0.20 (using system LuaJIT 2.1.0-beta3)

Running the test with following options:
Number of threads: 40
Initializing random number generator from current time


Prime numbers limit: 50000

Initializing worker threads...

Threads started!

CPU speed:
    events per second:   941.68

General statistics:
    total time:                          3.0223s
    total number of events:              2848

Latency (ms):
         min:                                   16.05
         avg:                                   42.12
         max:                                   83.48
         99th percentile:                       51.02
         sum:                               119966.51

Threads fairness:
    events (avg/stddev):           71.2000/0.56
    execution time (avg/stddev):   2.9992/0.01

