sysbench 1.0.20 (using system LuaJIT 2.1.0-beta3)

Running the test with following options:
Number of threads: 40
Initializing random number generator from current time


Prime numbers limit: 50000

Initializing worker threads...

Threads started!

CPU speed:
    events per second:   945.14

General statistics:
    total time:                          3.0260s
    total number of events:              2862

Latency (ms):
         min:                                   10.51
         avg:                                   39.35
         max:                                  553.88
         99th percentile:                      376.49
         sum:                               112623.88

Threads fairness:
    events (avg/stddev):           71.5500/12.14
    execution time (avg/stddev):   2.8156/0.18

