sysbench 1.0.20 (using system LuaJIT 2.1.0-beta3)

Running the test with following options:
Number of threads: 40
Initializing random number generator from current time


Prime numbers limit: 50000

Initializing worker threads...

Threads started!

CPU speed:
    events per second:   939.25

General statistics:
    total time:                          3.0333s
    total number of events:              2851

Latency (ms):
         min:                                   10.53
         avg:                                   42.30
         max:                                   57.92
         99th percentile:                       51.94
         sum:                               120609.21

Threads fairness:
    events (avg/stddev):           71.2750/1.55
    execution time (avg/stddev):   3.0152/0.01

