sysbench 1.0.20 (using system LuaJIT 2.1.0-beta3)

Running the test with following options:
Number of threads: 40
Initializing random number generator from current time


Prime numbers limit: 50000

Initializing worker threads...

Threads started!

CPU speed:
    events per second:   946.44

General statistics:
    total time:                          3.0271s
    total number of events:              2867

Latency (ms):
         min:                                   10.51
         avg:                                   41.04
         max:                                  156.85
         99th percentile:                       78.60
         sum:                               117648.19

Threads fairness:
    events (avg/stddev):           71.6750/1.98
    execution time (avg/stddev):   2.9412/0.05

