sysbench 1.0.20 (using system LuaJIT 2.1.0-beta3)

Running the test with following options:
Number of threads: 40
Initializing random number generator from current time


Prime numbers limit: 50000

Initializing worker threads...

Threads started!

CPU speed:
    events per second:   908.30

General statistics:
    total time:                          3.0277s
    total number of events:              2752

Latency (ms):
         min:                                   10.98
         avg:                                   43.77
         max:                                   62.78
         99th percentile:                       51.94
         sum:                               120466.33

Threads fairness:
    events (avg/stddev):           68.8000/1.10
    execution time (avg/stddev):   3.0117/0.01

