sysbench 1.0.20 (using system LuaJIT 2.1.0-beta3)

Running the test with following options:
Number of threads: 40
Initializing random number generator from current time


Prime numbers limit: 50000

Initializing worker threads...

Threads started!

CPU speed:
    events per second:   946.80

General statistics:
    total time:                          3.0281s
    total number of events:              2869

Latency (ms):
         min:                                   10.50
         avg:                                   39.54
         max:                                  548.74
         99th percentile:                      325.98
         sum:                               113443.25

Threads fairness:
    events (avg/stddev):           71.7250/10.48
    execution time (avg/stddev):   2.8361/0.16

