sysbench 1.0.20 (using system LuaJIT 2.1.0-beta3)

Running the test with following options:
Number of threads: 40
Initializing random number generator from current time


Prime numbers limit: 50000

Initializing worker threads...

Threads started!

CPU speed:
    events per second:   944.94

General statistics:
    total time:                          3.0215s
    total number of events:              2857

Latency (ms):
         min:                                   10.54
         avg:                                   42.08
         max:                                   55.06
         99th percentile:                       45.79
         sum:                               120208.32

Threads fairness:
    events (avg/stddev):           71.4250/0.74
    execution time (avg/stddev):   3.0052/0.01

