sysbench 1.0.20 (using system LuaJIT 2.1.0-beta3)

Running the test with following options:
Number of threads: 40
Initializing random number generator from current time


Prime numbers limit: 50000

Initializing worker threads...

Threads started!

CPU speed:
    events per second:   299.68

General statistics:
    total time:                          3.0937s
    total number of events:              929

Latency (ms):
         min:                                   32.88
         avg:                                  126.83
         max:                                  612.71
         99th percentile:                      450.77
         sum:                               117826.11

Threads fairness:
    events (avg/stddev):           23.2250/1.54
    execution time (avg/stddev):   2.9457/0.12

